
Gurobi 13.0.2 (mac64[arm], gurobi_cl) logging started Wed Jul  1 18:23:37 2026

Set parameter TokenServer to value "10.8.80.200"
Set parameter TimeLimit to value 43200
Set parameter LogFile to value "./log/E100_1000.9_R0.log"
Set parameter Threads to value 4
Using license file /Library/gurobi1302/gurobi.lic

Gurobi Optimizer version 13.0.2 build v13.0.2rc1 (mac64[arm] - Darwin 24.6.0 24G517)
Copyright (c) 2026, Gurobi Optimization, LLC

Read LP format model from file ./lp/E100_1000.9_R0.lp
Reading time = 0.04 seconds
root: 20808 rows, 20503 columns, 91917 nonzeros

Using Gurobi shared library /Library/gurobi1302/macos_universal2/lib/libgurobi130.dylib

CPU model: Apple M3 Ultra
Thread count: 32 physical cores, 32 logical processors, using up to 4 threads

Non-default parameters:
TimeLimit  43200
Threads  4

Optimize a model with 20808 rows, 20503 columns and 91917 nonzeros (Min)
Model fingerprint: 0x8a24a77e
Model has 10100 linear objective coefficients
Variable types: 0 continuous, 20503 integer (0 binary)
Coefficient statistics:
  Matrix range     [1e+00, 1e+02]
  Objective range  [1e+00, 1e+02]
  Bounds range     [1e+00, 1e+00]
  RHS range        [1e+00, 1e+00]

Presolve removed 10501 rows and 301 columns
Presolve time: 0.19s
Presolved: 10307 rows, 20202 columns, 60423 nonzeros
Variable types: 0 continuous, 20202 integer (10202 binary)
Found heuristic solution: objective 5766.0000000

Root relaxation: objective 1.207408e+02, 36726 iterations, 1.82 seconds (4.51 work units)

    Nodes    |    Current Node    |     Objective Bounds      |     Work
 Expl Unexpl |  Obj  Depth IntInf | Incumbent    BestBd   Gap | It/Node Time

     0     0  120.74080    0  300 5766.00000  120.74080  97.9%     -    2s
     0     0  825.55000    0  214 5766.00000  825.55000  85.7%     -    2s
H    0     0                    1638.0000000  825.55000  49.6%     -    2s
H    0     0                    1603.0000000  825.55000  48.5%     -    2s
H    0     0                    1564.0000000  825.55000  47.2%     -    2s
H    0     0                    1444.0000000  825.55000  42.8%     -    2s
H    0     0                    1412.0000000  825.55000  41.5%     -    2s
H    0     0                    1248.0000000  825.55000  33.9%     -    2s
H    0     0                    1246.0000000  825.55000  33.7%     -    2s
H    0     0                    1231.0000000  825.55000  32.9%     -    2s
H    0     0                    1188.0000000  825.55000  30.5%     -    3s
H    0     0                    1181.0000000  825.55000  30.1%     -    3s
     0     0  827.25000    0  204 1181.00000  827.25000  30.0%     -    4s
     0     0  827.25000    0  200 1181.00000  827.25000  30.0%     -    7s
H    0     0                    1166.0000000  827.25000  29.1%     -    8s
H    0     0                    1157.0000000  827.25000  28.5%     -    8s
H    0     0                    1078.0000000  885.11711  17.9%     -    8s
H    0     0                    1073.0000000  885.11711  17.5%     -    8s
H    0     0                    1062.0000000  885.11711  16.7%     -    8s
H    0     0                    1060.0000000  885.11711  16.5%     -    8s
H    0     0                    1039.0000000  885.11711  14.8%     -    8s
H    0     0                    1037.0000000  885.11711  14.6%     -    8s
H    0     0                    1030.0000000  885.11711  14.1%     -    8s
     0     0  885.11711    0  348 1030.00000  885.11711  14.1%     -    8s
H    0     0                    1028.0000000  886.11460  13.8%     -    8s
H    0     0                    1007.0000000  886.11460  12.0%     -    9s
H    0     0                     995.0000000  886.11460  10.9%     -    9s
H    0     0                     987.0000000  897.64141  9.05%     -    9s
H    0     0                     958.0000000  897.64141  6.30%     -    9s
H    0     0                     956.0000000  897.64141  6.10%     -    9s
H    0     0                     953.0000000  897.64141  5.81%     -    9s
     0     0  897.64141    0  331  953.00000  897.64141  5.81%     -    9s
     0     0  897.64141    0  341  953.00000  897.64141  5.81%     -    9s
H    0     0                     950.0000000  897.64141  5.51%     -    9s
     0     0  907.72852    0  368  950.00000  907.72852  4.45%     -   10s
     0     0  907.72852    0  215  950.00000  907.72852  4.45%     -   10s
H    0     0                     948.0000000  907.72852  4.25%     -   10s
H    0     0                     942.0000000  907.72852  3.64%     -   10s
     0     0  907.72852    0  365  942.00000  907.72852  3.64%     -   10s
     0     0  909.78766    0  373  942.00000  909.78766  3.42%     -   10s
     0     0  909.78766    0  381  942.00000  909.78766  3.42%     -   10s
     0     0  926.60116    0  443  942.00000  926.60116  1.63%     -   11s
     0     0  926.60116    0  198  942.00000  926.60116  1.63%     -   11s
     0     0  926.60116    0  377  942.00000  926.60116  1.63%     -   11s
     0     0  926.60116    0  342  942.00000  926.60116  1.63%     -   11s
     0     0  926.88255    0  394  942.00000  926.88255  1.60%     -   11s
     0     0  926.88526    0  391  942.00000  926.88526  1.60%     -   11s
     0     0  928.29304    0  439  942.00000  928.29304  1.46%     -   11s
     0     0  928.40590    0  460  942.00000  928.40590  1.44%     -   11s
     0     0  928.40590    0  466  942.00000  928.40590  1.44%     -   11s
     0     0  928.54718    0  472  942.00000  928.54718  1.43%     -   11s
     0     0  928.55732    0  492  942.00000  928.55732  1.43%     -   11s
     0     0  928.60799    0  447  942.00000  928.60799  1.42%     -   11s
     0     0  928.60799    0  447  942.00000  928.60799  1.42%     -   11s
     0     0  928.60799    0  447  942.00000  928.60799  1.42%     -   11s
     0     0  928.60799    0  359  942.00000  928.60799  1.42%     -   11s
     0     0  928.61135    0  201  942.00000  928.61135  1.42%     -   11s
     0     0  928.61135    0  394  942.00000  928.61135  1.42%     -   11s
     0     0  928.61135    0  398  942.00000  928.61135  1.42%     -   11s
     0     0  928.61135    0  394  942.00000  928.61135  1.42%     -   11s
     0     0  928.61135    0  371  942.00000  928.61135  1.42%     -   11s
     0     0  930.94179    0  442  942.00000  930.94179  1.17%     -   11s
     0     0  930.95564    0  421  942.00000  930.95564  1.17%     -   11s
     0     0  930.95564    0  451  942.00000  930.95564  1.17%     -   11s
     0     0  930.95564    0  451  942.00000  930.95564  1.17%     -   11s
     0     0  930.95564    0  451  942.00000  930.95564  1.17%     -   11s
     0     0  930.95564    0  389  942.00000  930.95564  1.17%     -   11s
     0     0  930.95814    0  200  942.00000  930.95814  1.17%     -   11s
     0     0  930.95814    0  392  942.00000  930.95814  1.17%     -   11s
     0     0  930.95814    0  386  942.00000  930.95814  1.17%     -   11s
     0     0  930.95814    0  410  942.00000  930.95814  1.17%     -   11s
     0     0  930.95814    0  422  942.00000  930.95814  1.17%     -   11s
     0     0  933.10918    0  406  942.00000  933.10918  0.94%     -   11s
     0     0  933.11201    0  427  942.00000  933.11201  0.94%     -   11s
     0     0  933.13116    0  410  942.00000  933.13116  0.94%     -   12s
     0     0  933.14003    0  440  942.00000  933.14003  0.94%     -   12s
     0     0  933.21745    0  451  942.00000  933.21745  0.93%     -   12s
     0     0  933.23481    0  450  942.00000  933.23481  0.93%     -   12s
     0     0  933.23481    0  450  942.00000  933.23481  0.93%     -   12s
     0     0  933.23481    0  406  942.00000  933.23481  0.93%     -   12s
     0     0  933.23481    0  191  942.00000  933.23481  0.93%     -   12s
     0     0  933.23481    0  366  942.00000  933.23481  0.93%     -   12s
     0     0  933.23481    0  353  942.00000  933.23481  0.93%     -   12s
     0     0  933.29464    0  384  942.00000  933.29464  0.92%     -   12s
     0     0  933.31239    0  381  942.00000  933.31239  0.92%     -   12s
     0     0  933.33061    0  411  942.00000  933.33061  0.92%     -   12s
     0     0  933.33338    0  430  942.00000  933.33338  0.92%     -   12s
     0     0  933.72148    0  427  942.00000  933.72148  0.88%     -   12s
     0     0  933.72148    0  427  942.00000  933.72148  0.88%     -   12s
     0     0  933.72148    0  427  942.00000  933.72148  0.88%     -   12s
     0     0  933.72148    0  360  942.00000  933.72148  0.88%     -   12s
     0     2  933.72385    0  356  942.00000  933.72385  0.88%     -   12s
*  408   125              17     941.0000000  936.41576  0.49%  46.9   12s

Cutting planes:
  Learned: 1
  Gomory: 4
  Cover: 33
  Implied bound: 173
  MIR: 108
  Flow cover: 25
  Flow path: 73
  GUB cover: 2
  Inf proof: 21
  Zero half: 2
  Network: 19
  RLT: 6
  Relax-and-lift: 60

Explored 713 nodes (167478 simplex iterations) in 12.84 seconds (21.72 work units)
Thread count was 4 (of 32 available processors)

Solution count 10: 941 942 948 ... 1007

Optimal solution found (tolerance 1.00e-04)
Best objective 9.410000000000e+02, best bound 9.410000000000e+02, gap 0.0000%

Wrote result file './sol/E100_1000.9_R0.sol'

