
Gurobi 13.0.2 (mac64[arm], gurobi_cl) logging started Wed Jul  1 17:22:10 2026

Set parameter TokenServer to value "10.8.80.200"
Set parameter TimeLimit to value 43200
Set parameter LogFile to value "./log/E100_1000.6_R100.log"
Set parameter Threads to value 4
Using license file /Library/gurobi1302/gurobi.lic

Gurobi Optimizer version 13.0.2 build v13.0.2rc1 (mac64[arm] - Darwin 24.6.0 24G517)
Copyright (c) 2026, Gurobi Optimization, LLC

Read LP format model from file ./lp/E100_1000.6_R100.lp
Reading time = 0.05 seconds
root: 20808 rows, 20503 columns, 220570 nonzeros

Using Gurobi shared library /Library/gurobi1302/macos_universal2/lib/libgurobi130.dylib

CPU model: Apple M3 Ultra
Thread count: 32 physical cores, 32 logical processors, using up to 4 threads

Non-default parameters:
TimeLimit  43200
Threads  4

Optimize a model with 20808 rows, 20503 columns and 220570 nonzeros (Min)
Model fingerprint: 0x713fa568
Model has 10100 linear objective coefficients
Variable types: 0 continuous, 20503 integer (0 binary)
Coefficient statistics:
  Matrix range     [1e+00, 1e+02]
  Objective range  [1e+00, 2e+02]
  Bounds range     [1e+00, 1e+00]
  RHS range        [1e+00, 1e+00]

Presolve removed 10420 rows and 205 columns
Presolve time: 0.38s
Presolved: 10388 rows, 20298 columns, 130018 nonzeros
Variable types: 0 continuous, 20298 integer (10298 binary)
Found heuristic solution: objective 8851.0000000
Found heuristic solution: objective 4126.0000000
Deterministic concurrent LP optimizer: primal and dual simplex
Showing primal log only...

Concurrent spin time: 0.00s

Solved with primal simplex

Root relaxation: objective 7.747428e+01, 22898 iterations, 0.34 seconds (0.60 work units)

    Nodes    |    Current Node    |     Objective Bounds      |     Work
 Expl Unexpl |  Obj  Depth IntInf | Incumbent    BestBd   Gap | It/Node Time

     0     0   77.47428    0  158 4126.00000   77.47428  98.1%     -    0s
     0     0  157.54525    0  233 4126.00000  157.54525  96.2%     -    1s
H    0     0                    1447.0000000  157.54525  89.1%     -    1s
H    0     0                    1441.0000000  157.54525  89.1%     -    1s
H    0     0                    1237.0000000  157.54525  87.3%     -    1s
H    0     0                    1206.0000000  157.54525  86.9%     -    1s
H    0     0                    1202.0000000  157.54525  86.9%     -    1s
H    0     0                    1190.0000000  157.54525  86.8%     -    1s
H    0     0                    1070.0000000  157.54525  85.3%     -    1s
H    0     0                    1069.0000000  157.54525  85.3%     -    1s
H    0     0                    1022.0000000  157.54525  84.6%     -    1s
H    0     0                     945.0000000  157.54525  83.3%     -    1s
H    0     0                     907.0000000  157.54525  82.6%     -    1s
     0     0  332.65487    0  290  907.00000  332.65487  63.3%     -    2s
     0     0  390.91929    0  299  907.00000  390.91929  56.9%     -    5s
H    0     0                     878.0000000  390.91929  55.5%     -    6s
H    0     0                     876.0000000  390.91929  55.4%     -    6s
H    0     0                     834.0000000  390.91929  53.1%     -    6s
H    0     0                     832.0000000  390.91929  53.0%     -    7s
H    0     0                     824.0000000  390.91929  52.6%     -    7s
H    0     0                     819.0000000  390.91929  52.3%     -    7s
H    0     0                     817.0000000  390.91929  52.2%     -    7s
H    0     0                     797.0000000  390.91929  51.0%     -    7s
H    0     0                     777.0000000  390.91929  49.7%     -    7s
H    0     0                     771.0000000  390.91929  49.3%     -    7s
H    0     0                     767.0000000  390.91929  49.0%     -    7s
H    0     0                     766.0000000  390.91929  49.0%     -    7s
H    0     0                     734.0000000  390.91929  46.7%     -    7s
H    0     0                     713.0000000  390.91929  45.2%     -    7s
H    0     0                     702.0000000  390.91929  44.3%     -    7s
H    0     0                     701.0000000  390.91929  44.2%     -    7s
     0     0  423.29590    0  363  701.00000  423.29590  39.6%     -    8s
H    0     0                     696.0000000  423.32184  39.2%     -    8s
H    0     0                     685.0000000  423.32184  38.2%     -    9s
H    0     0                     680.0000000  423.32184  37.7%     -    9s
H    0     0                     670.0000000  423.32184  36.8%     -   10s
H    0     0                     669.0000000  423.32184  36.7%     -   10s
H    0     0                     668.0000000  423.32184  36.6%     -   12s
H    0     0                     667.0000000  423.32184  36.5%     -   13s
H    0     0                     660.0000000  423.32184  35.9%     -   13s
H    0     0                     658.0000000  423.74974  35.6%     -   14s
     0     0  423.74974    0  358  658.00000  423.74974  35.6%     -   14s
     0     0  423.75337    0  356  658.00000  423.75337  35.6%     -   14s
     0     0  447.46673    0  409  658.00000  447.46673  32.0%     -   15s
     0     0  459.75403    0  414  658.00000  459.75403  30.1%     -   16s
     0     0  459.76972    0  436  658.00000  459.76972  30.1%     -   16s
     0     0  459.82061    0  431  658.00000  459.82061  30.1%     -   16s
     0     0  459.82061    0  433  658.00000  459.82061  30.1%     -   16s
     0     0  475.30862    0  406  658.00000  475.30862  27.8%     -   18s
     0     0  483.72077    0  419  658.00000  483.72077  26.5%     -   19s
     0     0  484.31825    0  434  658.00000  484.31825  26.4%     -   19s
     0     0  484.39765    0  439  658.00000  484.39765  26.4%     -   20s
     0     0  484.41141    0  442  658.00000  484.41141  26.4%     -   20s
     0     0  492.40279    0  406  658.00000  492.40279  25.2%     -   21s
     0     0  493.82908    0  418  658.00000  493.82908  24.9%     -   22s
     0     0  494.11920    0  424  658.00000  494.11920  24.9%     -   23s
     0     0  494.15098    0  415  658.00000  494.15098  24.9%     -   23s
     0     0  494.15189    0  427  658.00000  494.15189  24.9%     -   23s
     0     0  498.40930    0  444  658.00000  498.40930  24.3%     -   24s
     0     0  498.62779    0  460  658.00000  498.62779  24.2%     -   25s
     0     0  498.66234    0  468  658.00000  498.66234  24.2%     -   25s
     0     0  498.66370    0  473  658.00000  498.66370  24.2%     -   25s
     0     0  503.27942    0  442  658.00000  503.27942  23.5%     -   26s
     0     0  504.16337    0  478  658.00000  504.16337  23.4%     -   27s
     0     0  504.25537    0  475  658.00000  504.25537  23.4%     -   28s
     0     0  504.26054    0  488  658.00000  504.26054  23.4%     -   28s
H    0     0                     645.0000000  505.64690  21.6%     -   28s
H    0     0                     636.0000000  505.64690  20.5%     -   28s
H    0     0                     635.0000000  505.64690  20.4%     -   28s
     0     0  505.64690    0  475  635.00000  505.64690  20.4%     -   28s
H    0     0                     628.0000000  506.12264  19.4%     -   29s
     0     0  506.12264    0  495  628.00000  506.12264  19.4%     -   29s
     0     0  506.30342    0  491  628.00000  506.30342  19.4%     -   30s
     0     0  506.30342    0  503  628.00000  506.30342  19.4%     -   30s
     0     0  506.97270    0  485  628.00000  506.97270  19.3%     -   30s
     0     0  507.02738    0  496  628.00000  507.02738  19.3%     -   30s
     0     0  507.10600    0  499  628.00000  507.10600  19.3%     -   31s
     0     0  507.11675    0  498  628.00000  507.11675  19.2%     -   31s
     0     0  508.24783    0  525  628.00000  508.24783  19.1%     -   32s
     0     0  508.33697    0  530  628.00000  508.33697  19.1%     -   32s
     0     0  508.36153    0  536  628.00000  508.36153  19.1%     -   32s
     0     0  509.76976    0  510  628.00000  509.76976  18.8%     -   33s
     0     0  509.84303    0  530  628.00000  509.84303  18.8%     -   33s
     0     0  509.84344    0  530  628.00000  509.84344  18.8%     -   33s
     0     0  511.21830    0  493  628.00000  511.21830  18.6%     -   34s
     0     0  511.40785    0  529  628.00000  511.40785  18.6%     -   34s
     0     0  511.43537    0  528  628.00000  511.43537  18.6%     -   34s
     0     0  512.43821    0  518  628.00000  512.43821  18.4%     -   35s
     0     0  512.51789    0  533  628.00000  512.51789  18.4%     -   36s
     0     0  512.52635    0  531  628.00000  512.52635  18.4%     -   36s
     0     0  513.52477    0  516  628.00000  513.52477  18.2%     -   37s
     0     0  513.57284    0  517  628.00000  513.57284  18.2%     -   37s
     0     0  513.58465    0  535  628.00000  513.58465  18.2%     -   37s
     0     0  514.35481    0  514  628.00000  514.35481  18.1%     -   38s
     0     0  514.45442    0  544  628.00000  514.45442  18.1%     -   38s
     0     0  514.45442    0  547  628.00000  514.45442  18.1%     -   38s
H    0     0                     627.0000000  514.45442  17.9%     -   38s
H    0     0                     626.0000000  515.60836  17.6%     -   39s
H    0     0                     621.0000000  515.60836  17.0%     -   39s
     0     0  515.60836    0  501  621.00000  515.60836  17.0%     -   39s
     0     0  515.81215    0  555  621.00000  515.81215  16.9%     -   40s
     0     0  515.81600    0  574  621.00000  515.81600  16.9%     -   40s
     0     0  516.55871    0  547  621.00000  516.55871  16.8%     -   41s
     0     0  516.73953    0  571  621.00000  516.73953  16.8%     -   41s
     0     0  516.75989    0  577  621.00000  516.75989  16.8%     -   41s
     0     0  516.75989    0  594  621.00000  516.75989  16.8%     -   41s
     0     0  516.76135    0  594  621.00000  516.76135  16.8%     -   41s
     0     0  516.76135    0  499  621.00000  516.76135  16.8%     -   42s
     0     2  516.76135    0  487  621.00000  516.76135  16.8%     -   47s
H    7    12                     620.0000000  519.59946  16.2%  5309   50s
H   11    25                     609.0000000  519.64086  14.7%  4418   51s
H   27    29                     607.0000000  519.64086  14.4%  7401   52s
H   42    48                     605.0000000  519.64086  14.1%  7292   55s
H   63    67                     603.0000000  519.64086  13.8%  5793   58s
    74    80  529.13333   17  454  603.00000  519.64086  13.8%  5311   61s
    97   102  532.95908   21  411  603.00000  519.64086  13.8%  4974   65s
H   98   102                     602.0000000  519.64086  13.7%  4923   65s
   132   141  535.24763   26  415  602.00000  519.64086  13.7%  4294   70s
   198   213  539.58999   33  418  602.00000  519.64086  13.7%  3450   75s
H  213   229                     598.0000000  519.64086  13.1%  3301   76s
   285   318  540.81747   36  413  598.00000  519.64086  13.1%  2695   80s
H  352   330                     592.0000000  519.64086  12.2%  2318   82s
H  362   338                     590.0000000  519.64086  11.9%  2355   85s
   382   358  548.81897   48  363  590.00000  519.64086  11.9%  2438   90s
   401   381  552.39905   53  330  590.00000  519.64086  11.9%  2480   96s
   438   424  563.60391   80  349  590.00000  519.64086  11.9%  2420  100s
   499   501  574.40381  125  249  590.00000  519.64086  11.9%  2291  105s
   598   578  527.17569    6  482  590.00000  519.64086  11.9%  2097  110s
   696   654  531.86677   12  438  590.00000  519.64086  11.9%  2009  116s
   721   679  536.75569   17  409  590.00000  519.64086  11.9%  2078  121s
   754   722  541.34414   21  400  590.00000  519.64086  11.9%  2138  125s
   836   822  547.57201   26  381  590.00000  519.64086  11.9%  2075  131s
   919   912  548.80062   28  386  590.00000  519.64086  11.9%  2018  136s
  1051  1041  557.08159   40  347  590.00000  519.64086  11.9%  1908  142s
  1121  1042  526.43843   16  290  590.00000  519.64086  11.9%  1865  145s
  1124  1044  584.34916  169  337  590.00000  519.64086  11.9%  1860  157s
  1125  1045  578.79400  113  391  590.00000  519.64086  11.9%  1858  160s
  1128  1047  579.55561   69  470  590.00000  524.27708  11.1%  1853  166s
  1130  1048  572.31367   59  529  590.00000  530.16347  10.1%  1850  170s
  1133  1050  575.55787  129  512  590.00000  536.33513  9.10%  1845  176s
  1134  1051  581.06450  144  501  590.00000  538.00573  8.81%  1843  184s
  1135  1051  538.00573   10  516  590.00000  538.00573  8.81%  1842  185s
  1143  1057  578.43510   66  539  590.00000  542.47272  8.06%  1829  190s
  1153  1063  574.83899   34  554  590.00000  545.10644  7.61%  1813  195s
  1166  1072  546.73099   20  555  590.00000  546.73099  7.33%  1793  200s
  1186  1085  568.78310   77  537  590.00000  549.25913  6.91%  1762  205s
  1209  1101  550.76778    9  526  590.00000  550.76778  6.65%  1729  210s
  1225  1111  578.79400  113  566  590.00000  551.57783  6.51%  1706  215s
  1248  1127  552.45147   23  505  590.00000  552.45147  6.36%  1675  220s
  1267  1139  581.90086  103  344  590.00000  554.62407  6.00%  1650  225s
  1294  1157  557.00624   30  501  590.00000  557.00624  5.59%  1615  230s
  1302  1163  574.68081  125  487  590.00000  557.00624  5.59%  1605  235s
  1311  1170  570.46665   52  344  590.00000  557.52168  5.50%  1818  244s
H 1311  1111                     584.0000000  557.52168  4.53%  1818  245s
H 1312  1056                     582.0000000  557.61179  4.19%  1817  246s
H 1312  1003                     579.0000000  557.61179  3.69%  1817  246s
H 1312   953                     575.0000000  557.61179  3.02%  1817  246s
  1322   960  557.62090   29  335  575.00000  557.62090  3.02%  1845  250s
  1341   973  575.00000  143  406  575.00000  559.58113  2.68%  1819  255s
  1408  1019  562.05565   21  348  575.00000  562.05565  2.25%  1774  260s
  1438  1039  575.00000  128  468  575.00000  562.83669  2.12%  1737  265s
  1579  1053  568.82995   55  328  575.00000  563.73492  1.96%  1659  270s
  2038   965     cutoff   75       575.00000  566.24842  1.52%  1377  275s
  2639   692     cutoff   60       575.00000  570.09745  0.85%  1140  280s

Cutting planes:
  Gomory: 1
  Cover: 88
  Implied bound: 138
  Projected implied bound: 2
  Clique: 3
  MIR: 21
  StrongCG: 1
  Flow cover: 186
  GUB cover: 4
  Zero half: 22
  Network: 6
  RLT: 4
  Relax-and-lift: 28

Explored 2778 nodes (3272276 simplex iterations) in 280.65 seconds (882.46 work units)
Thread count was 4 (of 32 available processors)

Solution count 10: 575 579 582 ... 605

Optimal solution found (tolerance 1.00e-04)
Best objective 5.750000000000e+02, best bound 5.750000000000e+02, gap 0.0000%

Wrote result file './sol/E100_1000.6_R100.sol'

