
Gurobi 13.0.2 (mac64[arm], gurobi_cl) logging started Mon Jun 29 15:35:18 2026

Set parameter TokenServer to value "10.8.80.200"
Set parameter TimeLimit to value 43200
Set parameter LogFile to value "./log/E100_1000.4_R100.log"
Set parameter Threads to value 4
Using license file /Library/gurobi1302/gurobi.lic

Gurobi Optimizer version 13.0.2 build v13.0.2rc1 (mac64[arm] - Darwin 24.6.0 24G517)
Copyright (c) 2026, Gurobi Optimization, LLC

Read LP format model from file ./lp/E100_1000.4_R100.lp
Reading time = 0.05 seconds
root: 20808 rows, 20503 columns, 214498 nonzeros

Using Gurobi shared library /Library/gurobi1302/macos_universal2/lib/libgurobi130.dylib

CPU model: Apple M3 Ultra
Thread count: 32 physical cores, 32 logical processors, using up to 4 threads

Non-default parameters:
TimeLimit  43200
Threads  4

Optimize a model with 20808 rows, 20503 columns and 214498 nonzeros (Min)
Model fingerprint: 0x8417342e
Model has 10100 linear objective coefficients
Variable types: 0 continuous, 20503 integer (0 binary)
Coefficient statistics:
  Matrix range     [1e+00, 1e+02]
  Objective range  [1e+00, 2e+02]
  Bounds range     [1e+00, 1e+00]
  RHS range        [1e+00, 1e+00]

Presolve removed 10420 rows and 205 columns
Presolve time: 0.59s
Presolved: 10388 rows, 20298 columns, 128390 nonzeros
Variable types: 0 continuous, 20298 integer (10298 binary)
Found heuristic solution: objective 5206.0000000
Deterministic concurrent LP optimizer: primal and dual simplex
Showing primal log only...

Concurrent spin time: 0.00s

Solved with primal simplex

Root relaxation: objective 9.103497e+01, 24076 iterations, 0.45 seconds (0.71 work units)

    Nodes    |    Current Node    |     Objective Bounds      |     Work
 Expl Unexpl |  Obj  Depth IntInf | Incumbent    BestBd   Gap | It/Node Time

     0     0   91.03497    0  169 5206.00000   91.03497  98.3%     -    1s
     0     0  180.89925    0  228 5206.00000  180.89925  96.5%     -    1s
H    0     0                    1166.0000000  180.89925  84.5%     -    2s
H    0     0                    1141.0000000  180.89925  84.1%     -    2s
H    0     0                    1037.0000000  180.89925  82.6%     -    2s
H    0     0                    1025.0000000  180.89925  82.4%     -    2s
H    0     0                    1000.0000000  180.89925  81.9%     -    2s
H    0     0                     980.0000000  180.89925  81.5%     -    2s
H    0     0                     961.0000000  180.89925  81.2%     -    2s
H    0     0                     945.0000000  180.89925  80.9%     -    2s
H    0     0                     942.0000000  180.89925  80.8%     -    2s
     0     0  327.38748    0  315  942.00000  327.38748  65.2%     -    3s
     0     0  368.64669    0  309  942.00000  368.64669  60.9%     -    6s
H    0     0                     923.0000000  368.64669  60.1%     -    6s
H    0     0                     922.0000000  368.64669  60.0%     -    6s
H    0     0                     885.0000000  368.64669  58.3%     -    7s
H    0     0                     884.0000000  368.64669  58.3%     -    7s
H    0     0                     878.0000000  368.64669  58.0%     -    8s
H    0     0                     849.0000000  368.64669  56.6%     -    8s
H    0     0                     815.0000000  368.64669  54.8%     -    8s
H    0     0                     814.0000000  368.64669  54.7%     -    8s
H    0     0                     784.0000000  369.06039  52.9%     -    8s
H    0     0                     746.0000000  369.06039  50.5%     -    8s
     0     0  396.09485    0  349  746.00000  396.09485  46.9%     -    9s
H    0     0                     745.0000000  396.17420  46.8%     -   10s
H    0     0                     725.0000000  396.17420  45.4%     -   11s
H    0     0                     724.0000000  396.17420  45.3%     -   11s
H    0     0                     713.0000000  396.17420  44.4%     -   11s
H    0     0                     709.0000000  396.17420  44.1%     -   11s
H    0     0                     663.0000000  396.17420  40.2%     -   11s
H    0     0                     651.0000000  396.17420  39.1%     -   11s
H    0     0                     635.0000000  396.17420  37.6%     -   13s
     0     0  396.36831    0  334  635.00000  396.36831  37.6%     -   14s
     0     0  396.36831    0  336  635.00000  396.36831  37.6%     -   14s
     0     0  440.72232    0  365  635.00000  440.72232  30.6%     -   15s
     0     0  450.56215    0  397  635.00000  450.56215  29.0%     -   16s
     0     0  452.89334    0  408  635.00000  452.89334  28.7%     -   16s
     0     0  453.23756    0  405  635.00000  453.23756  28.6%     -   17s
     0     0  453.44207    0  383  635.00000  453.44207  28.6%     -   17s
     0     0  453.44207    0  386  635.00000  453.44207  28.6%     -   17s
     0     0  468.11706    0  443  635.00000  468.11706  26.3%     -   19s
     0     0  475.36313    0  434  635.00000  475.36313  25.1%     -   20s
     0     0  476.50724    0  478  635.00000  476.50724  25.0%     -   21s
     0     0  476.56183    0  477  635.00000  476.56183  25.0%     -   21s
     0     0  476.56290    0  478  635.00000  476.56290  25.0%     -   21s
     0     0  489.54743    0  448  635.00000  489.54743  22.9%     -   23s
     0     0  494.14574    0  459  635.00000  494.14574  22.2%     -   24s
     0     0  495.03241    0  470  635.00000  495.03241  22.0%     -   24s
     0     0  495.17934    0  482  635.00000  495.17934  22.0%     -   25s
     0     0  495.19741    0  494  635.00000  495.19741  22.0%     -   25s
     0     0  497.11222    0  500  635.00000  497.11222  21.7%     -   26s
     0     0  497.29344    0  508  635.00000  497.29344  21.7%     -   26s
     0     0  497.32330    0  508  635.00000  497.32330  21.7%     -   27s
     0     0  499.78993    0  467  635.00000  499.78993  21.3%     -   28s
     0     0  500.59457    0  503  635.00000  500.59457  21.2%     -   29s
     0     0  501.18170    0  486  635.00000  501.18170  21.1%     -   29s
     0     0  501.25670    0  511  635.00000  501.25670  21.1%     -   30s
     0     0  501.25670    0  517  635.00000  501.25670  21.1%     -   30s
     0     0  503.22361    0  513  635.00000  503.22361  20.8%     -   31s
     0     0  503.26440    0  529  635.00000  503.26440  20.7%     -   31s
     0     0  503.94455    0  521  635.00000  503.94455  20.6%     -   32s
     0     0  503.97285    0  552  635.00000  503.97285  20.6%     -   32s
     0     0  504.12762    0  555  635.00000  504.12762  20.6%     -   32s
     0     0  504.16573    0  560  635.00000  504.16573  20.6%     -   33s
     0     0  504.23791    0  567  635.00000  504.23791  20.6%     -   33s
     0     0  504.23865    0  567  635.00000  504.23865  20.6%     -   33s
     0     0  504.23865    0  495  635.00000  504.23865  20.6%     -   34s
     0     2  504.26297    0  490  635.00000  504.26297  20.6%     -   39s
     1     4  504.68911    1  469  635.00000  504.68911  20.5%  2628   41s
H    7    12                     634.0000000  505.30572  20.3%  3472   42s
H   16    21                     625.0000000  505.30572  19.2%  2846   44s
H   18    21                     623.0000000  505.30572  18.9%  2758   44s
    20    25  506.91268    6  499  623.00000  505.30572  18.9%  2807   46s
H   24    29                     621.0000000  505.30572  18.6%  2842   47s
H   29    33                     605.0000000  505.30572  16.5%  4396   48s
H   35    39                     596.0000000  505.30572  15.2%  5571   49s
H   37    39                     592.0000000  505.30572  14.6%  6174   49s
    38    46  509.59233    9  467  592.00000  505.30572  14.6%  6358   51s
H   54    60                     591.0000000  505.30572  14.5%  7486   54s
    59    66  517.18501   12  425  591.00000  505.30572  14.5%  7235   56s
H   60    66                     585.0000000  505.30572  13.6%  7114   56s
    76    84  515.17756   15  446  585.00000  505.30572  13.6%  6210   60s
   101   110  519.29420   23  392  585.00000  505.30572  13.6%  5319   65s
H  123   129                     583.0000000  505.30572  13.3%  4727   68s
H  125   129                     580.0000000  505.30572  12.9%  4679   68s
H  128   133                     577.0000000  505.30572  12.4%  4633   69s
H  129   133                     576.0000000  505.30572  12.3%  4603   69s
   132   148  520.67741   32  405  576.00000  505.30572  12.3%  4532   70s
H  174   181                     575.0000000  505.30572  12.1%  3830   73s
   180   191  523.41857   48  428  575.00000  505.30572  12.1%  3787   75s
   214   220  529.32620   55  405  575.00000  505.30572  12.1%  3619   80s
H  226   230                     574.0000000  505.30572  12.0%  3553   82s
   244   266  533.23144   59  415  574.00000  505.30572  12.0%  3483   85s
   297   309  534.13733   68  375  574.00000  505.30572  12.0%  3220   90s
H  307   309                     573.0000000  505.30572  11.8%  3189   90s
   358   399  535.70076   75  383  573.00000  505.30572  11.8%  3015   95s
   449   486  540.39266   90  373  573.00000  505.30572  11.8%  2722  101s
   519   524  543.42890  102  388  573.00000  505.30572  11.8%  2531  106s
   527   532  543.48534  104  400  573.00000  505.30572  11.8%  2504  111s
   536   548  544.78644  106  352  573.00000  505.30572  11.8%  2492  115s
H  587   613                     572.0000000  505.30572  11.7%  2344  118s
   612   709  548.34038  132  345  572.00000  505.30572  11.7%  2277  120s
   795   871  556.14185  162  298  572.00000  505.30572  11.7%  1873  125s
   942   910  513.08795    8  490  572.00000  506.34987  11.5%  1710  130s
   978   938  520.85252   13  422  572.00000  506.34987  11.5%  1738  135s
  1012  1018  524.87079   16  379  572.00000  506.34987  11.5%  1734  142s
  1076  1036  528.73533   17  375  572.00000  506.34987  11.5%  1683  145s
  1125  1065  528.28487   27  315  572.00000  506.37098  11.5%  1722  152s
  1127  1066  519.56094   27  305  572.00000  506.37098  11.5%  1719  155s
  1128  1067  559.05086  177  339  572.00000  506.37098  11.5%  1717  162s
  1130  1068  526.10569   14  454  572.00000  506.37098  11.5%  1714  165s
  1134  1071  551.91086  117  482  572.00000  518.76018  9.31%  1708  170s
  1138  1074  568.44953  226  483  572.00000  523.30566  8.51%  1702  182s
  1140  1075  563.25924  204  515  572.00000  527.31465  7.81%  1699  185s
  1144  1078  548.16735  146  535  572.00000  531.51775  7.08%  1693  190s
  1158  1087  552.09111  144  561  572.00000  534.51419  6.55%  1673  195s
  1169  1094  537.84139   10  541  572.00000  537.84139  5.97%  1657  200s
  1188  1107  539.68609   36  575  572.00000  539.68609  5.65%  1631  205s
  1207  1120  540.37850   20  631  572.00000  540.37850  5.53%  1605  211s
  1214  1125  540.55913   57  304  572.00000  540.37850  5.53%  1792  215s
  1216  1127  557.94321  169  364  572.00000  540.37850  5.53%  1789  221s
  1218  1128  543.53623  103  421  572.00000  540.37850  5.53%  1786  225s
  1222  1131  547.80218  144  525  572.00000  540.48405  5.51%  1780  230s
  1235  1139  552.98578  128  585  572.00000  541.37993  5.35%  1762  239s
  1238  1141  568.44953  226  587  572.00000  541.98840  5.25%  1757  240s
  1254  1152  558.73900  178  599  572.00000  543.03243  5.06%  1735  245s
  1269  1162  543.79340   10  606  572.00000  543.79340  4.93%  1714  250s
  1292  1177  544.17963   56  621  572.00000  544.17963  4.86%  1684  255s
  1307  1187  544.32870   20  697  572.00000  544.32870  4.84%  1665  260s
  1328  1201  559.05086  177  698  572.00000  544.92724  4.73%  1638  265s
  1347  1214  553.19047  123  617  572.00000  545.87039  4.57%  1615  270s
  1362  1224  546.10601   31  710  572.00000  546.10601  4.53%  1597  275s
  1363  1225  561.78744  188  662  572.00000  546.10601  4.53%  1596  280s
  1388  1241  546.85115   36  650  572.00000  546.85115  4.40%  1567  285s
  1413  1258  553.08369  133  660  572.00000  547.09811  4.35%  1540  290s
  1429  1269  547.12709    6  711  572.00000  547.12709  4.35%  1522  295s
  1439  1275  555.97929  160  556  572.00000  547.23700  4.33%  1512  300s
  1456  1287  548.03622  148  700  572.00000  547.33921  4.31%  1494  305s
  1474  1299  554.84570  145  693  572.00000  547.62052  4.26%  1476  310s
  1488  1308  547.88031   36  683  572.00000  547.88031  4.22%  1462  315s
  1514  1326  548.27244   57  304  572.00000  548.27244  4.15%  1591  321s
  1515  1327  567.11493  206  354  572.00000  548.27244  4.15%  1590  325s
  1519  1330  548.32777  112  492  572.00000  548.32777  4.14%  1585  330s
  1532  1338  550.11925  118  651  572.00000  548.48017  4.11%  1572  335s
  1537  1342  562.93103  195  627  572.00000  548.54898  4.10%  1567  341s
  1559  1356  548.81495   74  688  572.00000  548.81495  4.05%  1545  345s
  1584  1373  558.56132  157  616  572.00000  549.21577  3.98%  1520  350s
  1605  1387  563.90031  210  651  572.00000  549.77566  3.89%  1500  355s
  1625  1400  550.09577   27  632  572.00000  550.09577  3.83%  1482  360s
  1646  1414  555.97929  160  553  572.00000  550.36330  3.78%  1463  365s
  1658  1428  551.41826   45  467  572.00000  550.43595  3.77%  1547  370s
  1721  1470  559.45313   49  391  572.00000  550.43595  3.77%  1562  375s
  1918  1458  556.50765   55  247  572.00000  551.32940  3.61%  1457  380s
  2059  1479  568.75165   70   86  572.00000  551.91780  3.51%  1407  385s
  2244  1513  565.78399   64  252  572.00000  552.21725  3.46%  1343  390s
  2448  1572  556.33333   50   79  572.00000  552.73626  3.37%  1286  395s
  2621  1570  558.23635   49  403  572.00000  553.33982  3.26%  1243  400s
  2804  1579  555.07376   51  406  572.00000  553.58320  3.22%  1209  405s
  2966  1606     cutoff   51       572.00000  553.90373  3.16%  1176  410s
  3086  1635  567.65446   80  244  572.00000  554.05437  3.14%  1153  415s
H 3129  1472                     569.0000000  554.05437  2.63%  1144  415s
  3357  1501  565.46832   69  337  569.00000  554.41360  2.56%  1097  421s
  3670  1448  564.05556   59  315  569.00000  554.58722  2.53%  1034  426s
  3674  1451  564.89524   74  395  569.00000  554.58722  2.53%  1033  430s
  3696  1465  565.67872   60  594  569.00000  554.58722  2.53%  1027  435s
  3709  1474  564.97436   73  635  569.00000  554.58722  2.53%  1023  440s
  3735  1491  560.95683   50  623  569.00000  554.58722  2.53%  1016  445s
  3747  1499  564.00000   62  604  569.00000  554.58722  2.53%  1013  450s
  3764  1519  554.58722   58  457  569.00000  554.58722  2.53%  1043  455s
  3894  1526  555.78575   61  478  569.00000  554.58722  2.53%  1038  460s
  4054  1523  566.01178   64  186  569.00000  554.58722  2.53%  1025  465s
  4206  1545  564.29167   72  243  569.00000  554.58722  2.53%  1019  470s
  4403  1570     cutoff   63       569.00000  554.58722  2.53%  1003  475s
  4650  1565  556.90797   63  496  569.00000  554.58722  2.53%   975  480s
  4815  1569  563.76464   65  169  569.00000  555.01308  2.46%   968  485s
  4882  1602  558.47481   66  184  569.00000  555.07568  2.45%   962  491s
  5102  1573  567.67480   81  182  569.00000  555.68505  2.34%   937  495s
  5381  1553     cutoff   66       569.00000  555.93938  2.30%   910  500s
  5757  1525 infeasible   63       569.00000  556.23739  2.24%   877  505s
  6246  1497  558.85688   68  474  569.00000  556.66300  2.17%   832  510s
  6761  1516  565.23259  100  204  569.00000  556.94651  2.12%   794  517s
  7314  1428  563.68768   63  380  569.00000  557.27511  2.06%   755  521s
  7696  1413  564.23687   76  261  569.00000  557.43338  2.03%   736  526s
  8253  1383  559.96484   67  409  569.00000  557.77209  1.97%   708  531s
  8832  1552     cutoff   78       569.00000  558.02970  1.93%   686  537s
  9069  1698  562.49104   67  288  569.00000  558.13622  1.91%   675  540s
  9832  1916  564.41145   75  277  569.00000  558.46556  1.85%   646  546s
 10255  2101  560.35776   71  419  569.00000  558.79635  1.79%   633  550s
 11203  2301  564.48879   62  269  569.00000  559.00000  1.76%   605  557s
 11879  2467  567.56579   80  317  569.00000  559.42611  1.68%   591  562s
 12276  2597  564.30571   71  432  569.00000  559.60417  1.65%   583  565s
 13069  2706     cutoff   77       569.00000  559.96743  1.59%   568  570s
 14137  2919     cutoff   75       569.00000  560.37435  1.52%   546  576s
 15056  3053  566.90049   83  284  569.00000  560.70092  1.46%   529  581s
 15997  3123     cutoff   80       569.00000  561.04664  1.40%   516  586s
 16791  3262  567.51072   84  347  569.00000  561.25000  1.36%   503  591s
 17887  3346     cutoff   71       569.00000  561.65166  1.29%   488  596s
 18969  3365  563.60733   76  402  569.00000  562.00000  1.23%   475  602s
 20046  3344     cutoff   80       569.00000  562.41203  1.16%   463  607s
 20644  3314     cutoff   94       569.00000  562.68299  1.11%   456  610s
 22194  3033  564.66667   69  158  569.00000  563.22081  1.02%   442  617s
 23270  2749     cutoff   70       569.00000  563.70240  0.93%   433  622s
 24451  2421     cutoff   88       569.00000  564.18305  0.85%   422  627s
 25517  1951     cutoff   69       569.00000  564.64035  0.77%   413  631s
 26566  1314  565.50183   71  481  569.00000  565.15186  0.68%   404  636s
 28367    17     cutoff   83       569.00000  566.35310  0.47%   386  641s

Cutting planes:
  Learned: 1
  Cover: 205
  Implied bound: 185
  Projected implied bound: 7
  Clique: 1
  MIR: 62
  StrongCG: 2
  Flow cover: 588
  GUB cover: 6
  Inf proof: 2
  Zero half: 29
  Network: 4
  RLT: 5
  Relax-and-lift: 69

Explored 28952 nodes (11183373 simplex iterations) in 641.17 seconds (1906.75 work units)
Thread count was 4 (of 32 available processors)

Solution count 10: 569 572 573 ... 585

Optimal solution found (tolerance 1.00e-04)
Best objective 5.690000000000e+02, best bound 5.690000000000e+02, gap 0.0000%

Wrote result file './sol/E100_1000.4_R100.sol'

