
Gurobi 13.0.2 (mac64[arm], gurobi_cl) logging started Wed Jul  1 19:57:04 2026

Set parameter TokenServer to value "10.8.80.200"
Set parameter TimeLimit to value 43200
Set parameter LogFile to value "./log/E100_1000.10_R0.log"
Set parameter Threads to value 4
Using license file /Library/gurobi1302/gurobi.lic

Gurobi Optimizer version 13.0.2 build v13.0.2rc1 (mac64[arm] - Darwin 24.6.0 24G517)
Copyright (c) 2026, Gurobi Optimization, LLC

Read LP format model from file ./lp/E100_1000.10_R0.lp
Reading time = 0.03 seconds
root: 20808 rows, 20503 columns, 91911 nonzeros

Using Gurobi shared library /Library/gurobi1302/macos_universal2/lib/libgurobi130.dylib

CPU model: Apple M3 Ultra
Thread count: 32 physical cores, 32 logical processors, using up to 4 threads

Non-default parameters:
TimeLimit  43200
Threads  4

Optimize a model with 20808 rows, 20503 columns and 91911 nonzeros (Min)
Model fingerprint: 0x864a182d
Model has 10100 linear objective coefficients
Variable types: 0 continuous, 20503 integer (0 binary)
Coefficient statistics:
  Matrix range     [1e+00, 1e+02]
  Objective range  [2e+00, 2e+02]
  Bounds range     [1e+00, 1e+00]
  RHS range        [1e+00, 1e+00]

Presolve removed 10504 rows and 304 columns
Presolve time: 0.13s
Presolved: 10304 rows, 20199 columns, 60402 nonzeros
Variable types: 0 continuous, 20199 integer (10199 binary)
Found heuristic solution: objective 6203.0000000

Root relaxation: objective 1.817200e+02, 42129 iterations, 1.90 seconds (5.27 work units)

    Nodes    |    Current Node    |     Objective Bounds      |     Work
 Expl Unexpl |  Obj  Depth IntInf | Incumbent    BestBd   Gap | It/Node Time

     0     0  181.72000    0  297 6203.00000  181.72000  97.1%     -    2s
     0     0  847.32000    0  195 6203.00000  847.32000  86.3%     -    2s
H    0     0                    1447.0000000  847.32000  41.4%     -    2s
H    0     0                    1428.0000000  847.32000  40.7%     -    2s
H    0     0                    1426.0000000  847.32000  40.6%     -    2s
H    0     0                    1415.0000000  847.32000  40.1%     -    2s
H    0     0                    1399.0000000  847.32000  39.4%     -    2s
H    0     0                    1393.0000000  847.32000  39.2%     -    2s
H    0     0                    1392.0000000  847.32000  39.1%     -    2s
H    0     0                    1358.0000000  847.32000  37.6%     -    2s
H    0     0                    1312.0000000  847.32000  35.4%     -    2s
H    0     0                    1209.0000000  847.32000  29.9%     -    3s
H    0     0                    1203.0000000  847.32000  29.6%     -    3s
H    0     0                    1144.0000000  847.32000  25.9%     -    3s
H    0     0                    1142.0000000  847.32000  25.8%     -    3s
     0     0  930.57227    0  331 1142.00000  930.57227  18.5%     -    4s
     0     0  930.57227    0  205 1142.00000  930.57227  18.5%     -    6s
H    0     0                    1128.0000000  930.57227  17.5%     -    6s
H    0     0                    1100.0000000  930.57227  15.4%     -    7s
H    0     0                    1089.0000000  930.57227  14.5%     -    7s
H    0     0                    1071.0000000  930.57227  13.1%     -    8s
H    0     0                    1065.0000000  930.57227  12.6%     -    8s
H    0     0                    1060.0000000  930.57227  12.2%     -    8s
H    0     0                    1045.0000000  930.57227  11.0%     -    8s
H    0     0                    1043.0000000  930.57227  10.8%     -    8s
H    0     0                    1027.0000000  930.57227  9.39%     -    8s
H    0     0                    1015.0000000  930.57227  8.32%     -    8s
H    0     0                    1014.0000000  930.57227  8.23%     -    8s
H    0     0                    1012.0000000  930.57227  8.05%     -    8s
H    0     0                    1008.0000000  930.57227  7.68%     -    8s
H    0     0                    1004.0000000  930.57227  7.31%     -    8s
H    0     0                    1003.0000000  930.57227  7.22%     -    8s
H    0     0                    1000.0000000  930.57227  6.94%     -    8s
     0     0  930.57227    0  386 1000.00000  930.57227  6.94%     -    8s
     0     0  953.37261    0  394 1000.00000  953.37261  4.66%     -    9s
     0     0  953.37261    0  397 1000.00000  953.37261  4.66%     -    9s
     0     0  962.65946    0  448 1000.00000  962.65946  3.73%     -    9s
     0     0  962.65946    0  208 1000.00000  962.65946  3.73%     -   10s
H    0     0                     999.0000000  962.65946  3.64%     -   10s
     0     0  962.65946    0  385  999.00000  962.65946  3.64%     -   10s
     0     0  962.85389    0  405  999.00000  962.85389  3.62%     -   10s
     0     0  963.74864    0  416  999.00000  963.74864  3.53%     -   10s
     0     0  963.74864    0  430  999.00000  963.74864  3.53%     -   10s
H    0     0                     998.0000000  963.74864  3.43%     -   10s
H    0     0                     997.0000000  963.74864  3.34%     -   10s
     0     0  966.71375    0  432  997.00000  966.71375  3.04%     -   10s
H    0     0                     995.0000000  966.71375  2.84%     -   10s
H    0     0                     993.0000000  967.34747  2.58%     -   10s
     0     0  967.34747    0  424  993.00000  967.34747  2.58%     -   10s
     0     0  967.39396    0  443  993.00000  967.39396  2.58%     -   10s
     0     0  967.39396    0  446  993.00000  967.39396  2.58%     -   10s
     0     0  968.76938    0  450  993.00000  968.76938  2.44%     -   11s
     0     0  968.76938    0  222  993.00000  968.76938  2.44%     -   11s
     0     0  968.76938    0  413  993.00000  968.76938  2.44%     -   11s
     0     0  968.76938    0  402  993.00000  968.76938  2.44%     -   11s
     0     0  968.76938    0  415  993.00000  968.76938  2.44%     -   11s
     0     0  968.76938    0  424  993.00000  968.76938  2.44%     -   11s
     0     0  969.26945    0  448  993.00000  969.26945  2.39%     -   11s
     0     0  969.26945    0  456  993.00000  969.26945  2.39%     -   11s
     0     0  969.77357    0  421  993.00000  969.77357  2.34%     -   11s
     0     0  969.77361    0  438  993.00000  969.77361  2.34%     -   11s
     0     0  969.77612    0  393  993.00000  969.77612  2.34%     -   11s
     0     0  969.77612    0  393  993.00000  969.77612  2.34%     -   11s
     0     0  969.77612    0  393  993.00000  969.77612  2.34%     -   11s
     0     0  969.77612    0  358  993.00000  969.77612  2.34%     -   11s
     0     2  969.78084    0  342  993.00000  969.78084  2.34%     -   11s
H  124   123                     992.0000000  969.84780  2.23%   222   12s
H  397   350                     988.0000000  970.28145  1.79%   129   12s
*  931   550              25     987.0000000  972.44403  1.47%   115   13s
H  990   469                     984.0000000  972.44403  1.17%   113   13s
H 1011   357                     982.0000000  972.82265  0.93%   114   13s
* 1061   308              13     981.0000000  972.82265  0.83%   113   13s
H 1154   198                     979.0000000  974.02076  0.51%   111   13s

Cutting planes:
  Learned: 1
  Gomory: 36
  Lift-and-project: 14
  Cover: 48
  Implied bound: 250
  MIR: 151
  StrongCG: 4
  Flow cover: 40
  Flow path: 103
  GUB cover: 2
  Inf proof: 28
  Zero half: 1
  Network: 17
  RLT: 2
  Relax-and-lift: 5

Explored 1494 nodes (277861 simplex iterations) in 13.59 seconds (28.96 work units)
Thread count was 4 (of 32 available processors)

Solution count 10: 979 981 982 ... 997

Optimal solution found (tolerance 1.00e-04)
Best objective 9.790000000000e+02, best bound 9.790000000000e+02, gap 0.0000%

Wrote result file './sol/E100_1000.10_R0.sol'

