
Gurobi 13.0.2 (mac64[arm], gurobi_cl) logging started Mon Jun 29 15:14:43 2026

Set parameter TokenServer to value "10.8.80.200"
Set parameter TimeLimit to value 43200
Set parameter LogFile to value "./log/E100_1000.3_R100.log"
Set parameter Threads to value 4
Using license file /Library/gurobi1302/gurobi.lic

Gurobi Optimizer version 13.0.2 build v13.0.2rc1 (mac64[arm] - Darwin 24.6.0 24G517)
Copyright (c) 2026, Gurobi Optimization, LLC

Read LP format model from file ./lp/E100_1000.3_R100.lp
Reading time = 0.05 seconds
root: 20808 rows, 20503 columns, 213008 nonzeros

Using Gurobi shared library /Library/gurobi1302/macos_universal2/lib/libgurobi130.dylib

CPU model: Apple M3 Ultra
Thread count: 32 physical cores, 32 logical processors, using up to 4 threads

Non-default parameters:
TimeLimit  43200
Threads  4

Optimize a model with 20808 rows, 20503 columns and 213008 nonzeros (Min)
Model fingerprint: 0xf322c0c7
Model has 10100 linear objective coefficients
Variable types: 0 continuous, 20503 integer (0 binary)
Coefficient statistics:
  Matrix range     [1e+00, 1e+02]
  Objective range  [2e+00, 2e+02]
  Bounds range     [1e+00, 1e+00]
  RHS range        [1e+00, 1e+00]

Presolve removed 10418 rows and 207 columns
Presolve time: 0.49s
Presolved: 10390 rows, 20296 columns, 129568 nonzeros
Variable types: 0 continuous, 20296 integer (10296 binary)
Found heuristic solution: objective 2847.0000000
Deterministic concurrent LP optimizer: primal and dual simplex
Showing primal log only...

Concurrent spin time: 0.00s

Solved with primal simplex

Root relaxation: objective 9.993015e+01, 22845 iterations, 0.36 seconds (0.63 work units)

    Nodes    |    Current Node    |     Objective Bounds      |     Work
 Expl Unexpl |  Obj  Depth IntInf | Incumbent    BestBd   Gap | It/Node Time

     0     0   99.93015    0  185 2847.00000   99.93015  96.5%     -    0s
     0     0  218.57465    0  246 2847.00000  218.57465  92.3%     -    1s
H    0     0                    1681.0000000  218.57465  87.0%     -    1s
H    0     0                    1516.0000000  218.57465  85.6%     -    1s
H    0     0                    1210.0000000  218.57465  81.9%     -    1s
H    0     0                    1209.0000000  218.57465  81.9%     -    1s
H    0     0                    1157.0000000  218.57465  81.1%     -    1s
H    0     0                    1101.0000000  218.57465  80.1%     -    1s
H    0     0                    1064.0000000  218.57465  79.5%     -    1s
H    0     0                     970.0000000  218.57465  77.5%     -    1s
H    0     0                     969.0000000  218.57465  77.4%     -    2s
H    0     0                     954.0000000  218.57465  77.1%     -    2s
H    0     0                     923.0000000  218.57465  76.3%     -    2s
H    0     0                     912.0000000  218.57465  76.0%     -    2s
H    0     0                     844.0000000  218.57465  74.1%     -    3s
H    0     0                     839.0000000  218.57465  73.9%     -    3s
H    0     0                     825.0000000  218.57465  73.5%     -    3s
H    0     0                     814.0000000  218.57465  73.1%     -    3s
H    0     0                     812.0000000  218.57465  73.1%     -    3s
H    0     0                     811.0000000  218.57465  73.0%     -    3s
H    0     0                     809.0000000  218.57465  73.0%     -    3s
H    0     0                     801.0000000  218.57465  72.7%     -    3s
H    0     0                     800.0000000  218.57465  72.7%     -    3s
H    0     0                     796.0000000  218.57465  72.5%     -    3s
     0     0  348.60077    0  322  796.00000  348.60077  56.2%     -    4s
     0     0  397.17144    0  354  796.00000  397.17144  50.1%     -    6s
H    0     0                     795.0000000  397.17144  50.0%     -    9s
H    0     0                     774.0000000  397.17144  48.7%     -    9s
H    0     0                     755.0000000  397.17144  47.4%     -    9s
H    0     0                     747.0000000  397.17144  46.8%     -    9s
H    0     0                     746.0000000  397.17144  46.8%     -    9s
H    0     0                     744.0000000  397.17144  46.6%     -    9s
H    0     0                     739.0000000  397.17144  46.3%     -    9s
H    0     0                     738.0000000  451.30939  38.8%     -   10s
H    0     0                     718.0000000  451.30939  37.1%     -   10s
     0     0  451.30939    0  375  718.00000  451.30939  37.1%     -   10s
H    0     0                     714.0000000  451.32546  36.8%     -   11s
H    0     0                     712.0000000  451.32546  36.6%     -   11s
H    0     0                     711.0000000  451.32546  36.5%     -   12s
H    0     0                     709.0000000  451.32546  36.3%     -   12s
H    0     0                     708.0000000  451.32546  36.3%     -   15s
H    0     0                     706.0000000  454.75639  35.6%     -   17s
H    0     0                     705.0000000  454.75639  35.5%     -   17s
     0     0  457.57653    0  372  705.00000  457.57653  35.1%     -   17s
     0     0  457.57653    0  398  705.00000  457.57653  35.1%     -   17s
     0     0  457.57653    0  404  705.00000  457.57653  35.1%     -   17s
H    0     0                     686.0000000  457.57653  33.3%     -   17s
H    0     0                     679.0000000  488.07735  28.1%     -   19s
H    0     0                     676.0000000  488.07735  27.8%     -   19s
H    0     0                     675.0000000  488.07735  27.7%     -   19s
H    0     0                     673.0000000  488.07735  27.5%     -   19s
H    0     0                     666.0000000  488.07735  26.7%     -   19s
H    0     0                     664.0000000  488.07735  26.5%     -   19s
H    0     0                     663.0000000  488.07735  26.4%     -   19s
     0     0  488.07735    0  389  663.00000  488.07735  26.4%     -   19s
     0     0  495.96078    0  380  663.00000  495.96078  25.2%     -   20s
     0     0  496.07229    0  387  663.00000  496.07229  25.2%     -   20s
     0     0  496.09998    0  389  663.00000  496.09998  25.2%     -   20s
     0     0  496.10063    0  389  663.00000  496.10063  25.2%     -   20s
     0     0  511.83043    0  409  663.00000  511.83043  22.8%     -   23s
     0     0  522.20282    0  429  663.00000  522.20282  21.2%     -   24s
     0     0  524.65110    0  413  663.00000  524.65110  20.9%     -   25s
     0     0  525.42826    0  440  663.00000  525.42826  20.7%     -   25s
     0     0  525.51100    0  440  663.00000  525.51100  20.7%     -   25s
     0     0  525.51100    0  445  663.00000  525.51100  20.7%     -   25s
     0     0  535.74441    0  419  663.00000  535.74441  19.2%     -   27s
     0     0  540.40384    0  464  663.00000  540.40384  18.5%     -   28s
     0     0  542.46747    0  483  663.00000  542.46747  18.2%     -   29s
     0     0  543.31163    0  484  663.00000  543.31163  18.1%     -   29s
     0     0  543.48760    0  484  663.00000  543.48760  18.0%     -   30s
     0     0  543.49263    0  496  663.00000  543.49263  18.0%     -   30s
     0     0  545.49645    0  531  663.00000  545.49645  17.7%     -   31s
     0     0  546.36487    0  526  663.00000  546.36487  17.6%     -   32s
     0     0  546.45249    0  547  663.00000  546.45249  17.6%     -   32s
     0     0  546.46836    0  544  663.00000  546.46836  17.6%     -   32s
     0     0  548.83717    0  516  663.00000  548.83717  17.2%     -   33s
     0     0  549.28252    0  532  663.00000  549.28252  17.2%     -   33s
     0     0  549.35188    0  538  663.00000  549.35188  17.1%     -   33s
     0     0  551.10053    0  513  663.00000  551.10053  16.9%     -   35s
     0     0  551.72925    0  529  663.00000  551.72925  16.8%     -   35s
     0     0  551.90608    0  541  663.00000  551.90608  16.8%     -   36s
     0     0  552.04482    0  552  663.00000  552.04482  16.7%     -   36s
     0     0  552.13804    0  564  663.00000  552.13804  16.7%     -   36s
     0     0  552.14252    0  586  663.00000  552.14252  16.7%     -   36s
     0     0  552.85623    0  564  663.00000  552.85623  16.6%     -   37s
     0     0  552.92250    0  584  663.00000  552.92250  16.6%     -   37s
     0     0  554.88394    0  571  663.00000  554.88394  16.3%     -   39s
     0     0  555.14089    0  577  663.00000  555.14089  16.3%     -   39s
     0     0  555.19308    0  579  663.00000  555.19308  16.3%     -   39s
     0     0  555.46528    0  564  663.00000  555.46528  16.2%     -   40s
     0     0  555.47224    0  564  663.00000  555.47224  16.2%     -   40s
     0     0  555.47224    0  489  663.00000  555.47224  16.2%     -   41s
     0     2  555.49008    0  489  663.00000  555.49008  16.2%     -   48s
     3     8  555.65242    2  481  663.00000  555.57844  16.2%  3828   50s
H    4     8                     659.0000000  555.57844  15.7%  2871   50s
H   13    17                     657.0000000  555.66530  15.4%  3488   53s
H   15    17                     655.0000000  555.66530  15.2%  3351   53s
H   16    21                     652.0000000  555.66530  14.8%  3213   54s
H   19    21                     651.0000000  555.66530  14.6%  4756   54s
    20    25  564.63646    6  544  651.00000  555.66530  14.6%  5657   55s
H   21    25                     648.0000000  555.66530  14.2%  5387   55s
H   30    33                     646.0000000  555.66530  14.0%  6012   58s
    32    49  567.99193    7  511  646.00000  555.66530  14.0%  6352   60s
H   34    49                     643.0000000  555.66530  13.6%  6230   60s
H   49    53                     642.0000000  555.66530  13.4%  5892   61s
    64    69  572.44427   12  502  642.00000  555.66530  13.4%  6594   65s
H   85    87                     641.0000000  555.66530  13.3%  5618   69s
    86    92  575.31660   17  492  641.00000  555.66530  13.3%  5591   70s
   110   116  579.36764   21  460  641.00000  555.66530  13.3%  4811   75s
   143   150  581.29857   28  465  641.00000  555.66530  13.3%  4047   80s
   162   167  582.53551   32  428  641.00000  555.66530  13.3%  3869   86s
   177   194  583.45313   35  436  641.00000  555.66530  13.3%  3706   91s
   200   212  587.78630   36  432  641.00000  555.66530  13.3%  3466   95s
H  205   212                     638.0000000  555.66530  12.9%  3406   95s
   222   237  588.58122   39  407  638.00000  555.66530  12.9%  3271  100s
   281   294  592.64643   54  399  638.00000  555.66530  12.9%  2914  106s
   348   372  597.37362   69  400  638.00000  555.66530  12.9%  2651  110s
   380   383  598.28688   71  390  638.00000  555.66530  12.9%  2547  115s
   393   394  599.71532   74  370  638.00000  555.66530  12.9%  2515  120s
   401   402  600.26049   76  390  638.00000  555.66530  12.9%  2495  126s
H  405   406                     634.0000000  555.66530  12.4%  2485  128s
   409   423  601.08582   78  393  634.00000  555.66530  12.4%  2472  130s
   467   501  602.89016   88  388  634.00000  555.66530  12.4%  2281  135s
   535   612  603.64360   94  378  634.00000  555.66530  12.4%  2114  140s
   771   826  611.97544  111  361  634.00000  555.66530  12.4%  1685  146s
H  831   847                     633.0000000  555.66530  12.2%  1614  149s
   881   928  614.39385  125  340  633.00000  555.66530  12.2%  1557  151s
  1028  1041  567.93174    8  560  633.00000  555.66530  12.2%  1450  156s
  1160  1108  570.91822   11  512  633.00000  555.66530  12.2%  1388  161s
  1175  1110  631.96000  202  354  633.00000  555.66530  12.2%  1394  167s
  1176  1111  575.45275   32  390  633.00000  555.66530  12.2%  1393  175s
  1179  1113  608.07918   99  484  633.00000  555.66530  12.2%  1389  181s
  1181  1114  583.00282   33  512  633.00000  563.63006  11.0%  1387  185s
  1185  1117  605.91990   88  497  633.00000  570.76156  9.83%  1382  191s
  1186  1118  627.13671  301  554  633.00000  571.75210  9.68%  1381  198s
  1188  1119  608.46939  169  558  633.00000  573.75249  9.36%  1379  201s
  1191  1121  580.44457    6  583  633.00000  576.14272  8.98%  1375  205s
  1197  1125  616.94721  145  568  633.00000  580.32332  8.32%  1368  210s
  1202  1128  618.42960  135  596  633.00000  583.40251  7.84%  1363  215s
  1207  1132  595.60556   67  596  633.00000  585.81030  7.45%  1357  220s
  1211  1134  623.36124  273  572  633.00000  589.92601  6.80%  1353  225s
  1217  1138  591.50769   16  619  633.00000  591.50769  6.55%  1346  230s
  1222  1142  605.87135   74  600  633.00000  594.67848  6.05%  1340  235s
  1226  1144  620.68581  186  602  633.00000  595.39198  5.94%  1336  240s
  1231  1148  625.77950  294  635  633.00000  595.68255  5.90%  1331  245s
  1234  1150  629.27503  321  542  633.00000  598.97970  5.37%  1327  250s
  1239  1153  607.28866   94  598  633.00000  601.10148  5.04%  1322  255s
  1245  1157  626.72355  237  566  633.00000  603.27956  4.70%  1316  260s
  1252  1163  604.03872   13  352  633.00000  604.03872  4.58%  1579  265s
  1253  1164  608.90095  108  379  633.00000  604.03872  4.58%  1578  271s
  1256  1166  623.88888  191  408  633.00000  604.23110  4.54%  1574  275s
  1259  1168  604.24532   35  497  633.00000  604.24532  4.54%  1570  280s
  1263  1171  605.24538   56  528  633.00000  605.24538  4.38%  1565  292s
  1268  1174  606.02158   30  556  633.00000  606.02158  4.26%  1559  295s
  1277  1180  607.73655   86  559  633.00000  606.07572  4.25%  1548  300s
  1285  1185  606.11032   88  563  633.00000  606.11032  4.25%  1538  306s
  1291  1189  606.50351    6  560  633.00000  606.50351  4.19%  1531  310s
  1300  1195  620.63494  170  536  633.00000  606.95311  4.11%  1521  315s
  1311  1203  623.36124  273  566  633.00000  607.33177  4.06%  1508  320s
  1321  1209  607.48948  144  600  633.00000  607.48948  4.03%  1496  325s
  1327  1213  625.35746  200  541  633.00000  607.83181  3.98%  1490  330s
  1336  1219  615.89829  164  588  633.00000  607.95553  3.96%  1480  335s
  1346  1226  608.10814   81  524  633.00000  608.10814  3.93%  1469  340s
  1357  1235  623.35005  253  382  633.00000  608.23696  3.91%  1584  350s
  1361  1238  608.23696   65  431  633.00000  608.23696  3.91%  1580  355s
  1367  1242  608.42319    8  500  633.00000  608.42319  3.88%  1573  364s
  1368  1242  609.44274   30  519  633.00000  609.44274  3.72%  1571  365s
  1377  1248  609.58374   86  460  633.00000  609.58374  3.70%  1561  370s
  1388  1256  610.15810  169  503  633.00000  610.15810  3.61%  1549  375s
  1403  1266  610.16549   15  487  633.00000  610.16549  3.61%  1532  380s
  1416  1274  618.15450  165  525  633.00000  610.85816  3.50%  1518  385s
  1431  1284  625.77950  294  431  633.00000  611.31461  3.43%  1502  390s
  1447  1295  611.51980   12  422  633.00000  611.51980  3.39%  1486  395s
  1457  1302  623.35005  253  469  633.00000  611.51980  3.39%  1475  400s
  1463  1307  611.51980   56  372  633.00000  611.51980  3.39%  1576  405s
  1468  1310  611.56411   30  401  633.00000  611.56411  3.39%  1570  410s
  1477  1316  611.98617   86  433  633.00000  611.98617  3.32%  1561  417s
  1484  1321  620.32254  249  477  633.00000  612.73202  3.20%  1553  420s
  1499  1331  618.14442  161  425  633.00000  612.84966  3.18%  1538  425s
  1515  1342  622.83627  268  508  633.00000  612.90347  3.17%  1522  430s
  1524  1353  614.92067   44  448  633.00000  612.90347  3.17%  1602  435s
  1573  1383  623.18182   52  137  633.00000  612.90347  3.17%  1608  440s
  1749  1408  624.44444   46   58  633.00000  612.93009  3.17%  1512  445s
  1953  1433  621.19142   51  148  633.00000  613.43165  3.09%  1425  450s
  2069  1444  619.64821   46  327  633.00000  613.71161  3.05%  1385  455s
  2215  1498  619.08581   53   89  633.00000  613.71987  3.05%  1349  460s
* 2328  1424              84     632.0000000  613.88382  2.87%  1318  463s
  2393  1445  618.20054   49  378  632.00000  613.88382  2.87%  1295  465s
  2559  1499  622.36513   60  306  632.00000  614.32474  2.80%  1259  470s
  2852  1557  621.49936   56  177  632.00000  614.90994  2.70%  1175  475s
H 3033  1477                     631.0000000  614.90994  2.55%  1130  479s
  3097  1474  624.66752   68  251  631.00000  615.00041  2.54%  1115  481s
  3408  1506  619.13008   52  284  631.00000  615.45445  2.46%  1051  486s
  3587  1501  622.16667   54   70  631.00000  615.70072  2.42%  1020  491s
* 3811  1280              64     628.0000000  616.00000  1.91%   989  493s
  3813  1335     cutoff   67       628.00000  616.00000  1.91%   989  496s
  4214  1326  620.42265   49  307  628.00000  616.36230  1.85%   930  501s
H 4397  1114                     627.0000000  616.51808  1.67%   904  501s
  4665  1110  624.33710   57  322  627.00000  616.84537  1.62%   871  505s
  4673  1115  617.24514   47  449  627.00000  616.84537  1.62%   870  510s
  4692  1128  617.80992   51  508  627.00000  616.84537  1.62%   866  515s
  4718  1145  620.49511   55  392  627.00000  616.84537  1.62%   862  520s
  4719  1146  622.65236   55  392  627.00000  616.84537  1.62%   861  526s
  4776  1177  625.14512   59  337  627.00000  616.84537  1.62%   881  530s
  4970  1183  617.46269   60  144  627.00000  616.84537  1.62%   874  535s
  5258  1175  618.22791   61  304  627.00000  616.86830  1.62%   859  540s
  5530  1164     cutoff   62       627.00000  617.71744  1.48%   842  545s
  5833  1154  620.55679   67  278  627.00000  617.97125  1.44%   821  550s
  6128  1090  619.35570   62  318  627.00000  618.72555  1.32%   799  555s
  6427  1057     cutoff   70       627.00000  619.29071  1.23%   779  561s
  6842   992  624.40592   70  241  627.00000  619.47294  1.20%   749  565s
  7588   829  622.97070   80  253  627.00000  620.04387  1.11%   702  571s
  8297   689 infeasible   68       627.00000  620.50991  1.04%   663  576s
  9112   746  623.38136   69  353  627.00000  621.42211  0.89%   629  582s
  9627   723     cutoff   61       627.00000  621.67549  0.85%   606  585s
 10652   642     cutoff   84       627.00000  622.50000  0.72%   568  590s
 12359     0     cutoff   80       627.00000  624.31883  0.43%   513  595s

Cutting planes:
  Gomory: 3
  Cover: 124
  Implied bound: 124
  Projected implied bound: 1
  Clique: 4
  MIR: 27
  Flow cover: 414
  GUB cover: 9
  Zero half: 26
  Network: 9
  RLT: 7
  Relax-and-lift: 49
  BQP: 1

Explored 12602 nodes (6594651 simplex iterations) in 595.19 seconds (1640.40 work units)
Thread count was 4 (of 32 available processors)

Solution count 10: 627 628 631 ... 643

Optimal solution found (tolerance 1.00e-04)
Best objective 6.270000000000e+02, best bound 6.270000000000e+02, gap 0.0000%

Wrote result file './sol/E100_1000.3_R100.sol'

