
Gurobi 13.0.2 (mac64[arm], gurobi_cl) logging started Mon Jun 29 15:25:00 2026

Set parameter TokenServer to value "10.8.80.200"
Set parameter TimeLimit to value 43200
Set parameter LogFile to value "./log/E100_1000.4_R50.log"
Set parameter Threads to value 4
Using license file /Library/gurobi1302/gurobi.lic

Gurobi Optimizer version 13.0.2 build v13.0.2rc1 (mac64[arm] - Darwin 24.6.0 24G517)
Copyright (c) 2026, Gurobi Optimization, LLC

Read LP format model from file ./lp/E100_1000.4_R50.lp
Reading time = 0.04 seconds
root: 20808 rows, 20503 columns, 149390 nonzeros

Using Gurobi shared library /Library/gurobi1302/macos_universal2/lib/libgurobi130.dylib

CPU model: Apple M3 Ultra
Thread count: 32 physical cores, 32 logical processors, using up to 4 threads

Non-default parameters:
TimeLimit  43200
Threads  4

Optimize a model with 20808 rows, 20503 columns and 149390 nonzeros (Min)
Model fingerprint: 0x1034e7cb
Model has 10100 linear objective coefficients
Variable types: 0 continuous, 20503 integer (0 binary)
Coefficient statistics:
  Matrix range     [1e+00, 1e+02]
  Objective range  [1e+00, 2e+02]
  Bounds range     [1e+00, 1e+00]
  RHS range        [1e+00, 1e+00]

Presolve removed 10417 rows and 209 columns
Presolve time: 0.26s
Presolved: 10391 rows, 20294 columns, 102639 nonzeros
Variable types: 0 continuous, 20294 integer (10294 binary)
Found heuristic solution: objective 6162.0000000
Deterministic concurrent LP optimizer: primal and dual simplex
Showing primal log only...

Concurrent spin time: 0.00s

Solved with primal simplex

Root relaxation: objective 1.696506e+02, 36865 iterations, 0.59 seconds (1.04 work units)

    Nodes    |    Current Node    |     Objective Bounds      |     Work
 Expl Unexpl |  Obj  Depth IntInf | Incumbent    BestBd   Gap | It/Node Time

     0     0  169.65062    0  332 6162.00000  169.65062  97.2%     -    0s
     0     0  525.29895    0  304 6162.00000  525.29895  91.5%     -    1s
H    0     0                    2054.0000000  525.29895  74.4%     -    1s
H    0     0                    1971.0000000  525.29895  73.3%     -    1s
H    0     0                    1970.0000000  525.29895  73.3%     -    1s
H    0     0                    1944.0000000  525.29895  73.0%     -    1s
H    0     0                    1937.0000000  525.29895  72.9%     -    1s
H    0     0                    1936.0000000  525.29895  72.9%     -    1s
H    0     0                    1899.0000000  525.29895  72.3%     -    1s
H    0     0                    1892.0000000  525.29895  72.2%     -    2s
H    0     0                    1415.0000000  525.29895  62.9%     -    2s
H    0     0                    1402.0000000  525.29895  62.5%     -    2s
H    0     0                    1391.0000000  525.29895  62.2%     -    2s
H    0     0                    1384.0000000  525.29895  62.0%     -    2s
H    0     0                    1354.0000000  525.29895  61.2%     -    3s
H    0     0                    1259.0000000  525.29895  58.3%     -    3s
H    0     0                    1250.0000000  525.29895  58.0%     -    3s
H    0     0                    1219.0000000  525.29895  56.9%     -    3s
     0     0  590.04291    0  366 1219.00000  590.04291  51.6%     -    4s
     0     0  620.19507    0  359 1219.00000  620.19507  49.1%     -    6s
H    0     0                    1187.0000000  620.19507  47.8%     -    7s
H    0     0                    1146.0000000  620.19507  45.9%     -    7s
H    0     0                    1130.0000000  620.19507  45.1%     -    8s
H    0     0                    1122.0000000  620.19507  44.7%     -   10s
H    0     0                    1106.0000000  620.19507  43.9%     -   10s
H    0     0                    1105.0000000  620.19507  43.9%     -   10s
H    0     0                    1100.0000000  620.19507  43.6%     -   10s
H    0     0                    1083.0000000  620.19507  42.7%     -   10s
H    0     0                    1042.0000000  620.19507  40.5%     -   10s
H    0     0                    1035.0000000  620.19507  40.1%     -   10s
H    0     0                    1028.0000000  620.19507  39.7%     -   10s
H    0     0                    1025.0000000  620.19507  39.5%     -   10s
H    0     0                    1005.0000000  620.19507  38.3%     -   10s
H    0     0                     997.0000000  620.19507  37.8%     -   10s
H    0     0                     984.0000000  620.19507  37.0%     -   10s
H    0     0                     975.0000000  676.38709  30.6%     -   11s
H    0     0                     967.0000000  676.38709  30.1%     -   11s
H    0     0                     965.0000000  676.38709  29.9%     -   11s
H    0     0                     963.0000000  676.38709  29.8%     -   11s
     0     0  676.38709    0  380  963.00000  676.38709  29.8%     -   11s
H    0     0                     943.0000000  676.43768  28.3%     -   12s
H    0     0                     942.0000000  676.43768  28.2%     -   12s
H    0     0                     928.0000000  676.43768  27.1%     -   12s
H    0     0                     927.0000000  676.43768  27.0%     -   13s
H    0     0                     882.0000000  676.43768  23.3%     -   13s
H    0     0                     880.0000000  676.43768  23.1%     -   14s
H    0     0                     879.0000000  676.43768  23.0%     -   15s
     0     0  678.45738    0  419  879.00000  678.45738  22.8%     -   17s
     0     0  679.01262    0  412  879.00000  679.01262  22.8%     -   17s
     0     0  679.01262    0  417  879.00000  679.01262  22.8%     -   17s
     0     0  704.62350    0  498  879.00000  704.62350  19.8%     -   18s
     0     0  706.17287    0  490  879.00000  706.17287  19.7%     -   18s
     0     0  706.22969    0  483  879.00000  706.22969  19.7%     -   18s
     0     0  706.24149    0  491  879.00000  706.24149  19.7%     -   18s
     0     0  718.15004    0  465  879.00000  718.15004  18.3%     -   20s
     0     0  729.41951    0  513  879.00000  729.41951  17.0%     -   21s
     0     0  730.45764    0  505  879.00000  730.45764  16.9%     -   22s
     0     0  730.59400    0  519  879.00000  730.59400  16.9%     -   22s
     0     0  730.64967    0  521  879.00000  730.64967  16.9%     -   22s
     0     0  730.65154    0  529  879.00000  730.65154  16.9%     -   22s
     0     0  736.24390    0  526  879.00000  736.24390  16.2%     -   24s
     0     0  740.16725    0  515  879.00000  740.16725  15.8%     -   24s
     0     0  740.25905    0  526  879.00000  740.25905  15.8%     -   24s
     0     0  740.26515    0  521  879.00000  740.26515  15.8%     -   25s
     0     0  750.08283    0  485  879.00000  750.08283  14.7%     -   25s
     0     0  750.93471    0  522  879.00000  750.93471  14.6%     -   26s
     0     0  751.16003    0  535  879.00000  751.16003  14.5%     -   26s
     0     0  751.16008    0  542  879.00000  751.16008  14.5%     -   26s
     0     0  751.33813    0  512  879.00000  751.33813  14.5%     -   27s
     0     0  751.47304    0  534  879.00000  751.47304  14.5%     -   28s
     0     0  751.58205    0  550  879.00000  751.58205  14.5%     -   28s
     0     0  751.58990    0  549  879.00000  751.58990  14.5%     -   28s
     0     0  753.30664    0  526  879.00000  753.30664  14.3%     -   29s
     0     0  753.37758    0  553  879.00000  753.37758  14.3%     -   29s
     0     0  757.32488    0  549  879.00000  757.32488  13.8%     -   30s
     0     0  758.24603    0  522  879.00000  758.24603  13.7%     -   31s
     0     0  758.33542    0  549  879.00000  758.33542  13.7%     -   31s
     0     0  758.39819    0  544  879.00000  758.39819  13.7%     -   32s
     0     0  759.03785    0  550  879.00000  759.03785  13.6%     -   33s
     0     0  759.19691    0  558  879.00000  759.19691  13.6%     -   33s
     0     0  759.19691    0  559  879.00000  759.19691  13.6%     -   33s
     0     0  760.93415    0  545  879.00000  760.93415  13.4%     -   34s
     0     0  761.22547    0  588  879.00000  761.22547  13.4%     -   35s
     0     0  761.56505    0  554  879.00000  761.56505  13.4%     -   35s
     0     0  761.57100    0  590  879.00000  761.57100  13.4%     -   35s
     0     0  762.40916    0  567  879.00000  762.40916  13.3%     -   36s
     0     0  762.51927    0  565  879.00000  762.51927  13.3%     -   36s
     0     0  762.52892    0  587  879.00000  762.52892  13.3%     -   36s
     0     0  763.59595    0  550  879.00000  763.59595  13.1%     -   37s
     0     0  763.86609    0  557  879.00000  763.86609  13.1%     -   37s
     0     0  763.87303    0  597  879.00000  763.87303  13.1%     -   37s
     0     0  764.25795    0  584  879.00000  764.25795  13.1%     -   38s
     0     0  764.26366    0  584  879.00000  764.26366  13.1%     -   38s
     0     0  764.26366    0  499  879.00000  764.26366  13.1%     -   39s
H    0     0                     878.0000000  764.26366  13.0%     -   42s
     0     2  764.26366    0  493  878.00000  764.26366  13.0%     -   43s
     3     8  764.27094    2  477  878.00000  764.27012  13.0%  3879   45s
H   13    16                     864.0000000  764.50738  11.5%  3265   47s
H   21    24                     863.0000000  764.50738  11.4%  2603   48s
H   22    24                     861.0000000  764.50738  11.2%  2492   48s
H   23    28                     860.0000000  764.50738  11.1%  2417   48s
H   34    37                     858.0000000  764.50738  10.9%  2327   49s
    36    43  766.66882    9  446  858.00000  764.50738  10.9%  2422   51s
H   52    56                     856.0000000  764.50738  10.7%  2411   53s
    60    65  770.81906   14  511  856.00000  764.50738  10.7%  2461   55s
H   71    73                     855.0000000  764.50738  10.6%  2456   57s
    86    91  770.85307   20  418  855.00000  764.50738  10.6%  2482   60s
H  102   109                     852.0000000  764.50738  10.3%  2491   65s
H  104   109                     849.0000000  764.50738  10.0%  2485   65s
H  109   118                     843.0000000  764.50738  9.31%  2524   66s
H  135   137                     841.0000000  764.50738  9.10%  2469   69s
H  136   143                     840.0000000  764.50738  8.99%  2470   71s
H  141   143                     833.0000000  764.50738  8.22%  2429   71s
H  181   194                     830.0000000  764.50738  7.89%  2196   74s
   193   220  778.95686   38  408  830.00000  764.50738  7.89%  2108   75s
H  221   225                     828.0000000  764.50738  7.67%  1959   76s
   322   347  780.64264   44  418  828.00000  764.50738  7.67%  1546   81s
H  362   351                     827.0000000  764.50738  7.56%  1464   82s
H  387   369                     826.0000000  764.50738  7.44%  1407   83s
   411   404  782.30842   50  384  826.00000  764.50738  7.44%  1383   85s
   445   428  783.06468   60  393  826.00000  764.50738  7.44%  1381   90s
   508   488  784.68523   74  373  826.00000  764.50738  7.44%  1349   95s
   575   569  788.29916   86  366  826.00000  764.53778  7.44%  1345  100s
   688   676  791.97111   96  292  826.00000  764.53778  7.44%  1247  106s
   754   698  798.07394  104  309  826.00000  764.53778  7.44%  1212  110s
   811   754  805.06457  133  265  826.00000  764.53778  7.44%  1248  116s
   871   906  811.08792  168  264  826.00000  764.53778  7.44%  1222  120s
  1030   973  777.59692   12  436  826.00000  764.94107  7.39%  1161  125s
  1143  1046  821.14315  119  366  826.00000  764.94107  7.39%  1144  132s
  1145  1047  774.10028    9  361  826.00000  764.94107  7.39%  1142  136s
  1146  1048  815.67012   30  419  826.00000  764.94107  7.39%  1141  142s
  1147  1049  815.89528  116  410  826.00000  764.94107  7.39%  1140  145s
  1150  1051  802.71364  107  479  826.00000  764.94107  7.39%  1137  150s
  1154  1053  819.31569   97  523  826.00000  768.51817  6.96%  1133  155s
  1162  1059  791.29871   95  556  826.00000  770.38158  6.73%  1125  160s
  1175  1067  821.32162   73  548  826.00000  773.19784  6.39%  1112  170s
  1184  1073  805.14878  134  538  826.00000  774.39753  6.25%  1104  175s
  1195  1081  789.81532   36  565  826.00000  776.55864  5.99%  1094  180s
  1205  1087  813.60367  183  571  826.00000  777.45998  5.88%  1085  185s
  1213  1093  813.93628  194  600  826.00000  778.39679  5.76%  1078  190s
  1220  1097  812.19637   37  564  826.00000  779.96774  5.57%  1071  196s
  1230  1104  789.00643   90  586  826.00000  781.48023  5.39%  1063  200s
  1240  1111  800.85507   90  624  826.00000  783.12244  5.19%  1054  205s
  1250  1117  802.71364  107  685  826.00000  784.16073  5.07%  1046  210s
  1261  1125  785.82119   22  659  826.00000  785.82119  4.86%  1037  221s
  1267  1129  798.58944   85  566  826.00000  786.24793  4.81%  1032  225s
  1282  1139  805.02115   55  677  826.00000  786.94553  4.73%  1020  230s
  1296  1148  804.65849   57  616  826.00000  787.59246  4.65%  1009  235s
  1309  1157  813.98073   96  616  826.00000  788.85487  4.50%   999  240s
  1329  1170  811.48882  161  568  826.00000  789.59478  4.41%   984  245s
  1343  1179  821.14315  119  616  826.00000  790.17837  4.34%   973  250s
  1359  1190  790.44602   23  631  826.00000  790.44602  4.30%   962  255s
  1373  1200  798.58944   85  357  826.00000  790.93256  4.25%  1192  261s
  1374  1201  815.40765   99  378  826.00000  790.93256  4.25%  1192  265s
H 1374  1140                     825.0000000  790.93256  4.13%  1192  267s
  1377  1142  799.71192  105  393  825.00000  790.93256  4.13%  1189  271s
  1380  1144  819.62399  216  496  825.00000  790.93256  4.13%  1186  275s
  1385  1147  790.93256   13  505  825.00000  790.93256  4.13%  1182  280s
  1399  1157  806.62691   78  500  825.00000  791.08400  4.11%  1170  292s
  1407  1162  809.49209   72  590  825.00000  791.44925  4.07%  1164  295s
  1414  1167  803.70951   47  479  825.00000  791.95285  4.01%  1158  302s
  1422  1172  817.39396  112  589  825.00000  791.95285  4.01%  1151  305s
  1426  1175  809.37237   22  527  825.00000  791.95285  4.01%  1148  311s
  1427  1175  798.45997   76  527  825.00000  791.95285  4.01%  1147  315s
  1434  1185  798.25126   29  532  825.00000  792.35469  3.96%  1251  320s
  1458  1207  798.67078   33  495  825.00000  792.35469  3.96%  1269  325s
  1493  1226  800.04909   36  446  825.00000  792.35469  3.96%  1283  330s
  1532  1259  800.51234   40  433  825.00000  792.35469  3.96%  1284  335s
  1588  1292  801.11641   44  409  825.00000  792.35469  3.96%  1271  340s
  1661  1318  803.85595   48  380  825.00000  792.58163  3.93%  1246  345s
  1745  1339  809.50715   57  345  825.00000  792.73510  3.91%  1223  351s
  1828  1376  818.60089   84  281  825.00000  792.73510  3.91%  1208  355s
  1947  1394  795.03953   32  472  825.00000  792.99323  3.88%  1169  360s
  1988  1425  796.24726   37  350  825.00000  792.99323  3.88%  1173  366s
  2056  1466  798.56573   42  366  825.00000  792.99323  3.88%  1176  370s
  2125  1490  803.36901   45  303  825.00000  793.07755  3.87%  1162  375s
  2184  1519  805.91402   49  341  825.00000  793.07755  3.87%  1157  383s
  2256  1522  804.40009   54  232  825.00000  793.07755  3.87%  1137  385s
  2331  1589  809.32893   73  238  825.00000  793.07755  3.87%  1128  391s
  2436  1600  813.48121   34  428  825.00000  793.07755  3.87%  1106  395s
  2563  1607  812.11726   33  433  825.00000  793.07755  3.87%  1086  401s
  2621  1653  811.14736   36  372  825.00000  793.07755  3.87%  1083  406s
  2748  1723  797.20860   36  383  825.00000  793.07755  3.87%  1074  411s
  2874  1742  800.71654   42  363  825.00000  794.50802  3.70%  1061  416s
  2990  1819  811.51513   55  188  825.00000  794.50802  3.70%  1059  422s
  3111  1815     cutoff   82       825.00000  795.43080  3.58%  1035  425s
  3250  1902  804.76561   49  307  825.00000  795.43080  3.58%  1029  432s
  3375  1899  810.54189   65  290  825.00000  795.46508  3.58%  1019  435s
  3606  2023  799.63268   37  356  825.00000  795.64456  3.56%   999  443s
  3748  2048  812.16790   51  321  825.00000  795.64456  3.56%   987  447s
  3871  2069  812.21237   45  251  825.00000  795.64456  3.56%   980  451s
  3955  2123  805.76518   35  406  825.00000  795.64456  3.56%   980  455s
  4104  2168  809.83967   51  353  825.00000  795.64456  3.56%   969  460s
  4255  2211  803.70270   37  351  825.00000  795.99850  3.52%   964  465s
  4446  2186  807.15803   37  444  825.00000  796.16194  3.50%   951  470s
H 4536  1926                     821.0000000  796.16194  3.03%   944  474s
  4546  2012  804.01743   40  433  821.00000  796.16194  3.03%   945  479s
  4720  2068  797.07389   39  391  821.00000  796.38312  3.00%   932  484s
  4906  2128  807.30602   63  230  821.00000  796.38312  3.00%   923  490s
H 4924   953                     809.0000000  796.38312  1.56%   922  490s
  5026  1058     cutoff   35       809.00000  796.59244  1.53%   912  495s
  5444  1261  805.75635   49  410  809.00000  797.16480  1.46%   877  501s
  5991  1263  803.49326   53  357  809.00000  797.53325  1.42%   831  505s
H 5992  1200                     808.0000000  797.53325  1.30%   831  506s
  6003  1207  800.97222   44  595  808.00000  797.53325  1.30%   830  510s
  6017  1217  801.10269   42  587  808.00000  797.53325  1.30%   828  516s
  6038  1231  804.48341   56  557  808.00000  797.53325  1.30%   825  520s
  6057  1244  805.72549   43  611  808.00000  797.53325  1.30%   836  525s
  6075  1267  800.96203   55  520  808.00000  797.53325  1.30%   846  530s
  6354  1314  804.45392   69  331  808.00000  798.29941  1.20%   842  535s
  6720  1362  803.60832   61  455  808.00000  798.81222  1.14%   823  540s
  7097  1398  804.18840   63  344  808.00000  799.83823  1.01%   808  545s
  7395  1358  804.57543   73  364  808.00000  800.34471  0.95%   793  550s
  7732  1371  802.49028   63  375  808.00000  800.58810  0.92%   774  555s
  8180  1351  801.54391   64  458  808.00000  800.89667  0.88%   757  560s
  8848  1325  805.46217   69  303  808.00000  801.23703  0.84%   725  566s
  9339  1285  803.84480   72  391  808.00000  801.52471  0.80%   706  570s
  9932  1277  805.90028   63  430  808.00000  801.82764  0.76%   686  575s
 10737  1425  805.68249   80  332  808.00000  802.14286  0.72%   657  580s
 11569  1557  806.37702   60  482  808.00000  802.46822  0.68%   631  585s
 12707  1729  803.64334   72  357  808.00000  802.87782  0.63%   602  590s
 13664  1841  805.79122   74  425  808.00000  803.18274  0.60%   580  595s
 14725  1836     cutoff   74       808.00000  803.63560  0.54%   560  600s
 15968  1563     cutoff   69       808.00000  804.15536  0.48%   540  606s
 16860  1189     cutoff   67       808.00000  804.62713  0.42%   528  610s

Cutting planes:
  Gomory: 7
  Cover: 89
  Implied bound: 113
  Projected implied bound: 5
  MIR: 82
  StrongCG: 1
  Flow cover: 483
  GUB cover: 4
  Inf proof: 1
  Zero half: 61
  Network: 8
  RLT: 7
  Relax-and-lift: 67

Explored 18905 nodes (9594954 simplex iterations) in 615.01 seconds (1886.04 work units)
Thread count was 4 (of 32 available processors)

Solution count 10: 808 809 821 ... 840

Optimal solution found (tolerance 1.00e-04)
Best objective 8.080000000000e+02, best bound 8.080000000000e+02, gap 0.0000%

Wrote result file './sol/E100_1000.4_R50.sol'

