
Gurobi 13.0.2 (mac64[arm], gurobi_cl) logging started Wed Jul  1 19:57:21 2026

Set parameter TokenServer to value "10.8.80.200"
Set parameter TimeLimit to value 43200
Set parameter LogFile to value "./log/E100_1000.10_R50.log"
Set parameter Threads to value 4
Using license file /Library/gurobi1302/gurobi.lic

Gurobi Optimizer version 13.0.2 build v13.0.2rc1 (mac64[arm] - Darwin 24.6.0 24G517)
Copyright (c) 2026, Gurobi Optimization, LLC

Read LP format model from file ./lp/E100_1000.10_R50.lp
Reading time = 0.04 seconds
root: 20808 rows, 20503 columns, 150926 nonzeros

Using Gurobi shared library /Library/gurobi1302/macos_universal2/lib/libgurobi130.dylib

CPU model: Apple M3 Ultra
Thread count: 32 physical cores, 32 logical processors, using up to 4 threads

Non-default parameters:
TimeLimit  43200
Threads  4

Optimize a model with 20808 rows, 20503 columns and 150926 nonzeros (Min)
Model fingerprint: 0xeb64f90e
Model has 10100 linear objective coefficients
Variable types: 0 continuous, 20503 integer (0 binary)
Coefficient statistics:
  Matrix range     [1e+00, 1e+02]
  Objective range  [2e+00, 2e+02]
  Bounds range     [1e+00, 1e+00]
  RHS range        [1e+00, 1e+00]

Presolve removed 10411 rows and 211 columns
Presolve time: 0.29s
Presolved: 10397 rows, 20292 columns, 104739 nonzeros
Variable types: 0 continuous, 20292 integer (10292 binary)
Found heuristic solution: objective 5729.0000000
Deterministic concurrent LP optimizer: primal and dual simplex
Showing primal log only...

Concurrent spin time: 0.00s

Solved with primal simplex

Root relaxation: objective 1.984201e+02, 40591 iterations, 0.74 seconds (1.18 work units)

    Nodes    |    Current Node    |     Objective Bounds      |     Work
 Expl Unexpl |  Obj  Depth IntInf | Incumbent    BestBd   Gap | It/Node Time

     0     0  198.42010    0  335 5729.00000  198.42010  96.5%     -    1s
     0     0  575.04996    0  355 5729.00000  575.04996  90.0%     -    2s
H    0     0                    1875.0000000  575.04996  69.3%     -    2s
H    0     0                    1801.0000000  575.04996  68.1%     -    2s
H    0     0                    1797.0000000  575.04996  68.0%     -    2s
H    0     0                    1754.0000000  575.04996  67.2%     -    2s
H    0     0                    1680.0000000  575.04996  65.8%     -    2s
H    0     0                    1347.0000000  575.04996  57.3%     -    3s
H    0     0                    1289.0000000  575.04996  55.4%     -    3s
H    0     0                    1235.0000000  575.04996  53.4%     -    3s
H    0     0                    1199.0000000  575.04996  52.0%     -    3s
H    0     0                    1151.0000000  575.04996  50.0%     -    5s
H    0     0                    1141.0000000  575.04996  49.6%     -    5s
H    0     0                    1111.0000000  575.04996  48.2%     -    5s
H    0     0                    1107.0000000  575.04996  48.1%     -    5s
H    0     0                    1106.0000000  575.04996  48.0%     -    5s
     0     0  641.77995    0  361 1106.00000  641.77995  42.0%     -    6s
     0     0  641.77995    0  352 1106.00000  641.77995  42.0%     -    9s
H    0     0                    1098.0000000  641.77995  41.6%     -    9s
H    0     0                    1090.0000000  641.77995  41.1%     -    9s
H    0     0                    1047.0000000  641.77995  38.7%     -    9s
H    0     0                    1033.0000000  641.77995  37.9%     -   10s
H    0     0                    1015.0000000  641.77995  36.8%     -   10s
H    0     0                     957.0000000  641.77995  32.9%     -   10s
H    0     0                     947.0000000  641.77995  32.2%     -   10s
H    0     0                     896.0000000  668.86368  25.4%     -   12s
H    0     0                     895.0000000  668.86368  25.3%     -   12s
H    0     0                     872.0000000  668.86368  23.3%     -   12s
H    0     0                     870.0000000  668.86368  23.1%     -   12s
H    0     0                     869.0000000  668.86368  23.0%     -   12s
H    0     0                     868.0000000  668.86368  22.9%     -   12s
     0     0  668.86368    0  373  868.00000  668.86368  22.9%     -   12s
H    0     0                     867.0000000  668.86581  22.9%     -   13s
H    0     0                     864.0000000  668.86581  22.6%     -   13s
H    0     0                     853.0000000  668.86581  21.6%     -   13s
H    0     0                     850.0000000  668.86581  21.3%     -   14s
H    0     0                     845.0000000  668.86581  20.8%     -   14s
H    0     0                     841.0000000  668.86581  20.5%     -   14s
H    0     0                     836.0000000  668.86581  20.0%     -   14s
H    0     0                     835.0000000  670.84463  19.7%     -   17s
     0     0  670.84463    0  398  835.00000  670.84463  19.7%     -   18s
     0     0  670.86495    0  372  835.00000  670.86495  19.7%     -   18s
     0     0  689.15606    0  422  835.00000  689.15606  17.5%     -   19s
H    0     0                     823.0000000  704.57232  14.4%     -   20s
     0     0  704.57232    0  416  823.00000  704.57232  14.4%     -   20s
     0     0  704.99525    0  423  823.00000  704.99525  14.3%     -   20s
     0     0  704.99525    0  428  823.00000  704.99525  14.3%     -   20s
     0     0  731.57560    0  456  823.00000  731.57560  11.1%     -   22s
     0     0  737.86575    0  429  823.00000  737.86575  10.3%     -   24s
     0     0  739.32391    0  407  823.00000  739.32391  10.2%     -   24s
     0     0  739.94551    0  422  823.00000  739.94551  10.1%     -   25s
     0     0  739.96474    0  449  823.00000  739.96474  10.1%     -   26s
     0     0  745.51439    0  431  823.00000  745.51439  9.42%     -   28s
     0     0  749.43396    0  432  823.00000  749.43396  8.94%     -   29s
     0     0  750.84574    0  468  823.00000  750.84574  8.77%     -   30s
     0     0  750.93342    0  471  823.00000  750.93342  8.76%     -   30s
     0     0  751.53547    0  368  823.00000  751.53547  8.68%     -   31s
     0     0  751.57158    0  416  823.00000  751.57158  8.68%     -   31s
     0     0  751.60520    0  436  823.00000  751.60520  8.67%     -   32s
     0     0  751.60520    0  436  823.00000  751.60520  8.67%     -   32s
     0     0  751.60520    0  436  823.00000  751.60520  8.67%     -   32s
     0     0  751.60520    0  357  823.00000  751.60520  8.67%     -   33s
H    0     2                     822.0000000  754.60520  8.20%     -   39s
     0     2  754.60520    0  357  822.00000  754.60520  8.20%     -   39s
     2     4  754.60520    1  292  822.00000  754.60520  8.20%  3023   40s
H    7    12                     821.0000000  754.60520  8.09%  4169   42s
H   10    12                     812.0000000  754.60520  7.07%  3617   42s
    33    39  754.60520    7  377  812.00000  754.60520  7.07%  2332   45s
    85    94  757.26272   14  396  812.00000  754.60520  7.07%  2128   50s
   167   174  761.53762   30  302  812.00000  754.60520  7.07%  1768   55s
   249   270  763.58769   33  243  812.00000  754.60520  7.07%  1638   60s
H  335   351                     810.0000000  754.60520  6.84%  1480   63s
H  352   287                     791.0000000  754.60520  4.60%  1421   63s
   356   320  766.85611   39  320  791.00000  754.60520  4.60%  1434   65s
H  494   383                     790.0000000  754.60520  4.48%  1190   68s
H  498   370                     788.0000000  754.60520  4.24%  1196   69s
H  508   357                     787.0000000  754.60520  4.12%  1212   69s
   540   428  775.67772   77  272  787.00000  754.60520  4.12%  1210   70s
H  656   481                     786.0000000  754.60520  3.99%  1097   71s
H  658   458                     785.0000000  754.60520  3.87%  1093   76s
   661   460  761.52961   24  350  785.00000  754.60520  3.87%  1088   80s
   677   470  768.30982   34  401  785.00000  760.18782  3.16%  1063   85s
   687   479  772.22589   40  350  785.00000  761.10720  3.04%  1152   90s
H  694   458                     783.0000000  762.51950  2.62%  1141   92s
   704   465  771.63542   52  388  783.00000  763.82066  2.45%  1124   96s
   709   470  771.83187   51  382  783.00000  763.82066  2.45%  1208  100s
H  719   452                     782.0000000  764.21017  2.27%  1191  105s
H  721   431                     780.0000000  764.37469  2.00%  1188  107s
   728   437  765.39615   41  389  780.00000  764.37469  2.00%  1243  110s
   747   455  764.77434   56  383  780.00000  764.71594  1.96%  1272  115s
   930   509  769.72606   70  337  780.00000  764.79794  1.95%  1157  120s
  1360   567     cutoff   73       780.00000  767.21756  1.64%   936  125s
  1779   577  769.02381   66  336  780.00000  767.94814  1.55%   804  130s
  2143   610  775.83333   71  182  780.00000  768.65594  1.45%   730  135s
  2731   824  774.81971   64  229  780.00000  769.02381  1.41%   651  140s
  3902  1190  777.16950   70  294  780.00000  770.04372  1.28%   538  145s
  4543  1373  773.71926   69  304  780.00000  770.28215  1.25%   503  150s
  5675  1716  777.15268   72  275  780.00000  771.00208  1.15%   463  155s
  6857  2032  774.31994   62  288  780.00000  771.59739  1.08%   428  160s
  8107  2235  775.06339   74  394  780.00000  772.30188  0.99%   402  166s
  9719  2494  775.79024   68  300  780.00000  772.80415  0.92%   375  171s
 11088  2740  777.77475   76  280  780.00000  773.27756  0.86%   356  175s
 12769  2893     cutoff   81       780.00000  773.97161  0.77%   337  180s
 13956  2961  777.84458   74  280  780.00000  774.30034  0.73%   326  185s
*15081  2781              71     779.0000000  774.59758  0.57%   316  188s
 15815  2569  776.66667   68   95  779.00000  774.99122  0.51%   310  190s
 18525  1413  777.69709   72  368  779.00000  776.17460  0.36%   287  195s

Cutting planes:
  Gomory: 11
  Cover: 81
  Implied bound: 132
  Projected implied bound: 5
  Clique: 3
  MIR: 62
  StrongCG: 1
  Flow cover: 432
  Flow path: 1
  GUB cover: 4
  Inf proof: 3
  Zero half: 73
  Network: 5
  RLT: 12
  Relax-and-lift: 44

Explored 20580 nodes (5713871 simplex iterations) in 197.41 seconds (619.65 work units)
Thread count was 4 (of 32 available processors)

Solution count 10: 779 780 782 ... 791

Optimal solution found (tolerance 1.00e-04)
Best objective 7.790000000000e+02, best bound 7.790000000000e+02, gap 0.0000%

Wrote result file './sol/E100_1000.10_R50.sol'

