
Gurobi 13.0.2 (mac64[arm], gurobi_cl) logging started Mon Sep  7 19:18:21 2026

Set parameter TokenServer to value "10.8.80.200"
Set parameter TimeLimit to value 43200
Set parameter LogFile to value "/Users/takafumi/Dropbox/2_Study/cspns_gurobi/log_recomputed_4threads/E100_1000.2_R100.log"
Set parameter Threads to value 4
Using license file /Library/gurobi1302/gurobi.lic

Gurobi Optimizer version 13.0.2 build v13.0.2rc1 (mac64[arm] - Darwin 24.6.0 24G517)
Copyright (c) 2026, Gurobi Optimization, LLC

Read LP format model from file /Users/takafumi/Dropbox/2_Study/cspns_gurobi/lp/E100_1000.2_R100.lp
Reading time = 0.05 seconds
root: 20808 rows, 20503 columns, 221054 nonzeros

Using Gurobi shared library /Library/gurobi1302/macos_universal2/lib/libgurobi130.dylib

CPU model: Apple M3 Ultra
Thread count: 32 physical cores, 32 logical processors, using up to 4 threads

Non-default parameters:
TimeLimit  43200
Threads  4

Optimize a model with 20808 rows, 20503 columns and 221054 nonzeros (Min)
Model fingerprint: 0x8f84ad02
Model has 10100 linear objective coefficients
Variable types: 0 continuous, 20503 integer (0 binary)
Coefficient statistics:
  Matrix range     [1e+00, 1e+02]
  Objective range  [1e+00, 2e+02]
  Bounds range     [1e+00, 1e+00]
  RHS range        [1e+00, 1e+00]

Presolve removed 10416 rows and 203 columns
Presolve time: 0.39s
Presolved: 10392 rows, 20300 columns, 130758 nonzeros
Variable types: 0 continuous, 20300 integer (10300 binary)
Deterministic concurrent LP optimizer: primal and dual simplex
Showing primal log only...

Concurrent spin time: 0.00s

Solved with primal simplex

Root relaxation: objective 5.797264e+01, 22580 iterations, 0.37 seconds (0.72 work units)

    Nodes    |    Current Node    |     Objective Bounds      |     Work
 Expl Unexpl |  Obj  Depth IntInf | Incumbent    BestBd   Gap | It/Node Time

     0     0   57.97264    0  162          -   57.97264      -     -    0s
     0     0   95.07655    0  214          -   95.07655      -     -    1s
H    0     0                    1525.0000000   95.07655  93.8%     -    1s
H    0     0                    1376.0000000   95.07655  93.1%     -    1s
H    0     0                    1373.0000000   95.07655  93.1%     -    1s
H    0     0                    1371.0000000   95.07655  93.1%     -    1s
H    0     0                    1368.0000000   95.07655  93.0%     -    1s
H    0     0                    1360.0000000   95.07655  93.0%     -    1s
H    0     0                    1187.0000000   95.07655  92.0%     -    1s
H    0     0                    1171.0000000   95.07655  91.9%     -    1s
H    0     0                    1118.0000000   95.07655  91.5%     -    1s
H    0     0                    1045.0000000   95.07655  90.9%     -    1s
H    0     0                    1028.0000000   95.07655  90.8%     -    1s
H    0     0                    1023.0000000   95.07655  90.7%     -    1s
H    0     0                    1018.0000000   95.07655  90.7%     -    1s
H    0     0                    1012.0000000   95.07655  90.6%     -    1s
H    0     0                     969.0000000   95.07655  90.2%     -    1s
H    0     0                     943.0000000   95.07655  89.9%     -    1s
H    0     0                     928.0000000   95.07655  89.8%     -    2s
     0     0  246.00904    0  292  928.00000  246.00904  73.5%     -    2s
     0     0  312.54796    0  320  928.00000  312.54796  66.3%     -    4s
H    0     0                     915.0000000  312.54796  65.8%     -    5s
H    0     0                     914.0000000  312.54796  65.8%     -    5s
H    0     0                     839.0000000  312.54796  62.7%     -    5s
H    0     0                     780.0000000  312.54796  59.9%     -    6s
H    0     0                     728.0000000  349.99530  51.9%     -    7s
H    0     0                     721.0000000  349.99530  51.5%     -    7s
     0     0  349.99530    0  367  721.00000  349.99530  51.5%     -    7s
H    0     0                     709.0000000  352.80817  50.2%     -    7s
H    0     0                     683.0000000  352.80817  48.3%     -    7s
H    0     0                     677.0000000  352.80817  47.9%     -    7s
H    0     0                     669.0000000  352.80817  47.3%     -    8s
H    0     0                     660.0000000  352.80817  46.5%     -    8s
H    0     0                     659.0000000  352.80817  46.5%     -    8s
H    0     0                     658.0000000  352.80817  46.4%     -    8s
H    0     0                     649.0000000  352.80817  45.6%     -    8s
H    0     0                     641.0000000  352.80817  45.0%     -    8s
H    0     0                     640.0000000  352.80817  44.9%     -    8s
H    0     0                     631.0000000  352.80817  44.1%     -    9s
H    0     0                     629.0000000  352.80817  43.9%     -   10s
     0     0  352.80817    0  368  629.00000  352.80817  43.9%     -   11s
     0     0  352.80817    0  376  629.00000  352.80817  43.9%     -   11s
     0     0  370.03253    0  408  629.00000  370.03253  41.2%     -   12s
     0     0  375.55660    0  399  629.00000  375.55660  40.3%     -   13s
     0     0  375.62182    0  388  629.00000  375.62182  40.3%     -   13s
     0     0  375.62182    0  390  629.00000  375.62182  40.3%     -   13s
H    0     0                     627.0000000  375.89920  40.0%     -   14s
H    0     0                     618.0000000  394.19254  36.2%     -   14s
H    0     0                     609.0000000  394.19254  35.3%     -   14s
     0     0  394.19254    0  421  609.00000  394.19254  35.3%     -   14s
     0     0  401.34300    0  400  609.00000  401.34300  34.1%     -   15s
     0     0  401.55984    0  430  609.00000  401.55984  34.1%     -   15s
     0     0  401.64069    0  425  609.00000  401.64069  34.0%     -   15s
     0     0  402.58271    0  444  609.00000  402.58271  33.9%     -   16s
     0     0  402.58519    0  439  609.00000  402.58519  33.9%     -   16s
     0     0  423.16834    0  441  609.00000  423.16834  30.5%     -   18s
     0     0  430.48100    0  459  609.00000  430.48100  29.3%     -   19s
     0     0  431.69602    0  451  609.00000  431.69602  29.1%     -   20s
     0     0  431.93112    0  477  609.00000  431.93112  29.1%     -   20s
     0     0  432.00320    0  473  609.00000  432.00320  29.1%     -   21s
     0     0  432.00363    0  479  609.00000  432.00363  29.1%     -   21s
     0     0  438.02024    0  494  609.00000  438.02024  28.1%     -   22s
     0     0  439.63502    0  520  609.00000  439.63502  27.8%     -   23s
     0     0  439.86963    0  528  609.00000  439.86963  27.8%     -   23s
     0     0  440.04135    0  534  609.00000  440.04135  27.7%     -   23s
     0     0  440.10530    0  539  609.00000  440.10530  27.7%     -   24s
     0     0  440.12356    0  538  609.00000  440.12356  27.7%     -   24s
H    0     0                     599.0000000  444.04306  25.9%     -   25s
     0     0  444.04306    0  523  599.00000  444.04306  25.9%     -   25s
     0     0  444.29869    0  552  599.00000  444.29869  25.8%     -   25s
     0     0  444.44624    0  577  599.00000  444.44624  25.8%     -   25s
     0     0  444.48160    0  575  599.00000  444.48160  25.8%     -   25s
     0     0  445.28902    0  577  599.00000  445.28902  25.7%     -   26s
     0     0  445.53604    0  596  599.00000  445.53604  25.6%     -   26s
     0     0  449.79983    0  518  599.00000  449.79983  24.9%     -   27s
     0     0  450.66638    0  552  599.00000  450.66638  24.8%     -   27s
     0     0  451.05638    0  575  599.00000  451.05638  24.7%     -   28s
     0     0  451.18472    0  583  599.00000  451.18472  24.7%     -   28s
     0     0  451.19651    0  586  599.00000  451.19651  24.7%     -   28s
     0     0  453.51057    0  562  599.00000  453.51057  24.3%     -   29s
     0     0  453.90593    0  583  599.00000  453.90593  24.2%     -   30s
     0     0  453.93250    0  594  599.00000  453.93250  24.2%     -   30s
     0     0  454.23627    0  599  599.00000  454.23627  24.2%     -   30s
     0     0  454.25332    0  599  599.00000  454.25332  24.2%     -   30s
     0     0  454.25332    0  543  599.00000  454.25332  24.2%     -   31s
     0     2  454.68510    0  535  599.00000  454.68510  24.1%     -   36s
H   11    19                     598.0000000  459.30673  23.2%  4791   40s
H   38    43                     585.0000000  459.30673  21.5%  8743   45s
H   42    52                     571.0000000  459.30673  19.6%  8257   46s
    64    69  470.98691   12  500  571.00000  459.30673  19.6%  9146   50s
H   67    69                     567.0000000  459.30673  19.0%  8925   50s
H   80    82                     561.0000000  459.30673  18.1%  8824   53s
    86    98  473.89547   19  509  561.00000  459.30673  18.1%  8766   55s
H  123   131                     557.0000000  459.30673  17.5%  8459   59s
   130   145  475.65618   28  504  557.00000  459.30673  17.5%  8552   60s
H  146   149                     556.0000000  459.30673  17.4%  8413   61s
   169   185  478.52757   34  486  556.00000  459.30673  17.4%  9075   65s
   224   242  481.90902   44  480  556.00000  459.30673  17.4%  8973   70s
   299   318  487.42022   65  482  556.00000  459.30673  17.4%  9048   76s
   335   353  488.81058   72  470  556.00000  459.30673  17.4%  9226   80s
   386   411  492.23040   84  452  556.00000  459.30673  17.4%  9449   85s
   435   467  495.25113   92  439  556.00000  459.30673  17.4%  9525   90s
   496   528  497.34278  104  427  556.00000  459.30673  17.4%  9473   95s
   602   646  502.58703  129  418  556.00000  459.30673  17.4%  9244  102s
   700   767  511.11362  155  382  556.00000  459.30673  17.4%  8914  107s
   828   928  515.01981  183  359  556.00000  459.30673  17.4%  8394  112s
   927  1038  526.28517  189  351  556.00000  459.30673  17.4%  7822  115s
  1139  1242  533.35277  219  325  556.00000  459.30673  17.4%  6833  120s
  1366  1385  537.93507  272  308  556.00000  459.30673  17.4%  6207  126s
  1486  1501  547.86888  316  292  556.00000  459.30673  17.4%  6052  132s
  1558  1564  468.16782    7  506  556.00000  459.30673  17.4%  6089  135s
  1735  1719  477.64586   17  414  556.00000  459.30673  17.4%  6005  142s
  1790  1773  486.50595   28  379  556.00000  459.30673  17.4%  6098  146s
  1847  1775  488.58937   36  317  556.00000  459.30673  17.4%  6184  151s
H 1847  1686                     554.0000000  459.30673  17.1%  6184  152s
  1848  1687  490.38560   77  346  554.00000  459.30673  17.1%  6180  155s
  1851  1689  534.85172  320  461  554.00000  459.30673  17.1%  6170  160s
  1857  1693  537.68084  321  558  554.00000  461.02642  16.8%  6150  165s
  1865  1698  486.11085   35  568  554.00000  470.57772  15.1%  6124  170s
  1874  1704  520.73214  195  582  554.00000  478.61871  13.6%  6095  175s
  1882  1710  546.79606  342  556  554.00000  481.92219  13.0%  6069  188s
  1885  1712  482.35113   11  596  554.00000  482.35113  12.9%  6059  190s
  1896  1719  488.58267    7  576  554.00000  488.58267  11.8%  6024  196s
  1905  1725  502.26204  122  476  554.00000  492.28122  11.1%  5995  205s
  1917  1733  511.74983  157  573  554.00000  497.58770  10.2%  5958  211s
  1928  1740  501.59205  138  576  554.00000  501.59205  9.46%  5924  215s
  1944  1751  534.49524  231  593  554.00000  503.80439  9.06%  5875  220s
  1962  1763  507.22406  108  502  554.00000  507.22406  8.44%  5821  226s
  1976  1772  510.19062   15  562  554.00000  510.19062  7.91%  5780  231s
  1992  1783  512.22405   84  613  554.00000  512.22405  7.54%  5733  235s
  2019  1801  513.52569   37  568  554.00000  513.52569  7.31%  5657  240s
  2034  1811  533.08613  237  525  554.00000  515.42192  6.96%  5615  245s
  2052  1823  518.17060   37  523  554.00000  518.17060  6.47%  5566  250s
  2070  1835  532.16072  231  512  554.00000  519.24593  6.27%  5517  255s
  2095  1852  519.82318   15  551  554.00000  519.82318  6.17%  5452  260s
  2115  1865  520.08711   15  529  554.00000  520.08711  6.12%  5400  265s
  2128  1874  520.72331  138  516  554.00000  520.72331  6.01%  5367  270s
  2151  1889  534.85172  320  601  554.00000  521.35668  5.89%  5310  275s
  2172  1903  535.30407  244  573  554.00000  522.01601  5.77%  5258  280s
  2186  1912  522.83626  163  465  554.00000  522.83626  5.63%  5225  285s
  2200  1923  522.84988   60  317  554.00000  522.84988  5.62%  5404  290s
  2201  1924  522.84988  123  341  554.00000  522.84988  5.62%  5402  295s
  2205  1927  522.84988  122  409  554.00000  522.84988  5.62%  5392  300s
  2210  1930  544.21799  389  524  554.00000  522.84988  5.62%  5380  305s
  2223  1939  532.95149  215  472  554.00000  523.10905  5.58%  5348  310s
  2231  1944  523.50045  193  574  554.00000  523.50045  5.51%  5329  320s
  2252  1958  524.49514   37  620  554.00000  524.49514  5.33%  5279  325s
  2271  1971  524.78607   58  584  554.00000  524.78607  5.27%  5235  330s
  2284  1979  538.84965  240  572  554.00000  525.63578  5.12%  5205  335s
  2303  1992  526.29219   17  605  554.00000  526.29219  5.00%  5162  340s
  2316  2001  526.49117   81  591  554.00000  526.49117  4.97%  5133  345s
  2337  2015  526.53754   33  623  554.00000  526.53754  4.96%  5087  350s
  2352  2025  526.75694   37  580  554.00000  526.75694  4.92%  5055  355s
  2365  2033  526.80867   35  632  554.00000  526.80867  4.91%  5027  361s
  2375  2040  526.85679  209  595  554.00000  526.85679  4.90%  5006  367s
  2377  2044  526.85679   22  531  554.00000  526.85679  4.90%  5103  370s
  2391  2058  528.33751   26  517  554.00000  527.13926  4.85%  5102  376s
  2423  2083  535.63148   31  380  554.00000  527.13926  4.85%  5080  380s
  2575  2105  545.81984   46  231  554.00000  527.13926  4.85%  4829  385s
  2670  2092  531.04921   28  381  554.00000  527.85088  4.72%  4682  390s
  2734  2121  541.55885   34  201  554.00000  527.85088  4.72%  4617  395s
* 2739  2015              36     547.0000000  527.85088  3.50%  4610  395s
* 2770  1917              41     545.0000000  527.85088  3.15%  4565  396s
  2849  1932  532.11264   32  441  545.00000  528.70001  2.99%  4478  401s
  2985  1902  542.81352   56  292  545.00000  529.82780  2.78%  4302  405s
H 2989  1809                     544.0000000  529.82780  2.61%  4297  409s
  2992  1811  532.66494   29  454  544.00000  529.82780  2.61%  4292  410s
  3014  1825  539.17594   47  604  544.00000  529.82780  2.61%  4261  415s
  3026  1833  536.34664   39  551  544.00000  529.82780  2.61%  4244  420s
  3064  1859  533.62264   27  614  544.00000  529.82780  2.61%  4191  425s
H 3072  1772                     542.0000000  529.82780  2.25%  4211  430s
  3096  1788  531.40453   30  545  542.00000  529.89734  2.23%  4179  436s
  3132  1813  538.52802   35  380  542.00000  530.61201  2.10%  4150  440s
  3153  1827  540.57897   37  542  542.00000  530.90120  2.05%  4122  446s
  3183  1847  535.21293   39  504  542.00000  531.03932  2.02%  4083  450s
  3423  1871  534.43925   67  443  542.00000  533.22076  1.62%  3861  455s
  3747  1868     cutoff   70       542.00000  533.75761  1.52%  3581  460s
  4171  1889  539.00932   69  411  542.00000  534.96640  1.30%  3263  465s
  4725  1827  539.85628   77  252  542.00000  535.84143  1.14%  2923  470s
  5443  1718  539.68266   91  266  542.00000  536.54444  1.01%  2581  475s
  6110  1498  539.51258   78  432  542.00000  537.09556  0.90%  2334  480s
  6719  1226  540.24863   77  274  542.00000  537.46351  0.84%  2145  486s
  7666   805  540.00609   80  343  542.00000  538.22226  0.70%  1906  490s

Cutting planes:
  Gomory: 3
  Cover: 161
  Implied bound: 139
  Projected implied bound: 1
  Clique: 1
  MIR: 34
  StrongCG: 1
  Flow cover: 400
  GUB cover: 4
  Zero half: 18
  Mod-K: 1
  Network: 6
  RLT: 10
  Relax-and-lift: 59

Explored 9301 nodes (15076947 simplex iterations) in 493.39 seconds (1596.53 work units)
Thread count was 4 (of 32 available processors)

Solution count 10: 542 544 545 ... 571

Optimal solution found (tolerance 1.00e-04)
Best objective 5.420000000000e+02, best bound 5.420000000000e+02, gap 0.0000%

Wrote result file '/Users/takafumi/Dropbox/2_Study/cspns_gurobi/sol_recomputed_4threads/E100_1000.2_R100.sol'

