
Gurobi 13.0.2 (mac64[arm], gurobi_cl) logging started Wed Jul  1 17:27:10 2026

Set parameter TokenServer to value "10.8.80.200"
Set parameter TimeLimit to value 43200
Set parameter LogFile to value "./log/E100_1000.7_R50.log"
Set parameter Threads to value 4
Using license file /Library/gurobi1302/gurobi.lic

Gurobi Optimizer version 13.0.2 build v13.0.2rc1 (mac64[arm] - Darwin 24.6.0 24G517)
Copyright (c) 2026, Gurobi Optimization, LLC

Read LP format model from file ./lp/E100_1000.7_R50.lp
Reading time = 0.04 seconds
root: 20808 rows, 20503 columns, 149586 nonzeros

Using Gurobi shared library /Library/gurobi1302/macos_universal2/lib/libgurobi130.dylib

CPU model: Apple M3 Ultra
Thread count: 32 physical cores, 32 logical processors, using up to 4 threads

Non-default parameters:
TimeLimit  43200
Threads  4

Optimize a model with 20808 rows, 20503 columns and 149586 nonzeros (Min)
Model fingerprint: 0xff491699
Model has 10100 linear objective coefficients
Variable types: 0 continuous, 20503 integer (0 binary)
Coefficient statistics:
  Matrix range     [1e+00, 1e+02]
  Objective range  [1e+00, 2e+02]
  Bounds range     [1e+00, 1e+00]
  RHS range        [1e+00, 1e+00]

Presolve removed 10420 rows and 207 columns
Presolve time: 0.32s
Presolved: 10388 rows, 20296 columns, 99320 nonzeros
Variable types: 0 continuous, 20296 integer (10296 binary)
Found heuristic solution: objective 5574.0000000

Root relaxation: objective 1.167400e+02, 35974 iterations, 2.37 seconds (6.81 work units)

    Nodes    |    Current Node    |     Objective Bounds      |     Work
 Expl Unexpl |  Obj  Depth IntInf | Incumbent    BestBd   Gap | It/Node Time

     0     0  116.73999    0  284 5574.00000  116.73999  97.9%     -    2s
     0     0  494.33982    0  301 5574.00000  494.33982  91.1%     -    3s
H    0     0                    2318.0000000  494.33982  78.7%     -    3s
H    0     0                    2307.0000000  494.33982  78.6%     -    3s
H    0     0                    2306.0000000  494.33982  78.6%     -    3s
H    0     0                    2305.0000000  494.33982  78.6%     -    3s
H    0     0                    2264.0000000  494.33982  78.2%     -    3s
H    0     0                    2237.0000000  494.33982  77.9%     -    3s
H    0     0                    1656.0000000  494.33982  70.1%     -    4s
H    0     0                    1295.0000000  494.33982  61.8%     -    4s
H    0     0                    1283.0000000  494.33982  61.5%     -    4s
H    0     0                    1268.0000000  494.33982  61.0%     -    4s
H    0     0                    1258.0000000  494.33982  60.7%     -    4s
H    0     0                    1222.0000000  494.33982  59.5%     -    4s
H    0     0                    1219.0000000  494.33982  59.4%     -    4s
H    0     0                    1209.0000000  494.33982  59.1%     -    4s
H    0     0                    1195.0000000  494.33982  58.6%     -    5s
H    0     0                    1184.0000000  494.33982  58.2%     -    5s
     0     0  593.01990    0  347 1184.00000  593.01990  49.9%     -    7s
     0     0  593.29966    0  318 1184.00000  593.29966  49.9%     -    9s
H    0     0                    1172.0000000  593.29966  49.4%     -   10s
H    0     0                    1171.0000000  593.29966  49.3%     -   10s
H    0     0                    1170.0000000  593.29966  49.3%     -   10s
H    0     0                    1155.0000000  593.29966  48.6%     -   11s
H    0     0                    1151.0000000  593.29966  48.5%     -   11s
H    0     0                    1148.0000000  593.29966  48.3%     -   13s
H    0     0                    1141.0000000  593.29966  48.0%     -   13s
H    0     0                    1118.0000000  593.29966  46.9%     -   13s
H    0     0                    1114.0000000  593.29966  46.7%     -   13s
H    0     0                    1018.0000000  593.29966  41.7%     -   13s
H    0     0                     988.0000000  593.29966  39.9%     -   13s
H    0     0                     982.0000000  593.29966  39.6%     -   13s
H    0     0                     967.0000000  593.29966  38.6%     -   13s
H    0     0                     965.0000000  593.29966  38.5%     -   13s
H    0     0                     934.0000000  593.29966  36.5%     -   13s
H    0     0                     915.0000000  593.29966  35.2%     -   13s
H    0     0                     888.0000000  593.29966  33.2%     -   13s
H    0     0                     887.0000000  593.29966  33.1%     -   13s
     0     0  645.71086    0  400  887.00000  645.71086  27.2%     -   13s
H    0     0                     886.0000000  645.94109  27.1%     -   14s
H    0     0                     842.0000000  645.94109  23.3%     -   14s
H    0     0                     840.0000000  645.94109  23.1%     -   14s
H    0     0                     820.0000000  645.94109  21.2%     -   14s
H    0     0                     818.0000000  645.94109  21.0%     -   14s
     0     0  654.24881    0  385  818.00000  654.24881  20.0%     -   17s
     0     0  654.41592    0  375  818.00000  654.41592  20.0%     -   17s
     0     0  654.41884    0  375  818.00000  654.41884  20.0%     -   17s
     0     0  691.29796    0  413  818.00000  691.29796  15.5%     -   18s
     0     0  695.19641    0  415  818.00000  695.19641  15.0%     -   18s
     0     0  695.34002    0  415  818.00000  695.34002  15.0%     -   18s
     0     0  705.30677    0  420  818.00000  705.30677  13.8%     -   20s
     0     0  714.59827    0  406  818.00000  714.59827  12.6%     -   22s
     0     0  717.12678    0  422  818.00000  717.12678  12.3%     -   23s
     0     0  717.64370    0  435  818.00000  717.64370  12.3%     -   25s
     0     0  717.71083    0  453  818.00000  717.71083  12.3%     -   25s
     0     0  726.22420    0  468  818.00000  726.22420  11.2%     -   28s
     0     0  733.06225    0  480  818.00000  733.06225  10.4%     -   30s
     0     0  735.07866    0  525  818.00000  735.07866  10.1%     -   31s
     0     0  735.58019    0  525  818.00000  735.58019  10.1%     -   32s
     0     0  735.87644    0  532  818.00000  735.87644  10.0%     -   32s
     0     0  735.95673    0  541  818.00000  735.95673  10.0%     -   32s
     0     0  741.07240    0  529  818.00000  741.07240  9.40%     -   34s
H    0     0                     817.0000000  741.09783  9.29%     -   34s
H    0     0                     816.0000000  741.09783  9.18%     -   34s
H    0     0                     814.0000000  741.09783  8.96%     -   34s
H    0     0                     813.0000000  741.09783  8.84%     -   34s
H    0     0                     812.0000000  741.09783  8.73%     -   35s
     0     0  742.12226    0  537  812.00000  742.12226  8.61%     -   37s
     0     0  742.18768    0  556  812.00000  742.18768  8.60%     -   37s
     0     0  744.67932    0  535  812.00000  744.67932  8.29%     -   39s
     0     0  745.20887    0  557  812.00000  745.20887  8.23%     -   39s
     0     0  745.69486    0  561  812.00000  745.69486  8.17%     -   40s
     0     0  745.73842    0  561  812.00000  745.73842  8.16%     -   40s
     0     0  747.31387    0  495  812.00000  747.31387  7.97%     -   41s
     0     0  747.88780    0  504  812.00000  747.88780  7.90%     -   41s
     0     0  747.93002    0  517  812.00000  747.93002  7.89%     -   42s
     0     0  749.22141    0  540  812.00000  749.22141  7.73%     -   42s
     0     0  749.42815    0  533  812.00000  749.42815  7.71%     -   43s
     0     0  749.45315    0  544  812.00000  749.45315  7.70%     -   43s
     0     0  749.76882    0  560  812.00000  749.76882  7.66%     -   43s
     0     0  749.76882    0  560  812.00000  749.76882  7.66%     -   43s
     0     0  749.76882    0  560  812.00000  749.76882  7.66%     -   43s
     0     0  749.76882    0  450  812.00000  749.76882  7.66%     -   45s
H    0     0                     810.0000000  752.11859  7.15%     -   53s
H    0     0                     809.0000000  752.11859  7.03%     -   54s
H    0     0                     808.0000000  752.11859  6.92%     -   54s
H    0     0                     805.0000000  752.11859  6.57%     -   54s
     0     2  752.11859    0  450  805.00000  752.11859  6.57%     -   55s
    26    33  757.04440    7  471  805.00000  752.11859  6.57%  2655   60s
H   62    70                     795.0000000  752.11859  5.39%  2409   63s
    79    89  758.18270   13  384  795.00000  752.11859  5.39%  2361   65s
   208   229  761.81612   29  354  795.00000  752.11859  5.39%  1557   70s
   407   434  770.23333   48  229  795.00000  752.11859  5.39%  1162   75s
   700   685  764.86781    9  301  795.00000  752.11859  5.39%   939   80s
H  898   793                     789.0000000  752.11859  4.67%   878   84s
   911   835  776.69040   21  307  789.00000  752.11859  4.67%   868   85s
H 1101   926                     788.0000000  752.11859  4.55%   817   88s
  1137   958  782.80389  101  347  788.00000  752.11859  4.55%   836   92s
  1140   960  774.84532   24  362  788.00000  752.11859  4.55%   834   97s
  1143   962  775.09978   25  389  788.00000  752.11859  4.55%   832  100s
H 1146   915                     787.0000000  753.23014  4.29%   830  102s
  1152   919  777.55682   59  536  787.00000  756.87503  3.83%   825  105s
  1160   924  777.49783   95  486  787.00000  759.25412  3.53%   820  112s
  1164   928  781.93901   89  320  787.00000  759.25412  3.53%   916  115s
  1169   932  773.31250   21  423  787.00000  759.25412  3.53%   912  120s
  1179   938  766.37410   32  450  787.00000  762.28984  3.14%   904  128s
  1180   939  782.78804  128  450  787.00000  762.66134  3.09%   903  131s
H 1180   893                     785.0000000  762.66134  2.85%   970  136s
H 1181   850                     784.0000000  762.66134  2.72%   970  136s
H 1230   835                     780.0000000  762.66134  2.22%   988  139s
  1231   839  764.15527   35  358  780.00000  762.66134  2.22%   989  140s
H 1253   800                     777.0000000  762.66134  1.85%   987  140s
  1494   851  767.36899   41  268  777.00000  763.10834  1.79%   924  145s
H 1637   798                     776.0000000  763.51067  1.61%   889  148s
  1642   801  773.87095   46  423  776.00000  763.51067  1.61%   886  150s
  1659   814  764.57749   38  339  776.00000  764.57749  1.47%   905  155s
  1676   830  765.15116   50  434  776.00000  765.14398  1.40%   921  160s
  1970   891  769.40362   68  221  776.00000  765.97910  1.29%   873  165s
  2406   914  769.84279   65  325  776.00000  766.48440  1.23%   794  170s
  2825   968  770.06484   71  314  776.00000  766.86395  1.18%   740  175s
  3525   964  773.71359   62  333  776.00000  767.37576  1.11%   650  180s
  4200  1029  774.39751   86  307  776.00000  767.59684  1.08%   594  185s
  5361  1533  771.30925   65  283  776.00000  768.06416  1.02%   531  190s
  6742  2012  772.71955   66  307  776.00000  768.37055  0.98%   478  196s
H 6890  1944                     775.0000000  768.40136  0.85%   474  197s
  7348  2111  771.83461   61  200  775.00000  768.53097  0.83%   464  200s
  8472  2502  772.49143   77  313  775.00000  768.75317  0.81%   439  205s
  9946  2852  771.71287   74  186  775.00000  769.19696  0.75%   410  210s
 11747  3146  773.83063   73  242  775.00000  769.56946  0.70%   385  216s
 12755  3288  772.26154   78  351  775.00000  769.79003  0.67%   373  220s
 14029  3505  772.30763   60  397  775.00000  770.03974  0.64%   360  225s
 15976  3631     cutoff   78       775.00000  770.50805  0.58%   343  230s
 17808  3450     cutoff   70       775.00000  770.94356  0.52%   333  236s
 18992  3076  772.26667   79  223  775.00000  771.29395  0.48%   329  240s
 20494  2430     cutoff   78       775.00000  771.73831  0.42%   321  245s
 22009  1511 infeasible   96       775.00000  772.25000  0.35%   311  250s

Cutting planes:
  Gomory: 11
  Lift-and-project: 2
  Cover: 108
  Implied bound: 114
  Projected implied bound: 11
  Clique: 1
  MIR: 78
  StrongCG: 3
  Flow cover: 567
  GUB cover: 5
  Inf proof: 3
  Zero half: 77
  Network: 4
  RLT: 21
  Relax-and-lift: 109
  BQP: 2

Explored 24373 nodes (7340246 simplex iterations) in 252.86 seconds (791.49 work units)
Thread count was 4 (of 32 available processors)

Solution count 10: 775 776 777 ... 795

Optimal solution found (tolerance 1.00e-04)
Best objective 7.750000000000e+02, best bound 7.750000000000e+02, gap 0.0000%

Wrote result file './sol/E100_1000.7_R50.sol'

