
Gurobi 13.0.2 (mac64[arm], gurobi_cl) logging started Wed Jul  1 17:26:54 2026

Set parameter TokenServer to value "10.8.80.200"
Set parameter TimeLimit to value 43200
Set parameter LogFile to value "./log/E100_1000.7_R0.log"
Set parameter Threads to value 4
Using license file /Library/gurobi1302/gurobi.lic

Gurobi Optimizer version 13.0.2 build v13.0.2rc1 (mac64[arm] - Darwin 24.6.0 24G517)
Copyright (c) 2026, Gurobi Optimization, LLC

Read LP format model from file ./lp/E100_1000.7_R0.lp
Reading time = 0.03 seconds
root: 20808 rows, 20503 columns, 91912 nonzeros

Using Gurobi shared library /Library/gurobi1302/macos_universal2/lib/libgurobi130.dylib

CPU model: Apple M3 Ultra
Thread count: 32 physical cores, 32 logical processors, using up to 4 threads

Non-default parameters:
TimeLimit  43200
Threads  4

Optimize a model with 20808 rows, 20503 columns and 91912 nonzeros (Min)
Model fingerprint: 0xfc17a719
Model has 10100 linear objective coefficients
Variable types: 0 continuous, 20503 integer (0 binary)
Coefficient statistics:
  Matrix range     [1e+00, 1e+02]
  Objective range  [1e+00, 2e+02]
  Bounds range     [1e+00, 1e+00]
  RHS range        [1e+00, 1e+00]

Presolve removed 10504 rows and 304 columns
Presolve time: 0.10s
Presolved: 10304 rows, 20199 columns, 60403 nonzeros
Variable types: 0 continuous, 20199 integer (10199 binary)
Found heuristic solution: objective 6748.0000000

Root relaxation: objective 1.652200e+02, 43755 iterations, 2.10 seconds (5.83 work units)

    Nodes    |    Current Node    |     Objective Bounds      |     Work
 Expl Unexpl |  Obj  Depth IntInf | Incumbent    BestBd   Gap | It/Node Time

     0     0  165.22000    0  297 6748.00000  165.22000  97.6%     -    2s
     0     0  786.94000    0  207 6748.00000  786.94000  88.3%     -    2s
H    0     0                    1415.0000000  786.94000  44.4%     -    2s
H    0     0                    1292.0000000  786.94000  39.1%     -    2s
H    0     0                    1198.0000000  786.94000  34.3%     -    2s
H    0     0                    1170.0000000  786.94000  32.7%     -    2s
H    0     0                    1165.0000000  786.94000  32.5%     -    3s
     0     0  786.94000    0  207 1165.00000  786.94000  32.5%     -    3s
     0     0  786.94000    0  197 1165.00000  786.94000  32.5%     -    5s
H    0     0                    1157.0000000  786.94000  32.0%     -    6s
H    0     0                    1143.0000000  786.94000  31.2%     -    6s
H    0     0                    1139.0000000  895.73536  21.4%     -    7s
H    0     0                    1137.0000000  895.73536  21.2%     -    7s
H    0     0                    1117.0000000  895.73536  19.8%     -    7s
H    0     0                    1113.0000000  895.73536  19.5%     -    7s
H    0     0                    1100.0000000  895.73536  18.6%     -    7s
H    0     0                    1090.0000000  895.73536  17.8%     -    7s
H    0     0                    1075.0000000  895.73536  16.7%     -    7s
H    0     0                    1046.0000000  895.73536  14.4%     -    7s
     0     0  895.73536    0  396 1046.00000  895.73536  14.4%     -    7s
H    0     0                    1038.0000000  895.74084  13.7%     -    7s
     0     0  895.74084    0  393 1038.00000  895.74084  13.7%     -    7s
     0     0  923.16977    0  407 1038.00000  923.16977  11.1%     -    8s
     0     0  924.69855    0  430 1038.00000  924.69855  10.9%     -    8s
     0     0  924.69855    0  431 1038.00000  924.69855  10.9%     -    8s
     0     0  931.45824    0  415 1038.00000  931.45824  10.3%     -    9s
H    0     0                    1037.0000000  931.45930  10.2%     -    9s
H    0     0                    1035.0000000  931.45930  10.0%     -    9s
H    0     0                    1030.0000000  938.63100  8.87%     -   10s
H    0     0                    1010.0000000  938.63100  7.07%     -   10s
H    0     0                    1004.0000000  938.63100  6.51%     -   10s
H    0     0                    1001.0000000  938.63100  6.23%     -   10s
H    0     0                     990.0000000  938.63100  5.19%     -   10s
     0     0  938.63100    0  373  990.00000  938.63100  5.19%     -   10s
     0     0  938.64509    0  427  990.00000  938.64509  5.19%     -   10s
H    0     0                     986.0000000  938.64509  4.80%     -   10s
     0     0  942.01775    0  436  986.00000  942.01775  4.46%     -   10s
     0     0  942.01775    0  210  986.00000  942.01775  4.46%     -   11s
H    0     0                     980.0000000  942.01775  3.88%     -   11s
H    0     0                     978.0000000  942.01775  3.68%     -   11s
     0     0  942.01775    0  384  978.00000  942.01775  3.68%     -   11s
     0     0  942.01775    0  386  978.00000  942.01775  3.68%     -   11s
     0     0  942.10281    0  425  978.00000  942.10281  3.67%     -   11s
     0     0  942.10281    0  425  978.00000  942.10281  3.67%     -   11s
     0     0  942.51856    0  443  978.00000  942.51856  3.63%     -   11s
     0     0  942.51856    0  205  978.00000  942.51856  3.63%     -   11s
     0     0  942.51856    0  392  978.00000  942.51856  3.63%     -   12s
     0     0  942.51856    0  397  978.00000  942.51856  3.63%     -   12s
     0     0  942.51856    0  399  978.00000  942.51856  3.63%     -   12s
     0     0  942.51856    0  408  978.00000  942.51856  3.63%     -   12s
     0     0  947.35418    0  421  978.00000  947.35418  3.13%     -   12s
     0     0  947.43621    0  426  978.00000  947.43621  3.13%     -   12s
     0     0  947.43621    0  426  978.00000  947.43621  3.13%     -   12s
     0     0  947.44637    0  416  978.00000  947.44637  3.12%     -   12s
     0     0  947.44637    0  416  978.00000  947.44637  3.12%     -   12s
     0     0  947.44637    0  416  978.00000  947.44637  3.12%     -   12s
     0     0  947.44637    0  341  978.00000  947.44637  3.12%     -   12s
H    0     0                     962.0000000  947.53018  1.50%     -   12s
     0     0  947.53018    0  205  962.00000  947.53018  1.50%     -   13s
H    0     0                     960.0000000  947.53018  1.30%     -   13s
H    0     0                     958.0000000  947.53018  1.09%     -   13s
     0     0  947.53018    0  355  958.00000  947.53018  1.09%     -   13s
     0     0  947.53018    0  352  958.00000  947.53018  1.09%     -   13s
     0     0  947.53018    0  390  958.00000  947.53018  1.09%     -   13s
     0     0  947.53018    0  394  958.00000  947.53018  1.09%     -   13s
     0     0  950.77064    0  392  958.00000  950.77064  0.75%     -   13s
     0     0  950.77064    0  213  958.00000  950.77064  0.75%     -   13s
     0     0  950.77064    0  378  958.00000  950.77064  0.75%     -   13s
     0     0  950.77064    0  388  958.00000  950.77064  0.75%     -   13s
     0     0  950.77064    0  404  958.00000  950.77064  0.75%     -   13s
     0     0  950.77064    0  415  958.00000  950.77064  0.75%     -   13s
     0     0  950.77064    0  425  958.00000  950.77064  0.75%     -   13s
     0     0  951.50000    0  325  958.00000  951.50000  0.68%     -   13s
     0     0  951.50000    0  332  958.00000  951.50000  0.68%     -   13s
     0     0  951.50000    0  340  958.00000  951.50000  0.68%     -   13s
     0     0  951.50000    0  340  958.00000  951.50000  0.68%     -   13s
     0     0  951.50000    0  340  958.00000  951.50000  0.68%     -   13s
     0     0  951.50000    0  338  958.00000  951.50000  0.68%     -   13s
     0     0  951.77064    0  217  958.00000  951.77064  0.65%     -   13s
     0     0  951.77064    0  378  958.00000  951.77064  0.65%     -   13s
     0     0  951.77064    0  360  958.00000  951.77064  0.65%     -   13s
     0     0  951.77064    0  346  958.00000  951.77064  0.65%     -   13s
     0     0  951.77064    0  392  958.00000  951.77064  0.65%     -   13s
     0     0  951.77064    0  402  958.00000  951.77064  0.65%     -   13s
     0     0  951.77064    0  412  958.00000  951.77064  0.65%     -   13s
     0     0  951.77064    0  412  958.00000  951.77064  0.65%     -   13s
     0     0  951.77064    0  412  958.00000  951.77064  0.65%     -   13s
     0     0  951.77064    0  222  958.00000  951.77064  0.65%     -   13s
     0     2  951.77064    0  222  958.00000  951.77064  0.65%     -   13s

Cutting planes:
  Gomory: 5
  Lift-and-project: 1
  Cover: 28
  Implied bound: 155
  Clique: 2
  MIR: 62
  Flow cover: 25
  Flow path: 42
  GUB cover: 1
  Inf proof: 6
  Zero half: 4
  Network: 5
  RLT: 3
  Relax-and-lift: 46

Explored 447 nodes (178232 simplex iterations) in 13.87 seconds (26.87 work units)
Thread count was 4 (of 32 available processors)

Solution count 10: 958 960 962 ... 1010

Optimal solution found (tolerance 1.00e-04)
Best objective 9.580000000000e+02, best bound 9.580000000000e+02, gap 0.0000%

Wrote result file './sol/E100_1000.7_R0.sol'

