
Gurobi 13.0.2 (mac64[arm], gurobi_cl) logging started Wed Jul  1 20:00:41 2026

Set parameter TokenServer to value "10.8.80.200"
Set parameter TimeLimit to value 43200
Set parameter LogFile to value "./log/E100_1000.10_R100.log"
Set parameter Threads to value 4
Using license file /Library/gurobi1302/gurobi.lic

Gurobi Optimizer version 13.0.2 build v13.0.2rc1 (mac64[arm] - Darwin 24.6.0 24G517)
Copyright (c) 2026, Gurobi Optimization, LLC

Read LP format model from file ./lp/E100_1000.10_R100.lp
Reading time = 0.05 seconds
root: 20808 rows, 20503 columns, 225062 nonzeros

Using Gurobi shared library /Library/gurobi1302/macos_universal2/lib/libgurobi130.dylib

CPU model: Apple M3 Ultra
Thread count: 32 physical cores, 32 logical processors, using up to 4 threads

Non-default parameters:
TimeLimit  43200
Threads  4

Optimize a model with 20808 rows, 20503 columns and 225062 nonzeros (Min)
Model fingerprint: 0x802d5dda
Model has 10100 linear objective coefficients
Variable types: 0 continuous, 20503 integer (0 binary)
Coefficient statistics:
  Matrix range     [1e+00, 1e+02]
  Objective range  [2e+00, 2e+02]
  Bounds range     [1e+00, 1e+00]
  RHS range        [1e+00, 1e+00]

Presolve removed 10419 rows and 205 columns
Presolve time: 0.45s
Presolved: 10389 rows, 20298 columns, 128364 nonzeros
Variable types: 0 continuous, 20298 integer (10298 binary)
Deterministic concurrent LP optimizer: primal and dual simplex
Showing primal log only...

Concurrent spin time: 0.00s

Solved with primal simplex

Root relaxation: objective 8.774345e+01, 22761 iterations, 0.39 seconds (0.69 work units)

    Nodes    |    Current Node    |     Objective Bounds      |     Work
 Expl Unexpl |  Obj  Depth IntInf | Incumbent    BestBd   Gap | It/Node Time

     0     0   87.74345    0  185          -   87.74345      -     -    0s
     0     0  191.87223    0  217          -  191.87223      -     -    1s
H    0     0                    2274.0000000  191.87223  91.6%     -    1s
H    0     0                    1779.0000000  191.87223  89.2%     -    1s
H    0     0                    1064.0000000  191.87223  82.0%     -    1s
H    0     0                     868.0000000  191.87223  77.9%     -    1s
H    0     0                     864.0000000  191.87223  77.8%     -    1s
H    0     0                     863.0000000  191.87223  77.8%     -    1s
     0     0  277.32319    0  244  863.00000  277.32319  67.9%     -    2s
     0     0  340.26615    0  319  863.00000  340.26615  60.6%     -    5s
H    0     0                     853.0000000  340.26615  60.1%     -    5s
H    0     0                     823.0000000  340.26615  58.7%     -    5s
H    0     0                     777.0000000  340.26615  56.2%     -    5s
H    0     0                     748.0000000  340.26615  54.5%     -    5s
H    0     0                     734.0000000  340.26615  53.6%     -    5s
H    0     0                     719.0000000  340.26615  52.7%     -    6s
H    0     0                     700.0000000  368.78793  47.3%     -    9s
H    0     0                     693.0000000  368.78793  46.8%     -    9s
H    0     0                     687.0000000  368.78793  46.3%     -    9s
     0     0  368.78793    0  363  687.00000  368.78793  46.3%     -    9s
H    0     0                     670.0000000  368.94776  44.9%     -    9s
H    0     0                     667.0000000  368.94776  44.7%     -    9s
H    0     0                     657.0000000  368.94776  43.8%     -    9s
H    0     0                     650.0000000  368.94776  43.2%     -    9s
H    0     0                     634.0000000  368.94776  41.8%     -    9s
H    0     0                     633.0000000  368.94776  41.7%     -   10s
H    0     0                     632.0000000  368.94776  41.6%     -   10s
H    0     0                     628.0000000  368.94776  41.3%     -   10s
     0     0  380.98011    0  361  628.00000  380.98011  39.3%     -   15s
     0     0  380.98011    0  362  628.00000  380.98011  39.3%     -   15s
     0     0  391.14980    0  384  628.00000  391.14980  37.7%     -   16s
     0     0  392.67602    0  400  628.00000  392.67602  37.5%     -   16s
     0     0  392.69767    0  410  628.00000  392.69767  37.5%     -   16s
     0     0  392.70541    0  413  628.00000  392.70541  37.5%     -   17s
     0     0  403.15786    0  440  628.00000  403.15786  35.8%     -   18s
     0     0  423.27407    0  403  628.00000  423.27407  32.6%     -   20s
     0     0  431.33132    0  452  628.00000  431.33132  31.3%     -   20s
     0     0  433.38555    0  457  628.00000  433.38555  31.0%     -   21s
     0     0  434.32394    0  470  628.00000  434.32394  30.8%     -   21s
     0     0  434.35618    0  479  628.00000  434.35618  30.8%     -   22s
     0     0  434.36766    0  488  628.00000  434.36766  30.8%     -   22s
     0     0  444.68195    0  442  628.00000  444.68195  29.2%     -   23s
     0     0  450.77692    0  445  628.00000  450.77692  28.2%     -   25s
     0     0  452.34489    0  446  628.00000  452.34489  28.0%     -   26s
     0     0  453.59334    0  469  628.00000  453.59334  27.8%     -   26s
     0     0  453.70495    0  464  628.00000  453.70495  27.8%     -   26s
     0     0  453.71594    0  477  628.00000  453.71594  27.8%     -   26s
     0     0  460.36416    0  425  628.00000  460.36416  26.7%     -   27s
     0     0  462.21249    0  463  628.00000  462.21249  26.4%     -   28s
     0     0  462.74770    0  462  628.00000  462.74770  26.3%     -   29s
     0     0  463.48392    0  466  628.00000  463.48392  26.2%     -   30s
     0     0  463.48921    0  491  628.00000  463.48921  26.2%     -   30s
     0     0  466.12753    0  475  628.00000  466.12753  25.8%     -   31s
     0     0  466.50550    0  497  628.00000  466.50550  25.7%     -   31s
     0     0  466.73932    0  507  628.00000  466.73932  25.7%     -   32s
     0     0  466.79900    0  512  628.00000  466.79900  25.7%     -   32s
     0     0  468.17768    0  505  628.00000  468.17768  25.4%     -   32s
     0     0  468.33553    0  541  628.00000  468.33553  25.4%     -   33s
     0     0  468.34861    0  545  628.00000  468.34861  25.4%     -   33s
     0     0  469.30868    0  508  628.00000  469.30868  25.3%     -   34s
     0     0  470.06415    0  537  628.00000  470.06415  25.1%     -   34s
     0     0  470.27111    0  554  628.00000  470.27111  25.1%     -   34s
     0     0  470.32905    0  567  628.00000  470.32905  25.1%     -   34s
     0     0  472.44465    0  524  628.00000  472.44465  24.8%     -   35s
     0     0  472.54204    0  546  628.00000  472.54204  24.8%     -   35s
     0     0  472.54356    0  560  628.00000  472.54356  24.8%     -   35s
     0     0  474.67643    0  549  628.00000  474.67643  24.4%     -   37s
     0     0  475.24068    0  557  628.00000  475.24068  24.3%     -   37s
     0     0  475.43335    0  572  628.00000  475.43335  24.3%     -   37s
     0     0  475.47338    0  595  628.00000  475.47338  24.3%     -   37s
     0     0  477.10794    0  579  628.00000  477.10794  24.0%     -   38s
     0     0  477.42731    0  585  628.00000  477.42731  24.0%     -   39s
     0     0  477.48375    0  587  628.00000  477.48375  24.0%     -   39s
     0     0  479.51170    0  554  628.00000  479.51170  23.6%     -   40s
     0     0  480.21776    0  581  628.00000  480.21776  23.5%     -   41s
     0     0  480.27606    0  591  628.00000  480.27606  23.5%     -   41s
     0     0  481.78347    0  553  628.00000  481.78347  23.3%     -   42s
     0     0  482.17353    0  577  628.00000  482.17353  23.2%     -   42s
     0     0  482.23178    0  601  628.00000  482.23178  23.2%     -   42s
     0     0  484.48665    0  568  628.00000  484.48665  22.9%     -   43s
     0     0  485.37774    0  595  628.00000  485.37774  22.7%     -   44s
     0     0  485.44397    0  609  628.00000  485.44397  22.7%     -   45s
     0     0  485.85260    0  588  628.00000  485.85260  22.6%     -   46s
     0     0  485.90212    0  601  628.00000  485.90212  22.6%     -   46s
     0     0  487.39447    0  567  628.00000  487.39447  22.4%     -   46s
     0     0  487.48911    0  592  628.00000  487.48911  22.4%     -   47s
     0     0  487.53638    0  614  628.00000  487.53638  22.4%     -   47s
     0     0  487.60868    0  623  628.00000  487.60868  22.4%     -   47s
     0     0  487.62932    0  623  628.00000  487.62932  22.4%     -   47s
     0     0  487.62932    0  551  628.00000  487.62932  22.4%     -   49s
H    0     0                     627.0000000  487.62932  22.2%     -   52s
     0     2  487.62932    0  547  627.00000  487.62932  22.2%     -   54s
     1     4  494.43016    1  497  627.00000  487.62932  22.2%  8946   56s
H   13    16                     625.0000000  488.88318  21.8%  3410   59s
    15    20  507.36323    5  502  625.00000  488.88318  21.8%  5091   60s
H   17    20                     624.0000000  488.88318  21.7%  6154   60s
H   18    20                     622.0000000  488.88318  21.4%  6093   60s
H   20    25                     621.0000000  488.88318  21.3%  6995   62s
H   24    29                     620.0000000  488.88318  21.1%  6655   63s
    32    37  500.41398    8  525  620.00000  488.88318  21.1%  8842   65s
H   51    56                     607.0000000  488.88318  19.5%  7579   69s
    55    66  502.85844   13  529  607.00000  488.88318  19.5%  7385   71s
    78    87  506.90772   19  534  607.00000  488.88318  19.5%  8156   75s
   112   119  507.48635   24  534  607.00000  488.88318  19.5%  8196   80s
   140   154  513.91277   28  519  607.00000  488.88318  19.5%  8828   85s
   176   190  514.53706   36  477  607.00000  488.88318  19.5%  9038   90s
H  189   202                     606.0000000  488.88318  19.3%  9379   91s
H  199   202                     603.0000000  488.88318  18.9%  9000   91s
H  222   228                     600.0000000  488.88318  18.5%  8683   94s
   227   245  517.15022   45  456  600.00000  488.88318  18.5%  8634   96s
H  244   255                     599.0000000  488.88318  18.4%  8808   98s
   254   277  520.22083   52  474  599.00000  488.88318  18.4%  8986  100s
   301   329  522.34384   61  457  599.00000  488.88318  18.4%  9113  105s
H  330   354                     597.0000000  488.88318  18.1%  9051  107s
   387   415  525.07485   73  439  597.00000  488.88318  18.1%  9005  112s
   414   431  525.55553   82  445  597.00000  488.88318  18.1%  9143  115s
H  417   431                     586.0000000  488.88318  16.6%  9152  115s
   462   467  529.77178   93  398  586.00000  488.88318  16.6%  9160  120s
H  464   467                     585.0000000  488.88318  16.4%  9135  120s
H  465   467                     584.0000000  488.88318  16.3%  9155  120s
   492   544  531.19741   99  414  584.00000  488.88318  16.3%  9104  125s
   591   654  535.70076  112  405  584.00000  488.88318  16.3%  8629  130s
   708   772  542.61012  136  345  584.00000  488.88318  16.3%  8000  136s
   827   891  547.64439  152  332  584.00000  488.88318  16.3%  7489  142s
   907   958  550.27495  177  320  584.00000  488.88318  16.3%  7218  145s
H  974   978                     581.0000000  488.88318  15.9%  7124  148s
   998  1072  558.32562  204  266  581.00000  488.88318  15.9%  7158  152s
  1092  1190  562.31805  246  281  581.00000  488.88318  15.9%  6951  156s
  1332  1426  523.04838    9  364  581.00000  488.88318  15.9%  6347  163s
  1463  1542  531.97782   24  335  581.00000  488.88318  15.9%  6097  167s
  1593  1692  537.43355   32  265  581.00000  488.88318  15.9%  5802  171s
H 1703  1691                     580.0000000  488.88318  15.7%  5636  171s
  1878  1815  565.21041  135  244  580.00000  488.88318  15.7%  5381  179s
  1880  1816  554.60571  233  325  580.00000  488.88318  15.7%  5375  183s
  1881  1817  567.42306  215  351  580.00000  488.88318  15.7%  5372  192s
  1882  1818  564.81768  130  405  580.00000  488.88318  15.7%  5369  195s
  1886  1820  543.59681   59  515  580.00000  498.37545  14.1%  5358  201s
  1889  1822  566.21611  140  559  580.00000  506.60827  12.7%  5349  205s
  1891  1824  541.59899  167  587  580.00000  509.86926  12.1%  5344  219s
  1892  1824  556.52659  242  568  580.00000  511.23276  11.9%  5341  221s
  1894  1826  573.47074  297  562  580.00000  513.78254  11.4%  5335  225s
  1900  1830  573.49298  299  640  580.00000  517.31677  10.8%  5318  230s
  1908  1835  532.40187  133  636  580.00000  520.63344  10.2%  5296  235s
  1922  1844  546.29863  185  702  580.00000  522.36902  9.94%  5258  240s
  1930  1850  555.97473  135  646  580.00000  525.46321  9.40%  5236  246s
  1942  1858  561.37763  230  717  580.00000  526.98068  9.14%  5203  250s
  1956  1867  541.26367   39  717  580.00000  527.85800  8.99%  5166  255s
  1970  1876  566.88092  331  730  580.00000  528.99959  8.79%  5129  260s
  1984  1886  562.75261  273  668  580.00000  530.10407  8.60%  5093  265s
  2009  1902  536.53214  115  629  580.00000  533.62108  8.00%  5030  272s
  2017  1908  561.81313  100  655  580.00000  534.84319  7.79%  5010  275s
  2030  1916  555.97473  135  719  580.00000  536.61075  7.48%  4978  280s
  2045  1926  559.03612   91  694  580.00000  537.31594  7.36%  4941  285s
  2061  1937  567.73645  224  666  580.00000  539.11445  7.05%  4903  291s
  2075  1946  575.64875  275  738  580.00000  539.45701  6.99%  4870  295s
  2093  1958  540.03380   70  737  580.00000  540.03380  6.89%  4828  300s
  2111  1970  571.07680  394  690  580.00000  540.71567  6.77%  4787  305s
  2125  1980  540.83054   68  719  580.00000  540.83054  6.75%  4755  311s
  2139  1989  576.76728  297  772  580.00000  540.83623  6.75%  4724  315s
  2153  1998  541.10776  121  729  580.00000  541.10776  6.71%  4693  321s
  2156  2000  541.47633   39  656  580.00000  541.47633  6.64%  4687  325s
  2173  2012  542.14637   42  715  580.00000  542.14637  6.53%  4650  335s
  2187  2021  575.93411  279  739  580.00000  542.55356  6.46%  4620  340s
  2200  2030  573.49298  299  695  580.00000  543.18720  6.35%  4593  345s
  2210  2036  543.43600   85  700  580.00000  543.43600  6.30%  4572  350s
  2225  2046  544.24826   68  678  580.00000  544.24826  6.16%  4542  355s
  2237  2054  544.56570   39  702  580.00000  544.56570  6.11%  4517  360s
  2254  2066  547.43420  202  656  580.00000  544.78142  6.07%  4483  366s
  2267  2074  545.02698   82  640  580.00000  545.02698  6.03%  4457  370s
  2284  2086  562.75261  273  513  580.00000  546.47842  5.78%  4424  375s
  2303  2098  566.65907  328  628  580.00000  546.93039  5.70%  4388  380s
  2314  2106  547.49547   82  520  580.00000  547.49547  5.60%  4367  385s
  2332  2119  566.28269  144  322  580.00000  547.67043  5.57%  4528  392s
  2333  2120  547.67043  135  348  580.00000  547.67043  5.57%  4526  398s
  2334  2121  563.77871  123  397  580.00000  547.67043  5.57%  4524  400s
  2337  2123  547.73757   39  453  580.00000  547.73757  5.56%  4518  406s
  2340  2125  557.26146  150  442  580.00000  547.73757  5.56%  4513  410s
  2347  2129  552.96191  202  530  580.00000  548.37734  5.45%  4499  415s
  2357  2136  548.72315   81  489  580.00000  548.72315  5.39%  4480  425s
  2377  2149  573.44405  298  506  580.00000  549.16911  5.32%  4442  430s
  2388  2157  572.92398  176  444  580.00000  549.19021  5.31%  4422  436s
  2389  2157  566.21611  140  437  580.00000  549.19021  5.31%  4420  442s
  2390  2158  570.60780  382  437  580.00000  549.19021  5.31%  4418  447s
  2393  2165  549.19021   29  418  580.00000  549.19021  5.31%  4492  450s
  2409  2176  549.71516   32  389  580.00000  549.19021  5.31%  4487  455s
  2432  2196  552.93458   35  389  580.00000  549.19021  5.31%  4474  460s
  2466  2215  554.23675   38  348  580.00000  549.19021  5.31%  4439  466s
  2498  2240  555.86512   41  340  580.00000  549.19021  5.31%  4409  470s
  2544  2251  557.50922   44  330  580.00000  549.19021  5.31%  4346  475s
  2643  2249  572.60250   59  185  580.00000  549.71516  5.22%  4213  481s
  2714  2284  555.62614   41  244  580.00000  549.71516  5.22%  4147  485s
  2786  2322  570.01923   54   79  580.00000  550.68600  5.05%  4082  490s
  2869  2327  553.79777   35  417  580.00000  551.34977  4.94%  3996  495s
  2903  2353  554.56171   37  217  580.00000  551.42633  4.93%  3971  500s
  3002  2380  559.11103   44  237  580.00000  551.42633  4.93%  3878  505s
  3064  2425  563.57218   50  248  580.00000  551.44644  4.92%  3827  511s
  3218  2434  575.06000   70  111  580.00000  551.54620  4.91%  3673  517s
  3281  2457  557.71049   42  342  580.00000  551.66778  4.88%  3630  521s
  3367  2520  569.62525   58  280  580.00000  551.79705  4.86%  3569  526s
  3503  2512  570.87467   37  388  580.00000  551.79705  4.86%  3463  530s
  3588  2541  555.27675   43  284  580.00000  551.93329  4.84%  3409  535s
  3637  2567  569.85103   53  237  580.00000  551.93329  4.84%  3378  540s
  3777  2600  562.82589   52  243  580.00000  551.93329  4.84%  3288  546s
  3843  2614  571.56768   74  215  580.00000  552.34467  4.77%  3247  552s
  3906  2630  564.36346   37  244  580.00000  552.61388  4.72%  3208  556s
  3977  2639  561.89969   36  290  580.00000  552.61388  4.72%  3165  560s
  4020  2676  570.74257   46  112  580.00000  552.61388  4.72%  3148  565s
  4098  2707  558.11121   37  383  580.00000  552.67160  4.71%  3110  570s
  4208  2720  567.85866   47  306  580.00000  552.68799  4.71%  3051  575s
  4398  2752  553.66849   47  443  580.00000  552.76609  4.70%  2954  585s
  4470  2771  555.93899   51  436  580.00000  552.83772  4.68%  2922  591s
  4549  2769  556.08587   52  431  580.00000  552.88254  4.68%  2887  596s
  4599  2803  558.25765   54  429  580.00000  552.88254  4.68%  2868  600s
  4674  2839  571.06229   67  354  580.00000  553.19197  4.62%  2843  606s
  4800  2849  578.16667   45  111  580.00000  553.29160  4.60%  2793  611s
  4945  2891  555.01531   40  424  580.00000  553.31099  4.60%  2736  615s
  5082  2937  562.18830   53  351  580.00000  553.37875  4.59%  2686  620s
  5264  3005  556.23322   51  288  580.00000  553.45162  4.58%  2618  626s
  5488  3011  555.58433   43  288  580.00000  553.50721  4.57%  2533  632s
  5625  3035     cutoff   80       580.00000  553.53991  4.56%  2495  638s
  5782  3034  568.53885   41  249  580.00000  553.61836  4.55%  2451  645s
  5871  3127  561.40181   52  236  580.00000  553.69906  4.53%  2427  651s
  6040  3180  577.45516   98  266  580.00000  553.83346  4.51%  2381  657s
  6290  3206  566.21382   39  313  580.00000  553.92824  4.50%  2309  663s
  6493  3247  563.73471   53  267  580.00000  554.08278  4.47%  2262  670s
  6738  3257  560.77130   43  291  580.00000  554.20930  4.45%  2201  677s
  6904  3337  559.78648   49  373  580.00000  554.24950  4.44%  2169  687s
  7239  3414  561.72270   39  250  580.00000  554.36131  4.42%  2097  694s
  7320  3387  565.81386   50  286  580.00000  554.36131  4.42%  2080  695s
  7568  3535  560.56233   39  255  580.00000  554.48372  4.40%  2032  705s
  7961  3528  562.73948   37  291  580.00000  554.68686  4.36%  1958  714s
  8181  3599  557.95436   53  441  580.00000  554.70293  4.36%  1928  722s
  8398  3546  561.79758   54  284  580.00000  554.85017  4.34%  1905  733s
  8432  3611  562.57961   57  278  580.00000  554.87338  4.33%  1901  747s
  8557  3806  562.92744   50  383  580.00000  554.89340  4.33%  1884  758s
  8922  3933  561.51356   53  308  580.00000  555.01942  4.31%  1834  770s
  9283  4230  565.16071   65  305  580.00000  555.17486  4.28%  1793  783s
  9803  4346  574.87643   39  286  580.00000  555.29634  4.26%  1730  794s
 10087  4609  571.36069   49  236  580.00000  555.37352  4.25%  1703  806s
 10524  4944  578.20261   55  170  580.00000  555.57073  4.21%  1661  822s
 11120  5065  574.44365   55  301  580.00000  555.72378  4.19%  1608  831s
 11418  5293  566.00460   42  325  580.00000  555.85154  4.16%  1583  842s
H11512  4621                     576.0000000  555.85154  3.50%  1576  842s
 11812  4831  561.50374   39  315  576.00000  555.90485  3.49%  1552  855s
H12074  4508                     575.0000000  555.96000  3.31%  1530  855s
 12288  4781  567.67390   46  453  575.00000  556.11845  3.28%  1515  864s
 12757  4999  560.30023   50  429  575.00000  556.19771  3.27%  1482  874s
 13077  5260  564.07459   44  299  575.00000  556.30257  3.25%  1462  885s
 13514  5464     cutoff   68       575.00000  556.36399  3.24%  1435  895s
 14033  5719  566.58757   50  249  575.00000  556.45413  3.23%  1401  902s
 14523  5953  569.14713   50  347  575.00000  556.51645  3.21%  1374  915s
 14957  6212  567.46629   45  148  575.00000  556.70952  3.18%  1352  924s
 15462  6408  558.85129   45  382  575.00000  556.80145  3.16%  1326  933s
 15861  6666  571.15027   40  182  575.00000  556.99171  3.13%  1309  944s
 16323  6930  565.39956   65  347  575.00000  557.07386  3.12%  1289  952s
 16828  7174  560.28254   44  331  575.00000  557.22091  3.09%  1268  964s
 17298  7361  559.17898   49  330  575.00000  557.28072  3.08%  1250  973s
 17717  7593  562.48717   45  356  575.00000  557.31855  3.08%  1236  984s
 18227  7768  566.25571   46  275  575.00000  557.42511  3.06%  1217  994s
 18639  7996  563.97467   57  377  575.00000  557.56145  3.03%  1205 1002s
 19070  8210  564.73776   58  281  575.00000  557.76114  3.00%  1192 1013s
 19507  8453  565.10000   40   88  575.00000  557.82544  2.99%  1179 1023s
 19955  8648  566.72897   45  183  575.00000  557.89910  2.97%  1166 1030s
 20408  8884  559.99982   52  317  575.00000  557.97327  2.96%  1153 1038s
 20829  8885  565.43086   43  244  575.00000  558.04137  2.95%  1143 1160s
H20830  8441                     574.0000000  558.04137  2.78%  1143 1163s
 20832  8442  566.79033   59  355  574.00000  558.04137  2.78%  1143 1169s
 20833  8443  562.65775   52  396  574.00000  558.04137  2.78%  1143 1170s
 20837  8445  564.34017   53  474  574.00000  558.04137  2.78%  1142 1176s
 20840  8447  567.51637   48  494  574.00000  558.04137  2.78%  1142 1180s
 20851  8455  568.92524   60  533  574.00000  558.04137  2.78%  1142 1189s
 20852  8455  560.51075   51  512  574.00000  558.04137  2.78%  1141 1190s
 20859  8460  568.45427   70  548  574.00000  558.04137  2.78%  1141 1198s
 20863  8463  569.35015   56  511  574.00000  558.04137  2.78%  1141 1201s
 20867  8465  569.44980   57  561  574.00000  558.04137  2.78%  1141 1206s
 20868  8466  573.44012   55  557  574.00000  558.04137  2.78%  1141 1214s
 20870  8467  561.02214   53  587  574.00000  558.04137  2.78%  1140 1219s
 20871  8468  564.57068   67  594  574.00000  558.04137  2.78%  1140 1222s
 20872  8469  560.61558   49  595  574.00000  558.04137  2.78%  1140 1226s
 20874  8470  566.99656   71  599  574.00000  558.04137  2.78%  1140 1230s
 20875  8471  559.79007   55  515  574.00000  558.04137  2.78%  1140 1235s
 20877  8472  572.26585   50  553  574.00000  558.04137  2.78%  1140 1243s
 20879  8473  570.91667   51  577  574.00000  558.04137  2.78%  1140 1247s
 20883  8476  567.68689   52  564  574.00000  558.04137  2.78%  1140 1250s
 20887  8479  562.30419   54  561  574.00000  558.04137  2.78%  1140 1255s
 20889  8480  572.36715   64  533  574.00000  558.04137  2.78%  1139 1260s
 20891  8481  573.48672   52  548  574.00000  558.04137  2.78%  1139 1265s
 20896  8485  571.04323   54  557  574.00000  558.04137  2.78%  1139 1271s
 20898  8486  564.92613   47  549  574.00000  558.04137  2.78%  1139 1275s
 20903  8489  567.23255   58  555  574.00000  558.04137  2.78%  1139 1281s
 20908  8493  572.00468   60  587  574.00000  558.04137  2.78%  1138 1286s
 20913  8496  571.62646   51  600  574.00000  558.04137  2.78%  1138 1291s
 20915  8497  561.47777   36  602  574.00000  558.04137  2.78%  1138 1295s
 20919  8500  569.24590   52  526  574.00000  558.04137  2.78%  1138 1300s
 20923  8503  568.56644   84  541  574.00000  558.04137  2.78%  1138 1306s
 20924  8503  571.62592   56  456  574.00000  558.04137  2.78%  1138 1310s
 20930  8507  560.70417   52  518  574.00000  558.04137  2.78%  1137 1317s
 20932  8509  566.79033   59  507  574.00000  558.04137  2.78%  1137 1320s
 20936  8511  565.69585   53  553  574.00000  558.04137  2.78%  1137 1326s
 20938  8513  563.59433   50  557  574.00000  558.04137  2.78%  1137 1330s
 20941  8515  573.97297   52  540  574.00000  558.04137  2.78%  1137 1337s
 20942  8515  568.61899   63  546  574.00000  558.04137  2.78%  1137 1342s
 20943  8516  573.16241   54  542  574.00000  558.04137  2.78%  1137 1345s
 20945  8517  561.25000   59  501  574.00000  558.04137  2.78%  1136 1354s
 20946  8518  573.23616   83  538  574.00000  558.04137  2.78%  1136 1357s
 20948  8519  571.68885   72  543  574.00000  558.04137  2.78%  1136 1361s
 20950  8521  571.52816   66  545  574.00000  558.04137  2.78%  1136 1365s
 20952  8522  560.51075   51  500  574.00000  558.04137  2.78%  1136 1371s
 20954  8523  568.34377   59  554  574.00000  558.04137  2.78%  1136 1378s
 20955  8524  563.56058   41  554  574.00000  558.04137  2.78%  1136 1386s
 20956  8525  558.42605   37  554  574.00000  558.04137  2.78%  1136 1392s
 20960  8529  570.81613   52  324  574.00000  558.04137  2.78%  1148 1397s
 20962  8530  564.71105   63  399  574.00000  558.04137  2.78%  1147 1401s
 20965  8532  572.99233   61  406  574.00000  558.04137  2.78%  1147 1405s
 20977  8540  572.26585   50  554  574.00000  558.04137  2.78%  1147 1411s
 20980  8542  568.58748   58  540  574.00000  558.04137  2.78%  1146 1417s
 20982  8544  564.67879   64  539  574.00000  558.04137  2.78%  1146 1421s
 20984  8545  570.00936   58  544  574.00000  558.04137  2.78%  1146 1425s
 20985  8546  568.41397   51  610  574.00000  558.04137  2.78%  1146 1433s
 20986  8546  570.01277   53  626  574.00000  558.04137  2.78%  1146 1437s
 20988  8548  567.99319   72  632  574.00000  558.04137  2.78%  1146 1441s
 20989  8548  572.36715   64  554  574.00000  558.04137  2.78%  1146 1445s
 20992  8550  571.66907   59  526  574.00000  558.04137  2.78%  1146 1451s
 20996  8553  571.04323   54  536  574.00000  558.04137  2.78%  1146 1455s
 20999  8555  569.63332   43  580  574.00000  558.04137  2.78%  1145 1462s
 21001  8556  571.68904   49  547  574.00000  558.04137  2.78%  1145 1466s
 21004  8558  562.05106   46  536  574.00000  558.04137  2.78%  1145 1470s
 21008  8561  572.00468   60  535  574.00000  558.04137  2.78%  1145 1477s
 21009  8562  560.61875   50  448  574.00000  558.04137  2.78%  1145 1480s
 21011  8563  569.30138   47  536  574.00000  558.04137  2.78%  1145 1488s
 21012  8564  572.56318   79  547  574.00000  558.04137  2.78%  1145 1490s
 21018  8568  568.89598   58  473  574.00000  558.04137  2.78%  1144 1496s
 21023  8571  568.56644   84  474  574.00000  558.04137  2.78%  1144 1501s
 21028  8574  568.71025   45  534  574.00000  558.04137  2.78%  1144 1505s
 21033  8578  562.65775   52  488  574.00000  558.04137  2.78%  1144 1510s
 21036  8580  565.69585   53  554  574.00000  558.04137  2.78%  1143 1516s
 21040  8582  567.51637   48  547  574.00000  558.04137  2.78%  1143 1520s
 21041  8583  573.97297   52  507  574.00000  558.04137  2.78%  1143 1525s
 21043  8584  573.16241   54  533  574.00000  558.04137  2.78%  1143 1531s
 21045  8586  561.25000   59  515  574.00000  558.04137  2.78%  1143 1535s
 21049  8588  567.21468   63  527  574.00000  558.04137  2.78%  1143 1542s
 21051  8590  568.92524   60  543  574.00000  558.04137  2.78%  1143 1545s
 21057  8594  567.66029   36  543  574.00000  558.04137  2.78%  1142 1552s
 21059  8595  568.45427   70  484  574.00000  558.04137  2.78%  1142 1555s
 21064  8598  569.60653   50  533  574.00000  558.04137  2.78%  1142 1562s
 21069  8602  570.99728   41  560  574.00000  558.04137  2.78%  1142 1567s
 21072  8604  560.61558   49  495  574.00000  558.04137  2.78%  1141 1570s
 21075  8606  559.79007   55  520  574.00000  558.04137  2.78%  1141 1578s
 21076  8606  569.09225   62  450  574.00000  558.04137  2.78%  1141 1581s
 21078  8608  571.86622   52  548  574.00000  558.04137  2.78%  1141 1588s
 21079  8608  570.91667   51  548  574.00000  558.04137  2.78%  1141 1591s
 21083  8611  567.68689   52  547  574.00000  558.04137  2.78%  1141 1597s
 21084  8612  570.00936   58  505  574.00000  558.04137  2.78%  1141 1600s
 21086  8613  570.01277   53  539  574.00000  558.04137  2.78%  1141 1607s
 21087  8614  562.30419   54  540  574.00000  558.04137  2.78%  1141 1610s
 21090  8616  566.67993   52  520  574.00000  558.04137  2.78%  1140 1618s
 21091  8616  573.48672   52  551  574.00000  558.04137  2.78%  1140 1621s
 21092  8617  571.66907   59  523  574.00000  558.04137  2.78%  1140 1625s
 21093  8618  572.85000   66  523  574.00000  558.04137  2.78%  1140 1634s
 21094  8618  571.85696   68  523  574.00000  558.04137  2.78%  1140 1639s
 21095  8622  558.04137   51  466  574.00000  558.04137  2.78%  1150 1640s
 21116  8638  562.20423   55  428  574.00000  558.04137  2.78%  1153 1645s
 21177  8662  558.55261   60  422  574.00000  558.04137  2.78%  1155 1650s
 21276  8680  558.71774   65  455  574.00000  558.04137  2.78%  1155 1655s
 21368  8677  561.11455   68  415  574.00000  558.04137  2.78%  1154 1660s
 21446  8690  563.35856   73  410  574.00000  558.04137  2.78%  1154 1665s
 21546  8688  570.27826   77  243  574.00000  558.16952  2.76%  1151 1670s
 21656  8713  570.52695   89  315  574.00000  558.23156  2.75%  1150 1676s
 21775  8727  568.51923   68  169  574.00000  558.45818  2.71%  1148 1681s
 21867  8729  564.81744   65  343  574.00000  558.63638  2.68%  1146 1686s
 21961  8763  563.27541   71  436  574.00000  558.97163  2.62%  1145 1691s
 22099  8785  565.90000   60  150  574.00000  559.63341  2.50%  1142 1696s
 22264  8809     cutoff   71       574.00000  560.01299  2.44%  1139 1701s
 22475  8835  571.21912   72  250  574.00000  560.50000  2.35%  1135 1706s
 22658  8838  560.97444   60  465  574.00000  560.82455  2.30%  1130 1711s
 22820  8853  563.00000   62   77  574.00000  561.01069  2.26%  1126 1717s
 22937  8857  563.29427   63  446  574.00000  561.04397  2.26%  1123 1720s
 23147  8874  567.92887   72  415  574.00000  561.45643  2.19%  1117 1727s
 23263  8887  563.65567   63  329  574.00000  561.49779  2.18%  1115 1730s
 23507  8876  564.25000   74  161  574.00000  561.76204  2.13%  1110 1738s
 23628  8874  571.56976   81  231  574.00000  561.81534  2.12%  1107 1742s
 23726  8897  566.75453   76  360  574.00000  561.84991  2.12%  1105 1745s
 23868  8902  569.23266   77  411  574.00000  562.00000  2.09%  1102 1750s
 24272  8846  571.97383   72  277  574.00000  562.20760  2.05%  1091 1759s
 24364  8873  571.26918   74  193  574.00000  562.20760  2.05%  1089 1763s
 24569  8853  564.75000   62   59  574.00000  562.53762  2.00%  1084 1767s
 24751  8859  564.44164   72  435  574.00000  562.59781  1.99%  1079 1771s
 24913  8862  567.97500   81   92  574.00000  562.64795  1.98%  1076 1776s
 25094  8859  570.07692   90  193  574.00000  562.72719  1.96%  1072 1782s
 25307  8898  571.65909   80  150  574.00000  562.81399  1.95%  1067 1787s
 25620  8908  570.50015   87  109  574.00000  562.96465  1.92%  1059 1794s
 25976  8871  565.91693   59  293  574.00000  563.06231  1.91%  1049 1800s
 26294  8862  566.11753   70  375  574.00000  563.17734  1.89%  1041 1806s
 26667  8916  567.55364   67  358  574.00000  563.36791  1.85%  1032 1813s
 27153  8847  568.11461   83  404  574.00000  563.50910  1.83%  1019 1819s
 27532  8815  570.47819   82  343  574.00000  563.66667  1.80%  1011 1824s
 27797  8841  571.91350   70  332  574.00000  563.82353  1.77%  1005 1830s
 28336  8852  570.79703   69  428  574.00000  563.98864  1.74%   993 1838s
 28895  8795  569.32534   69  327  574.00000  564.23514  1.70%   980 1846s
 29411  8773  570.40566   79  184  574.00000  564.30024  1.69%   970 1854s
 29846  8712     cutoff   74       574.00000  564.46168  1.66%   961 1861s
 30282  8695  567.63021   80  393  574.00000  564.58570  1.64%   955 1869s
 30903  8687  570.80689   71  266  574.00000  564.73277  1.61%   944 1877s
 31649  8662  566.00000   71   87  574.00000  564.97426  1.57%   930 1885s
 32397  8491     cutoff   73       574.00000  565.18057  1.54%   917 1890s
 32785  8431  571.03329   94  310  574.00000  565.29412  1.52%   910 1895s
 33154  8461  570.29411   73  505  574.00000  565.46667  1.49%   905 1901s
 33679  8390  569.33878   72  305  574.00000  565.52913  1.48%   896 1906s
 34125  8251  568.39375   85  199  574.00000  565.60714  1.46%   889 1912s
 34178  8318     cutoff   94       574.00000  565.61801  1.46%   888 1917s
 34607  8274     cutoff   71       574.00000  565.71768  1.44%   882 1923s
 35080  8221  566.24020   71  320  574.00000  565.87529  1.42%   875 1927s
 35443  8280  569.62360   68  355  574.00000  565.93645  1.40%   871 1933s
 36018  8142     cutoff   71       574.00000  566.00657  1.39%   861 1938s
 36434  8093  571.86364   71  148  574.00000  566.14753  1.37%   856 1943s
 36924  7990  570.40048   71  288  574.00000  566.21513  1.36%   849 1946s
 37337  7934     cutoff   77       574.00000  566.34832  1.33%   844 1950s
 37637  7868     cutoff   70       574.00000  566.37350  1.33%   841 1955s
 38089  7807  570.67979   79  275  574.00000  566.49582  1.31%   835 1961s
 38641  7680     cutoff   77       574.00000  566.54541  1.30%   828 1966s
 39033  7629  570.08889   68  106  574.00000  566.62622  1.28%   824 1971s
 39554  7530  570.32722   68  368  574.00000  566.73307  1.27%   817 1976s
 40022  7422     cutoff   74       574.00000  566.79783  1.25%   812 1981s
 40439  7382  571.40786   60  238  574.00000  566.89488  1.24%   808 1986s
 40982  7276     cutoff   79       574.00000  567.00000  1.22%   801 1991s
 41522  7143  570.00000   70   71  574.00000  567.04491  1.21%   795 1996s
 42002  6987  569.00000   68   51  574.00000  567.12434  1.20%   789 2003s
 42686  6801     cutoff   74       574.00000  567.25408  1.18%   783 2007s
 43136  6681     cutoff   81       574.00000  567.37879  1.15%   778 2011s
 44175  6397  572.85893   74  265  574.00000  567.50000  1.13%   767 2016s
 45048  6179  571.50000   83   41  574.00000  567.67702  1.10%   757 2023s
 45425  6050  570.17982  107  203  574.00000  567.71667  1.09%   754 2027s
 45783  5963  572.97500   66  161  574.00000  567.80000  1.08%   751 2031s
 46183  5857  572.83333   76   58  574.00000  567.89655  1.06%   747 2035s
 46703  5739     cutoff   91       574.00000  567.94444  1.05%   742 2043s
 47267  5675  572.52300   62  184  574.00000  568.03388  1.04%   736 2047s
 47721  5681  573.00000   76   55  574.00000  568.08274  1.03%   732 2051s
 48150  5701     cutoff   92       574.00000  568.15199  1.02%   729 2056s
 48606  5693  570.89858   61  310  574.00000  568.20022  1.01%   725 2060s
 49511  5681  572.95833   71  287  574.00000  568.40183  0.98%   718 2067s
 49969  5674     cutoff   65       574.00000  568.49352  0.96%   714 2072s
 50514  5640     cutoff   71       574.00000  568.52863  0.95%   709 2075s
 51365  5545  571.33333   69   63  574.00000  568.68758  0.93%   703 2080s
 52265  5472 infeasible   68       574.00000  568.85000  0.90%   696 2087s
 52710  5389  572.12500   82  215  574.00000  568.96049  0.88%   693 2091s
 53888  5182     cutoff   88       574.00000  569.10035  0.85%   683 2098s
 54242  5097     cutoff   82       574.00000  569.20911  0.83%   681 2101s
 54955  4911  571.02295   67  199  574.00000  569.33333  0.81%   677 2108s
 55360  4791  570.32789   78  188  574.00000  569.42857  0.80%   674 2111s
 56289  4690     cutoff   71       574.00000  569.50000  0.78%   667 2115s
 57000  4353  572.00000   75   31  574.00000  569.65000  0.76%   662 2121s
 57967  4095     cutoff   89       574.00000  569.91128  0.71%   656 2126s
 59215  3750     cutoff   76       574.00000  570.02462  0.69%   646 2131s
 60161  3426  570.41935   87  170  574.00000  570.24536  0.65%   640 2136s
 60629  3198     cutoff   73       574.00000  570.38333  0.63%   638 2140s
 61772  2698     cutoff   77       574.00000  570.54080  0.60%   630 2147s
 62308  2396  571.38737   73  356  574.00000  570.73063  0.57%   626 2150s
 63048  1955  572.25000   81  103  574.00000  571.00000  0.52%   621 2158s
 64036  1548     cutoff  103       574.00000  571.03839  0.52%   614 2161s
 65044  1136     cutoff   74       574.00000  571.29412  0.47%   607 2165s

Cutting planes:
  Cover: 232
  Implied bound: 235
  Projected implied bound: 7
  Clique: 4
  MIR: 63
  Mixing: 1
  StrongCG: 1
  Flow cover: 852
  GUB cover: 4
  Inf proof: 1
  Zero half: 19
  Network: 21
  RLT: 2
  Relax-and-lift: 159

Explored 67100 nodes (39907537 simplex iterations) in 2169.63 seconds (5773.58 work units)
Thread count was 4 (of 32 available processors)

Solution count 10: 574 575 576 ... 599

Optimal solution found (tolerance 1.00e-04)
Best objective 5.740000000000e+02, best bound 5.740000000000e+02, gap 0.0000%

Wrote result file './sol/E100_1000.10_R100.sol'

