
Gurobi 13.0.2 (mac64[arm], gurobi_cl) logging started Mon Sep  7 19:18:21 2026

Set parameter TokenServer to value "10.8.80.200"
Set parameter TimeLimit to value 43200
Set parameter LogFile to value "/Users/takafumi/Dropbox/2_Study/cspns_gurobi/log_recomputed_4threads/E100_1000.1_R100.log"
Set parameter Threads to value 4
Using license file /Library/gurobi1302/gurobi.lic

Gurobi Optimizer version 13.0.2 build v13.0.2rc1 (mac64[arm] - Darwin 24.6.0 24G517)
Copyright (c) 2026, Gurobi Optimization, LLC

Read LP format model from file /Users/takafumi/Dropbox/2_Study/cspns_gurobi/lp/E100_1000.1_R100.lp
Reading time = 0.06 seconds
root: 20808 rows, 20503 columns, 220666 nonzeros

Using Gurobi shared library /Library/gurobi1302/macos_universal2/lib/libgurobi130.dylib

CPU model: Apple M3 Ultra
Thread count: 32 physical cores, 32 logical processors, using up to 4 threads

Non-default parameters:
TimeLimit  43200
Threads  4

Optimize a model with 20808 rows, 20503 columns and 220666 nonzeros (Min)
Model fingerprint: 0x3ef0937b
Model has 10100 linear objective coefficients
Variable types: 0 continuous, 20503 integer (0 binary)
Coefficient statistics:
  Matrix range     [1e+00, 1e+02]
  Objective range  [1e+00, 1e+02]
  Bounds range     [1e+00, 1e+00]
  RHS range        [1e+00, 1e+00]

Presolve removed 10414 rows and 203 columns
Presolve time: 0.33s
Presolved: 10394 rows, 20300 columns, 130476 nonzeros
Variable types: 0 continuous, 20300 integer (10300 binary)
Found heuristic solution: objective 8514.0000000
Deterministic concurrent LP optimizer: primal and dual simplex
Showing primal log only...

Concurrent spin time: 0.00s

Solved with primal simplex

Root relaxation: objective 4.597669e+01, 22789 iterations, 0.39 seconds (0.75 work units)

    Nodes    |    Current Node    |     Objective Bounds      |     Work
 Expl Unexpl |  Obj  Depth IntInf | Incumbent    BestBd   Gap | It/Node Time

     0     0   45.97669    0  182 8514.00000   45.97669  99.5%     -    0s
     0     0  255.53160    0  216 8514.00000  255.53160  97.0%     -    1s
H    0     0                    1397.0000000  255.53160  81.7%     -    3s
H    0     0                    1083.0000000  255.53160  76.4%     -    3s
H    0     0                    1078.0000000  255.53160  76.3%     -    3s
H    0     0                    1072.0000000  255.53160  76.2%     -    3s
H    0     0                     971.0000000  255.53160  73.7%     -    4s
H    0     0                     962.0000000  255.53160  73.4%     -    4s
H    0     0                     858.0000000  255.53160  70.2%     -    4s
H    0     0                     855.0000000  255.53160  70.1%     -    4s
H    0     0                     851.0000000  255.53160  70.0%     -    4s
H    0     0                     825.0000000  255.53160  69.0%     -    4s
     0     0  390.18195    0  310  825.00000  390.18195  52.7%     -    5s
     0     0  402.54759    0  341  825.00000  402.54759  51.2%     -    6s
H    0     0                     808.0000000  402.54759  50.2%     -    6s
H    0     0                     807.0000000  402.54759  50.1%     -    6s
H    0     0                     801.0000000  402.54759  49.7%     -    6s
H    0     0                     776.0000000  402.54759  48.1%     -    7s
H    0     0                     736.0000000  402.54759  45.3%     -    7s
H    0     0                     716.0000000  429.57938  40.0%     -    9s
     0     0  430.22648    0  401  716.00000  430.22648  39.9%     -    9s
H    0     0                     695.0000000  430.22648  38.1%     -    9s
H    0     0                     686.0000000  430.22648  37.3%     -   10s
H    0     0                     685.0000000  430.22648  37.2%     -   11s
H    0     0                     684.0000000  430.22648  37.1%     -   11s
H    0     0                     645.0000000  430.22648  33.3%     -   11s
H    0     0                     641.0000000  430.22648  32.9%     -   11s
H    0     0                     638.0000000  433.01920  32.1%     -   14s
H    0     0                     626.0000000  433.01920  30.8%     -   14s
H    0     0                     609.0000000  433.01920  28.9%     -   14s
H    0     0                     608.0000000  433.01920  28.8%     -   14s
     0     0  434.71659    0  406  608.00000  434.71659  28.5%     -   14s
     0     0  434.71659    0  413  608.00000  434.71659  28.5%     -   14s
     0     0  454.10500    0  437  608.00000  454.10500  25.3%     -   15s
     0     0  458.92849    0  433  608.00000  458.92849  24.5%     -   17s
     0     0  459.48961    0  410  608.00000  459.48961  24.4%     -   17s
     0     0  459.58819    0  439  608.00000  459.58819  24.4%     -   17s
     0     0  472.97496    0  441  608.00000  472.97496  22.2%     -   20s
     0     0  477.72949    0  482  608.00000  477.72949  21.4%     -   21s
     0     0  478.77608    0  475  608.00000  478.77608  21.3%     -   21s
     0     0  478.84687    0  494  608.00000  478.84687  21.2%     -   22s
     0     0  486.02019    0  483  608.00000  486.02019  20.1%     -   24s
     0     0  490.07755    0  507  608.00000  490.07755  19.4%     -   25s
     0     0  490.34547    0  536  608.00000  490.34547  19.4%     -   26s
     0     0  490.42487    0  549  608.00000  490.42487  19.3%     -   26s
     0     0  493.74231    0  545  608.00000  493.74231  18.8%     -   27s
     0     0  494.56306    0  560  608.00000  494.56306  18.7%     -   28s
     0     0  494.77470    0  569  608.00000  494.77470  18.6%     -   29s
     0     0  494.77470    0  590  608.00000  494.77470  18.6%     -   29s
     0     0  496.82089    0  587  608.00000  496.82089  18.3%     -   31s
     0     0  497.34682    0  596  608.00000  497.34682  18.2%     -   31s
     0     0  497.43953    0  602  608.00000  497.43953  18.2%     -   31s
     0     0  498.17390    0  587  608.00000  498.17390  18.1%     -   32s
     0     0  498.25174    0  587  608.00000  498.25174  18.1%     -   32s
     0     0  498.25174    0  524  608.00000  498.25174  18.1%     -   32s
     0     2  498.26683    0  519  608.00000  498.26683  18.0%     -   36s
     7    12  503.77689    3  563  608.00000  500.24833  17.7%  4706   40s
H   17    30                     601.0000000  500.24833  16.8%  5088   42s
H   32    34                     600.0000000  500.24833  16.6%  7390   42s
H   35    39                     598.0000000  500.24833  16.3%  7306   44s
    38    43  512.90157    8  496  598.00000  500.24833  16.3%  8039   45s
H   56    61                     590.0000000  500.24833  15.2%  8741   48s
    60    68  513.49285   11  498  590.00000  500.24833  15.2%  8891   50s
H   68    74                     589.0000000  500.24833  15.1%  9676   51s
H   79    83                     588.0000000  500.24833  14.9%  8866   53s
    87    93  518.84174   16  491  588.00000  500.24833  14.9%  8348   55s
   113   121  521.15333   21  493  588.00000  500.24833  14.9%  7101   60s
   137   142  527.79408   27  438  588.00000  500.24833  14.9%  6427   65s
   162   175  534.62334   35  411  588.00000  500.24833  14.9%  5871   71s
   196   215  530.04402   41  456  588.00000  500.24833  14.9%  5187   75s
   241   251  532.39903   55  453  588.00000  500.24833  14.9%  4634   81s
   294   317  533.41696   62  445  588.00000  500.24833  14.9%  4070   86s
   333   352  535.05420   70  427  588.00000  500.24833  14.9%  3792   90s
   370   383  539.06694   75  436  588.00000  500.24833  14.9%  3680   95s
   419   445  542.91371   79  425  588.00000  500.24833  14.9%  3459  100s
   574   635  553.03920   99  396  588.00000  500.24833  14.9%  2869  107s
   672   703  557.09716  114  395  588.00000  501.76005  14.7%  2588  112s
   716   722  560.39967  121  398  588.00000  501.76005  14.7%  2500  115s
   777   809     cutoff  161       588.00000  502.07704  14.6%  2390  121s
H  865   701                     570.0000000  502.07704  11.9%  2249  124s
   867   716  521.62898    6  479  570.00000  502.07704  11.9%  2260  126s
   907   776  520.30523   11  481  570.00000  502.07704  11.9%  2313  131s
  1008   978  529.94873   21  436  570.00000  502.07704  11.9%  2259  138s
  1157   979  520.97399   22  310  570.00000  502.07704  11.9%  2063  141s
H 1158   931                     569.0000000  502.07704  11.8%  2062  144s
H 1159   884                     568.0000000  502.07704  11.6%  2060  146s
H 1159   840                     567.0000000  502.07704  11.5%  2060  148s
  1160   841  512.44780   14  376  567.00000  502.07704  11.5%  2058  151s
  1163   843  561.20691  105  521  567.00000  502.07704  11.5%  2053  155s
  1170   848  524.74923   23  566  567.00000  514.03161  9.34%  2040  160s
  1175   851  518.48158   17  543  567.00000  518.48158  8.56%  2032  165s
  1183   856  524.46910   22  596  567.00000  524.46910  7.50%  2018  170s
  1186   858  560.16346  122  617  567.00000  525.71545  7.28%  2013  178s
  1188   860  532.74285   30  625  567.00000  525.92008  7.25%  2009  180s
  1197   866  529.74356   45  554  567.00000  529.74356  6.57%  1994  190s
  1198   866  565.14028  138  554  567.00000  532.51237  6.08%  1993  198s
  1201   869  532.51237   23  343  567.00000  532.51237  6.08%  2161  201s
  1202   870  556.36312  114  363  567.00000  532.51237  6.08%  2159  206s
H 1202   826                     563.0000000  532.51237  5.42%  2159  207s
  1205   828  562.33790  102  448  563.00000  532.51237  5.42%  2154  210s
  1212   833  536.49404   36  572  563.00000  532.51237  5.42%  2141  215s
  1217   836  533.71437   12  530  563.00000  533.71437  5.20%  2132  226s
  1221   840  560.08611   93  379  563.00000  533.71437  5.20%  2230  232s
  1223   841  558.64404  125  421  563.00000  533.71437  5.20%  2227  235s
  1230   846  538.02917   37  564  563.00000  533.71437  5.20%  2214  240s
  1237   851  535.01265   54  583  563.00000  535.01265  4.97%  2201  245s
  1240   853  544.23816   48  546  563.00000  535.39773  4.90%  2196  252s
  1251   866  540.26950   33  437  563.00000  536.59693  4.69%  2301  255s
  1325   901  547.10473   40  390  563.00000  536.59693  4.69%  2262  260s
  1418   890  558.56444   53  286  563.00000  539.13634  4.24%  2157  265s
  1542   899  554.98349   45  378  563.00000  539.16730  4.23%  2064  270s
  1635   904  555.62736   45  165  563.00000  543.87390  3.40%  2005  275s
  1772   889  549.59983   41  394  563.00000  545.49490  3.11%  1926  280s
  1987   886  553.07006   37  272  563.00000  545.87920  3.04%  1803  286s
  2305   845  558.64503   62  280  563.00000  547.37682  2.77%  1619  291s
  2685   762  556.72542   45  248  563.00000  548.66211  2.55%  1456  296s
  2989   688  554.93493   41  239  563.00000  549.39179  2.42%  1349  300s
  3415   623  556.41213   59  295  563.00000  550.43096  2.23%  1216  305s
  4008   648  556.44559   41  326  563.00000  551.20456  2.10%  1079  311s
  4406   692  560.72001   44  341  563.00000  551.98585  1.96%  1008  315s
  5317   641     cutoff   40       563.00000  554.36278  1.53%   895  321s
  6298   429     cutoff   45       563.00000  556.02380  1.24%   794  325s

Cutting planes:
  Gomory: 3
  Cover: 94
  Implied bound: 138
  Clique: 2
  MIR: 40
  Flow cover: 287
  GUB cover: 2
  Zero half: 62
  Network: 3
  RLT: 6
  Relax-and-lift: 63

Explored 7304 nodes (5393316 simplex iterations) in 327.95 seconds (1317.81 work units)
Thread count was 4 (of 32 available processors)

Solution count 10: 563 567 568 ... 600

Optimal solution found (tolerance 1.00e-04)
Best objective 5.630000000000e+02, best bound 5.630000000000e+02, gap 0.0000%

Wrote result file '/Users/takafumi/Dropbox/2_Study/cspns_gurobi/sol_recomputed_4threads/E100_1000.1_R100.sol'

