
Gurobi 13.0.2 (mac64[arm], gurobi_cl) logging started Wed Jul  1 17:42:19 2026

Set parameter TokenServer to value "10.8.80.200"
Set parameter TimeLimit to value 43200
Set parameter LogFile to value "./log/E100_1000.8_R50.log"
Set parameter Threads to value 4
Using license file /Library/gurobi1302/gurobi.lic

Gurobi Optimizer version 13.0.2 build v13.0.2rc1 (mac64[arm] - Darwin 24.6.0 24G517)
Copyright (c) 2026, Gurobi Optimization, LLC

Read LP format model from file ./lp/E100_1000.8_R50.lp
Reading time = 0.04 seconds
root: 20808 rows, 20503 columns, 144466 nonzeros

Using Gurobi shared library /Library/gurobi1302/macos_universal2/lib/libgurobi130.dylib

CPU model: Apple M3 Ultra
Thread count: 32 physical cores, 32 logical processors, using up to 4 threads

Non-default parameters:
TimeLimit  43200
Threads  4

Optimize a model with 20808 rows, 20503 columns and 144466 nonzeros (Min)
Model fingerprint: 0x719e860a
Model has 10100 linear objective coefficients
Variable types: 0 continuous, 20503 integer (0 binary)
Coefficient statistics:
  Matrix range     [1e+00, 1e+02]
  Objective range  [3e+00, 1e+02]
  Bounds range     [1e+00, 1e+00]
  RHS range        [1e+00, 1e+00]

Presolve removed 10417 rows and 213 columns
Presolve time: 0.24s
Presolved: 10391 rows, 20290 columns, 101375 nonzeros
Variable types: 0 continuous, 20290 integer (10290 binary)
Found heuristic solution: objective 5777.0000000
Deterministic concurrent LP optimizer: primal and dual simplex
Showing primal log only...

Concurrent spin time: 0.00s

Solved with primal simplex

Root relaxation: objective 2.216022e+02, 43097 iterations, 0.74 seconds (1.33 work units)

    Nodes    |    Current Node    |     Objective Bounds      |     Work
 Expl Unexpl |  Obj  Depth IntInf | Incumbent    BestBd   Gap | It/Node Time

     0     0  221.60220    0  353 5777.00000  221.60220  96.2%     -    1s
     0     0  658.90224    0  312 5777.00000  658.90224  88.6%     -    2s
H    0     0                    2831.0000000  658.90224  76.7%     -    2s
H    0     0                    2747.0000000  658.90224  76.0%     -    2s
H    0     0                    2391.0000000  658.90224  72.4%     -    2s
H    0     0                    2372.0000000  658.90224  72.2%     -    2s
H    0     0                    2185.0000000  658.90224  69.8%     -    2s
H    0     0                    2164.0000000  658.90224  69.6%     -    2s
H    0     0                    1997.0000000  658.90224  67.0%     -    2s
H    0     0                    1730.0000000  658.90224  61.9%     -    2s
H    0     0                    1615.0000000  658.90224  59.2%     -    2s
H    0     0                    1538.0000000  658.90224  57.2%     -    2s
H    0     0                    1516.0000000  658.90224  56.5%     -    3s
H    0     0                    1487.0000000  658.90224  55.7%     -    3s
H    0     0                    1481.0000000  658.90224  55.5%     -    3s
H    0     0                    1478.0000000  658.90224  55.4%     -    3s
H    0     0                    1460.0000000  658.90224  54.9%     -    3s
H    0     0                    1459.0000000  658.90224  54.8%     -    3s
H    0     0                    1409.0000000  658.90224  53.2%     -    4s
     0     0  756.30724    0  400 1409.00000  756.30724  46.3%     -    5s
     0     0  759.13492    0  336 1409.00000  759.13492  46.1%     -    8s
H    0     0                    1397.0000000  759.13492  45.7%     -    8s
H    0     0                    1287.0000000  759.13492  41.0%     -    9s
H    0     0                    1280.0000000  759.13492  40.7%     -    9s
H    0     0                    1267.0000000  759.13492  40.1%     -    9s
H    0     0                    1244.0000000  759.13492  39.0%     -    9s
H    0     0                    1239.0000000  759.13492  38.7%     -    9s
H    0     0                    1234.0000000  759.13492  38.5%     -   10s
H    0     0                    1231.0000000  759.13492  38.3%     -   11s
H    0     0                    1230.0000000  759.13492  38.3%     -   11s
H    0     0                    1229.0000000  759.13492  38.2%     -   11s
H    0     0                    1189.0000000  759.13492  36.2%     -   11s
H    0     0                    1164.0000000  759.13492  34.8%     -   11s
H    0     0                    1152.0000000  759.13492  34.1%     -   11s
H    0     0                    1133.0000000  759.13492  33.0%     -   11s
H    0     0                    1080.0000000  759.13492  29.7%     -   11s
H    0     0                    1066.0000000  759.13492  28.8%     -   11s
H    0     0                    1064.0000000  759.13492  28.7%     -   11s
H    0     0                    1058.0000000  759.13492  28.2%     -   11s
H    0     0                    1036.0000000  759.13492  26.7%     -   11s
H    0     0                     988.0000000  759.13492  23.2%     -   11s
H    0     0                     973.0000000  759.13492  22.0%     -   11s
H    0     0                     972.0000000  759.13492  21.9%     -   11s
     0     0  775.17418    0  387  972.00000  775.17418  20.2%     -   13s
H    0     0                     970.0000000  775.30236  20.1%     -   13s
H    0     0                     969.0000000  775.30236  20.0%     -   13s
H    0     0                     968.0000000  775.30236  19.9%     -   14s
H    0     0                     967.0000000  775.30236  19.8%     -   14s
H    0     0                     966.0000000  775.30236  19.7%     -   15s
H    0     0                     964.0000000  775.37446  19.6%     -   17s
H    0     0                     961.0000000  775.37446  19.3%     -   17s
H    0     0                     960.0000000  775.37446  19.2%     -   17s
H    0     0                     938.0000000  775.37446  17.3%     -   17s
H    0     0                     936.0000000  775.37446  17.2%     -   17s
H    0     0                     920.0000000  775.37446  15.7%     -   17s
H    0     0                     919.0000000  775.37446  15.6%     -   17s
H    0     0                     918.0000000  775.37446  15.5%     -   17s
     0     0  775.37446    0  395  918.00000  775.37446  15.5%     -   17s
     0     0  775.56603    0  397  918.00000  775.56603  15.5%     -   17s
H    0     0                     917.0000000  775.60711  15.4%     -   18s
     0     0  775.60711    0  393  917.00000  775.60711  15.4%     -   18s
     0     0  790.17079    0  403  917.00000  790.17079  13.8%     -   19s
     0     0  794.06712    0  433  917.00000  794.06712  13.4%     -   20s
     0     0  794.94933    0  438  917.00000  794.94933  13.3%     -   21s
     0     0  794.99997    0  424  917.00000  794.99997  13.3%     -   21s
     0     0  802.25948    0  432  917.00000  802.25948  12.5%     -   22s
     0     0  809.71668    0  460  917.00000  809.71668  11.7%     -   23s
     0     0  810.32316    0  479  917.00000  810.32316  11.6%     -   24s
     0     0  810.55368    0  470  917.00000  810.55368  11.6%     -   25s
     0     0  810.56160    0  495  917.00000  810.56160  11.6%     -   25s
     0     0  814.89798    0  470  917.00000  814.89798  11.1%     -   27s
     0     0  816.18872    0  541  917.00000  816.18872  11.0%     -   28s
     0     0  817.01744    0  563  917.00000  817.01744  10.9%     -   29s
     0     0  817.32780    0  546  917.00000  817.32780  10.9%     -   29s
     0     0  817.34773    0  551  917.00000  817.34773  10.9%     -   29s
     0     0  818.43187    0  558  917.00000  818.43187  10.7%     -   30s
     0     0  819.76991    0  585  917.00000  819.76991  10.6%     -   31s
     0     0  819.80300    0  617  917.00000  819.80300  10.6%     -   31s
     0     0  820.05967    0  615  917.00000  820.05967  10.6%     -   32s
     0     0  820.12659    0  636  917.00000  820.12659  10.6%     -   32s
     0     0  820.33657    0  624  917.00000  820.33657  10.5%     -   32s
     0     0  820.33657    0  624  917.00000  820.33657  10.5%     -   32s
     0     0  820.33657    0  542  917.00000  820.33657  10.5%     -   33s
     0     2  820.33657    0  539  917.00000  820.33657  10.5%     -   38s
     3     8  820.89616    2  558  917.00000  820.65971  10.5%  3749   40s
H    7    12                     916.0000000  820.89616  10.4%  4715   41s
H   14    19                     912.0000000  820.89616  10.0%  2858   41s
H   21    25                     909.0000000  820.89616  9.69%  2630   42s
H   25    29                     904.0000000  820.89616  9.19%  2427   43s
    36    41  823.42697   10  524  904.00000  820.89616  9.19%  2418   45s
H   44    49                     902.0000000  820.89616  8.99%  2648   47s
H   54    56                     900.0000000  820.89616  8.79%  2537   48s
    66    71  825.38307   18  496  900.00000  820.89616  8.79%  2458   50s
H   67    71                     899.0000000  820.89616  8.69%  2421   50s
H   87    89                     881.0000000  820.89616  6.82%  2410   52s
H   98   102                     880.0000000  820.89616  6.72%  2487   54s
   101   107  829.28164   26  478  880.00000  820.89616  6.72%  2486   55s
H  113   115                     879.0000000  820.89616  6.61%  2605   57s
   127   139  830.68114   30  414  879.00000  820.89616  6.61%  2506   60s
H  132   139                     877.0000000  820.89616  6.40%  2471   60s
   181   200  833.57118   41  387  877.00000  820.89616  6.40%  2316   65s
   247   252  836.12197   51  398  877.00000  820.89616  6.40%  2079   70s
H  254   256                     876.0000000  820.89616  6.29%  2052   71s
   359   404  841.52291   82  317  876.00000  820.89616  6.29%  1724   75s
H  591   629                     871.0000000  820.89616  5.75%  1267   79s
H  627   629                     869.0000000  820.89616  5.54%  1227   79s
   628   673  851.34000  162  213  869.00000  820.89616  5.54%  1225   80s
   851   814  832.90995   13  379  869.00000  821.54550  5.46%  1073   85s
   933   911  840.45904   30  345  869.00000  821.54550  5.46%  1113   90s
  1101  1041  862.05125  157  400  869.00000  821.54550  5.46%  1069   97s
  1103  1042  842.23855   70  338  869.00000  821.54550  5.46%  1067  101s
  1104  1043  832.54001   10  361  869.00000  821.54550  5.46%  1066  105s
  1110  1047  845.57965   39  607  869.00000  821.54550  5.46%  1060  110s
  1117  1052  851.50137  114  544  869.00000  827.69796  4.75%  1053  115s
  1125  1057  835.81792   42  551  869.00000  830.00352  4.49%  1046  120s
  1126  1058  843.57185   35  493  869.00000  830.00352  4.49%  1045  125s
  1127  1058  858.92187  150  493  869.00000  830.00352  4.49%  1044  131s
  1134  1068  830.38221   12  487  869.00000  830.38221  4.44%  1178  135s
  1154  1078  831.05741   15  480  869.00000  830.42308  4.44%  1209  143s
  1170  1089  831.44987   16  442  869.00000  831.06431  4.37%  1224  146s
  1234  1121  832.44624   19  446  869.00000  831.31378  4.34%  1229  150s
  1308  1139  840.92297   21  428  869.00000  831.31378  4.34%  1211  155s
  1384  1146  845.83201   26  364  869.00000  831.45644  4.32%  1207  160s
H 1465  1128                     868.0000000  831.45644  4.21%  1209  164s
  1468  1143  853.02007   37  298  868.00000  831.45644  4.21%  1210  165s
  1579  1140  860.18889   60  163  868.00000  831.72500  4.18%  1167  171s
  1618  1139  838.01777   23  427  868.00000  831.72500  4.18%  1175  176s
  1630  1147  837.39148   26  400  868.00000  831.72500  4.18%  1189  181s
  1642  1154  843.17298   26  378  868.00000  831.72500  4.18%  1198  186s
  1654  1164  841.46085   29  384  868.00000  831.72500  4.18%  1207  190s
  1681  1180  844.10701   28  208  868.00000  831.72500  4.18%  1210  195s
  1738  1238  849.02198   33  324  868.00000  831.72500  4.18%  1209  202s
  1776  1252  851.23722   39  207  868.00000  831.72500  4.18%  1195  205s
  1867  1253  836.26838   21  495  868.00000  831.72500  4.18%  1182  211s
  1923  1287  837.61240   25  461  868.00000  831.72500  4.18%  1185  217s
  1982  1286  839.40722   31  436  868.00000  831.87200  4.16%  1177  220s
  2038  1331  842.07380   44  362  868.00000  831.88822  4.16%  1191  225s
  2113  1384  853.84098   64  277  868.00000  831.88822  4.16%  1202  231s
  2235  1466  858.47285   29  187  868.00000  831.88822  4.16%  1192  238s
  2370  1445  835.42322   22  455  868.00000  831.92535  4.16%  1150  241s
  2452  1509  847.90226   34  192  868.00000  832.88818  4.05%  1163  247s
  2560  1515  855.87706   46  246  868.00000  833.32099  4.00%  1143  251s
  2658  1535  847.70623   21  273  868.00000  833.32099  4.00%  1128  255s
  2714  1564  856.20513   32  217  868.00000  833.32099  4.00%  1128  262s
  2795  1597  838.01422   26  425  868.00000  833.45851  3.98%  1120  266s
  2876  1651  847.96741   36  354  868.00000  833.45851  3.98%  1116  271s
  3000  1696  860.99047   64  304  868.00000  833.46313  3.98%  1103  276s
  3191  1686  855.17670   29  406  868.00000  833.85303  3.93%  1072  280s
  3315  1705  845.49163   24  428  868.00000  833.89747  3.93%  1067  286s
  3414  1763  857.86492   35  323  868.00000  833.89747  3.93%  1058  291s
  3573  1774  844.64337   24  431  868.00000  833.89747  3.93%  1033  295s
  3646  1829  854.46466   47  330  868.00000  834.46375  3.86%  1042  301s
  3783  1867  837.05581   23  448  868.00000  834.49089  3.86%  1036  305s
  3885  1909  857.31144   38  329  868.00000  834.49089  3.86%  1039  313s
  4018  1973  841.57675   25  375  868.00000  834.49089  3.86%  1029  319s
  4207  2056  848.20969   48  385  868.00000  835.01849  3.80%  1017  325s
  4397  2231  841.27595   28  423  868.00000  835.12037  3.79%  1005  331s
  4618  2377  861.53675   84  271  868.00000  835.33493  3.76%   991  336s
  4835  2540  847.22265   50  356  868.00000  835.54138  3.74%   981  342s
  5061  2666  864.04407   43  207  868.00000  835.62461  3.73%   971  350s
  5245  2834  848.47517   28  408  868.00000  835.72074  3.72%   965  358s
  5470  3051  848.23416   36  406  868.00000  835.99501  3.69%   960  365s
  5773  3215  847.80046   28  358  868.00000  836.32488  3.65%   947  374s
  5991  3337  847.75174   25  427  868.00000  836.44017  3.64%   944  384s
  6202  3587  848.12673   27  379  868.00000  836.55120  3.62%   943  394s
  6527  3792  840.56390   21  408  868.00000  836.68665  3.61%   929  401s
  6835  3976  841.67061   30  377  868.00000  836.80258  3.59%   923  411s
  7070  4189  856.65311   58  290  868.00000  836.85946  3.59%   922  421s
  7327  4384     cutoff   58       868.00000  836.87844  3.59%   914  431s
  7681  4679  842.08124   31  505  868.00000  837.05509  3.57%   903  441s
  8081  4903  848.16765   26  427  868.00000  837.23433  3.54%   892  453s
  8460  5149  856.89627   35  344  868.00000  837.39359  3.53%   883  466s
  8836  5386  843.86599   24  252  868.00000  837.44964  3.52%   878  478s
  9288  5748  842.70498   27  473  868.00000  837.69761  3.49%   865  492s
  9812  6053  859.32211   32  385  868.00000  837.91193  3.47%   853  502s
 10259  6054  859.26597   43  400  868.00000  838.06280  3.45%   843  511s
 10261  6055  866.23936   75  337  868.00000  838.06280  3.45%   843  515s
 10262  6056  854.51625   34  397  868.00000  838.06280  3.45%   843  522s
 10264  6057  842.72389   40  467  868.00000  838.06280  3.45%   843  526s
 10267  6059  851.63801   28  562  868.00000  838.06280  3.45%   842  531s
 10272  6063  850.58159   49  531  868.00000  838.06280  3.45%   842  536s
 10274  6064  845.09635   30  468  868.00000  838.06280  3.45%   842  541s
 10279  6067  840.16034   33  523  868.00000  838.06280  3.45%   841  546s
 10284  6071  841.88283   24  489  868.00000  838.06280  3.45%   841  552s
 10285  6071  849.57859   47  489  868.00000  838.06280  3.45%   841  561s
 10288  6077  838.06280   22  465  868.00000  838.06280  3.45%   855  565s
 10371  6107  838.77681   28  433  868.00000  838.06280  3.45%   859  570s
 10460  6103  839.74693   32  378  868.00000  838.06280  3.45%   856  575s
 10499  6116  839.76131   35  349  868.00000  838.06280  3.45%   858  580s
 10549  6141  841.51178   40  335  868.00000  838.06280  3.45%   861  585s
 10612  6191  842.54523   48  393  868.00000  838.06280  3.45%   863  590s
 10679  6214  844.34948   52  361  868.00000  838.06280  3.45%   862  596s
 10780  6244  853.03867   61  192  868.00000  838.06280  3.45%   862  600s
 10871  6254  863.91689   81  211  868.00000  838.06280  3.45%   861  605s
 10931  6294  865.73076   84  243  868.00000  838.06280  3.45%   862  610s
 11033  6331  839.39267   36  423  868.00000  838.06280  3.45%   863  616s
 11063  6349  840.48417   38  422  868.00000  838.06280  3.45%   864  620s
 11152  6423  848.89238   44  409  868.00000  838.06280  3.45%   868  625s
 11295  6441  847.38295   53  361  868.00000  838.06280  3.45%   864  630s
 11466  6502     cutoff   94       868.00000  838.06280  3.45%   863  638s
 11528  6513  844.51077   34  257  868.00000  838.06280  3.45%   863  641s
 11611  6558  851.42970   39  224  868.00000  838.06280  3.45%   864  646s
 11717  6638  849.84874   32  414  868.00000  838.06280  3.45%   866  651s
 11862  6652  840.79852   32  420  868.00000  838.09788  3.44%   863  657s
 11918  6709  850.97647   38  391  868.00000  838.09788  3.44%   863  660s
 12155  6712  839.30554   31  495  868.00000  838.61024  3.39%   856  666s
 12186  6756  857.34347   40  356  868.00000  838.62922  3.38%   858  670s
 12428  6807  856.62438   48  410  868.00000  838.62922  3.38%   853  677s
 12540  6823  852.38843   31  396  868.00000  838.62922  3.38%   852  681s
 12638  6853  845.77905   34  451  868.00000  838.62922  3.38%   851  685s
 12735  6827  850.80666   43  372  868.00000  838.62922  3.38%   851  694s
 12739  6850  851.29835   44  381  868.00000  838.62922  3.38%   852  697s
 12795  6877  857.49331   36  402  868.00000  838.62922  3.38%   851  701s
 12868  6929  842.70824   36  417  868.00000  839.02479  3.34%   850  706s
 12978  6974  853.07688   37  401  868.00000  839.04999  3.34%   850  710s
 13101  7011  858.59770   50  342  868.00000  839.14594  3.32%   850  715s
 13281  7051  846.62923   40  420  868.00000  839.26773  3.31%   844  720s
 13419  7072  843.94179   33  450  868.00000  839.26773  3.31%   844  727s
 13564  7114  862.06951   58  298  868.00000  839.43380  3.29%   843  732s
 13714  7164  847.49523   46  378  868.00000  839.61550  3.27%   842  738s
 13918  7176  851.43937   46  339  868.00000  839.61550  3.27%   838  745s
 14096  7161  850.85202   46  198  868.00000  839.84252  3.24%   835  753s
 14183  7220  846.51901   36  436  868.00000  839.84252  3.24%   833  760s
 14373  7354  853.76982   48  368  868.00000  839.89033  3.24%   833  770s
 14709  7391  849.79691   42  400  868.00000  840.02749  3.22%   825  777s
 14912  7461  842.00739   40  434  868.00000  840.04499  3.22%   822  786s
 15122  7617  856.01402   69  331  868.00000  840.04499  3.22%   821  795s
 15447  7658  843.80590   39  427  868.00000  840.22618  3.20%   816  801s
 15685  7768  850.76730   51  354  868.00000  840.22618  3.20%   816  813s
 16001  7869     cutoff   65       868.00000  840.25739  3.20%   811  821s
 16321  7998  846.77703   48  277  868.00000  840.37838  3.18%   808  831s
 16743  8094  845.19830   33  442  868.00000  840.49504  3.17%   801  840s
 17128  8206  862.42105   48  364  868.00000  840.51634  3.17%   796  850s
 17588  8335  865.78063   74  139  868.00000  840.65168  3.15%   791  862s
 18012  8435  846.45850   35  428  868.00000  840.77613  3.14%   786  874s
 18412  8601  846.29872   34  424  868.00000  840.85156  3.13%   782  888s
 19053  8695  863.84485   41  404  868.00000  840.92010  3.12%   772  901s
 19575  8753  845.00243   32  461  868.00000  841.00616  3.11%   768  914s
 20011  8970  848.05426   47  228  868.00000  841.08992  3.10%   764  928s
 20611  8772  862.69442   66  400  868.00000  841.12940  3.10%   758  937s
 20613  8773  848.45795   52  337  868.00000  841.12940  3.10%   758  940s
 20615  8775  863.93406   58  407  868.00000  841.12940  3.10%   758  945s
 20618  8777  859.17395   49  469  868.00000  841.12940  3.10%   758  951s
 20620  8778  842.64273   32  517  868.00000  841.12940  3.10%   758  956s
 20623  8780  846.25874   39  525  868.00000  841.12940  3.10%   757  960s
 20626  8782  847.23083   34  558  868.00000  841.12940  3.10%   757  965s
 20631  8785  854.66917   40  517  868.00000  841.12940  3.10%   757  970s
 20633  8787  860.95648   39  481  868.00000  841.12940  3.10%   757  979s
 20634  8787  860.27098   61  481  868.00000  841.12940  3.10%   757  987s
 20641  8794  841.12940   38  439  868.00000  841.12940  3.10%   764  990s
 20701  8833  841.12940   43  463  868.00000  841.12940  3.10%   767  995s
 20784  8848  841.12940   46  428  868.00000  841.12940  3.10%   767 1000s
 20818  8850  841.12940   47  448  868.00000  841.12940  3.10%   768 1005s
 20860  8868  841.42946   50  389  868.00000  841.12940  3.10%   769 1010s
 20895  8885  845.87669   54  298  868.00000  841.12940  3.10%   771 1015s
 20947  8915  855.11731   63  139  868.00000  841.12940  3.10%   773 1020s
 21162  8925  841.12940   47  491  868.00000  841.12940  3.10%   770 1025s
 21274  8991  849.85239   62  401  868.00000  841.12940  3.10%   772 1030s
 21485  9084  862.76062   99  312  868.00000  841.12940  3.10%   772 1035s
 21639  9146  851.17422   63  374  868.00000  841.12940  3.10%   773 1040s
 21837  9220  841.62566   54  452  868.00000  841.12940  3.10%   773 1046s
 21979  9219  847.60250   63  357  868.00000  841.12940  3.10%   770 1051s
 22049  9305  857.32310   94  393  868.00000  841.12940  3.10%   771 1055s
 22301  9392  861.29767   68  316  868.00000  841.12940  3.10%   769 1062s
 22457  9411  844.77939   49  293  868.00000  841.12940  3.10%   769 1066s
 22614  9448  851.17377   49  273  868.00000  841.12940  3.10%   770 1072s
 22827  9441  845.87849   53  346  868.00000  841.12940  3.10%   767 1077s
 22831  9444  848.90201   54  333  868.00000  841.12940  3.10%   767 1080s
 22840  9506  850.09562   56  349  868.00000  841.12940  3.10%   767 1086s
 23041  9582  850.78368   54  432  868.00000  841.12940  3.10%   767 1092s
 23143  9617  860.97436   70  254  868.00000  841.12940  3.10%   767 1095s
 23378  9666  842.20368   51  453  868.00000  841.12940  3.10%   767 1102s
 23473  9751  850.82744   60  402  868.00000  841.12940  3.10%   767 1106s
 23611  9788  852.29800   55  371  868.00000  841.12940  3.10%   767 1110s
 23909  9952  859.64521   69  308  868.00000  841.12940  3.10%   765 1119s
 24111 10018  855.26675   56  430  868.00000  841.12940  3.10%   763 1123s
 24360 10003  855.59903   76  249  868.00000  841.16438  3.09%   759 1127s
 24502 10046  849.14933   53  294  868.00000  841.27486  3.08%   759 1131s
 24703 10083  851.92321   59  382  868.00000  841.29827  3.08%   758 1136s
 24878 10150  846.87857   55  353  868.00000  841.32363  3.07%   758 1140s
 25070 10202  865.92546   61  290  868.00000  841.44664  3.06%   757 1145s
 25300 10300  852.85091   66  422  868.00000  841.46297  3.06%   756 1150s
 25560 10360  854.52852   85  327  868.00000  841.49497  3.05%   754 1155s
 25814 10444  858.76810   60  433  868.00000  841.54615  3.05%   752 1161s
 26066 10548  845.57928   55  501  868.00000  841.64631  3.04%   751 1167s
 26379 10659  846.26521   62  366  868.00000  841.69088  3.03%   749 1173s
 26698 10816  850.11508   73  264  868.00000  841.71524  3.03%   748 1179s
 27100 10877  846.79469   60  454  868.00000  841.85891  3.01%   745 1186s
 27433 10997  848.48286   52  425  868.00000  841.99998  3.00%   743 1193s
 27767 11086  861.39787   84  310  868.00000  842.00434  2.99%   742 1199s
 28150 11157  850.41051   58  251  868.00000  842.15767  2.98%   740 1206s
 28521 11357  861.02651   56  311  868.00000  842.23903  2.97%   739 1214s
 28994 11514  862.85405   88  347  868.00000  842.40541  2.95%   736 1222s
 29462 11494  847.08906   59  455  868.00000  842.44253  2.94%   733 1232s
H29686 11046                     866.0000000  842.52097  2.71%   732 1241s
 30107 11278  849.28036   56  434  866.00000  842.71076  2.69%   731 1250s
 30640 11440  854.03279   72  339  866.00000  842.83013  2.68%   729 1259s
 31226 11776  851.71533   67  322  866.00000  842.91688  2.67%   726 1268s
 32069 11771  845.95479   52  318  866.00000  843.07338  2.65%   719 1273s
 32510 11813  849.70720   52  416  866.00000  843.16052  2.64%   715 1277s
 32840 11894  857.75375   63  262  866.00000  843.16820  2.64%   713 1282s
 33167 12082  862.17280   81  319  866.00000  843.24902  2.63%   712 1287s
 33607 12136  850.46156   53  252  866.00000  843.31311  2.62%   709 1292s
 33962 12327  852.00027   71  333  866.00000  843.39565  2.61%   707 1296s
 34390 12452  856.08335   66  388  866.00000  843.48847  2.60%   705 1302s
 34811 12572  847.99375   56  416  866.00000  843.53707  2.59%   702 1307s
H35059 10327                     862.0000000  843.53707  2.14%   700 1307s
 35167 10457  852.83878   52  405  862.00000  843.57371  2.14%   700 1312s
 35582 10580  859.55419   69  259  862.00000  843.66152  2.13%   697 1317s
 36075 10707  846.41819   51  461  862.00000  843.84628  2.11%   694 1322s
 36482 10776  853.38295   75  374  862.00000  843.86311  2.10%   693 1327s
 36902 10853  858.16681   55  407  862.00000  843.94747  2.09%   691 1332s
 37297 10873  849.32491   53  399  862.00000  843.99226  2.09%   690 1337s
 37629 10975  849.63343   57  380  862.00000  844.04335  2.08%   688 1342s
 38025 11087  845.82393   55  430  862.00000  844.13936  2.07%   687 1347s
 38438 11187  850.01687   65  365  862.00000  844.18087  2.07%   685 1352s
 38910 11298  851.83117   57  340  862.00000  844.25117  2.06%   683 1357s
 39425 11357     cutoff   76       862.00000  844.33097  2.05%   679 1362s
 39865 11441  851.11164   55  352  862.00000  844.39091  2.04%   677 1366s
 40260 11556  854.28578   69  313  862.00000  844.43583  2.04%   675 1372s
 40698 11653  850.40493   57  341  862.00000  844.49456  2.03%   673 1376s
 41176 11735  857.40345   64  346  862.00000  844.59013  2.02%   671 1381s
 41587 11599  851.84565   54  400  862.00000  844.63335  2.01%   669 1385s
 41591 11602  855.19150   84  448  862.00000  844.63335  2.01%   669 1390s
 41598 11606  854.14365   57  499  862.00000  844.63335  2.01%   669 1395s
 41609 11614  857.01946   58  539  862.00000  844.63335  2.01%   669 1403s
 41611 11615  860.03090   90  529  862.00000  844.63335  2.01%   669 1405s
 41613 11616  860.94359   88  454  862.00000  844.63335  2.01%   669 1410s
 41646 11646  844.63335   52  451  862.00000  844.63335  2.01%   672 1415s
 41753 11672  851.32789   60  199  862.00000  844.63335  2.01%   673 1420s
 41899 11713  844.63335   53  409  862.00000  844.63335  2.01%   674 1425s
 42029 11772  846.99745   65  328  862.00000  844.63335  2.01%   676 1430s
 42258 11830  845.77683   61  342  862.00000  844.63335  2.01%   676 1435s
 42452 11920  853.86175   83  310  862.00000  844.63335  2.01%   676 1440s
 42738 11977  855.60772   79  312  862.00000  844.63335  2.01%   675 1446s
 42919 12034  856.06590   76  434  862.00000  844.63335  2.01%   675 1450s
 43127 12076     cutoff   97       862.00000  844.63335  2.01%   675 1455s
 43317 12125  845.58185   54  455  862.00000  844.63335  2.01%   674 1460s
H43533 11427                     858.0000000  844.63335  1.56%   674 1463s
 43558 11448  851.40440   55  329  858.00000  844.63335  1.56%   674 1465s
 43916 11484  852.06218   69  304  858.00000  844.63335  1.56%   673 1471s
 44064 11439  849.72140   52  387  858.00000  844.63335  1.56%   673 1475s
 44074 11446  852.38384   77  538  858.00000  844.63335  1.56%   672 1480s
 44081 11450  847.41418   65  574  858.00000  844.63335  1.56%   672 1485s
 44087 11457  844.63335   60  437  858.00000  844.63335  1.56%   674 1490s
 44175 11497  846.02129   70  432  858.00000  844.63335  1.56%   676 1495s
 44400 11506  844.63335   66  465  858.00000  844.63335  1.56%   676 1500s
 44658 11548  844.63335   68  409  858.00000  844.63335  1.56%   676 1505s
 44942 11619  853.31610   75  353  858.00000  844.63335  1.56%   676 1510s
 45229 11657  853.94606   84  430  858.00000  844.63335  1.56%   675 1515s
 45495 11681  847.46459   71  490  858.00000  844.63335  1.56%   675 1520s
 45833 11684  846.57865   71  399  858.00000  844.66450  1.55%   674 1525s
 46178 11739  849.82153   68  428  858.00000  844.94089  1.52%   673 1531s
 46528 11752  852.96320   76  440  858.00000  845.23557  1.49%   672 1536s
 46971 11732  848.11713   74  457  858.00000  845.61056  1.44%   669 1541s
 47301 11759  851.84280   76  346  858.00000  845.75338  1.43%   667 1545s
 47984 11747  848.75960   83  413  858.00000  846.29026  1.36%   663 1552s
 48439 11787  854.64381   77  328  858.00000  846.49440  1.34%   661 1556s
 49051 11757  851.47379   77  413  858.00000  846.66078  1.32%   657 1561s
 49653 11782  848.52860   71  389  858.00000  846.87856  1.30%   654 1566s
 50435 11666  856.32020   95  196  858.00000  847.19763  1.26%   649 1572s
 50440 11737     cutoff   96       858.00000  847.19763  1.26%   649 1575s
 51158 11775  849.25389   79  375  858.00000  847.43648  1.23%   645 1581s
 52032 11627  855.76399   81  400  858.00000  847.61425  1.21%   641 1613s
 52035 11629  849.51723   79  390  858.00000  847.61425  1.21%   641 1615s
 52044 11635  851.01399   72  544  858.00000  847.61425  1.21%   641 1621s
 52047 11637  850.74676   68  566  858.00000  847.61425  1.21%   641 1625s
 52051 11640  849.59207   67  592  858.00000  847.61425  1.21%   641 1632s
 52053 11641  851.52694   81  598  858.00000  847.61425  1.21%   641 1635s
 52056 11643  848.08565   67  629  858.00000  847.61425  1.21%   641 1640s
 52061 11646  850.78973   70  630  858.00000  847.61425  1.21%   641 1645s
 52066 11650  850.00825   70  635  858.00000  847.61425  1.21%   641 1651s
 52070 11652  848.37536   73  631  858.00000  847.61425  1.21%   641 1655s
 52074 11655  852.11361   88  615  858.00000  847.61425  1.21%   641 1660s
 52080 11659  851.20990   84  664  858.00000  847.61425  1.21%   641 1666s
 52084 11662  848.58439   72  665  858.00000  847.61425  1.21%   641 1670s
 52090 11666  852.03933   99  680  858.00000  847.61425  1.21%   640 1676s
 52092 11667  854.72851  101  672  858.00000  847.61425  1.21%   640 1681s
 52094 11668  849.85624   69  701  858.00000  847.61425  1.21%   640 1685s
 52100 11672  851.09633   83  658  858.00000  847.61425  1.21%   640 1691s
 52104 11675  854.97316   79  696  858.00000  847.61425  1.21%   640 1696s
 52107 11677  854.40719   97  585  858.00000  847.61425  1.21%   640 1700s
 52110 11679  852.75691   85  729  858.00000  847.61425  1.21%   640 1706s
 52114 11682  849.91832   87  717  858.00000  847.61425  1.21%   640 1710s
 52117 11684  853.94630   85  657  858.00000  847.61425  1.21%   640 1715s
 52120 11686  851.84196   83  709  858.00000  847.61425  1.21%   640 1721s
 52122 11687  849.09669   81  712  858.00000  847.61425  1.21%   640 1725s
 52128 11691  854.40294   81  695  858.00000  847.61425  1.21%   640 1731s
 52130 11692  855.68299   77  705  858.00000  847.61425  1.21%   640 1735s
 52132 11694  855.76399   81  706  858.00000  847.61425  1.21%   640 1740s
 52135 11696  849.51723   79  646  858.00000  847.61425  1.21%   640 1745s
 52137 11697  849.29256   75  702  858.00000  847.61425  1.21%   640 1750s
 52139 11698  852.12303   74  703  858.00000  847.61425  1.21%   640 1755s
 52141 11700  854.01490   98  707  858.00000  847.61425  1.21%   640 1761s
 52143 11701  852.71414   85  714  858.00000  847.61425  1.21%   640 1766s
 52145 11702  852.78271   85  639  858.00000  847.61425  1.21%   640 1772s
 52147 11707  847.61425   70  577  858.00000  847.61425  1.21%   643 1775s
 52218 11741  855.39294   78  461  858.00000  847.61425  1.21%   645 1780s
 52419 11743  853.37217   80  404  858.00000  847.61425  1.21%   645 1785s
 52623 11743  851.53536   80  441  858.00000  847.61425  1.21%   646 1790s
 52825 11783  856.26441   91  438  858.00000  847.61425  1.21%   646 1795s
 53026 11775  854.98313   82  381  858.00000  847.61425  1.21%   646 1800s
 53203 11796  853.86338   78  392  858.00000  847.61425  1.21%   646 1805s
 53502 11799  848.19165   85  519  858.00000  847.61425  1.21%   646 1810s
 53714 11817  853.06966   89  416  858.00000  847.61425  1.21%   645 1815s
 54070 11831  855.67822   81  502  858.00000  847.71268  1.20%   644 1821s
 54385 11830  853.16117   86  456  858.00000  847.98031  1.17%   643 1826s
 54683 11798  854.36887  101  277  858.00000  848.21761  1.14%   642 1830s
 55134 11806  856.32445   93  397  858.00000  848.45322  1.11%   641 1836s
 55500 11838  853.98823   82  485  858.00000  848.67938  1.09%   639 1841s
 56012 11844  854.63459   84  489  858.00000  848.76028  1.08%   636 1846s
 56385 11832  854.57796   76  488  858.00000  849.03744  1.04%   634 1851s
 57064 11832  856.13690   94  432  858.00000  849.35057  1.01%   630 1857s
 57901 11842     cutoff   95       858.00000  849.64503  0.97%   626 1862s
 58353 11764  854.55978   87  399  858.00000  849.71797  0.97%   623 1865s
 59215 11745  853.06712   83  418  858.00000  850.07382  0.92%   619 1871s
 60126 11746  856.50439   93  309  858.00000  850.39822  0.89%   615 1878s
 60796 11712  853.85316   85  446  858.00000  850.60910  0.86%   611 1881s
 61381 11649  852.45481   82  443  858.00000  850.74087  0.85%   608 1885s
 62628 11531  854.65401   84  382  858.00000  851.04668  0.81%   602 1893s
 63339 11412     cutoff   83       858.00000  851.28677  0.78%   599 1895s
 64258 11309  853.82653   95  462  858.00000  851.43925  0.76%   594 1900s
 65552 11114  854.90673   89  470  858.00000  851.71501  0.73%   588 1906s
 66418 11037  854.86980   86  275  858.00000  851.92310  0.71%   584 1911s
 67346 10813  855.83530  103  332  858.00000  852.11044  0.69%   580 1915s
 68541 10565     cutoff   88       858.00000  852.29666  0.66%   575 1921s
*69284  9462              93     857.0000000  852.43907  0.53%   571 1923s
 69544  9377  853.94458   98  334  857.00000  852.48670  0.53%   570 1925s
 70922  8835  855.59331   84  209  857.00000  852.83333  0.49%   564 1931s
 71579  8528  855.37338  120  324  857.00000  853.01001  0.47%   562 1936s
 72534  7995     cutoff   94       857.00000  853.23974  0.44%   558 1940s
 74114  7071  856.00023   97  283  857.00000  853.66344  0.39%   551 1946s
 75748  5716     cutoff   97       857.00000  854.13977  0.33%   543 1951s
 77285  4135     cutoff   98       857.00000  854.67374  0.27%   535 1956s

Cutting planes:
  Gomory: 21
  Cover: 96
  Implied bound: 164
  Projected implied bound: 18
  Clique: 3
  MIR: 119
  Flow cover: 1129
  Flow path: 8
  GUB cover: 2
  Zero half: 183
  Network: 2
  RLT: 9
  Relax-and-lift: 93

Explored 79322 nodes (41744647 simplex iterations) in 1958.50 seconds (6499.40 work units)
Thread count was 4 (of 32 available processors)

Solution count 10: 857 858 862 ... 879

Optimal solution found (tolerance 1.00e-04)
Best objective 8.570000000000e+02, best bound 8.570000000000e+02, gap 0.0000%

Wrote result file './sol/E100_1000.8_R50.sol'

