
Gurobi 13.0.2 (mac64[arm], gurobi_cl) logging started Mon Jun 29 15:11:38 2026

Set parameter TokenServer to value "10.8.80.200"
Set parameter TimeLimit to value 43200
Set parameter LogFile to value "./log/E100_1000.5_R0.log"
Set parameter Threads to value 4
Using license file /Library/gurobi1302/gurobi.lic

Gurobi Optimizer version 13.0.2 build v13.0.2rc1 (mac64[arm] - Darwin 24.6.0 24G517)
Copyright (c) 2026, Gurobi Optimization, LLC

Read LP format model from file ./lp/E100_1000.5_R0.lp
Reading time = 0.03 seconds
root: 20808 rows, 20503 columns, 91914 nonzeros

Using Gurobi shared library /Library/gurobi1302/macos_universal2/lib/libgurobi130.dylib

CPU model: Apple M3 Ultra
Thread count: 32 physical cores, 32 logical processors, using up to 4 threads

Non-default parameters:
TimeLimit  43200
Threads  4

Optimize a model with 20808 rows, 20503 columns and 91914 nonzeros (Min)
Model fingerprint: 0x833bbf64
Model has 10100 linear objective coefficients
Variable types: 0 continuous, 20503 integer (0 binary)
Coefficient statistics:
  Matrix range     [1e+00, 1e+02]
  Objective range  [2e+00, 2e+02]
  Bounds range     [1e+00, 1e+00]
  RHS range        [1e+00, 1e+00]

Presolve removed 10503 rows and 303 columns
Presolve time: 0.11s
Presolved: 10305 rows, 20200 columns, 60410 nonzeros
Variable types: 0 continuous, 20200 integer (10200 binary)
Found heuristic solution: objective 6424.0000000
Found heuristic solution: objective 6319.0000000

Root relaxation: objective 1.829200e+02, 42749 iterations, 1.97 seconds (5.34 work units)

    Nodes    |    Current Node    |     Objective Bounds      |     Work
 Expl Unexpl |  Obj  Depth IntInf | Incumbent    BestBd   Gap | It/Node Time

     0     0  182.92000    0  298 6319.00000  182.92000  97.1%     -    2s
     0     0  829.48000    0  208 6319.00000  829.48000  86.9%     -    2s
H    0     0                    1472.0000000  829.48000  43.6%     -    2s
H    0     0                    1469.0000000  829.48000  43.5%     -    2s
H    0     0                    1435.0000000  829.48000  42.2%     -    2s
H    0     0                    1419.0000000  829.48000  41.5%     -    2s
H    0     0                    1371.0000000  829.48000  39.5%     -    2s
H    0     0                    1369.0000000  829.48000  39.4%     -    2s
H    0     0                    1225.0000000  829.48000  32.3%     -    2s
H    0     0                    1219.0000000  829.48000  32.0%     -    2s
H    0     0                    1215.0000000  829.48000  31.7%     -    3s
H    0     0                    1214.0000000  829.48000  31.7%     -    3s
H    0     0                    1203.0000000  829.48000  31.0%     -    3s
     0     0  936.47730    0  335 1203.00000  936.47730  22.2%     -    4s
     0     0  936.47730    0  206 1203.00000  936.47730  22.2%     -    6s
H    0     0                    1196.0000000  936.47730  21.7%     -    6s
H    0     0                    1190.0000000  936.47730  21.3%     -    6s
H    0     0                    1178.0000000  936.47730  20.5%     -    6s
H    0     0                    1168.0000000  936.47730  19.8%     -    6s
H    0     0                    1163.0000000  936.47730  19.5%     -    6s
H    0     0                    1161.0000000  936.47730  19.3%     -    7s
H    0     0                    1157.0000000  936.47730  19.1%     -    7s
H    0     0                    1141.0000000  936.47730  17.9%     -    7s
H    0     0                    1140.0000000  936.47730  17.9%     -    7s
H    0     0                    1105.0000000  936.47730  15.3%     -    7s
H    0     0                    1044.0000000  936.47730  10.3%     -    7s
H    0     0                    1032.0000000  936.47730  9.26%     -    7s
H    0     0                    1026.0000000  936.47730  8.73%     -    7s
     0     0  936.47730    0  346 1026.00000  936.47730  8.73%     -    7s
H    0     0                    1019.0000000  936.47730  8.10%     -    8s
H    0     0                    1018.0000000  936.47730  8.01%     -    8s
H    0     0                    1016.0000000  936.47730  7.83%     -    8s
H    0     0                    1015.0000000  936.47730  7.74%     -    8s
H    0     0                    1004.0000000  936.47730  6.73%     -    8s
     0     0  948.50852    0  366 1004.00000  948.50852  5.53%     -    8s
     0     0  948.51681    0  373 1004.00000  948.51681  5.53%     -    8s
     0     0  955.09422    0  436 1004.00000  955.09422  4.87%     -    9s
     0     0  955.09422    0  225 1004.00000  955.09422  4.87%     -    9s
H    0     0                    1000.0000000  955.09422  4.49%     -   10s
H    0     0                     994.0000000  955.09422  3.91%     -   10s
H    0     0                     990.0000000  955.09422  3.53%     -   10s
H    0     0                     989.0000000  955.09422  3.43%     -   10s
     0     0  955.09422    0  377  989.00000  955.09422  3.43%     -   10s
     0     0  955.28832    0  373  989.00000  955.28832  3.41%     -   10s
     0     0  955.31718    0  384  989.00000  955.31718  3.41%     -   10s
     0     0  955.31749    0  387  989.00000  955.31749  3.41%     -   10s
     0     0  968.79083    0  388  989.00000  968.79083  2.04%     -   11s
     0     0  968.79083    0  215  989.00000  968.79083  2.04%     -   11s
     0     0  968.79083    0  342  989.00000  968.79083  2.04%     -   11s
     0     0  968.79083    0  342  989.00000  968.79083  2.04%     -   11s
     0     0  968.79083    0  374  989.00000  968.79083  2.04%     -   11s
H    0     0                     987.0000000  968.79083  1.84%     -   11s
H    0     0                     985.0000000  968.79083  1.65%     -   11s
     0     0  968.79083    0  371  985.00000  968.79083  1.65%     -   11s
     0     0  968.79083    0  372  985.00000  968.79083  1.65%     -   11s
     0     0  969.91500    0  387  985.00000  969.91500  1.53%     -   11s
     0     0  969.91500    0  212  985.00000  969.91500  1.53%     -   11s
     0     0  969.91500    0  366  985.00000  969.91500  1.53%     -   11s
     0     0  969.91500    0  342  985.00000  969.91500  1.53%     -   11s
     0     0  969.91500    0  320  985.00000  969.91500  1.53%     -   11s
     0     0  969.91500    0  332  985.00000  969.91500  1.53%     -   11s
     0     0  971.15089    0  389  985.00000  971.15089  1.41%     -   12s
     0     0  971.15089    0  401  985.00000  971.15089  1.41%     -   12s
     0     0  971.15089    0  411  985.00000  971.15089  1.41%     -   12s
     0     0  971.15089    0  411  985.00000  971.15089  1.41%     -   12s
     0     0  971.15089    0  411  985.00000  971.15089  1.41%     -   12s
     0     0  971.15089    0  354  985.00000  971.15089  1.41%     -   12s
     0     0  971.19695    0  219  985.00000  971.19695  1.40%     -   12s
     0     0  971.19695    0  347  985.00000  971.19695  1.40%     -   12s
     0     0  971.19695    0  359  985.00000  971.19695  1.40%     -   12s
     0     0  971.19695    0  395  985.00000  971.19695  1.40%     -   12s
     0     0  971.19695    0  401  985.00000  971.19695  1.40%     -   12s
     0     0  971.19695    0  408  985.00000  971.19695  1.40%     -   12s
     0     0  971.19695    0  417  985.00000  971.19695  1.40%     -   12s
     0     0  971.19695    0  417  985.00000  971.19695  1.40%     -   12s
     0     0  971.19695    0  417  985.00000  971.19695  1.40%     -   12s
     0     0  971.19695    0  210  985.00000  971.19695  1.40%     -   12s
     0     2  971.22711    0  198  985.00000  971.22711  1.40%     -   12s
*  710   204              17     983.0000000  975.12861  0.80%  86.1   13s
*  891   183              10     982.0000000  976.09740  0.60%  85.7   13s

Cutting planes:
  Gomory: 9
  Cover: 30
  Implied bound: 181
  MIR: 99
  Flow cover: 37
  Flow path: 37
  Inf proof: 20
  Zero half: 5
  Network: 13
  RLT: 3
  Relax-and-lift: 24

Explored 1194 nodes (253920 simplex iterations) in 13.45 seconds (27.78 work units)
Thread count was 4 (of 32 available processors)

Solution count 10: 982 983 985 ... 1015

Optimal solution found (tolerance 1.00e-04)
Best objective 9.820000000000e+02, best bound 9.820000000000e+02, gap 0.0000%

Wrote result file './sol/E100_1000.5_R0.sol'

