
Gurobi 13.0.2 (mac64[arm], gurobi_cl) logging started Wed Jul  1 18:23:52 2026

Set parameter TokenServer to value "10.8.80.200"
Set parameter TimeLimit to value 43200
Set parameter LogFile to value "./log/E100_1000.9_R50.log"
Set parameter Threads to value 4
Using license file /Library/gurobi1302/gurobi.lic

Gurobi Optimizer version 13.0.2 build v13.0.2rc1 (mac64[arm] - Darwin 24.6.0 24G517)
Copyright (c) 2026, Gurobi Optimization, LLC

Read LP format model from file ./lp/E100_1000.9_R50.lp
Reading time = 0.05 seconds
root: 20808 rows, 20503 columns, 154276 nonzeros

Using Gurobi shared library /Library/gurobi1302/macos_universal2/lib/libgurobi130.dylib

CPU model: Apple M3 Ultra
Thread count: 32 physical cores, 32 logical processors, using up to 4 threads

Non-default parameters:
TimeLimit  43200
Threads  4

Optimize a model with 20808 rows, 20503 columns and 154276 nonzeros (Min)
Model fingerprint: 0xe7ef347e
Model has 10100 linear objective coefficients
Variable types: 0 continuous, 20503 integer (0 binary)
Coefficient statistics:
  Matrix range     [1e+00, 1e+02]
  Objective range  [1e+00, 1e+02]
  Bounds range     [1e+00, 1e+00]
  RHS range        [1e+00, 1e+00]

Presolve removed 10415 rows and 205 columns
Presolve time: 0.27s
Presolved: 10393 rows, 20298 columns, 103384 nonzeros
Variable types: 0 continuous, 20298 integer (10298 binary)
Found heuristic solution: objective 5715.0000000
Deterministic concurrent LP optimizer: primal and dual simplex
Showing primal log only...

Concurrent spin time: 0.00s

Solved with primal simplex

Root relaxation: objective 9.172194e+01, 29740 iterations, 0.49 seconds (0.79 work units)

    Nodes    |    Current Node    |     Objective Bounds      |     Work
 Expl Unexpl |  Obj  Depth IntInf | Incumbent    BestBd   Gap | It/Node Time

     0     0   91.72194    0  296 5715.00000   91.72194  98.4%     -    0s
     0     0  544.89651    0  319 5715.00000  544.89651  90.5%     -    1s
H    0     0                    2203.0000000  544.89651  75.3%     -    2s
H    0     0                    2154.0000000  544.89651  74.7%     -    2s
H    0     0                    2011.0000000  544.89651  72.9%     -    2s
H    0     0                    2005.0000000  544.89651  72.8%     -    2s
H    0     0                    1996.0000000  544.89651  72.7%     -    2s
H    0     0                    1729.0000000  544.89651  68.5%     -    2s
H    0     0                    1610.0000000  544.89651  66.2%     -    2s
H    0     0                    1364.0000000  544.89651  60.1%     -    2s
H    0     0                    1256.0000000  544.89651  56.6%     -    2s
H    0     0                    1162.0000000  544.89651  53.1%     -    2s
H    0     0                    1109.0000000  544.89651  50.9%     -    3s
H    0     0                    1104.0000000  544.89651  50.6%     -    3s
H    0     0                    1102.0000000  544.89651  50.6%     -    3s
H    0     0                    1098.0000000  544.89651  50.4%     -    3s
H    0     0                    1081.0000000  544.89651  49.6%     -    3s
     0     0  623.01350    0  353 1081.00000  623.01350  42.4%     -    5s
     0     0  627.66733    0  360 1081.00000  627.66733  41.9%     -    8s
H    0     0                    1079.0000000  627.66733  41.8%     -    8s
H    0     0                    1056.0000000  627.66733  40.6%     -    9s
H    0     0                    1035.0000000  627.66733  39.4%     -    9s
H    0     0                    1029.0000000  627.66733  39.0%     -   11s
H    0     0                     980.0000000  627.66733  36.0%     -   11s
H    0     0                     968.0000000  627.66733  35.2%     -   11s
H    0     0                     967.0000000  627.66733  35.1%     -   11s
H    0     0                     908.0000000  627.66733  30.9%     -   11s
H    0     0                     901.0000000  627.66733  30.3%     -   11s
H    0     0                     895.0000000  627.66733  29.9%     -   11s
H    0     0                     894.0000000  627.66733  29.8%     -   11s
     0     0  655.20081    0  396  894.00000  655.20081  26.7%     -   12s
H    0     0                     890.0000000  655.45985  26.4%     -   13s
H    0     0                     889.0000000  655.45985  26.3%     -   13s
H    0     0                     888.0000000  655.45985  26.2%     -   13s
H    0     0                     887.0000000  655.45985  26.1%     -   13s
H    0     0                     885.0000000  655.45985  25.9%     -   13s
H    0     0                     868.0000000  655.45985  24.5%     -   13s
H    0     0                     864.0000000  655.45985  24.1%     -   13s
H    0     0                     863.0000000  655.45985  24.0%     -   13s
H    0     0                     855.0000000  655.45985  23.3%     -   13s
H    0     0                     853.0000000  655.45985  23.2%     -   14s
H    0     0                     851.0000000  655.45985  23.0%     -   14s
H    0     0                     850.0000000  655.45985  22.9%     -   14s
H    0     0                     849.0000000  655.45985  22.8%     -   15s
H    0     0                     848.0000000  655.45985  22.7%     -   15s
H    0     0                     839.0000000  655.45985  21.9%     -   15s
H    0     0                     825.0000000  655.45985  20.6%     -   15s
H    0     0                     816.0000000  658.91975  19.3%     -   17s
H    0     0                     806.0000000  658.91975  18.2%     -   17s
H    0     0                     803.0000000  658.91975  17.9%     -   17s
H    0     0                     802.0000000  658.91975  17.8%     -   17s
H    0     0                     796.0000000  658.91975  17.2%     -   17s
H    0     0                     795.0000000  658.91975  17.1%     -   17s
H    0     0                     790.0000000  658.91975  16.6%     -   17s
H    0     0                     780.0000000  658.91975  15.5%     -   17s
H    0     0                     776.0000000  658.91975  15.1%     -   17s
     0     0  658.91975    0  370  776.00000  658.91975  15.1%     -   17s
     0     0  658.96668    0  373  776.00000  658.96668  15.1%     -   17s
     0     0  669.53755    0  416  776.00000  669.53755  13.7%     -   18s
     0     0  671.69753    0  420  776.00000  671.69753  13.4%     -   19s
     0     0  671.79359    0  438  776.00000  671.79359  13.4%     -   19s
     0     0  678.98440    0  457  776.00000  678.98440  12.5%     -   21s
     0     0  684.84300    0  465  776.00000  684.84300  11.7%     -   22s
     0     0  686.91503    0  496  776.00000  686.91503  11.5%     -   24s
     0     0  687.10707    0  506  776.00000  687.10707  11.5%     -   24s
     0     0  687.13585    0  505  776.00000  687.13585  11.5%     -   24s
     0     0  690.41643    0  476  776.00000  690.41643  11.0%     -   26s
     0     0  693.27544    0  531  776.00000  693.27544  10.7%     -   27s
     0     0  693.94489    0  524  776.00000  693.94489  10.6%     -   27s
     0     0  694.26227    0  515  776.00000  694.26227  10.5%     -   28s
     0     0  694.35237    0  520  776.00000  694.35237  10.5%     -   28s
     0     0  697.72584    0  505  776.00000  697.72584  10.1%     -   29s
     0     0  698.90557    0  507  776.00000  698.90557  9.93%     -   30s
     0     0  699.09734    0  522  776.00000  699.09734  9.91%     -   31s
     0     0  699.09890    0  544  776.00000  699.09890  9.91%     -   31s
     0     0  701.45818    0  554  776.00000  701.45818  9.61%     -   32s
     0     0  701.87424    0  545  776.00000  701.87424  9.55%     -   33s
     0     0  701.95353    0  548  776.00000  701.95353  9.54%     -   33s
     0     0  702.55262    0  570  776.00000  702.55262  9.46%     -   34s
     0     0  702.71259    0  570  776.00000  702.71259  9.44%     -   34s
     0     0  702.71259    0  570  776.00000  702.71259  9.44%     -   34s
     0     0  702.71259    0  516  776.00000  702.71259  9.44%     -   35s
H    0     0                     775.0000000  702.71259  9.33%     -   38s
     0     2  702.71259    0  503  775.00000  702.71259  9.33%     -   40s
    11    23  703.85983    4  552  775.00000  703.39785  9.24%  4038   45s
    55    63  708.08797   11  484  775.00000  703.39785  9.24%  2382   50s
H   71    73                     774.0000000  703.39785  9.12%  2502   52s
H   77    83                     771.0000000  703.39785  8.77%  2435   53s
    88    93  708.44846   17  466  771.00000  703.39785  8.77%  2418   55s
   124   129  709.62728   20  443  771.00000  703.39785  8.77%  2343   60s
H  136   139                     770.0000000  703.39785  8.65%  2327   62s
   157   168  712.37884   26  443  770.00000  703.39785  8.65%  2356   65s
   199   209  714.85249   32  473  770.00000  703.39785  8.65%  2342   70s
   232   241  716.64055   39  459  770.00000  703.39785  8.65%  2301   75s
   275   296  717.58812   43  454  770.00000  703.39785  8.65%  2253   80s
H  336   340                     769.0000000  703.39785  8.53%  2113   86s
   421   496  725.48605   61  361  769.00000  703.39785  8.53%  1883   91s
   626   714  734.81529   74  282  769.00000  703.39785  8.53%  1425   95s
   926   881  737.44500   89  298  769.00000  703.42844  8.53%  1069  100s
   972   974  742.41222  112  251  769.00000  703.42844  8.53%  1077  105s
  1147  1079  740.38240  134  353  769.00000  703.42844  8.53%  1033  113s
  1149  1080  705.40556    7  355  769.00000  703.42844  8.53%  1031  117s
  1150  1081  752.59682  187  395  769.00000  703.42844  8.53%  1030  122s
  1152  1082  738.87911   82  397  769.00000  703.42844  8.53%  1029  125s
  1155  1084  741.20282  109  489  769.00000  704.90187  8.34%  1026  131s
  1158  1086  746.38333  139  439  769.00000  709.02391  7.80%  1023  135s
  1165  1091  724.70969   17  444  769.00000  712.06229  7.40%  1017  140s
  1168  1093  734.12000  114  439  769.00000  712.74823  7.31%  1015  145s
  1171  1095  739.87850   98  441  769.00000  713.05292  7.28%  1012  151s
H 1171  1039                     766.0000000  713.05292  6.91%  1012  154s
  1172  1040  742.96829  113  441  766.00000  713.05292  6.91%  1011  156s
  1175  1047  713.38933   13  424  766.00000  713.07387  6.91%  1154  161s
H 1184  1000                     765.0000000  713.39245  6.75%  1180  163s
  1187  1004  714.26637   16  465  765.00000  713.39245  6.75%  1183  165s
  1203  1014  714.32549   18  465  765.00000  713.39245  6.75%  1215  170s
H 1206   963                     764.0000000  713.39245  6.62%  1219  170s
  1217   975  718.12782   19  357  764.00000  713.39245  6.62%  1251  175s
  1237   988  715.06071   21  458  764.00000  713.39245  6.62%  1278  180s
H 1238   941                     759.0000000  713.39245  6.01%  1277  180s
  1274   976  715.82822   24  391  759.00000  713.39245  6.01%  1315  186s
  1303   986  720.06670   26  392  759.00000  713.39245  6.01%  1334  190s
  1362  1036  725.78809   29  398  759.00000  713.39245  6.01%  1332  195s
H 1408   993                     757.0000000  713.39245  5.76%  1306  197s
  1464  1006  734.99362   34  304  757.00000  713.39245  5.76%  1275  201s
  1534  1004  727.47463   36  236  757.00000  713.48206  5.75%  1238  206s
  1603   998  730.42191   40  257  757.00000  713.48206  5.75%  1219  210s
  1650  1023  734.66687   49  292  757.00000  713.57411  5.74%  1238  216s
  1680  1046  742.75000   57  115  757.00000  713.57411  5.74%  1260  220s
* 1761   995              32     752.0000000  714.95618  4.93%  1259  223s
  1774  1005  720.53284   17  199  752.00000  714.95618  4.93%  1252  226s
  1819  1043  722.22063   21  247  752.00000  714.95618  4.93%  1264  230s
  1924  1081  738.24118   30  149  752.00000  715.10832  4.91%  1242  235s
  2068  1075  745.77959   71  114  752.00000  715.10832  4.91%  1198  241s
  2176  1107  730.81527   20  144  752.00000  715.10832  4.91%  1182  246s
  2254  1095  738.77083   31  165  752.00000  715.35325  4.87%  1165  250s
  2304  1145  724.13488   30  416  752.00000  715.35325  4.87%  1197  256s
  2356  1152  722.26963   32  362  752.00000  715.35325  4.87%  1194  261s
  2387  1174  724.63342   36  338  752.00000  715.46438  4.86%  1199  265s
  2526  1231  730.26041   40  297  752.00000  715.46438  4.86%  1188  274s
  2620  1264  734.33133   45  260  752.00000  715.58649  4.84%  1179  278s
  2713  1267  744.56115   66  208  752.00000  715.58649  4.84%  1166  281s
  2768  1322  722.96947   21  310  752.00000  715.58649  4.84%  1173  286s
  2876  1357  720.37590   28  365  752.00000  715.84373  4.81%  1153  291s
  3074  1354  721.62341   31  346  752.00000  715.84373  4.81%  1102  295s
  3207  1392  729.93137   35  277  752.00000  715.84373  4.81%  1084  300s
  3385  1379  723.57461   21  400  752.00000  716.24383  4.75%  1060  305s
  3431  1463  739.45417   29  273  752.00000  716.30435  4.75%  1065  310s
  3604  1458  720.97115   23  375  752.00000  716.51186  4.72%  1047  316s
  3649  1544  732.49886   36  295  752.00000  716.54111  4.72%  1064  321s
  3749  1643  720.31964   29  359  752.00000  716.54111  4.72%  1069  325s
  3864  1731  727.48531   48  312  752.00000  716.54111  4.72%  1070  330s
  4075  1866  727.39734   30  380  752.00000  716.54111  4.72%  1073  339s
H 4229  1703                     747.0000000  716.88018  4.03%  1064  346s
  4262  1857  725.56487   30  305  747.00000  716.88018  4.03%  1062  351s
H 4355  1699                     744.0000000  716.88018  3.65%  1056  351s
  4502  1812  733.31288   39  355  744.00000  717.11528  3.61%  1041  357s
  4693  1813  728.29307   32  353  744.00000  717.11706  3.61%  1034  362s
  4696  1815  728.50792   23  391  744.00000  717.11706  3.61%  1034  367s
  4699  1817  739.25589   43  440  744.00000  717.11706  3.61%  1033  370s
H 4699  1726                     742.0000000  717.11706  3.35%  1033  370s
  4707  1731  725.78809   30  488  742.00000  717.11706  3.35%  1031  375s
  4713  1735  733.16777   37  493  742.00000  717.11706  3.35%  1030  381s
  4725  1749  717.38671   28  445  742.00000  717.11706  3.35%  1058  385s
  4752  1766  718.20162   31  435  742.00000  717.11706  3.35%  1066  390s
  4790  1794  722.63980   37  316  742.00000  717.11706  3.35%  1074  395s
  4922  1808  724.79647   43  406  742.00000  717.11706  3.35%  1064  400s
  5001  1825  735.99510   59  272  742.00000  717.70752  3.27%  1065  405s
  5144  1863  729.99872   31  259  742.00000  718.37503  3.18%  1060  410s
  5292  1861  733.71349   40  330  742.00000  718.94918  3.11%  1050  415s
  5486  1908     cutoff   31       742.00000  719.50385  3.03%  1039  420s
  5668  1945  728.44544   68  252  742.00000  719.72199  3.00%  1031  425s
  5860  1968  738.76832   35  219  742.00000  720.17008  2.94%  1022  430s
  6007  2003  727.88998   46  346  742.00000  720.25040  2.93%  1012  436s
  6124  2052  723.78326   33  371  742.00000  720.34764  2.92%  1007  440s
  6345  2110  728.11324   43  370  742.00000  720.44472  2.91%   998  446s
H 6540  1989                     741.0000000  720.51222  2.76%   980  449s
  6565  2021  735.36685   38  358  741.00000  720.51222  2.76%   981  451s
  6710  1988  735.55666   48  309  741.00000  720.78368  2.73%   971  457s
  6729  2036  735.56691   50  308  741.00000  720.78911  2.73%   971  461s
  6974  2057  736.08868   75  277  741.00000  721.04250  2.69%   957  465s
  7215  2096  735.84045   66  266  741.00000  721.04726  2.69%   946  471s
  7334  2106  724.06141   40  391  741.00000  721.12611  2.68%   943  475s
  7620  2174  724.15394   33  438  741.00000  721.52463  2.63%   933  482s
  7799  2212  723.38497   37  480  741.00000  721.81883  2.59%   925  485s
  8208  2351  726.14925   37  342  741.00000  722.10369  2.55%   907  492s
  8532  2379  724.56032   37  328  741.00000  722.25138  2.53%   888  496s
  8767  2446  727.96162   38  319  741.00000  722.33402  2.52%   879  500s
  9357  2605  727.19278   36  417  741.00000  722.62405  2.48%   856  507s
  9689  2617  739.27186   60  186  741.00000  722.75899  2.46%   844  511s
  9942  2793  730.40492   40  356  741.00000  722.97427  2.43%   836  516s
 10337  2795  732.51605   55  355  741.00000  723.12368  2.41%   821  520s
 10343  2799  727.20693   41  502  741.00000  723.12368  2.41%   820  525s
 10353  2806  738.77948   56  523  741.00000  723.12368  2.41%   820  531s
 10357  2809  731.97189   43  458  741.00000  723.12368  2.41%   819  535s
 10379  2830  723.12368   43  467  741.00000  723.12368  2.41%   831  540s
 10430  2866  723.12368   47  403  741.00000  723.12368  2.41%   838  545s
 10550  2907  723.85455   55  349  741.00000  723.12368  2.41%   841  550s
 10800  2943  724.19716   42  307  741.00000  723.12368  2.41%   839  555s
 10947  2987  724.34982   46  337  741.00000  723.12368  2.41%   840  560s
 11148  3060  732.60390   68  125  741.00000  723.12368  2.41%   835  565s
 11377  3145  730.60406   61  142  741.00000  723.12368  2.41%   832  571s
 11580  3126  725.58021   51  362  741.00000  723.12368  2.41%   826  575s
 11808  3188  728.04128   56  294  741.00000  723.12368  2.41%   822  580s
 12015  3264  727.02288   56  323  741.00000  723.12368  2.41%   818  586s
 12223  3285  738.03187  118  131  741.00000  723.12368  2.41%   812  590s
 12398  3300  726.10089   49  363  741.00000  723.12368  2.41%   810  595s
 12657  3356  731.63278   51  323  741.00000  723.12368  2.41%   805  601s
 12856  3423  736.21253   71  362  741.00000  723.12368  2.41%   802  605s
 13181  3463  735.47223   75  178  741.00000  723.12368  2.41%   793  611s
 13515  3486  726.11920   51  357  741.00000  723.30738  2.39%   785  618s
 13699  3553  734.41185   50  255  741.00000  723.39252  2.38%   781  621s
 14126  3596  738.17163   74  295  741.00000  723.46004  2.37%   769  627s
 14369  3654  734.86392   76  345  741.00000  723.61133  2.35%   763  630s
 14798  3786  727.70332   57  416  741.00000  723.92732  2.30%   753  638s
 15110  3857  736.56667   71  165  741.00000  723.96334  2.30%   747  642s
 15445  3898  727.59569   44  346  741.00000  724.29885  2.25%   740  646s
 16133  4004  729.50503   55  360  741.00000  724.45976  2.23%   726  653s
 16509  3993  727.22027   49  425  741.00000  724.75281  2.19%   720  658s
 16796  4111  730.32618   50  422  741.00000  724.89258  2.17%   714  662s
 17213  4190  728.48327   47  397  741.00000  724.98713  2.16%   707  667s
 17537  4342  735.43876   58  313  741.00000  725.06534  2.15%   705  672s
 17994  4506  733.43340   54  289  741.00000  725.17570  2.14%   698  676s
 18567  4602  739.26562   60  188  741.00000  725.30986  2.12%   687  681s
 19097  4740  729.03758   59  363  741.00000  725.49674  2.09%   678  686s
 19550  4852  732.45857   49  302  741.00000  725.55815  2.08%   673  694s
 19801  5177  738.04571   51  337  741.00000  725.61424  2.08%   668  700s
 20981  5863  728.58519   56  382  741.00000  725.92612  2.03%   655  711s
 21640  6112 infeasible   64       741.00000  726.09366  2.01%   647  715s
 22439  6586  735.08798   66  249  741.00000  726.22774  1.99%   639  723s
 22937  6870  732.28864   57  377  741.00000  726.33663  1.98%   633  726s
 23459  7070     cutoff   61       741.00000  726.42488  1.97%   626  730s
 24324  7557  731.03582   66  330  741.00000  726.58441  1.95%   616  737s
 24809  7750  734.54159   68  132  741.00000  726.65458  1.94%   611  741s
 25150  7982  735.62135   65  226  741.00000  726.71670  1.93%   608  745s
 25947  8459  730.66152   52  264  741.00000  726.89380  1.90%   601  753s
 26395  8661  732.35561   54  278  741.00000  726.93327  1.90%   597  756s
 27235  9055  733.66104   49  357  741.00000  727.01331  1.89%   589  762s
 27627  9306  732.35774   65  316  741.00000  727.07167  1.88%   586  766s
 28111  9566  736.80443   88  282  741.00000  727.11298  1.87%   581  770s
 28911  9945  739.25931   73  300  741.00000  727.20707  1.86%   575  778s
 29303 10198  737.29547   51  307  741.00000  727.29553  1.85%   572  782s
 29743 10429  730.39798   54  347  741.00000  727.33028  1.84%   569  787s
 30142 10689  735.97174   60  251  741.00000  727.37986  1.84%   566  790s
 31020 11136  732.46940   59  267  741.00000  727.41446  1.83%   560  796s
 31469 11137  733.26833   59  353  741.00000  727.50210  1.82%   557  840s
 31473 11140  739.35895   64  355  741.00000  727.50210  1.82%   557  845s
 31481 11145  733.16379   59  479  741.00000  727.50210  1.82%   557  850s
 31484 11147  734.18961   71  475  741.00000  727.50210  1.82%   557  856s
 31488 11150  730.14475   49  548  741.00000  727.50210  1.82%   557  860s
 31491 11152  735.50971   56  532  741.00000  727.50210  1.82%   557  868s
 31492 11152  734.37277   65  555  741.00000  727.50210  1.82%   557  871s
 31494 11154  736.86921   69  507  741.00000  727.50210  1.82%   557  876s
 31498 11156  730.18646   54  524  741.00000  727.50210  1.82%   557  882s
 31500 11158  732.07340   61  541  741.00000  727.50210  1.82%   557  885s
 31504 11160  736.55454   70  504  741.00000  727.50210  1.82%   556  890s
 31508 11163  736.25354   67  530  741.00000  727.50210  1.82%   556  896s
 31510 11164  736.23875   68  586  741.00000  727.50210  1.82%   556  900s
 31514 11167  737.38871   77  544  741.00000  727.50210  1.82%   556  907s
 31516 11168  738.13034   61  650  741.00000  727.50210  1.82%   556  910s
 31520 11171  733.40523   55  649  741.00000  727.50210  1.82%   556  916s
 31522 11172  732.25621   52  651  741.00000  727.50210  1.82%   556  920s
 31526 11175  728.80145   49  637  741.00000  727.50210  1.82%   556  926s
 31528 11176  738.09443   82  674  741.00000  727.50210  1.82%   556  932s
 31530 11178  735.09478   57  599  741.00000  727.50210  1.82%   556  935s
 31534 11180  730.73404   58  630  741.00000  727.50210  1.82%   556  941s
 31537 11182  736.73434   54  633  741.00000  727.50210  1.82%   556  945s
 31540 11184  731.10046   54  618  741.00000  727.50210  1.82%   556  951s
 31542 11186  730.30206   47  629  741.00000  727.50210  1.82%   556  955s
 31546 11188  734.72263   69  551  741.00000  727.50210  1.82%   556  962s
 31548 11190  733.15717   71  567  741.00000  727.50210  1.82%   556  965s
 31553 11193  733.97247   49  582  741.00000  727.50210  1.82%   556  970s
 31555 11194  731.47621   62  491  741.00000  727.50210  1.82%   556  975s
 31558 11196  729.24766   55  594  741.00000  727.50210  1.82%   556  981s
 31560 11198  727.66837   48  567  741.00000  727.50210  1.82%   556  985s
 31564 11200  731.03523   64  654  741.00000  727.50210  1.82%   555  991s
 31567 11202  735.30807   64  667  741.00000  727.50210  1.82%   555  996s
 31569 11204  733.26833   59  670  741.00000  727.50210  1.82%   555 1002s
 31570 11204  738.21128   55  668  741.00000  727.50210  1.82%   555 1005s
 31574 11207  735.02525   84  680  741.00000  727.50210  1.82%   555 1011s
 31576 11208  733.59930   60  629  741.00000  727.50210  1.82%   555 1015s
 31580 11211  734.31485   61  612  741.00000  727.50210  1.82%   555 1020s
 31584 11214  734.18961   71  639  741.00000  727.50210  1.82%   555 1025s
 31588 11216  730.14475   49  684  741.00000  727.50210  1.82%   555 1030s
 31593 11220  735.79322   57  704  741.00000  727.50210  1.82%   555 1035s
 31598 11223  730.18646   54  703  741.00000  727.50210  1.82%   555 1042s
 31600 11224  732.07340   61  682  741.00000  727.50210  1.82%   555 1046s
 31602 11226  738.96865   69  669  741.00000  727.50210  1.82%   555 1050s
 31606 11228  731.28984   71  638  741.00000  727.50210  1.82%   555 1055s
 31612 11232  738.01119   74  621  741.00000  727.50210  1.82%   555 1061s
 31616 11235  738.13034   61  654  741.00000  727.50210  1.82%   555 1066s
 31620 11238  733.40523   55  655  741.00000  727.50210  1.82%   554 1070s
 31622 11239  732.25621   52  655  741.00000  727.50210  1.82%   554 1075s
 31624 11240  731.90096   54  635  741.00000  727.50210  1.82%   554 1080s
 31628 11243  738.09443   82  664  741.00000  727.50210  1.82%   554 1085s
 31631 11245  737.28317   73  655  741.00000  727.50210  1.82%   554 1091s
 31632 11246  736.55979   67  649  741.00000  727.50210  1.82%   554 1098s
 31633 11246  732.90687   57  660  741.00000  727.50210  1.82%   554 1100s
 31637 11249  736.73434   54  657  741.00000  727.50210  1.82%   554 1105s
 31639 11250  738.53167   73  655  741.00000  727.50210  1.82%   554 1110s
 31641 11252  733.36007   61  658  741.00000  727.50210  1.82%   554 1115s
 31643 11253  738.40340   65  659  741.00000  727.50210  1.82%   554 1120s
 31645 11254  735.24139   91  657  741.00000  727.50210  1.82%   554 1127s
 31646 11255  734.72263   69  657  741.00000  727.50210  1.82%   554 1138s
 31650 11259  737.11418   72  350  741.00000  727.50210  1.82%   561 1140s
 31658 11264  729.24766   55  589  741.00000  727.50210  1.82%   561 1147s
 31660 11266  727.66837   48  656  741.00000  727.50210  1.82%   560 1150s
 31664 11268  731.03523   64  643  741.00000  727.50210  1.82%   560 1157s
 31665 11269  736.35035   61  640  741.00000  727.50210  1.82%   560 1160s
 31668 11271  732.86125   55  618  741.00000  727.50210  1.82%   560 1166s
 31671 11273  737.98442   80  632  741.00000  727.50210  1.82%   560 1170s
 31674 11275  735.02525   84  605  741.00000  727.50210  1.82%   560 1175s
 31678 11278  734.04686   56  655  741.00000  727.50210  1.82%   560 1180s
 31682 11280  732.41704   63  633  741.00000  727.50210  1.82%   560 1185s
 31686 11283  732.89742   66  606  741.00000  727.50210  1.82%   560 1191s
 31690 11286  732.22055   58  629  741.00000  727.50210  1.82%   560 1197s
 31692 11287  734.37277   65  638  741.00000  727.50210  1.82%   560 1200s
 31696 11290  733.16027   58  610  741.00000  727.50210  1.82%   560 1207s
 31700 11292  732.07340   61  623  741.00000  727.50210  1.82%   560 1212s
 31703 11294  730.84798   68  634  741.00000  727.50210  1.82%   560 1215s
 31707 11297  733.15152   70  513  741.00000  727.50210  1.82%   560 1222s
 31709 11298  738.51596   88  630  741.00000  727.50210  1.82%   560 1226s
 31712 11300  738.01119   74  648  741.00000  727.50210  1.82%   560 1230s
 31716 11303  738.13034   61  652  741.00000  727.50210  1.82%   559 1235s
 31719 11305  732.93829   92  587  741.00000  727.50210  1.82%   559 1241s
 31721 11306  735.77631   81  635  741.00000  727.50210  1.82%   559 1246s
 31724 11308  731.90096   54  637  741.00000  727.50210  1.82%   559 1251s
 31727 11310  735.24803   66  641  741.00000  727.50210  1.82%   559 1257s
 31728 11311  738.09443   82  577  741.00000  727.50210  1.82%   559 1261s
 31730 11312  735.09478   57  636  741.00000  727.50210  1.82%   559 1267s
 31731 11313  737.28317   73  641  741.00000  727.50210  1.82%   559 1270s
 31735 11316  734.28711   69  646  741.00000  727.50210  1.82%   559 1276s
 31737 11317  736.73434   54  642  741.00000  727.50210  1.82%   559 1280s
 31739 11318  738.53167   73  650  741.00000  727.50210  1.82%   559 1285s
 31741 11320  733.36007   61  646  741.00000  727.50210  1.82%   559 1290s
 31744 11322  734.72182   73  619  741.00000  727.50210  1.82%   559 1296s
 31746 11323  734.72263   69  640  741.00000  727.50210  1.82%   559 1301s
 31748 11324  733.15717   71  641  741.00000  727.50210  1.82%   559 1306s
 31750 11326  737.11418   72  645  741.00000  727.50210  1.82%   559 1311s
 31751 11326  732.42805   58  645  741.00000  727.50210  1.82%   559 1316s
 31752 11327  729.62485   49  645  741.00000  727.50210  1.82%   559 1325s
 31795 11369  727.50210   67  514  741.00000  727.50210  1.82%   566 1330s
 31934 11371  737.37424   78  292  741.00000  727.50210  1.82%   568 1335s
 32162 11421  732.06566   80  107  741.00000  727.50210  1.82%   567 1340s
 32360 11436  732.80330   74  246  741.00000  727.50210  1.82%   566 1345s
 32523 11464  730.65505   70  359  741.00000  727.50210  1.82%   567 1350s
 32733 11516  729.82339   74  387  741.00000  727.50210  1.82%   567 1355s
 32783 11518  734.79657   81  325  741.00000  727.50210  1.82%   567 1360s
 32914 11551  730.48702   82  227  741.00000  727.50210  1.82%   566 1365s
 33070 11578  738.67960   92  276  741.00000  727.50210  1.82%   567 1370s
 33286 11603  738.61203   85  238  741.00000  727.50210  1.82%   566 1376s
 33421 11626  729.60449   70  395  741.00000  727.50210  1.82%   566 1380s
 33701 11689  731.69800   88  106  741.00000  727.50210  1.82%   565 1385s
 34090 11689  736.57908   77  287  741.00000  727.50210  1.82%   562 1392s
 34293 11765  739.69741   96  258  741.00000  727.50210  1.82%   562 1396s
 34648 11754  731.19801   68  518  741.00000  727.50210  1.82%   560 1400s
 35005 11842  728.79533   76  279  741.00000  727.50952  1.82%   560 1407s
 35289 11841  734.95607   87  260  741.00000  727.67604  1.80%   557 1411s
 35772 11853  730.01378   70  377  741.00000  727.81659  1.78%   554 1417s
 35967 11889  730.61042   75  303  741.00000  727.81659  1.78%   553 1420s
 36543 11956  735.04551   84  305  741.00000  727.96422  1.76%   550 1428s
 36868 11948  732.67099   85  179  741.00000  728.07103  1.74%   548 1433s
 37132 12082  733.40531   78  354  741.00000  728.19784  1.73%   546 1438s
 37618 12075  737.61518   73  370  741.00000  728.31278  1.71%   542 1444s
 37952 12141  738.01172   81   51  741.00000  728.36464  1.71%   540 1449s
 38379 12243  733.58279   77  315  741.00000  728.41153  1.70%   537 1454s
 38836 12339  734.09167   75  249  741.00000  728.48476  1.69%   535 1460s
 39384 12368  737.35078   96  301  741.00000  728.56811  1.68%   531 1465s
 39881 12437  737.47853   80  291  741.00000  728.65847  1.67%   528 1470s
 40933 12598  735.01099   96  147  741.00000  728.77128  1.65%   522 1478s
 41517 12715  730.72179   67  501  741.00000  728.84952  1.64%   519 1484s
 42096 12753  737.75878   84  325  741.00000  728.89215  1.63%   516 1491s
 42616 12802  734.81946   75  365  741.00000  728.99818  1.62%   515 1496s
 43087 12899  732.27038   78  367  741.00000  729.05885  1.61%   513 1503s
 43631 12853  731.41375   72  348  741.00000  729.15964  1.60%   510 1508s
 43934 12913  739.63806   71  213  741.00000  729.18613  1.59%   510 1513s
 44351 12980  734.22703   71  364  741.00000  729.24992  1.59%   508 1518s
 44722 13072  734.74719   81  363  741.00000  729.27356  1.58%   507 1523s
 45154 13083  737.97819   79  332  741.00000  729.31233  1.58%   506 1529s
 45510 13161  737.81554   73  227  741.00000  729.38085  1.57%   505 1534s
 45943 13258     cutoff   75       741.00000  729.43098  1.56%   504 1539s
 46487 13275  733.21102   75  373  741.00000  729.45505  1.56%   502 1544s
 46959 13376  735.16535   74  341  741.00000  729.47529  1.56%   500 1548s
 47483 13435     cutoff  102       741.00000  729.53748  1.55%   498 1552s
 47922 13521  735.21081   75  280  741.00000  729.57370  1.54%   496 1555s
 48692 13624  738.94308   81  422  741.00000  729.63758  1.53%   495 1563s
 49112 13601  737.28734   77  357  741.00000  729.65506  1.53%   494 1568s
 49377 13530  731.73857   84  282  741.00000  729.68317  1.53%   493 1573s
 49470 13719  731.75920   85  291  741.00000  729.68933  1.53%   493 1577s
 49876 13810  736.51536   83  355  741.00000  729.71235  1.52%   491 1583s
 50419 13862  731.43974   71  361  741.00000  729.81371  1.51%   489 1588s
 50907 13911  733.54521   85  351  741.00000  729.84387  1.51%   487 1593s
 51381 13890     cutoff   74       741.00000  729.90073  1.50%   486 1598s
 51818 13951  732.53777   75  348  741.00000  729.93391  1.49%   484 1603s
 52397 14040  737.37178   76  333  741.00000  729.97127  1.49%   482 1609s
 53047 14012  736.52256   75  212  741.00000  730.02870  1.48%   480 1613s
 53517 14006  732.14717   74  292  741.00000  730.05929  1.48%   478 1616s
 53862 14081  735.92065   83  297  741.00000  730.08319  1.47%   477 1620s
 54620 14174  738.66444  103  259  741.00000  730.15956  1.46%   475 1625s
 55241 14305  732.13095   76  328  741.00000  730.22585  1.45%   473 1631s
 56003 14378  735.61940   77  158  741.00000  730.27607  1.45%   472 1637s
 56359 14467  732.36507   78  379  741.00000  730.30992  1.44%   471 1640s
 57106 14579  733.02450   77  436  741.00000  730.37510  1.43%   470 1647s
 57540 14579  737.64611   98  195  741.00000  730.39855  1.43%   469 1650s
 58370 14550  738.44843   80  217  741.00000  730.46346  1.42%   467 1657s
 58702 14663  731.92752   75  358  741.00000  730.48771  1.42%   466 1660s
 59444 14661  736.71757   76  346  741.00000  730.53015  1.41%   465 1667s
 59894 14692     cutoff   80       741.00000  730.56778  1.41%   464 1671s
 60349 14769  735.68701   82  284  741.00000  730.59178  1.40%   463 1675s
 61276 14860  736.51839   87  392  741.00000  730.64066  1.40%   461 1681s
 62175 14992  736.66857   77  324  741.00000  730.69705  1.39%   459 1687s
 62612 15181  732.19503   76  342  741.00000  730.72973  1.39%   458 1692s
 63267 15049  734.18913   82  384  741.00000  730.76954  1.38%   456 1695s
 63961 15241  732.72717   82  412  741.00000  730.81251  1.37%   454 1700s
 64633 15332  733.28381   77  390  741.00000  730.85370  1.37%   454 1706s
 65025 15421  735.95515   74  308  741.00000  730.87364  1.37%   453 1710s
 65919 15622  735.81146   87  292  741.00000  730.93517  1.36%   451 1716s
 66794 15906  735.19922   84  336  741.00000  731.00261  1.35%   449 1722s
 67111 16051  732.19194   78  293  741.00000  731.02699  1.35%   449 1725s
 67914 16440     cutoff   85       741.00000  731.07207  1.34%   448 1732s
 68422 16629  735.31333   98  309  741.00000  731.08570  1.34%   447 1735s
 69305 16998  734.26833   71  371  741.00000  731.13111  1.33%   445 1741s
 70074 17368  734.98438   82  254  741.00000  731.17468  1.33%   444 1747s
 70604 17559  732.19261   77  403  741.00000  731.20038  1.32%   443 1750s
 71469 17916  736.47699   84  376  741.00000  731.24611  1.32%   441 1757s
 71922 18142  735.51949   85  341  741.00000  731.27092  1.31%   440 1761s
 72773 18477     cutoff   84       741.00000  731.30999  1.31%   438 1768s
 73126 18650  737.18346   75  387  741.00000  731.34111  1.30%   438 1773s
 73556 18885  733.30956   78  344  741.00000  731.36113  1.30%   437 1778s
 74030 19093  735.38947   72  377  741.00000  731.38236  1.30%   437 1782s
 74475 19290  738.04335   75  338  741.00000  731.40260  1.30%   436 1786s
 74938 19501  735.41978   74  371  741.00000  731.41604  1.29%   436 1790s
 75897 19898  736.44099   88  388  741.00000  731.46115  1.29%   434 1797s
 76257 20045  732.77694   69  461  741.00000  731.47676  1.29%   434 1800s
 76893 20253  738.62210   83  229  741.00000  731.51859  1.28%   434 1807s
 77174 20495  734.26265   81  336  741.00000  731.52869  1.28%   434 1810s
 78074 20822  737.03715   81  312  741.00000  731.57438  1.27%   432 1815s
 78904 21249  734.06341   77  375  741.00000  731.60417  1.27%   432 1822s
 79358 21410  739.65306   84  325  741.00000  731.62048  1.27%   431 1826s
 80072 21739  737.85111   78  293  741.00000  731.64613  1.26%   431 1833s
 80469 21863  733.66856   72  350  741.00000  731.67128  1.26%   431 1838s
 80803 21990  735.88266   85  333  741.00000  731.67862  1.26%   430 1842s
 81242 22183  737.06574   78  322  741.00000  731.71558  1.25%   430 1846s
 81682 22372  732.40449   81  445  741.00000  731.72827  1.25%   430 1851s
 82100 22507  735.85841   75  318  741.00000  731.74282  1.25%   429 1856s
 82466 22691  735.14612   85  324  741.00000  731.75639  1.25%   429 1861s
 82946 22873     cutoff   75       741.00000  731.77176  1.25%   428 1866s
 83340 23049  734.77029   78  389  741.00000  731.78134  1.24%   428 1871s
 83822 23224  734.25188   80  369  741.00000  731.79456  1.24%   428 1875s
 84182 23457  733.42212   86  261  741.00000  731.80655  1.24%   428 1880s
 85122 23798  732.94122   81  334  741.00000  731.85377  1.23%   426 1888s
 85506 23878  733.33284   80  177  741.00000  731.86795  1.23%   426 1892s
 85698 23984  735.39154   77  340  741.00000  731.87458  1.23%   425 1895s
 86523 24373     cutoff   87       741.00000  731.91630  1.23%   424 1901s
 87420 24700  734.58688   75  290  741.00000  731.94721  1.22%   423 1906s
 87856 24817  736.29563   90  211  741.00000  731.96662  1.22%   423 1910s
 88666 25074  739.42568   87  303  741.00000  731.98574  1.22%   423 1917s
 88927 25201  737.73824   80  365  741.00000  731.98636  1.22%   422 1922s
 89345 25335  737.78983   73  347  741.00000  732.01301  1.21%   422 1927s
 89743 25430  735.49801   78  431  741.00000  732.03372  1.21%   422 1931s
 90068 25670  739.38202   86  330  741.00000  732.04469  1.21%   422 1936s
 90604 25926  736.79377   83  267  741.00000  732.06732  1.21%   421 1941s
 91088 26089  735.91804   75  256  741.00000  732.08395  1.20%   420 1945s
 91836 26407  738.26726   89  206  741.00000  732.11284  1.20%   420 1954s
 92337 26558  732.83648   76  358  741.00000  732.13384  1.20%   419 1958s
 92695 26605 infeasible   75       741.00000  732.14608  1.19%   419 1962s
 92849 26715     cutoff   75       741.00000  732.14798  1.19%   419 1966s
 93095 26809  737.67068   84  331  741.00000  732.15226  1.19%   419 1970s
 93411 26924  738.30718   87   84  741.00000  732.15856  1.19%   418 1975s
 94226 27209  733.35497   87  254  741.00000  732.20843  1.19%   417 1982s
 94618 27313  735.68628   89  261  741.00000  732.22142  1.18%   417 1985s
 95414 27597  735.30357   75  405  741.00000  732.25766  1.18%   416 1990s
 96253 27943  735.92846   81  327  741.00000  732.28105  1.18%   415 1995s
 97364 28281     cutoff   70       741.00000  732.32441  1.17%   414 2003s
 97762 28411  735.33482   89  326  741.00000  732.33566  1.17%   414 2006s
 98572 28739  735.49242   82  319  741.00000  732.36532  1.17%   413 2013s
 98968 28895     cutoff   85       741.00000  732.37848  1.16%   413 2016s
 99693 29186  733.08638   85  372  741.00000  732.39581  1.16%   412 2023s
 100096 29392  737.41241   83  226  741.00000  732.41204  1.16%   412 2026s
 100932 29724     cutoff   83       741.00000  732.43185  1.16%   411 2033s
 101373 29867  736.25635   77  337  741.00000  732.44799  1.15%   411 2036s
 101759 29966  738.14265   85  324  741.00000  732.45781  1.15%   411 2040s
 102571 30308  738.49824   85  342  741.00000  732.49247  1.15%   410 2045s
 103329 30604  738.68316   82  301  741.00000  732.51857  1.14%   410 2051s
 104090 30889  737.92423   79  134  741.00000  732.53762  1.14%   410 2058s
 104558 31059  733.84002   82  401  741.00000  732.54633  1.14%   409 2062s
 105033 31189  734.50698   77  330  741.00000  732.55607  1.14%   409 2065s
 105858 31506  736.85190   81  260  741.00000  732.57302  1.14%   408 2071s
 106691 31799  734.71755   82  306  741.00000  732.60254  1.13%   408 2077s
 107614 31982  737.75868   80  316  741.00000  732.62005  1.13%   407 2081s
 107718 32196  735.67817   85  371  741.00000  732.62372  1.13%   407 2086s
 108565 32463  736.79238   82  339  741.00000  732.64776  1.13%   406 2091s
 109432 32808  739.25908   85  361  741.00000  732.67177  1.12%   405 2097s
 109840 32961  734.82870   78  379  741.00000  732.69229  1.12%   405 2101s
 110571 33220  738.38783   73  396  741.00000  732.71400  1.12%   405 2107s
 110958 33329  738.89901   88  333  741.00000  732.72874  1.12%   405 2111s
 111800 33662  737.08944   90  333  741.00000  732.75293  1.11%   404 2118s
 112271 33873  738.63956   90  361  741.00000  732.77087  1.11%   404 2121s
 112735 34048  736.32371   81  349  741.00000  732.78174  1.11%   403 2125s
 113600 34225  737.42867   81  381  741.00000  732.79795  1.11%   403 2131s
 114433 34510  736.45392   91  301  741.00000  732.82360  1.10%   402 2139s
 114845 34732  736.99121   76  285  741.00000  732.83676  1.10%   402 2143s
 115414 34874  736.31628   77  391  741.00000  732.84753  1.10%   401 2147s
 115904 34981     cutoff   81       741.00000  732.86509  1.10%   401 2150s
 116666 35290  737.15680   96  247  741.00000  732.88275  1.10%   400 2157s
 117136 35394  737.72575   87  257  741.00000  732.88990  1.09%   400 2161s
 117902 35587  738.12595   93  280  741.00000  732.91316  1.09%   399 2168s
 118247 35729  736.29547   84  339  741.00000  732.92914  1.09%   399 2171s
 118614 35865  739.41886   87  348  741.00000  732.93740  1.09%   399 2175s
 119239 36097  735.14748   83  379  741.00000  732.95483  1.09%   399 2181s
 120123 36395  735.30327   74  373  741.00000  732.97389  1.08%   399 2186s
 120899 36666  738.95988   90  326  741.00000  732.99477  1.08%   398 2191s
 121750 36967  736.67829   92  260  741.00000  733.01527  1.08%   398 2196s
 122532 37148     cutoff   87       741.00000  733.04261  1.07%   398 2202s
 122981 37256  736.36046   81  356  741.00000  733.05497  1.07%   397 2206s
 123377 37391     cutoff   74       741.00000  733.06798  1.07%   397 2210s
 123809 37502  735.14828   75  385  741.00000  733.07694  1.07%   397 2215s
 124628 37841  736.34264   76  399  741.00000  733.09995  1.07%   396 2224s
 125002 38015  736.12657   80  395  741.00000  733.10693  1.07%   396 2230s
 125903 38244     cutoff   78       741.00000  733.13431  1.06%   396 2238s
 126336 38373  735.83075   81  374  741.00000  733.14253  1.06%   396 2242s
 126824 38497     cutoff   74       741.00000  733.15301  1.06%   395 2247s
 127184 38631  736.13061   88  338  741.00000  733.16289  1.06%   395 2251s
 127566 38762  738.26238   88  161  741.00000  733.17309  1.06%   395 2255s
 128390 38993  736.13185   87  284  741.00000  733.19437  1.05%   394 2263s
 128807 39094  734.22755   85  311  741.00000  733.20760  1.05%   394 2268s
 129217 39196  738.78937   87  417  741.00000  733.21352  1.05%   394 2272s
 129609 39377  734.34152   86  388  741.00000  733.22436  1.05%   394 2276s
 130077 39501  735.76622   85  346  741.00000  733.23768  1.05%   393 2280s
 130423 39586  737.19698   87  403  741.00000  733.24142  1.05%   393 2285s
 130922 39779  738.65711   92  218  741.00000  733.24947  1.05%   393 2292s
 131325 39900  733.68748   80  260  741.00000  733.26487  1.04%   393 2297s
 131829 40034  733.82788   78  421  741.00000  733.27455  1.04%   393 2301s
 132266 40087  736.78786   89  391  741.00000  733.28152  1.04%   392 2305s
 133035 40286     cutoff   93       741.00000  733.31125  1.04%   392 2310s
 133629 40576     cutoff   86       741.00000  733.32676  1.04%   392 2317s
 134147 40743  734.77821   89  392  741.00000  733.33980  1.03%   392 2322s
 134637 40864  736.48427   77  363  741.00000  733.35155  1.03%   392 2326s
 135112 40957  738.86665   84  353  741.00000  733.36261  1.03%   391 2331s
 135483 41126  735.25440   75  449  741.00000  733.37372  1.03%   391 2336s
 136067 41213  738.40626   85  328  741.00000  733.38839  1.03%   391 2340s
 136385 41288  734.09951   79  414  741.00000  733.39430  1.03%   391 2345s
 137170 41537  737.16891   85  343  741.00000  733.41224  1.02%   390 2353s
 137560 41657  738.22371   86  321  741.00000  733.42222  1.02%   390 2356s
 137833 41772  739.57129   77  331  741.00000  733.42699  1.02%   390 2361s
 138226 41908  737.06025   96  216  741.00000  733.43431  1.02%   390 2366s
 138659 42037  736.70948   83  335  741.00000  733.44668  1.02%   389 2370s
 139013 42174  739.46126   73  371  741.00000  733.45331  1.02%   389 2375s
 139969 42445  738.07289  109  156  741.00000  733.47143  1.02%   389 2383s
 140463 42568  738.59329   76  299  741.00000  733.48334  1.01%   388 2387s
 140781 42695     cutoff   75       741.00000  733.48971  1.01%   388 2391s
 141212 42823  738.10606   93  323  741.00000  733.49454  1.01%   388 2395s
 142069 43125  734.29532   92  306  741.00000  733.51554  1.01%   388 2403s
 142577 43239  735.36671   77  337  741.00000  733.52431  1.01%   387 2408s
 142951 43413  736.51976   89  380  741.00000  733.53300  1.01%   387 2412s
 143438 43540     cutoff   84       741.00000  733.54157  1.01%   387 2416s
 143853 43741  738.64982   73  434  741.00000  733.54809  1.01%   387 2420s
 144746 43953  734.81511   88  378  741.00000  733.56187  1.00%   386 2425s
 145570 44149  736.70617   94  213  741.00000  733.57913  1.00%   386 2431s
 146408 44387  735.11346   80  331  741.00000  733.60079  1.00%   385 2436s
 147213 44632  738.26051   81  359  741.00000  733.61189  1.00%   385 2442s
 147614 44781  734.31559   78  476  741.00000  733.61952  1.00%   385 2446s
 148085 44936  739.14549   86  185  741.00000  733.62586  1.00%   385 2450s
 149022 45158  734.22610   81  373  741.00000  733.64529  0.99%   384 2457s
 149460 45270  738.21557   96  233  741.00000  733.65213  0.99%   384 2461s
 149825 45378  736.75853   90  461  741.00000  733.65999  0.99%   384 2465s
 150582 45627     cutoff   87       741.00000  733.67423  0.99%   384 2473s
 151005 45794  739.22806   87  393  741.00000  733.68362  0.99%   383 2477s
 151509 45911     cutoff   88       741.00000  733.69044  0.99%   383 2481s
 151963 46040  736.59812   86  216  741.00000  733.69847  0.99%   383 2486s
 152445 46164  735.68981   95  381  741.00000  733.70788  0.98%   383 2490s
 153267 46435  734.92617   88  337  741.00000  733.72550  0.98%   382 2498s
 153724 46591  736.84124   78  415  741.00000  733.73097  0.98%   382 2502s
 154140 46720     cutoff   90       741.00000  733.74558  0.98%   382 2507s
 154536 46860     cutoff   74       741.00000  733.75179  0.98%   382 2511s
 154946 46971     cutoff   93       741.00000  733.75965  0.98%   382 2515s
 155791 47266  736.03796   86  279  741.00000  733.77528  0.97%   381 2524s
 156330 47453  736.22772   91  329  741.00000  733.78185  0.97%   381 2529s
 156853 47524  737.12685   95  307  741.00000  733.79143  0.97%   380 2533s
 157200 47644     cutoff   87       741.00000  733.79937  0.97%   380 2537s
 157554 47733  735.29751   76  403  741.00000  733.80505  0.97%   380 2541s
 157933 47857 infeasible   91       741.00000  733.81163  0.97%   380 2545s
 158806 48097  735.15860   76  355  741.00000  733.82874  0.97%   380 2551s
 159680 48334  736.73580   77  385  741.00000  733.84405  0.97%   379 2557s
 160494 48493     cutoff   81       741.00000  733.86102  0.96%   379 2563s
 160898 48634  737.57351   86  294  741.00000  733.86684  0.96%   378 2567s
 161339 48735  736.87116   76  288  741.00000  733.87742  0.96%   378 2570s
 162146 48980     cutoff   86       741.00000  733.89269  0.96%   378 2578s
 162590 49076  737.26850   88  384  741.00000  733.89950  0.96%   378 2582s
 162965 49207  736.00379   84  357  741.00000  733.90792  0.96%   378 2587s
 163398 49340  736.32779   95  351  741.00000  733.91611  0.96%   377 2591s
 163751 49481     cutoff   87       741.00000  733.92399  0.95%   377 2595s
 164455 49662  736.12647   83  315  741.00000  733.93759  0.95%   377 2602s
 164894 49708     cutoff   81       741.00000  733.94752  0.95%   377 2606s
 165213 49803  734.61339   79  355  741.00000  733.95645  0.95%   377 2610s
 166093 50031  737.59835   91  153  741.00000  733.97345  0.95%   377 2618s
 166526 50136  737.43633   83  372  741.00000  733.98222  0.95%   376 2622s
 166951 50198  737.21269   86  386  741.00000  733.99263  0.95%   376 2627s
 167350 50318  736.24836   75  306  741.00000  734.00404  0.94%   376 2632s
 167810 50459  736.32986   77  384  741.00000  734.01586  0.94%   376 2637s
 168343 50574  734.83385   76  458  741.00000  734.02385  0.94%   376 2641s
 168781 50719  739.06967   85  318  741.00000  734.03375  0.94%   376 2645s
 169617 50996  739.26367   77  374  741.00000  734.05150  0.94%   375 2653s
 170108 51139  734.49667   82  399  741.00000  734.06075  0.94%   375 2657s
 170563 51244  736.10035   82  278  741.00000  734.06490  0.94%   375 2661s
 171045 51308  735.41027   79  233  741.00000  734.07483  0.93%   375 2665s
 171725 51424     cutoff   84       741.00000  734.08706  0.93%   374 2673s
 172015 51502     cutoff   83       741.00000  734.09181  0.93%   374 2677s
 172420 51579  737.33792   80  414  741.00000  734.10025  0.93%   374 2680s
 173361 51842     cutoff   76       741.00000  734.11243  0.93%   374 2685s
 174272 52102     cutoff   82       741.00000  734.12804  0.93%   374 2690s
 175096 52298  739.26719   82  224  741.00000  734.13671  0.93%   373 2695s
 175964 52507  735.68377   86  431  741.00000  734.15522  0.92%   373 2703s
 176161 52615     cutoff   84       741.00000  734.15604  0.92%   373 2707s
 176626 52737  738.17617   96  275  741.00000  734.16382  0.92%   373 2711s
 177144 52833     cutoff   98       741.00000  734.16812  0.92%   372 2715s
 177552 52978  735.56387   78  417  741.00000  734.17915  0.92%   372 2720s
 178463 53213  735.79122   76  406  741.00000  734.19134  0.92%   372 2729s
 178816 53328  738.08503   91  259  741.00000  734.19563  0.92%   372 2733s
 179288 53464  738.05670   93  318  741.00000  734.20108  0.92%   371 2736s
 179732 53537  738.33641   87  270  741.00000  734.20845  0.92%   371 2741s
 180178 53697  736.74559   86  376  741.00000  734.21601  0.92%   371 2745s
 181075 53883  736.70574   99  399  741.00000  734.23256  0.91%   370 2752s
 181478 54019     cutoff   84       741.00000  734.24109  0.91%   370 2757s
 181948 54137  735.67803   84  392  741.00000  734.24757  0.91%   370 2761s
 182434 54296  734.70846   84  410  741.00000  734.25454  0.91%   370 2765s
 183405 54576  738.76549   85  102  741.00000  734.26616  0.91%   369 2773s
 183763 54694     cutoff   89       741.00000  734.27502  0.91%   369 2777s
 184183 54774  735.38357   81  330  741.00000  734.28022  0.91%   369 2781s
 184906 55040  735.61977   94  330  741.00000  734.29219  0.91%   369 2789s
 185419 55116     cutoff   85       741.00000  734.30112  0.90%   368 2792s
 185779 55178  737.98963   89  238  741.00000  734.30704  0.90%   368 2796s
 186062 55304  736.70632   90  200  741.00000  734.31031  0.90%   368 2800s
 186880 55595  738.40924   96  291  741.00000  734.32204  0.90%   368 2808s
 187391 55720  736.65206   84  176  741.00000  734.32831  0.90%   367 2811s
 187802 55833  737.95354   87  330  741.00000  734.33477  0.90%   367 2816s
 188318 55886  736.74765   87  331  741.00000  734.33852  0.90%   367 2820s
 188992 56112  736.80890   77  224  741.00000  734.35089  0.90%   367 2827s
 189974 56270  735.89377   77  289  741.00000  734.36909  0.89%   366 2832s
 190744 56487  736.45406   76  403  741.00000  734.38313  0.89%   366 2837s
 191656 56678     cutoff   88       741.00000  734.39659  0.89%   366 2841s
 192352 56918  737.44154   76  317  741.00000  734.41218  0.89%   365 2848s
 192856 57018  735.35775   88  416  741.00000  734.42142  0.89%   365 2852s
 193220 57115  734.82742   84  187  741.00000  734.42792  0.89%   365 2856s
 193714 57219  738.33824   82  414  741.00000  734.43772  0.89%   365 2860s
 194442 57470  737.39046  100  371  741.00000  734.45102  0.88%   365 2869s
 195011 57558  737.11338  100  200  741.00000  734.45609  0.88%   364 2872s
 195397 57655 infeasible  129       741.00000  734.46854  0.88%   364 2877s
 195807 57734  738.72583   96  257  741.00000  734.47430  0.88%   364 2880s
 196249 57868  737.73439   80  307  741.00000  734.48183  0.88%   364 2885s
 197065 58029  738.68968   79  342  741.00000  734.49223  0.88%   363 2893s
 197514 58110     cutoff   96       741.00000  734.49829  0.88%   363 2897s
 197883 58173     cutoff   90       741.00000  734.50239  0.88%   363 2900s
 198271 58343     cutoff   74       741.00000  734.50670  0.88%   363 2906s
 198812 58420  738.61093   85  163  741.00000  734.51553  0.88%   363 2910s
 199587 58669     cutoff   83       741.00000  734.53023  0.87%   362 2917s
 200042 58773  736.86638   87  304  741.00000  734.53471  0.87%   362 2921s
 200468 58887  736.76624   89  377  741.00000  734.54254  0.87%   362 2925s
 201298 59036  738.73812   82  175  741.00000  734.55705  0.87%   362 2932s
 201723 59143  738.22244   83  321  741.00000  734.56109  0.87%   361 2936s
 202538 59358  736.39325   80  316  741.00000  734.57313  0.87%   361 2943s
 202984 59438  738.46387   78  282  741.00000  734.58058  0.87%   361 2946s
 203426 59525     cutoff   89       741.00000  734.58692  0.87%   361 2950s
 203811 59614  736.45220   90  465  741.00000  734.59420  0.86%   360 2955s
 204569 59785     cutoff   84       741.00000  734.60397  0.86%   360 2962s
 204972 59917  738.53013   78  259  741.00000  734.61329  0.86%   360 2966s
 205993 60175     cutoff   88       741.00000  734.62476  0.86%   359 2973s
 206493 60247  739.74409  104  231  741.00000  734.62936  0.86%   359 2977s
 206787 60362     cutoff   78       741.00000  734.63397  0.86%   359 2980s
 207547 60571  738.00914   83  290  741.00000  734.64480  0.86%   359 2987s
 208368 60672     cutoff   92       741.00000  734.65443  0.86%   358 2992s
 208595 60711  739.96970   83   70  741.00000  734.65840  0.86%   358 2995s
 209420 60971  737.82496   83  359  741.00000  734.67073  0.85%   358 3005s
 210045 61028  737.77477   95  232  741.00000  734.68188  0.85%   358 3010s
 210527 61133  739.32772   94  371  741.00000  734.68803  0.85%   358 3015s
 211073 61244     cutoff   84       741.00000  734.69680  0.85%   358 3020s
 211593 61367  738.78452   76  272  741.00000  734.70444  0.85%   358 3025s
 212567 61509     cutoff   76       741.00000  734.72074  0.85%   357 3033s
 212995 61596  737.05048   81  394  741.00000  734.72800  0.85%   357 3037s
 213462 61679  737.77258   78  291  741.00000  734.73318  0.85%   357 3042s
 213826 61701  737.44740   78  342  741.00000  734.73684  0.85%   357 3046s
 214204 61757  737.72128   87  294  741.00000  734.74307  0.84%   357 3050s
 214931 61932     cutoff   78       741.00000  734.75703  0.84%   357 3058s
 215422 62033     cutoff   80       741.00000  734.76205  0.84%   357 3062s
 215814 62140  739.74060   96  206  741.00000  734.76886  0.84%   356 3067s
 216264 62239  736.90094   86  422  741.00000  734.77666  0.84%   356 3071s
 216757 62338  739.35693   92  281  741.00000  734.78087  0.84%   356 3075s
 217870 62536  738.18031   78  377  741.00000  734.79534  0.84%   356 3082s
 218288 62615     cutoff   88       741.00000  734.80103  0.84%   355 3086s
 218645 62691  737.92651  100  238  741.00000  734.80588  0.84%   355 3090s
 219503 62855  736.62617   76  414  741.00000  734.81767  0.83%   355 3097s
 219906 62939     cutoff   87       741.00000  734.82337  0.83%   355 3101s
 220362 63045  738.54295   83  312  741.00000  734.82895  0.83%   355 3105s
 221279 63175  739.91456   73  353  741.00000  734.83841  0.83%   354 3112s
 221645 63236     cutoff   84       741.00000  734.84220  0.83%   354 3115s
 222469 63346  739.96798   75  369  741.00000  734.85311  0.83%   354 3123s
 222746 63388     cutoff   84       741.00000  734.85643  0.83%   354 3127s
 223088 63459     cutoff   93       741.00000  734.86391  0.83%   354 3131s
 223437 63515  737.27451   75  285  741.00000  734.86780  0.83%   354 3135s
 224282 63664     cutoff   92       741.00000  734.87732  0.83%   354 3142s
 224710 63765  736.44457   83  317  741.00000  734.88204  0.83%   353 3145s
 226189 63986     cutoff   96       741.00000  734.90219  0.82%   353 3152s
 227119 64175  738.87172   81  230  741.00000  734.91577  0.82%   352 3156s
 227854 64373  735.08506   92  387  741.00000  734.92523  0.82%   352 3160s
 229206 64653     cutoff   79       741.00000  734.94335  0.82%   352 3167s
 229739 64690  736.94731   81  385  741.00000  734.94946  0.82%   351 3170s
 230530 64785  737.97991   83  400  741.00000  734.95851  0.82%   351 3177s
 230923 64875     cutoff   85       741.00000  734.96347  0.81%   351 3181s
 231338 64899  738.16748   85  308  741.00000  734.96868  0.81%   351 3185s
 231939 65012  738.15389  101  368  741.00000  734.97764  0.81%   351 3193s
 232402 65117  737.25198   81  346  741.00000  734.98104  0.81%   351 3197s
 232859 65217  737.30095   88  330  741.00000  734.98897  0.81%   350 3201s
 233340 65268  738.21454   94  307  741.00000  734.99582  0.81%   350 3205s
 234199 65382  738.74082   76  417  741.00000  735.00739  0.81%   350 3212s
 234564 65485     cutoff   87       741.00000  735.01454  0.81%   350 3215s
 235400 65659  737.36171   84  439  741.00000  735.02805  0.81%   350 3223s
 235822 65796  739.04633   97  303  741.00000  735.03352  0.81%   350 3227s
 236321 65879  737.95697   90  286  741.00000  735.03863  0.80%   349 3231s
 236736 65950  736.95906   97  192  741.00000  735.04327  0.80%   349 3235s
 237396 66072     cutoff  104       741.00000  735.05093  0.80%   349 3242s
 237815 66141     cutoff   81       741.00000  735.05826  0.80%   349 3246s
 238139 66175  738.00043   81  313  741.00000  735.06216  0.80%   349 3250s
 238384 66282  737.56626   85  473  741.00000  735.06610  0.80%   349 3255s
 239301 66433  735.99501   94  361  741.00000  735.07689  0.80%   349 3263s
 239836 66523  737.11576   81  340  741.00000  735.08159  0.80%   348 3269s
 240294 66586  739.86911   94  185  741.00000  735.08873  0.80%   348 3273s
 240755 66667  739.43091   94  270  741.00000  735.09621  0.80%   348 3277s
 241259 66713  738.16032   83  371  741.00000  735.10383  0.80%   348 3280s
 242065 66782     cutoff   91       741.00000  735.11334  0.79%   348 3288s
 242384 66899  738.36364   90  191  741.00000  735.11850  0.79%   348 3292s
 242821 67005     cutoff   95       741.00000  735.12640  0.79%   348 3296s
 243282 67006  736.82069   77  296  741.00000  735.13143  0.79%   348 3300s
 244030 67149     cutoff   97       741.00000  735.14290  0.79%   347 3307s
 244456 67216  737.21253   88  323  741.00000  735.14703  0.79%   347 3311s
 245387 67377  737.87989   85  299  741.00000  735.16034  0.79%   347 3317s
 245815 67445  738.65764   95  311  741.00000  735.16636  0.79%   347 3320s
 247162 67682  739.58393   88  296  741.00000  735.18182  0.79%   346 3326s
 248055 67747  737.44213   77  333  741.00000  735.18966  0.78%   346 3332s
 248399 67783  738.05589   82  223  741.00000  735.19249  0.78%   346 3335s
 249215 67960  738.73929  102  284  741.00000  735.20410  0.78%   346 3342s
 249684 68045  738.58654   89  269  741.00000  735.20990  0.78%   346 3345s
 250097 68127     cutoff   94       741.00000  735.21483  0.78%   345 3350s
 250841 68222  739.18058   85  378  741.00000  735.22155  0.78%   345 3359s
 251275 68316  739.37667   78  298  741.00000  735.22770  0.78%   345 3363s
 251748 68409  738.79587   99  390  741.00000  735.23210  0.78%   345 3367s
 252175 68457  735.99266   76  346  741.00000  735.23712  0.78%   345 3371s
 253040 68606  737.53713   80  269  741.00000  735.24698  0.78%   345 3378s
 253540 68631  738.64984   80  349  741.00000  735.25104  0.78%   345 3382s
 254020 68706  736.43309   84  299  741.00000  735.25901  0.77%   344 3386s
 254455 68778  738.23818   88  207  741.00000  735.26363  0.77%   344 3390s
 255305 68906  737.25177   98  276  741.00000  735.27725  0.77%   344 3397s
 255726 68986  737.53139   93  156  741.00000  735.28119  0.77%   344 3401s
 256422 69051  736.43940   81  280  741.00000  735.29137  0.77%   344 3408s
 256588 69145  735.97884   85  323  741.00000  735.29173  0.77%   344 3412s
 256975 69189  736.62298   83  330  741.00000  735.29640  0.77%   344 3415s
 257829 69323     cutoff   86       741.00000  735.30647  0.77%   343 3423s
 258302 69367     cutoff   87       741.00000  735.31030  0.77%   343 3426s
 258686 69454  736.43136   76  177  741.00000  735.31677  0.77%   343 3430s
 259548 69566  739.05598   82  362  741.00000  735.32896  0.77%   343 3437s
 259964 69646     cutoff   79       741.00000  735.33316  0.76%   343 3440s
 260837 69747  738.87889  101  260  741.00000  735.34348  0.76%   343 3448s
 261201 69817  736.37933   76  306  741.00000  735.34882  0.76%   342 3452s
 261764 69900  739.49333   84  283  741.00000  735.35556  0.76%   342 3455s
 262626 70015     cutoff   82       741.00000  735.36565  0.76%   342 3461s
 263386 70149     cutoff   95       741.00000  735.37430  0.76%   342 3466s
 264090 70290  738.43148   95  215  741.00000  735.38162  0.76%   342 3470s
 265428 70470  738.91682   86  407  741.00000  735.39636  0.76%   341 3476s
 266211 70605  739.18435   82  388  741.00000  735.40671  0.75%   341 3481s
 267125 70727  737.19226   88  313  741.00000  735.41533  0.75%   341 3485s
 268395 70865  737.95765   82  266  741.00000  735.43127  0.75%   340 3491s
 269238 70946  738.34768   92  410  741.00000  735.44175  0.75%   340 3495s
 270650 71175     cutoff   84       741.00000  735.45726  0.75%   340 3502s
 271550 71266  736.62696   80  259  741.00000  735.46770  0.75%   339 3507s
 271958 71325  739.89577   99  176  741.00000  735.47069  0.75%   339 3510s
 272814 71366  737.76527   89  160  741.00000  735.47900  0.75%   339 3516s
 273202 71414  737.48247   86  290  741.00000  735.48817  0.74%   339 3520s
 273894 71479     cutoff   98       741.00000  735.49133  0.74%   339 3528s
 274186 71545  738.93079   82  421  741.00000  735.49451  0.74%   339 3532s
 274584 71549  739.62135   88  408  741.00000  735.49945  0.74%   338 3535s
 275290 71632  737.91942   80  337  741.00000  735.50542  0.74%   338 3542s
 275641 71673     cutoff   90       741.00000  735.50542  0.74%   338 3546s
 275996 71670     cutoff   81       741.00000  735.51239  0.74%   338 3550s
 276799 71782  736.11993   89  392  741.00000  735.52877  0.74%   338 3558s
 277255 71816     cutoff   93       741.00000  735.53159  0.74%   338 3562s
 277758 71851  738.15658   81  439  741.00000  735.53783  0.74%   338 3565s
 278645 72001  737.19284   90  264  741.00000  735.54826  0.74%   337 3573s
 279153 72060     cutoff   86       741.00000  735.55382  0.73%   337 3576s
 279623 72155  736.66064   92  278  741.00000  735.55866  0.73%   337 3580s
 280577 72250  737.94130   85  302  741.00000  735.56784  0.73%   337 3588s
 280755 72304  738.18885   87  310  741.00000  735.56892  0.73%   337 3592s
 281141 72351  737.10560   88  384  741.00000  735.57388  0.73%   337 3597s
 281708 72383 infeasible   78       741.00000  735.57927  0.73%   336 3601s
 282582 72522  737.44869   87  279  741.00000  735.59114  0.73%   336 3607s
 283085 72535  737.75755   91  135  741.00000  735.59612  0.73%   336 3610s
 283796 72593     cutoff   90       741.00000  735.60456  0.73%   336 3616s
 284478 72611  736.98580   86  386  741.00000  735.61238  0.73%   336 3622s
 284880 72642  737.21516   78  272  741.00000  735.61630  0.73%   336 3626s
 285687 72734     cutoff   84       741.00000  735.62676  0.73%   335 3632s
 286094 72770  736.91516   78  284  741.00000  735.62930  0.72%   335 3635s
 286922 72874  737.46756   86  317  741.00000  735.63888  0.72%   335 3640s
 288241 73000     cutoff   87       741.00000  735.65315  0.72%   335 3646s
 289082 73052  737.63553   91  340  741.00000  735.66008  0.72%   335 3650s
 290332 73158  738.98177   85  145  741.00000  735.67653  0.72%   334 3657s
 290695 73192     cutoff   85       741.00000  735.67900  0.72%   334 3660s
 291528 73343  737.03745   88  440  741.00000  735.68913  0.72%   334 3667s
 292057 73392  738.97939   81  458  741.00000  735.69309  0.72%   334 3670s
 292848 73475  737.55705   85  386  741.00000  735.70226  0.71%   334 3676s
 293272 73496  737.99924   86  335  741.00000  735.70651  0.71%   334 3680s
 294211 73558  739.53786   73  276  741.00000  735.71637  0.71%   333 3687s
 294608 73597  737.57978   83  313  741.00000  735.72095  0.71%   333 3690s
 295391 73680  739.13560   92  287  741.00000  735.72864  0.71%   333 3697s
 295772 73721  736.89454   86  363  741.00000  735.73256  0.71%   333 3701s
 296492 73758     cutoff   87       741.00000  735.73938  0.71%   333 3708s
 296883 73782     cutoff   76       741.00000  735.74462  0.71%   333 3711s
 297246 73830     cutoff   88       741.00000  735.75000  0.71%   333 3715s
 298120 73904  737.58226   91  283  741.00000  735.76080  0.71%   332 3722s
 298542 73962  737.69050   96  286  741.00000  735.76510  0.71%   332 3726s
 299403 73996  738.20834   81  298  741.00000  735.77187  0.71%   332 3733s
 299805 74017  736.77378   86  418  741.00000  735.77747  0.70%   332 3737s
 299959 74067  739.75645   95  324  741.00000  735.77783  0.70%   332 3740s
 300721 74082  738.72525   80  276  741.00000  735.78681  0.70%   332 3747s
 301108 74100     cutoff  108       741.00000  735.79123  0.70%   332 3750s
 302002 74187  737.95050   79  345  741.00000  735.80043  0.70%   332 3758s
 302483 74178  739.53798   93  263  741.00000  735.80670  0.70%   332 3762s
 302831 74202  738.20870   87  405  741.00000  735.81102  0.70%   332 3766s
 303261 74195     cutoff   74       741.00000  735.81698  0.70%   332 3770s
 303744 74226  739.27817   78  203  741.00000  735.82210  0.70%   331 3775s
 304664 74315  737.72963   78  308  741.00000  735.83106  0.70%   331 3782s
 305141 74347  736.95000   85  332  741.00000  735.83692  0.70%   331 3786s
 306056 74419  738.72631   95  300  741.00000  735.84669  0.70%   331 3793s
 306504 74501  736.89863   85  371  741.00000  735.85188  0.69%   331 3796s
 307345 74567     cutoff   88       741.00000  735.85918  0.69%   330 3802s
 307751 74596  737.66655   78  298  741.00000  735.86441  0.69%   330 3805s
 308612 74710  739.14808   83  222  741.00000  735.87217  0.69%   330 3810s
 309996 74817  739.01890  102  168  741.00000  735.88478  0.69%   330 3816s
 310815 74840  737.01606   88  393  741.00000  735.89377  0.69%   330 3820s
 312038 74882  739.94241   73  306  741.00000  735.90648  0.69%   329 3826s
 312910 74912  737.84864   97  395  741.00000  735.91667  0.69%   329 3831s
 313732 74938  737.80545   95  305  741.00000  735.92528  0.68%   329 3835s
 314147 74930  739.76355   83  236  741.00000  735.93184  0.68%   329 3842s
 314179 74923     cutoff   80       741.00000  735.93187  0.68%   329 3845s
 314399 74938  739.06265  100  268  741.00000  735.93213  0.68%   329 3850s
 314600 74958     cutoff   80       741.00000  735.93340  0.68%   329 3856s
 314896 74955  739.17785   94  300  741.00000  735.93350  0.68%   329 3862s
 315217 74968  737.81213   96  189  741.00000  735.93467  0.68%   329 3865s
 316098 74997  736.64374   84  410  741.00000  735.93833  0.68%   328 3872s
 316678 75019  736.60846   85  320  741.00000  735.95792  0.68%   328 3875s
 318016 75095  736.83981  101  148  741.00000  735.97541  0.68%   328 3881s
 319198 75199  737.53210   88  303  741.00000  735.98773  0.68%   327 3886s
 320338 75243  738.66901  112  156  741.00000  735.99976  0.67%   327 3891s
 321313 75270  738.74139   81  336  741.00000  736.00668  0.67%   327 3896s
 322342 75266  737.60613   80  402  741.00000  736.01949  0.67%   327 3901s
 323250 75228  737.32644   87  431  741.00000  736.02980  0.67%   326 3906s
 324124 75244  738.26231   82  264  741.00000  736.03912  0.67%   326 3910s
 325141 75270     cutoff   86       741.00000  736.05111  0.67%   326 3915s
 326490 75272  737.72231   73  232  741.00000  736.06714  0.67%   326 3921s
 327593 75271  738.57077   78  293  741.00000  736.07804  0.66%   325 3926s
 328325 75288     cutoff   94       741.00000  736.08670  0.66%   325 3930s
 329097 75369  737.64412   85  268  741.00000  736.09165  0.66%   325 3935s
 330298 75399     cutoff   91       741.00000  736.10151  0.66%   325 3941s
 331098 75443     cutoff   85       741.00000  736.11262  0.66%   325 3946s
 331951 75415  738.99689   91  333  741.00000  736.12103  0.66%   325 3950s
 333250 75477     cutoff   83       741.00000  736.13375  0.66%   324 3956s
 334151 75538  738.17937   88  321  741.00000  736.14292  0.66%   324 3961s
 334732 75563  736.43735  103  302  741.00000  736.14664  0.65%   324 3965s
 335538 75572     cutoff   81       741.00000  736.15469  0.65%   324 3970s
 336978 75601     cutoff   83       741.00000  736.16954  0.65%   323 3975s
 338115 75616  737.38437   94  153  741.00000  736.18346  0.65%   323 3981s
 338937 75626  738.44973   87  308  741.00000  736.19146  0.65%   323 3985s
 340122 75667  738.46462   85  322  741.00000  736.20328  0.65%   323 3991s
 341002 75698  738.01521   98  295  741.00000  736.21176  0.65%   322 3995s
 342144 75716  738.06951   98   97  741.00000  736.22214  0.64%   322 4000s
 343351 75777  737.36109   79  213  741.00000  736.23313  0.64%   322 4006s
 344315 75822     cutoff   98       741.00000  736.24168  0.64%   321 4010s
 345592 75839     cutoff   87       741.00000  736.25345  0.64%   321 4015s
 346629 75817  737.07126   79  301  741.00000  736.26370  0.64%   321 4020s
 347584 75817  738.40580   75  376  741.00000  736.27395  0.64%   321 4027s
 348503 75802  737.07457   87  353  741.00000  736.28199  0.64%   320 4031s
 349466 75799  739.83332   83  288  741.00000  736.29071  0.64%   320 4035s
 350654 75803     cutoff   83       741.00000  736.30088  0.63%   320 4041s
 351582 75806     cutoff   78       741.00000  736.31173  0.63%   320 4045s
 352724 75712  739.89482   83  288  741.00000  736.32385  0.63%   320 4051s
 353421 75704     cutoff   84       741.00000  736.33263  0.63%   319 4055s
 354286 75643     cutoff  107       741.00000  736.34180  0.63%   319 4061s
 355258 75633  739.60896   84  244  741.00000  736.35117  0.63%   319 4065s
 356502 75634  739.23779   87  263  741.00000  736.36423  0.63%   319 4071s
 357425 75588     cutoff   84       741.00000  736.37419  0.62%   319 4076s
 358290 75567     cutoff   86       741.00000  736.38483  0.62%   319 4080s
 359567 75482     cutoff   88       741.00000  736.39753  0.62%   318 4086s
 360383 75418  737.86267   96  262  741.00000  736.40726  0.62%   318 4090s
 361575 75293  738.69371   79  273  741.00000  736.42075  0.62%   318 4096s
 362381 75205  737.84334   86  350  741.00000  736.43130  0.62%   318 4100s
 363567 75106  738.83835   95  386  741.00000  736.44326  0.61%   318 4107s
 364371 75044     cutoff   91       741.00000  736.45173  0.61%   318 4111s
 365092 74999     cutoff  102       741.00000  736.45829  0.61%   318 4115s
 365991 74922     cutoff   96       741.00000  736.46825  0.61%   318 4120s
 367228 74900     cutoff   90       741.00000  736.48438  0.61%   317 4126s
 367934 74872  739.95501   87  283  741.00000  736.48909  0.61%   317 4131s
 368958 74851  738.56107   99  221  741.00000  736.49957  0.61%   317 4135s
 370110 74841  737.49714   96  249  741.00000  736.50990  0.61%   317 4141s
 371387 74761     cutoff   80       741.00000  736.52523  0.60%   316 4147s
 372222 74692  738.70885   84  271  741.00000  736.53491  0.60%   316 4151s
 373039 74631     cutoff   89       741.00000  736.54360  0.60%   316 4155s
 374185 74581  739.17480   85  288  741.00000  736.55483  0.60%   316 4161s
 375033 74470     cutoff   87       741.00000  736.56407  0.60%   316 4165s
 376209 74395     cutoff   99       741.00000  736.57549  0.60%   316 4171s
 376993 74378  738.80886   87  294  741.00000  736.58493  0.60%   315 4176s
 377722 74283  737.77171  101  179  741.00000  736.59146  0.59%   315 4180s
 378817 74199  739.94096   94  279  741.00000  736.60348  0.59%   315 4186s
 379691 74111  739.15780   86  232  741.00000  736.61302  0.59%   315 4190s
 380843 73990     cutoff   91       741.00000  736.62876  0.59%   315 4196s
 381604 73898     cutoff   98       741.00000  736.63555  0.59%   315 4200s
 382931 73816     cutoff   88       741.00000  736.64817  0.59%   314 4206s
 383759 73730  737.72756   85  366  741.00000  736.65719  0.59%   314 4210s
 384994 73579  737.06121   79  428  741.00000  736.66936  0.58%   314 4216s
 385730 73445  738.07883  101  125  741.00000  736.67874  0.58%   314 4220s
 386926 73290  738.30429   84  454  741.00000  736.69175  0.58%   314 4226s
 387681 73179     cutoff   90       741.00000  736.69686  0.58%   314 4230s
 388780 73091     cutoff   83       741.00000  736.70989  0.58%   314 4236s
 389512 73042  737.62441  103  223  741.00000  736.71694  0.58%   313 4241s
 390035 72968     cutoff   83       741.00000  736.72101  0.58%   313 4245s
 390939 72808     cutoff   83       741.00000  736.72907  0.58%   313 4250s
 392196 72693  739.52008   87  244  741.00000  736.74396  0.57%   313 4256s
 393127 72623  738.70427   82  306  741.00000  736.75324  0.57%   313 4260s
 393944 72507  739.35390   88  294  741.00000  736.76196  0.57%   313 4265s
 395277 72313  739.53802   84  282  741.00000  736.77612  0.57%   312 4270s
 396317 72113  738.92243   99  350  741.00000  736.78835  0.57%   312 4276s
 397154 71985  738.93305   92  284  741.00000  736.79247  0.57%   312 4280s
*397443 66502              79     740.0000000  736.79339  0.43%   312 4280s
 398371 66012     cutoff   93       740.00000  736.81334  0.43%   312 4286s
 399175 65709  738.65793   84  344  740.00000  736.82773  0.43%   312 4290s
 400301 65195     cutoff   80       740.00000  736.84662  0.43%   312 4300s
 401298 64617     cutoff   90       740.00000  736.86763  0.42%   312 4306s
 402088 64255  738.81754   88  365  740.00000  736.88076  0.42%   312 4310s
 403267 63709  738.80859   87  220  740.00000  736.90231  0.42%   312 4317s
 404001 63306  738.03506   89  238  740.00000  736.91809  0.42%   311 4321s
 404841 62914     cutoff   98       740.00000  736.93341  0.41%   311 4325s
 406133 62296     cutoff   90       740.00000  736.95596  0.41%   311 4331s
 406959 61912  738.21084   91  352  740.00000  736.96866  0.41%   311 4335s
 407691 61473     cutoff   92       740.00000  736.98680  0.41%   311 4340s
 408951 60783  738.22452   95  257  740.00000  737.01171  0.40%   311 4346s
 409852 60295     cutoff   93       740.00000  737.02763  0.40%   311 4350s
 411102 59571     cutoff   98       740.00000  737.05398  0.40%   311 4356s
 412033 59129     cutoff   87       740.00000  737.07260  0.40%   310 4361s
 412930 58676     cutoff   83       740.00000  737.08913  0.39%   310 4366s
 413703 58156     cutoff   95       740.00000  737.10463  0.39%   310 4372s
 414152 57927     cutoff   86       740.00000  737.11366  0.39%   310 4375s
 415508 57129     cutoff  136       740.00000  737.13923  0.39%   310 4381s
 416382 56613     cutoff   88       740.00000  737.15595  0.38%   310 4387s
 416759 56370     cutoff   97       740.00000  737.16138  0.38%   310 4390s
 417628 55791     cutoff   98       740.00000  737.18149  0.38%   310 4396s
 418570 55167  738.61216   88  285  740.00000  737.20000  0.38%   309 4402s
 419039 54878     cutoff   88       740.00000  737.20908  0.38%   309 4406s
 419920 54337     cutoff   87       740.00000  737.22838  0.37%   309 4411s
 420860 53725  738.07288   82  251  740.00000  737.24716  0.37%   309 4416s
 421357 53400     cutoff   78       740.00000  737.25524  0.37%   309 4420s
 422376 52701     cutoff   94       740.00000  737.27726  0.37%   309 4426s
 423518 52025     cutoff   88       740.00000  737.30058  0.36%   308 4433s
 424041 51670     cutoff   79       740.00000  737.31164  0.36%   308 4436s
 424573 51274     cutoff   82       740.00000  737.32248  0.36%   308 4440s
 425698 50536     cutoff  108       740.00000  737.34405  0.36%   308 4445s
 426794 49706     cutoff   92       740.00000  737.36604  0.36%   308 4453s
 427407 49366     cutoff   94       740.00000  737.38036  0.35%   308 4457s
 428457 48476     cutoff  124       740.00000  737.39982  0.35%   307 4463s
 429150 48056     cutoff   88       740.00000  737.41634  0.35%   307 4467s
 429768 47551     cutoff   80       740.00000  737.42841  0.35%   307 4470s
 431070 46680     cutoff   87       740.00000  737.45418  0.34%   307 4477s
 431742 46158     cutoff   93       740.00000  737.46706  0.34%   307 4481s
 433187 45038  738.20576   92  200  740.00000  737.49962  0.34%   306 4490s
 434696 43781     cutoff   88       740.00000  737.53026  0.33%   306 4499s
 435579 43122     cutoff   84       740.00000  737.55108  0.33%   306 4504s
 436483 42341     cutoff   84       740.00000  737.56674  0.33%   305 4508s
 437515 41515     cutoff   79       740.00000  737.59134  0.33%   305 4514s
 438619 40615     cutoff   90       740.00000  737.61627  0.32%   305 4518s
 439792 39715  738.45811   88  225  740.00000  737.63900  0.32%   304 4522s
 440972 38912     cutoff   86       740.00000  737.66581  0.32%   304 4526s
 441973 38001     cutoff   90       740.00000  737.68804  0.31%   304 4530s
 444258 36015     cutoff   85       740.00000  737.73398  0.31%   303 4538s
 445581 34803  738.42873   87  388  740.00000  737.76634  0.30%   303 4543s
 447064 33427     cutoff   88       740.00000  737.79646  0.30%   302 4547s
 448668 31908     cutoff  101       740.00000  737.83459  0.29%   302 4553s
 450447 30356     cutoff   89       740.00000  737.87632  0.29%   301 4558s
 452332 28684     cutoff   87       740.00000  737.91815  0.28%   300 4563s
 454299 26847     cutoff   84       740.00000  737.96351  0.28%   300 4568s
 456285 24843     cutoff   99       740.00000  738.01283  0.27%   299 4574s
 458502 22839     cutoff  100       740.00000  738.06957  0.26%   298 4579s
 460610 20835     cutoff   92       740.00000  738.12553  0.25%   297 4583s
 462755 18831     cutoff   85       740.00000  738.18253  0.25%   296 4587s
 464832 16827     cutoff  110       740.00000  738.24096  0.24%   295 4591s
 466928 14823     cutoff   87       740.00000  738.30203  0.23%   294 4595s
 471055 10815     cutoff   84       740.00000  738.42990  0.21%   292 4601s
 475160  6807     cutoff   82       740.00000  738.57393  0.19%   290 4607s
 479192  2799     cutoff   92       740.00000  738.74133  0.17%   288 4611s

Cutting planes:
  Gomory: 10
  Cover: 236
  Implied bound: 308
  Projected implied bound: 20
  Clique: 2
  MIR: 391
  StrongCG: 4
  Flow cover: 1800
  GUB cover: 5
  Inf proof: 26
  Zero half: 145
  Mod-K: 1
  Network: 8
  RLT: 5
  Relax-and-lift: 123
  BQP: 1

Explored 484000 nodes (138292441 simplex iterations) in 4613.46 seconds (13599.76 work units)
Thread count was 4 (of 32 available processors)

Solution count 10: 740 741 742 ... 765

Optimal solution found (tolerance 1.00e-04)
Best objective 7.400000000000e+02, best bound 7.400000000000e+02, gap 0.0000%

Wrote result file './sol/E100_1000.9_R50.sol'

