
Gurobi 13.0.2 (mac64[arm], gurobi_cl) logging started Mon Sep  7 19:18:21 2026

Set parameter TokenServer to value "10.8.80.200"
Set parameter TimeLimit to value 43200
Set parameter LogFile to value "/Users/takafumi/Dropbox/2_Study/cspns_gurobi/log_recomputed_4threads/E100_1000.2_R0.log"
Set parameter Threads to value 4
Using license file /Library/gurobi1302/gurobi.lic

Gurobi Optimizer version 13.0.2 build v13.0.2rc1 (mac64[arm] - Darwin 24.6.0 24G517)
Copyright (c) 2026, Gurobi Optimization, LLC

Read LP format model from file /Users/takafumi/Dropbox/2_Study/cspns_gurobi/lp/E100_1000.2_R0.lp
Reading time = 0.04 seconds
root: 20808 rows, 20503 columns, 91911 nonzeros

Using Gurobi shared library /Library/gurobi1302/macos_universal2/lib/libgurobi130.dylib

CPU model: Apple M3 Ultra
Thread count: 32 physical cores, 32 logical processors, using up to 4 threads

Non-default parameters:
TimeLimit  43200
Threads  4

Optimize a model with 20808 rows, 20503 columns and 91911 nonzeros (Min)
Model fingerprint: 0x3ea19728
Model has 10100 linear objective coefficients
Variable types: 0 continuous, 20503 integer (0 binary)
Coefficient statistics:
  Matrix range     [1e+00, 1e+02]
  Objective range  [1e+00, 2e+02]
  Bounds range     [1e+00, 1e+00]
  RHS range        [1e+00, 1e+00]

Presolve removed 10504 rows and 304 columns
Presolve time: 0.09s
Presolved: 10304 rows, 20199 columns, 60402 nonzeros
Variable types: 0 continuous, 20199 integer (10199 binary)
Found heuristic solution: objective 6631.0000000

Root relaxation: objective 1.710000e+02, 41893 iterations, 1.59 seconds (4.93 work units)

    Nodes    |    Current Node    |     Objective Bounds      |     Work
 Expl Unexpl |  Obj  Depth IntInf | Incumbent    BestBd   Gap | It/Node Time

     0     0  171.00000    0  298 6631.00000  171.00000  97.4%     -    1s
     0     0  783.86000    0  205 6631.00000  783.86000  88.2%     -    2s
H    0     0                    1314.0000000  783.86000  40.3%     -    2s
H    0     0                    1301.0000000  783.86000  39.7%     -    2s
H    0     0                    1285.0000000  783.86000  39.0%     -    2s
H    0     0                    1271.0000000  783.86000  38.3%     -    2s
H    0     0                    1265.0000000  783.86000  38.0%     -    2s
H    0     0                    1226.0000000  783.86000  36.1%     -    2s
H    0     0                    1184.0000000  783.86000  33.8%     -    2s
H    0     0                    1182.0000000  783.86000  33.7%     -    2s
H    0     0                    1168.0000000  783.86000  32.9%     -    3s
H    0     0                    1166.0000000  783.86000  32.8%     -    3s
     0     0  783.86000    0  205 1166.00000  783.86000  32.8%     -    3s
     0     0  783.86000    0  208 1166.00000  783.86000  32.8%     -    5s
H    0     0                    1165.0000000  783.86000  32.7%     -    5s
H    0     0                    1153.0000000  783.86000  32.0%     -    6s
H    0     0                    1137.0000000  783.86000  31.1%     -    6s
H    0     0                    1134.0000000  783.86000  30.9%     -    6s
H    0     0                    1133.0000000  783.86000  30.8%     -    6s
H    0     0                    1125.0000000  783.86000  30.3%     -    6s
H    0     0                    1078.0000000  783.86000  27.3%     -    6s
H    0     0                    1077.0000000  783.86000  27.2%     -    6s
H    0     0                    1058.0000000  878.66183  17.0%     -    6s
H    0     0                    1040.0000000  878.66183  15.5%     -    6s
H    0     0                    1035.0000000  878.66183  15.1%     -    6s
H    0     0                    1028.0000000  878.66183  14.5%     -    6s
H    0     0                     982.0000000  878.66183  10.5%     -    6s
     0     0  878.66183    0  362  982.00000  878.66183  10.5%     -    6s
     0     0  904.69692    0  352  982.00000  904.69692  7.87%     -    7s
     0     0  904.69692    0  360  982.00000  904.69692  7.87%     -    7s
     0     0  933.08589    0  385  982.00000  933.08589  4.98%     -    7s
     0     0  933.08589    0  204  982.00000  933.08589  4.98%     -    8s
H    0     0                     981.0000000  933.08589  4.88%     -    8s
H    0     0                     978.0000000  933.08589  4.59%     -    8s
     0     0  933.08589    0  359  978.00000  933.08589  4.59%     -    8s
H    0     0                     976.0000000  933.08589  4.40%     -    8s
     0     0  933.08589    0  346  976.00000  933.08589  4.40%     -    8s
     0     0  933.90124    0  350  976.00000  933.90124  4.31%     -    8s
     0     0  933.91170    0  365  976.00000  933.91170  4.31%     -    8s
     0     0  943.49004    0  408  976.00000  943.49004  3.33%     -    9s
     0     0  944.21348    0  417  976.00000  944.21348  3.26%     -    9s
     0     0  944.23316    0  420  976.00000  944.23316  3.25%     -    9s
     0     0  954.19599    0  312  976.00000  954.19599  2.23%     -    9s
     0     0  954.19599    0  202  976.00000  954.19599  2.23%     -    9s
     0     0  954.19599    0  364  976.00000  954.19599  2.23%     -    9s
     0     0  954.19599    0  363  976.00000  954.19599  2.23%     -    9s
     0     0  955.29377    0  332  976.00000  955.29377  2.12%     -    9s
     0     0  955.29377    0  370  976.00000  955.29377  2.12%     -    9s
     0     0  959.50000    0  403  976.00000  959.50000  1.69%     -    9s
     0     0  960.50000    0  176  976.00000  960.50000  1.59%     -    9s
     0     0  960.50000    0  222  976.00000  960.50000  1.59%     -    9s
H    0     0                     972.0000000  960.50000  1.18%     -    9s
     0     0  960.50000    0  142  972.00000  960.50000  1.18%     -    9s
     0     0  960.50000    0  211  972.00000  960.50000  1.18%     -    9s
     0     0  960.50000    0  403  972.00000  960.50000  1.18%     -    9s
     0     0  960.50000    0  324  972.00000  960.50000  1.18%     -    9s
     0     0  960.50000    0  259  972.00000  960.50000  1.18%     -    9s
     0     0  960.50000    0  304  972.00000  960.50000  1.18%     -    9s
     0     0  961.50000    0  345  972.00000  961.50000  1.08%     -    9s
     0     0  961.50000    0  344  972.00000  961.50000  1.08%     -    9s
     0     0  961.50000    0  373  972.00000  961.50000  1.08%     -    9s
     0     0  961.50000    0  373  972.00000  961.50000  1.08%     -    9s
     0     0  961.50000    0  373  972.00000  961.50000  1.08%     -    9s
     0     0  961.50000    0  291  972.00000  961.50000  1.08%     -   10s
     0     0  961.50000    0  234  972.00000  961.50000  1.08%     -   10s
     0     0  961.50000    0  379  972.00000  961.50000  1.08%     -   10s
     0     0  961.50000    0  376  972.00000  961.50000  1.08%     -   10s
     0     0  961.50000    0  347  972.00000  961.50000  1.08%     -   10s
     0     0  961.50000    0  366  972.00000  961.50000  1.08%     -   10s
     0     0  962.12500    0  308  972.00000  962.12500  1.02%     -   10s
     0     0  962.25758    0  326  972.00000  962.25758  1.00%     -   10s
     0     0  962.25758    0  325  972.00000  962.25758  1.00%     -   10s
     0     0  962.25758    0  395  972.00000  962.25758  1.00%     -   10s
     0     0  962.25758    0  395  972.00000  962.25758  1.00%     -   10s
     0     0  962.25758    0  395  972.00000  962.25758  1.00%     -   10s
     0     0  962.25758    0  279  972.00000  962.25758  1.00%     -   10s
     0     2  962.50000    0  279  972.00000  962.50000  0.98%     -   10s
H 1254   282                     971.0000000  965.22000  0.60%  57.2   10s
* 1314   226              12     970.0000000  965.31000  0.48%  56.7   11s
* 1322   194              16     969.0000000  965.31000  0.38%  56.7   11s

Cutting planes:
  Learned: 1
  Gomory: 16
  Cover: 52
  Implied bound: 235
  MIR: 110
  StrongCG: 4
  Flow cover: 35
  Flow path: 48
  Inf proof: 2
  Zero half: 5
  Network: 32
  RLT: 1
  Relax-and-lift: 31

Explored 1635 nodes (228169 simplex iterations) in 11.08 seconds (24.65 work units)
Thread count was 4 (of 32 available processors)

Solution count 10: 969 970 971 ... 1035

Optimal solution found (tolerance 1.00e-04)
Best objective 9.690000000000e+02, best bound 9.690000000000e+02, gap 0.0000%

Wrote result file '/Users/takafumi/Dropbox/2_Study/cspns_gurobi/sol_recomputed_4threads/E100_1000.2_R0.sol'

