
Gurobi 13.0.2 (mac64[arm], gurobi_cl) logging started Mon Jun 29 15:11:47 2026

Set parameter TokenServer to value "10.8.80.200"
Set parameter TimeLimit to value 43200
Set parameter LogFile to value "./log/E100_1000.3_R50.log"
Set parameter Threads to value 4
Using license file /Library/gurobi1302/gurobi.lic

Gurobi Optimizer version 13.0.2 build v13.0.2rc1 (mac64[arm] - Darwin 24.6.0 24G517)
Copyright (c) 2026, Gurobi Optimization, LLC

Read LP format model from file ./lp/E100_1000.3_R50.lp
Reading time = 0.04 seconds
root: 20808 rows, 20503 columns, 148027 nonzeros

Using Gurobi shared library /Library/gurobi1302/macos_universal2/lib/libgurobi130.dylib

CPU model: Apple M3 Ultra
Thread count: 32 physical cores, 32 logical processors, using up to 4 threads

Non-default parameters:
TimeLimit  43200
Threads  4

Optimize a model with 20808 rows, 20503 columns and 148027 nonzeros (Min)
Model fingerprint: 0x19687931
Model has 10100 linear objective coefficients
Variable types: 0 continuous, 20503 integer (0 binary)
Coefficient statistics:
  Matrix range     [1e+00, 1e+02]
  Objective range  [2e+00, 2e+02]
  Bounds range     [1e+00, 1e+00]
  RHS range        [1e+00, 1e+00]

Presolve removed 10413 rows and 211 columns
Presolve time: 0.28s
Presolved: 10395 rows, 20292 columns, 102099 nonzeros
Variable types: 0 continuous, 20292 integer (10292 binary)
Found heuristic solution: objective 5829.0000000
Deterministic concurrent LP optimizer: primal and dual simplex
Showing primal log only...

Concurrent spin time: 0.00s

Solved with primal simplex

Root relaxation: objective 1.667584e+02, 40016 iterations, 0.73 seconds (1.21 work units)

    Nodes    |    Current Node    |     Objective Bounds      |     Work
 Expl Unexpl |  Obj  Depth IntInf | Incumbent    BestBd   Gap | It/Node Time

     0     0  166.75845    0  307 5829.00000  166.75845  97.1%     -    1s
     0     0  562.50624    0  344 5829.00000  562.50624  90.3%     -    2s
H    0     0                    2144.0000000  562.50624  73.8%     -    2s
H    0     0                    2121.0000000  562.50624  73.5%     -    2s
H    0     0                    1947.0000000  562.50624  71.1%     -    2s
H    0     0                    1905.0000000  562.50624  70.5%     -    2s
H    0     0                    1903.0000000  562.50624  70.4%     -    2s
H    0     0                    1901.0000000  562.50624  70.4%     -    2s
H    0     0                    1897.0000000  562.50624  70.3%     -    2s
H    0     0                    1896.0000000  562.50624  70.3%     -    2s
H    0     0                    1894.0000000  562.50624  70.3%     -    2s
H    0     0                    1791.0000000  562.50624  68.6%     -    3s
H    0     0                    1789.0000000  562.50624  68.6%     -    3s
H    0     0                    1781.0000000  562.50624  68.4%     -    3s
H    0     0                    1768.0000000  562.50624  68.2%     -    3s
H    0     0                    1759.0000000  562.50624  68.0%     -    3s
H    0     0                    1697.0000000  562.50624  66.9%     -    3s
H    0     0                    1548.0000000  562.50624  63.7%     -    3s
H    0     0                    1533.0000000  562.50624  63.3%     -    3s
H    0     0                    1392.0000000  562.50624  59.6%     -    3s
H    0     0                    1345.0000000  562.50624  58.2%     -    3s
H    0     0                    1302.0000000  562.50624  56.8%     -    3s
H    0     0                    1286.0000000  562.50624  56.3%     -    4s
H    0     0                    1244.0000000  562.50624  54.8%     -    4s
H    0     0                    1220.0000000  562.50624  53.9%     -    4s
     0     0  670.37978    0  393 1220.00000  670.37978  45.1%     -   10s
     0     0  670.37978    0  359 1220.00000  670.37978  45.1%     -   12s
H    0     0                    1204.0000000  670.37978  44.3%     -   12s
H    0     0                    1164.0000000  670.37978  42.4%     -   13s
H    0     0                    1151.0000000  670.37978  41.8%     -   13s
H    0     0                    1150.0000000  670.37978  41.7%     -   13s
H    0     0                    1081.0000000  670.37978  38.0%     -   14s
H    0     0                    1061.0000000  670.37978  36.8%     -   15s
H    0     0                    1058.0000000  670.37978  36.6%     -   15s
H    0     0                    1037.0000000  670.37978  35.4%     -   15s
H    0     0                    1021.0000000  670.37978  34.3%     -   15s
H    0     0                    1018.0000000  670.37978  34.1%     -   15s
H    0     0                    1014.0000000  670.37978  33.9%     -   15s
H    0     0                     982.0000000  670.37978  31.7%     -   15s
H    0     0                     974.0000000  670.37978  31.2%     -   15s
H    0     0                     973.0000000  670.37978  31.1%     -   15s
H    0     0                     959.0000000  705.72509  26.4%     -   16s
     0     0  705.72509    0  371  959.00000  705.72509  26.4%     -   16s
H    0     0                     956.0000000  705.76023  26.2%     -   16s
H    0     0                     944.0000000  705.76023  25.2%     -   16s
H    0     0                     941.0000000  705.76023  25.0%     -   17s
H    0     0                     930.0000000  705.76023  24.1%     -   17s
H    0     0                     929.0000000  705.76023  24.0%     -   17s
H    0     0                     902.0000000  705.76023  21.8%     -   17s
     0     0  713.02641    0  398  902.00000  713.02641  21.0%     -   20s
     0     0  713.07458    0  403  902.00000  713.07458  20.9%     -   20s
     0     0  713.07781    0  409  902.00000  713.07781  20.9%     -   20s
     0     0  736.91036    0  420  902.00000  736.91036  18.3%     -   22s
     0     0  739.40726    0  439  902.00000  739.40726  18.0%     -   23s
H    0     0                     873.0000000  739.63021  15.3%     -   23s
     0     0  739.63021    0  444  873.00000  739.63021  15.3%     -   23s
     0     0  739.63021    0  446  873.00000  739.63021  15.3%     -   23s
H    0     0                     870.0000000  739.63021  15.0%     -   24s
H    0     0                     866.0000000  739.63021  14.6%     -   24s
H    0     0                     847.0000000  739.63021  12.7%     -   24s
     0     0  755.83242    0  416  847.00000  755.83242  10.8%     -   25s
     0     0  760.06686    0  473  847.00000  760.06686  10.3%     -   27s
     0     0  760.95206    0  450  847.00000  760.95206  10.2%     -   28s
     0     0  761.13035    0  463  847.00000  761.13035  10.1%     -   28s
     0     0  761.15882    0  463  847.00000  761.15882  10.1%     -   29s
     0     0  763.72569    0  428  847.00000  763.72569  9.83%     -   30s
     0     0  766.42285    0  460  847.00000  766.42285  9.51%     -   32s
     0     0  768.88076    0  464  847.00000  768.88076  9.22%     -   32s
     0     0  769.30682    0  467  847.00000  769.30682  9.17%     -   33s
H    0     0                     845.0000000  769.32041  8.96%     -   33s
     0     0  769.32041    0  480  845.00000  769.32041  8.96%     -   33s
     0     0  769.86193    0  469  845.00000  769.86193  8.89%     -   34s
     0     0  770.43228    0  476  845.00000  770.43228  8.82%     -   35s
     0     0  770.58675    0  500  845.00000  770.58675  8.81%     -   36s
     0     0  770.59488    0  482  845.00000  770.59488  8.81%     -   36s
     0     0  772.60640    0  485  845.00000  772.60640  8.57%     -   37s
     0     0  772.78515    0  492  845.00000  772.78515  8.55%     -   38s
     0     0  772.87530    0  523  845.00000  772.87530  8.54%     -   39s
     0     0  772.94136    0  549  845.00000  772.94136  8.53%     -   39s
     0     0  774.04776    0  499  845.00000  774.04776  8.40%     -   40s
H    0     0                     840.0000000  774.60903  7.78%     -   41s
     0     0  774.60903    0  517  840.00000  774.60903  7.78%     -   41s
     0     0  774.75172    0  515  840.00000  774.75172  7.77%     -   42s
     0     0  774.75270    0  515  840.00000  774.75270  7.77%     -   42s
     0     0  777.46701    0  513  840.00000  777.46701  7.44%     -   44s
     0     0  777.59648    0  525  840.00000  777.59648  7.43%     -   44s
     0     0  777.68870    0  515  840.00000  777.68870  7.42%     -   45s
     0     0  777.68911    0  548  840.00000  777.68911  7.42%     -   45s
     0     0  778.10769    0  517  840.00000  778.10769  7.37%     -   45s
     0     0  778.70950    0  517  840.00000  778.70950  7.30%     -   46s
     0     0  778.70950    0  517  840.00000  778.70950  7.30%     -   46s
     0     0  778.70950    0  461  840.00000  778.70950  7.30%     -   46s
H    0     0                     837.0000000  781.55109  6.62%     -   55s
     0     2  781.55109    0  454  837.00000  781.55109  6.62%     -   57s
     3     8  781.55109    2  486  837.00000  781.55109  6.62%  7555   60s
    42    54  782.89417   11  484  837.00000  781.55109  6.62%  6104   65s
    87    96  795.31869   20  427  837.00000  781.55109  6.62%  5396   70s
   140   150  798.45221   27  436  837.00000  781.55109  6.62%  4167   75s
   217   233  802.04507   40  391  837.00000  781.55109  6.62%  3253   80s
   333   361  806.43296   48  343  837.00000  781.55109  6.62%  2465   85s
H  521   497                     836.0000000  781.55109  6.51%  1810   90s
   739   675  786.69270    7  386  836.00000  781.55109  6.51%  1384   95s
H  755   691                     835.0000000  781.55109  6.40%  1424   99s
   759   707  792.88599   12  313  835.00000  781.55109  6.40%  1429  100s
   984   916  805.24108   27  340  835.00000  781.55109  6.40%  1240  106s
  1038   973  812.77367   40  300  835.00000  781.55109  6.40%  1250  110s
  1124  1004  813.95980   42  393  835.00000  781.55109  6.40%  1265  117s
H 1125   954                     834.0000000  781.55109  6.29%  1264  120s
  1127   955  825.50408   87  390  834.00000  781.55109  6.29%  1262  125s
  1130   957  807.78334   24  447  834.00000  781.55109  6.29%  1259  131s
  1138   962  791.97487   12  465  834.00000  791.97487  5.04%  1250  135s
H 1143   918                     831.0000000  796.49060  4.15%  1244  138s
  1149   922  817.99485   80  499  831.00000  796.83326  4.11%  1238  140s
  1155   927  805.13743   11  383  831.00000  799.77652  3.76%  1320  146s
H 1155   880                     828.0000000  799.77652  3.41%  1320  147s
  1160   883  814.58757   51  437  828.00000  799.98934  3.38%  1315  150s
  1175   893  820.46889   77  479  828.00000  804.04236  2.89%  1298  155s
  1186   902  814.53218   53  376  828.00000  804.26145  2.87%  1357  160s
H 1191   860                     826.0000000  804.26924  2.63%  1351  163s
  1198   864  822.71296   68  423  826.00000  805.82539  2.44%  1343  166s
  1213   876  807.48766   17  393  826.00000  807.48766  2.24%  1388  170s
H 1216   834                     812.0000000  807.48766  0.56%  1384  172s

Cutting planes:
  Gomory: 5
  Cover: 29
  Implied bound: 63
  Projected implied bound: 6
  Clique: 18
  MIR: 23
  Flow cover: 77
  GUB cover: 1
  Zero half: 29
  Network: 2
  RLT: 4
  Relax-and-lift: 26
  BQP: 2

Explored 1255 nodes (2040637 simplex iterations) in 173.49 seconds (473.56 work units)
Thread count was 4 (of 32 available processors)

Solution count 10: 812 826 828 ... 845

Optimal solution found (tolerance 1.00e-04)
Best objective 8.120000000000e+02, best bound 8.120000000000e+02, gap 0.0000%

Wrote result file './sol/E100_1000.3_R50.sol'

