
Gurobi 13.0.2 (mac64[arm], gurobi_cl) logging started Wed Jul  1 17:31:26 2026

Set parameter TokenServer to value "10.8.80.200"
Set parameter TimeLimit to value 43200
Set parameter LogFile to value "./log/E100_1000.7_R100.log"
Set parameter Threads to value 4
Using license file /Library/gurobi1302/gurobi.lic

Gurobi Optimizer version 13.0.2 build v13.0.2rc1 (mac64[arm] - Darwin 24.6.0 24G517)
Copyright (c) 2026, Gurobi Optimization, LLC

Read LP format model from file ./lp/E100_1000.7_R100.lp
Reading time = 0.05 seconds
root: 20808 rows, 20503 columns, 214780 nonzeros

Using Gurobi shared library /Library/gurobi1302/macos_universal2/lib/libgurobi130.dylib

CPU model: Apple M3 Ultra
Thread count: 32 physical cores, 32 logical processors, using up to 4 threads

Non-default parameters:
TimeLimit  43200
Threads  4

Optimize a model with 20808 rows, 20503 columns and 214780 nonzeros (Min)
Model fingerprint: 0xb4c18683
Model has 10100 linear objective coefficients
Variable types: 0 continuous, 20503 integer (0 binary)
Coefficient statistics:
  Matrix range     [1e+00, 1e+02]
  Objective range  [1e+00, 2e+02]
  Bounds range     [1e+00, 1e+00]
  RHS range        [1e+00, 1e+00]

Presolve removed 10422 rows and 204 columns
Presolve time: 0.46s
Presolved: 10386 rows, 20299 columns, 122138 nonzeros
Variable types: 0 continuous, 20299 integer (10299 binary)
Deterministic concurrent LP optimizer: primal and dual simplex
Showing primal log only...

Concurrent spin time: 0.00s

Solved with primal simplex

Root relaxation: objective 3.666993e+01, 21352 iterations, 0.34 seconds (0.62 work units)

    Nodes    |    Current Node    |     Objective Bounds      |     Work
 Expl Unexpl |  Obj  Depth IntInf | Incumbent    BestBd   Gap | It/Node Time

     0     0   36.66993    0  139          -   36.66993      -     -    0s
     0     0  152.59350    0  184          -  152.59350      -     -    1s
H    0     0                    2312.0000000  152.59350  93.4%     -    1s
H    0     0                    1059.0000000  152.59350  85.6%     -    2s
H    0     0                     995.0000000  152.59350  84.7%     -    2s
H    0     0                     950.0000000  152.59350  83.9%     -    2s
H    0     0                     880.0000000  152.59350  82.7%     -    2s
H    0     0                     872.0000000  152.59350  82.5%     -    2s
H    0     0                     854.0000000  152.59350  82.1%     -    3s
H    0     0                     847.0000000  152.59350  82.0%     -    3s
     0     0  286.11809    0  289  847.00000  286.11809  66.2%     -    5s
     0     0  338.06208    0  293  847.00000  338.06208  60.1%     -    7s
H    0     0                     844.0000000  338.06208  59.9%     -    7s
H    0     0                     796.0000000  338.06208  57.5%     -    7s
H    0     0                     745.0000000  338.06208  54.6%     -    7s
H    0     0                     732.0000000  338.06208  53.8%     -    9s
H    0     0                     722.0000000  338.06208  53.2%     -    9s
H    0     0                     712.0000000  338.07632  52.5%     -    9s
H    0     0                     709.0000000  338.07632  52.3%     -    9s
H    0     0                     705.0000000  368.66178  47.7%     -   10s
     0     0  368.66178    0  362  705.00000  368.66178  47.7%     -   10s
H    0     0                     701.0000000  368.66861  47.4%     -   10s
H    0     0                     653.0000000  368.66861  43.5%     -   11s
H    0     0                     652.0000000  368.66861  43.5%     -   11s
H    0     0                     648.0000000  368.66861  43.1%     -   11s
H    0     0                     626.0000000  368.66861  41.1%     -   11s
H    0     0                     617.0000000  368.66861  40.2%     -   12s
     0     0  370.46107    0  356  617.00000  370.46107  40.0%     -   12s
     0     0  370.47892    0  362  617.00000  370.47892  40.0%     -   12s
     0     0  371.43028    0  354  617.00000  371.43028  39.8%     -   12s
     0     0  371.43028    0  357  617.00000  371.43028  39.8%     -   12s
     0     0  392.28928    0  377  617.00000  392.28928  36.4%     -   13s
     0     0  395.46680    0  411  617.00000  395.46680  35.9%     -   15s
     0     0  395.69246    0  422  617.00000  395.69246  35.9%     -   15s
     0     0  395.69324    0  424  617.00000  395.69324  35.9%     -   15s
     0     0  412.47051    0  393  617.00000  412.47051  33.1%     -   18s
     0     0  418.71483    0  382  617.00000  418.71483  32.1%     -   19s
     0     0  424.34455    0  402  617.00000  424.34455  31.2%     -   20s
     0     0  424.88879    0  418  617.00000  424.88879  31.1%     -   20s
     0     0  424.92732    0  436  617.00000  424.92732  31.1%     -   21s
     0     0  425.03529    0  447  617.00000  425.03529  31.1%     -   21s
     0     0  425.04375    0  452  617.00000  425.04375  31.1%     -   21s
     0     0  437.02035    0  421  617.00000  437.02035  29.2%     -   23s
     0     0  442.99203    0  434  617.00000  442.99203  28.2%     -   24s
     0     0  446.02385    0  445  617.00000  446.02385  27.7%     -   25s
H    0     0                     612.0000000  447.70005  26.8%     -   26s
H    0     0                     611.0000000  447.70005  26.7%     -   26s
H    0     0                     604.0000000  447.70005  25.9%     -   26s
     0     0  447.70005    0  444  604.00000  447.70005  25.9%     -   26s
H    0     0                     602.0000000  447.92848  25.6%     -   27s
     0     0  447.92848    0  448  602.00000  447.92848  25.6%     -   27s
     0     0  447.92897    0  459  602.00000  447.92897  25.6%     -   27s
     0     0  451.84867    0  489  602.00000  451.84867  24.9%     -   29s
     0     0  453.51145    0  515  602.00000  453.51145  24.7%     -   31s
     0     0  453.91939    0  521  602.00000  453.91939  24.6%     -   32s
     0     0  453.95184    0  535  602.00000  453.95184  24.6%     -   32s
     0     0  457.79373    0  550  602.00000  457.79373  24.0%     -   34s
     0     0  459.53957    0  567  602.00000  459.53957  23.7%     -   35s
H    0     0                     599.0000000  459.82058  23.2%     -   35s
     0     0  459.82058    0  555  599.00000  459.82058  23.2%     -   35s
     0     0  459.88874    0  577  599.00000  459.88874  23.2%     -   35s
     0     0  459.90291    0  585  599.00000  459.90291  23.2%     -   35s
H    0     0                     587.0000000  461.58573  21.4%     -   36s
     0     0  461.58573    0  551  587.00000  461.58573  21.4%     -   36s
     0     0  462.71796    0  561  587.00000  462.71796  21.2%     -   38s
     0     0  462.94552    0  593  587.00000  462.94552  21.1%     -   38s
     0     0  463.01705    0  588  587.00000  463.01705  21.1%     -   38s
     0     0  463.03124    0  600  587.00000  463.03124  21.1%     -   39s
     0     0  465.66441    0  568  587.00000  465.66441  20.7%     -   40s
     0     0  465.93205    0  569  587.00000  465.93205  20.6%     -   40s
     0     0  466.04266    0  595  587.00000  466.04266  20.6%     -   40s
     0     0  466.18591    0  586  587.00000  466.18591  20.6%     -   40s
     0     0  466.23682    0  581  587.00000  466.23682  20.6%     -   40s
H    0     0                     584.0000000  467.72794  19.9%     -   42s
     0     0  467.72794    0  566  584.00000  467.72794  19.9%     -   42s
H    0     0                     583.0000000  468.08542  19.7%     -   43s
H    0     0                     581.0000000  468.08542  19.4%     -   43s
H    0     0                     579.0000000  468.08542  19.2%     -   43s
     0     0  468.08542    0  574  579.00000  468.08542  19.2%     -   43s
     0     0  468.20410    0  588  579.00000  468.20410  19.1%     -   43s
     0     0  468.23491    0  612  579.00000  468.23491  19.1%     -   43s
     0     0  468.48481    0  604  579.00000  468.48481  19.1%     -   43s
     0     0  468.69329    0  588  579.00000  468.69329  19.1%     -   44s
     0     0  468.71595    0  611  579.00000  468.71595  19.0%     -   44s
     0     0  468.90927    0  599  579.00000  468.90927  19.0%     -   44s
     0     0  468.91609    0  599  579.00000  468.91609  19.0%     -   44s
     0     0  468.91609    0  516  579.00000  468.91609  19.0%     -   45s
H    0     0                     575.0000000  469.05681  18.4%     -   48s
H    0     0                     571.0000000  469.05681  17.9%     -   48s
     0     2  469.05681    0  512  571.00000  469.05681  17.9%     -   50s
H    7    12                     567.0000000  469.62064  17.2%  4620   53s
H   10    12                     564.0000000  469.70405  16.7%  3958   53s
H   11    16                     563.0000000  469.70405  16.6%  3751   54s
    15    20  470.01487    5  530  563.00000  469.77306  16.6%  5885   55s
    25    30  512.89721    8  356  563.00000  469.77306  16.6%  5386   60s
H   27    30                     562.0000000  469.77306  16.4%  5725   60s
H   36    41                     561.0000000  469.77306  16.3%  5094   62s
    57    61  475.26370   13  434  561.00000  469.77306  16.3%  3948   65s
    85    90  476.33369   18  430  561.00000  469.77306  16.3%  3365   70s
   110   114  478.89085   22  418  561.00000  469.77306  16.3%  3096   75s
   135   143  480.07543   27  434  561.00000  469.77306  16.3%  2919   81s
   177   197  482.91353   29  408  561.00000  469.77306  16.3%  2490   85s
   253   276  485.64270   32  401  561.00000  469.77306  16.3%  1976   90s
   351   331  486.90523   35  405  561.00000  469.77306  16.3%  1651   95s
   378   355  488.33669   38  403  561.00000  469.77306  16.3%  1729  100s
   399   385  489.44796   41  395  561.00000  469.77306  16.3%  1769  105s
   432   420  491.10876   45  419  561.00000  469.77306  16.3%  1821  110s
   480   472  496.19031   55  343  561.00000  469.77306  16.3%  1880  116s
   553   541  499.08240   70  337  561.00000  469.77306  16.3%  1855  122s
   600   629  504.02579   72  330  561.00000  469.77306  16.3%  1818  126s
   725   783  503.42429   74  336  561.00000  469.77306  16.3%  1642  131s
   897   878  507.13591   84  326  561.00000  469.77306  16.3%  1427  135s
   953   908  511.82898   99  319  561.00000  469.77306  16.3%  1450  140s
   993   960  516.98052  114  286  561.00000  469.77306  16.3%  1471  146s
  1084  1029  499.24137   26  289  561.00000  469.77306  16.3%  1448  151s
  1087  1031  515.75212   66  361  561.00000  469.77306  16.3%  1444  157s
  1088  1032  498.60615   23  400  561.00000  469.77306  16.3%  1443  160s
  1091  1034  555.65915  169  468  561.00000  469.77306  16.3%  1439  165s
  1094  1036  506.42807   44  527  561.00000  479.60771  14.5%  1435  170s
  1097  1038  527.68444   30  525  561.00000  486.03038  13.4%  1431  176s
  1100  1040  496.28331   34  555  561.00000  491.61793  12.4%  1427  181s
  1101  1040  543.28546  120  534  561.00000  494.39556  11.9%  1426  186s
  1103  1042  497.57829   32  541  561.00000  497.57829  11.3%  1423  194s
  1104  1042  523.90569   98  537  561.00000  498.23547  11.2%  1422  196s
  1108  1045  512.21302   64  532  561.00000  502.52376  10.4%  1417  201s
  1113  1048  506.13556   17  515  561.00000  506.13556  9.78%  1410  205s
  1119  1052  507.91980   34  538  561.00000  507.91980  9.46%  1403  210s
  1123  1055  541.09722   49  582  561.00000  509.13589  9.24%  1398  215s
  1131  1060  551.51034  195  610  561.00000  510.42656  9.01%  1388  220s
  1139  1066  511.59012   11  592  561.00000  511.53969  8.82%  1378  225s
  1147  1071  548.18615  209  634  561.00000  512.22403  8.69%  1368  230s
  1154  1076  513.79488   63  578  561.00000  513.79488  8.41%  1360  235s
  1160  1080  514.82757   58  540  561.00000  514.82757  8.23%  1353  240s
  1167  1084  516.69456   29  621  561.00000  516.69456  7.90%  1345  245s
  1174  1089  555.72481  158  668  561.00000  517.12597  7.82%  1337  250s
  1178  1092  529.72014   16  595  561.00000  518.22271  7.63%  1332  255s
  1185  1096  538.17715   65  611  561.00000  519.06413  7.48%  1325  260s
  1193  1102  520.38289   70  605  561.00000  520.38289  7.24%  1316  265s
  1199  1106  552.39808  123  646  561.00000  520.81898  7.16%  1309  270s
  1207  1111  541.10641  116  614  561.00000  521.16759  7.10%  1300  275s
  1209  1112  521.25222   65  637  561.00000  521.25222  7.09%  1298  287s
  1213  1115  522.19344   17  595  561.00000  522.19344  6.92%  1294  290s
  1219  1119  522.81331   34  625  561.00000  522.81331  6.81%  1288  295s
  1227  1124  522.86756   30  641  561.00000  522.86756  6.80%  1279  300s
  1234  1129  523.00564  145  675  561.00000  523.00564  6.77%  1272  305s
  1241  1134  537.89228   36  608  561.00000  524.57811  6.49%  1265  310s
  1247  1138  548.18615  209  650  561.00000  525.53508  6.32%  1259  315s
  1256  1144  525.84105   96  654  561.00000  525.84105  6.27%  1250  320s
  1264  1149  525.84105    5  619  561.00000  525.84105  6.27%  1242  325s
  1273  1155  525.93436   72  629  561.00000  525.93436  6.25%  1233  330s
  1282  1161  533.45425  133  630  561.00000  525.99435  6.24%  1224  335s
  1290  1168  526.05019  155  335  561.00000  526.05019  6.23%  1533  345s
  1293  1170  526.09490   70  408  561.00000  526.09490  6.22%  1530  351s
H 1295  1112                     559.0000000  526.35987  5.84%  1527  355s
  1300  1116  526.63761   34  490  559.00000  526.63761  5.79%  1522  363s
  1301  1116  543.28546  120  507  559.00000  527.32687  5.67%  1520  365s
  1310  1122  527.65750  113  544  559.00000  527.62480  5.61%  1510  370s
  1318  1128  527.79351  113  545  559.00000  527.79351  5.58%  1501  376s
  1327  1134  528.11741   30  534  559.00000  528.11741  5.52%  1491  380s
  1333  1138  528.11741   85  572  559.00000  528.11741  5.52%  1484  385s
  1342  1144  528.40969   22  542  559.00000  528.40969  5.47%  1474  392s
  1343  1144  532.35628   42  542  559.00000  528.40969  5.47%  1473  395s
  1363  1162  530.56403   23  391  559.00000  528.40969  5.47%  1633  400s
  1389  1172  531.04689   25  387  559.00000  528.40969  5.47%  1634  405s
  1444  1182  535.78549   28  243  559.00000  529.32368  5.31%  1638  410s
  1518  1203  543.85453   31  203  559.00000  529.32989  5.31%  1618  415s
  1650  1213  552.77695   50  162  559.00000  529.78775  5.23%  1524  420s
  1815  1229  545.40417   34  256  559.00000  530.11797  5.17%  1445  425s
  1910  1259  530.51737   27  381  559.00000  530.21216  5.15%  1406  430s
  2026  1303  541.71396   40  300  559.00000  530.51737  5.10%  1383  436s
H 2116  1131                     550.0000000  531.20228  3.42%  1349  439s
  2120  1137  531.93639   32  368  550.00000  531.20638  3.42%  1349  441s
H 2121  1064                     549.0000000  531.20638  3.24%  1348  441s
  2250  1092  543.98167   65  340  549.00000  531.20638  3.24%  1313  446s
  2322  1092  539.28319   28  289  549.00000  531.85619  3.12%  1299  451s
  2325  1094  533.41898   27  337  549.00000  531.85619  3.12%  1297  456s
  2329  1097  544.32607   33  435  549.00000  531.85619  3.12%  1295  460s
  2349  1110  536.25197   34  456  549.00000  531.85619  3.12%  1284  466s
  2353  1118  531.85619   29  430  549.00000  531.85619  3.12%  1316  470s
  2456  1129  535.93575   37  239  549.00000  531.85619  3.12%  1322  475s
  2597  1126  539.53650   59   74  549.00000  531.85619  3.12%  1287  480s
  2766  1127  536.94667   39  238  549.00000  532.59968  2.99%  1275  485s
  2937  1127  535.44191   45  348  549.00000  533.22727  2.87%  1257  490s
  3114  1152  543.22715   58  295  549.00000  533.81293  2.77%  1240  495s
  3360  1140  539.19497   41  403  549.00000  534.68132  2.61%  1213  501s
  3573  1164  537.60275   39  375  549.00000  535.05735  2.54%  1192  506s
  3785  1168     cutoff   51       549.00000  535.50250  2.46%  1166  510s
  3974  1172  543.44516   55  384  549.00000  535.83757  2.40%  1143  515s
  4146  1134  543.82448   43  227  549.00000  536.07804  2.35%  1121  520s
  4190  1149  545.71511   52  205  549.00000  536.12924  2.34%  1118  525s
  4580  1161  541.42240   43  299  549.00000  536.80689  2.22%  1069  531s
  5029  1148  545.95783   65  219  549.00000  537.00932  2.18%  1004  536s
  5492  1145  544.31921   45  331  549.00000  537.55809  2.08%   952  540s
  6376  1382  546.42982   48  274  549.00000  538.28457  1.95%   875  547s
  7167  1590  542.98040   41  386  549.00000  538.67047  1.88%   815  551s
  7955  1816  545.87173   64  340  549.00000  539.04100  1.81%   772  557s
  8719  2012     cutoff   57       549.00000  539.31312  1.76%   738  562s
  9232  2123  546.37372   45  295  549.00000  539.50636  1.73%   715  565s
 10244  2340  546.19472   45  342  549.00000  539.97432  1.64%   676  572s
 11388  2463  543.74082   47  145  549.00000  540.39219  1.57%   642  576s
 12129  2583  545.25926   49  417  549.00000  540.65414  1.52%   624  580s
 13619  2792  547.25843   51  184  549.00000  541.15297  1.43%   587  585s
 15120  2934  544.72047   37  310  549.00000  541.66883  1.34%   556  591s
 15814  2983     cutoff   49       549.00000  541.90380  1.29%   546  595s
 17270  2999  544.90599   53  348  549.00000  542.33482  1.21%   520  600s
 18767  2944  544.65391   48  203  549.00000  542.85835  1.12%   500  605s
 20410  2838  544.55574   46  179  549.00000  543.24216  1.05%   477  610s
 21933  2653     cutoff   54       549.00000  543.73511  0.96%   461  615s
 24007  2168  547.16981   48  191  549.00000  544.32283  0.85%   439  621s
 25893  1514     cutoff   57       549.00000  544.99971  0.73%   421  625s
 28357    16     cutoff   60       549.00000  546.34199  0.48%   398  630s

Cutting planes:
  Gomory: 2
  Cover: 172
  Implied bound: 160
  Projected implied bound: 5
  Clique: 2
  MIR: 41
  StrongCG: 2
  Flow cover: 530
  GUB cover: 8
  Inf proof: 3
  Zero half: 33
  Mod-K: 1
  Network: 4
  RLT: 3
  Relax-and-lift: 56

Explored 28927 nodes (11590269 simplex iterations) in 630.44 seconds (2057.52 work units)
Thread count was 4 (of 32 available processors)

Solution count 10: 549 550 559 ... 575

Optimal solution found (tolerance 1.00e-04)
Best objective 5.490000000000e+02, best bound 5.490000000000e+02, gap 0.0000%

Wrote result file './sol/E100_1000.7_R100.sol'

