
Gurobi 13.0.2 (mac64[arm], gurobi_cl) logging started Mon Sep  7 19:18:21 2026

Set parameter TokenServer to value "10.8.80.200"
Set parameter TimeLimit to value 43200
Set parameter LogFile to value "/Users/takafumi/Dropbox/2_Study/cspns_gurobi/log_recomputed_4threads/E100_1000.2_R50.log"
Set parameter Threads to value 4
Using license file /Library/gurobi1302/gurobi.lic

Gurobi Optimizer version 13.0.2 build v13.0.2rc1 (mac64[arm] - Darwin 24.6.0 24G517)
Copyright (c) 2026, Gurobi Optimization, LLC

Read LP format model from file /Users/takafumi/Dropbox/2_Study/cspns_gurobi/lp/E100_1000.2_R50.lp
Reading time = 0.04 seconds
root: 20808 rows, 20503 columns, 150499 nonzeros

Using Gurobi shared library /Library/gurobi1302/macos_universal2/lib/libgurobi130.dylib

CPU model: Apple M3 Ultra
Thread count: 32 physical cores, 32 logical processors, using up to 4 threads

Non-default parameters:
TimeLimit  43200
Threads  4

Optimize a model with 20808 rows, 20503 columns and 150499 nonzeros (Min)
Model fingerprint: 0x536feb0f
Model has 10100 linear objective coefficients
Variable types: 0 continuous, 20503 integer (0 binary)
Coefficient statistics:
  Matrix range     [1e+00, 1e+02]
  Objective range  [1e+00, 2e+02]
  Bounds range     [1e+00, 1e+00]
  RHS range        [1e+00, 1e+00]

Presolve removed 10413 rows and 209 columns
Presolve time: 0.23s
Presolved: 10395 rows, 20294 columns, 104814 nonzeros
Variable types: 0 continuous, 20294 integer (10294 binary)
Found heuristic solution: objective 6631.0000000
Deterministic concurrent LP optimizer: primal and dual simplex
Showing primal log only...

Concurrent spin time: 0.00s

Solved with primal simplex

Root relaxation: objective 1.623234e+02, 31665 iterations, 0.48 seconds (0.90 work units)

    Nodes    |    Current Node    |     Objective Bounds      |     Work
 Expl Unexpl |  Obj  Depth IntInf | Incumbent    BestBd   Gap | It/Node Time

     0     0  162.32342    0  322 6631.00000  162.32342  97.6%     -    0s
     0     0  526.73448    0  324 6631.00000  526.73448  92.1%     -    1s
H    0     0                    2446.0000000  526.73448  78.5%     -    2s
H    0     0                    2216.0000000  526.73448  76.2%     -    2s
H    0     0                    2215.0000000  526.73448  76.2%     -    2s
H    0     0                    2071.0000000  526.73448  74.6%     -    2s
H    0     0                    2033.0000000  526.73448  74.1%     -    2s
H    0     0                    1901.0000000  526.73448  72.3%     -    2s
H    0     0                    1755.0000000  526.73448  70.0%     -    2s
H    0     0                    1550.0000000  526.73448  66.0%     -    2s
H    0     0                    1536.0000000  526.73448  65.7%     -    2s
H    0     0                    1406.0000000  526.73448  62.5%     -    2s
H    0     0                    1381.0000000  526.73448  61.9%     -    2s
H    0     0                    1380.0000000  526.73448  61.8%     -    2s
H    0     0                    1378.0000000  526.73448  61.8%     -    3s
H    0     0                    1288.0000000  526.73448  59.1%     -    3s
H    0     0                    1286.0000000  526.73448  59.0%     -    4s
H    0     0                    1283.0000000  526.73448  58.9%     -    4s
H    0     0                    1270.0000000  526.73448  58.5%     -    4s
H    0     0                    1267.0000000  526.73448  58.4%     -    4s
H    0     0                    1263.0000000  526.73448  58.3%     -    4s
H    0     0                    1240.0000000  526.73448  57.5%     -    4s
H    0     0                    1203.0000000  526.73448  56.2%     -    4s
H    0     0                    1186.0000000  526.73448  55.6%     -    4s
H    0     0                    1054.0000000  526.73448  50.0%     -    4s
     0     0  612.91957    0  364 1054.00000  612.91957  41.8%     -    5s
     0     0  613.64916    0  345 1054.00000  613.64916  41.8%     -    7s
H    0     0                    1052.0000000  613.64916  41.7%     -    8s
H    0     0                    1032.0000000  613.64916  40.5%     -    8s
H    0     0                    1031.0000000  613.64916  40.5%     -    8s
H    0     0                    1021.0000000  613.64916  39.9%     -    8s
H    0     0                    1018.0000000  656.70324  35.5%     -   10s
H    0     0                    1001.0000000  656.70324  34.4%     -   10s
H    0     0                     971.0000000  656.70324  32.4%     -   10s
H    0     0                     970.0000000  656.70324  32.3%     -   10s
     0     0  656.70324    0  376  970.00000  656.70324  32.3%     -   10s
H    0     0                     968.0000000  656.70480  32.2%     -   10s
H    0     0                     964.0000000  656.70480  31.9%     -   10s
H    0     0                     936.0000000  656.70480  29.8%     -   11s
H    0     0                     933.0000000  656.70480  29.6%     -   11s
H    0     0                     932.0000000  656.70480  29.5%     -   11s
H    0     0                     914.0000000  656.70480  28.2%     -   11s
H    0     0                     887.0000000  656.70480  26.0%     -   12s
H    0     0                     879.0000000  656.70480  25.3%     -   12s
H    0     0                     878.0000000  656.70480  25.2%     -   12s
H    0     0                     857.0000000  656.70480  23.4%     -   12s
H    0     0                     846.0000000  656.70480  22.4%     -   12s
H    0     0                     845.0000000  656.70480  22.3%     -   12s
H    0     0                     844.0000000  656.70480  22.2%     -   13s
H    0     0                     841.0000000  656.70480  21.9%     -   13s
     0     0  662.13437    0  393  841.00000  662.13437  21.3%     -   15s
     0     0  662.13437    0  393  841.00000  662.13437  21.3%     -   15s
     0     0  693.38451    0  416  841.00000  693.38451  17.6%     -   16s
     0     0  703.52030    0  396  841.00000  703.52030  16.3%     -   17s
     0     0  704.65997    0  394  841.00000  704.65997  16.2%     -   17s
     0     0  704.65997    0  399  841.00000  704.65997  16.2%     -   17s
     0     0  720.25008    0  402  841.00000  720.25008  14.4%     -   19s
     0     0  728.79161    0  452  841.00000  728.79161  13.3%     -   20s
     0     0  729.64988    0  460  841.00000  729.64988  13.2%     -   20s
     0     0  729.69900    0  462  841.00000  729.69900  13.2%     -   20s
     0     0  735.95539    0  477  841.00000  735.95539  12.5%     -   22s
     0     0  741.92366    0  491  841.00000  741.92366  11.8%     -   23s
     0     0  743.55552    0  506  841.00000  743.55552  11.6%     -   24s
     0     0  743.77862    0  497  841.00000  743.77862  11.6%     -   25s
     0     0  743.78320    0  504  841.00000  743.78320  11.6%     -   26s
     0     0  745.85846    0  531  841.00000  745.85846  11.3%     -   27s
     0     0  746.79922    0  536  841.00000  746.79922  11.2%     -   28s
     0     0  747.01329    0  554  841.00000  747.01329  11.2%     -   28s
     0     0  747.04220    0  553  841.00000  747.04220  11.2%     -   29s
     0     0  750.52465    0  516  841.00000  750.52465  10.8%     -   30s
     0     0  750.73003    0  554  841.00000  750.73003  10.7%     -   30s
     0     0  750.76529    0  548  841.00000  750.76529  10.7%     -   30s
     0     0  752.74996    0  558  841.00000  752.74996  10.5%     -   32s
     0     0  752.87221    0  589  841.00000  752.87221  10.5%     -   33s
     0     0  752.89925    0  582  841.00000  752.89925  10.5%     -   33s
     0     0  753.87997    0  569  841.00000  753.87997  10.4%     -   34s
     0     0  753.88213    0  569  841.00000  753.88213  10.4%     -   35s
     0     0  753.88213    0  510  841.00000  753.88213  10.4%     -   35s
H    0     0                     839.0000000  753.93848  10.1%     -   39s
     0     2  753.93848    0  508  839.00000  753.93848  10.1%     -   41s
     7    12  754.95147    3  522  839.00000  754.18291  10.1%  5519   45s
H   12    16                     834.0000000  754.18291  9.57%  5282   46s
H   15    20                     832.0000000  754.18291  9.35%  6056   47s
    29    34  758.17791    8  525  832.00000  754.18291  9.35%  8382   50s
    53    58  760.72277   13  520  832.00000  754.18291  9.35%  6559   55s
    77    82  762.44768   19  486  832.00000  754.18291  9.35%  5470   60s
    93    98  765.10819   21  492  832.00000  754.18291  9.35%  5305   65s
   113   118  768.37151   24  477  832.00000  754.18291  9.35%  5013   70s
H  124   128                     816.0000000  754.18291  7.58%  4795   72s
H  129   133                     815.0000000  754.18291  7.46%  4677   74s
   132   138  769.09064   28  466  815.00000  754.18291  7.46%  4657   75s
H  144   146                     813.0000000  754.18291  7.23%  4440   78s
   172   198  770.50394   34  455  813.00000  754.18291  7.23%  3940   80s
   283   311  773.92156   54  454  813.00000  754.18291  7.23%  2799   86s
   409   466  780.76743   60  390  813.00000  754.18291  7.23%  2196   90s
   572   578  783.51481   81  420  813.00000  754.18291  7.23%  1724   95s
   647   631  786.48683   99  400  813.00000  754.18291  7.23%  1657  101s
   692   664  789.69271  115  395  813.00000  754.18291  7.23%  1660  105s
   780   757  796.55047  149  407  813.00000  754.18291  7.23%  1621  110s
   915  1014  800.41054  205  391  813.00000  754.18291  7.23%  1507  115s
  1275  1178  805.68428  178  364  813.00000  754.18291  7.23%  1197  123s
  1277  1179  788.49402   48  345  813.00000  754.18291  7.23%  1195  126s
  1278  1180  776.72172   27  390  813.00000  754.18291  7.23%  1194  132s
  1280  1181  798.45789  138  448  813.00000  754.18291  7.23%  1193  135s
  1286  1185  799.41635  119  518  813.00000  770.78914  5.19%  1187  141s
  1293  1190  809.26930  107  547  813.00000  779.57045  4.11%  1181  145s
  1299  1195  794.56529  127  348  813.00000  779.96553  4.06%  1261  152s
  1303  1198  795.13602  110  427  813.00000  780.00181  4.06%  1257  155s
  1312  1204  803.66100  101  520  813.00000  783.61718  3.61%  1249  160s
  1318  1208  785.34320   23  456  813.00000  785.34320  3.40%  1243  166s
  1323  1212  785.34320   79  371  813.00000  785.34320  3.40%  1327  173s
  1326  1214  801.35526  134  458  813.00000  785.34320  3.40%  1324  175s
  1336  1221  798.91956  144  421  813.00000  786.05210  3.31%  1314  181s
  1337  1221  788.62341   32  421  813.00000  786.96203  3.20%  1313  185s
  1364  1244  787.31485   44  422  813.00000  786.96203  3.20%  1392  190s
  1449  1271  791.68565   48  348  813.00000  786.96203  3.20%  1368  195s
  1562  1296  790.24987   54  320  813.00000  786.96203  3.20%  1333  200s
  1701  1373  795.22846   68  254  813.00000  786.96203  3.20%  1330  205s
  1855  1428  787.95620   47  409  813.00000  787.95620  3.08%  1317  210s
  1997  1489  790.51564   55  344  813.00000  788.02252  3.07%  1309  215s
  2170  1571  800.75395   71  194  813.00000  788.12435  3.06%  1291  220s
  2264  1597  800.23402   51  262  813.00000  788.71974  2.99%  1283  225s
  2445  1655  791.54924   52  406  813.00000  788.94314  2.96%  1263  230s
  2586  1732  798.89912   63  259  813.00000  789.08007  2.94%  1259  235s
  2748  1787  792.71519   55  402  813.00000  789.12499  2.94%  1240  240s
  2955  1819  794.17645   53  293  813.00000  789.40306  2.90%  1205  245s
  3182  1847  796.66429   58  223  813.00000  789.57722  2.88%  1167  252s
  3323  1958  803.27781   70  223  813.00000  789.76066  2.86%  1146  257s
  3637  2063  792.75552   54  392  813.00000  790.06872  2.82%  1102  262s
  3966  2192  794.25212   65  332  813.00000  790.29913  2.79%  1067  267s
  4150  2255  798.82236   79  337  813.00000  790.41657  2.78%  1051  270s
  4528  2400  798.32410   67  314  813.00000  790.58760  2.76%  1020  276s
  4907  2478  799.49599   58  299  813.00000  790.64661  2.75%   997  283s
H 4908  2252                     810.0000000  790.64661  2.39%   997  283s
  5051  2422  800.32080   59  307  810.00000  790.64661  2.39%   983  286s
  5556  2674  799.61290   85  280  810.00000  791.10572  2.33%   949  290s
  5833  2957  801.04273   82  301  810.00000  791.27059  2.31%   936  297s
  6077  3152  798.42794   73  243  810.00000  791.31411  2.31%   923  301s
  6395  3368  808.23305   90  282  810.00000  791.36150  2.30%   905  305s
  7055  3730  795.89286   54  356  810.00000  791.52972  2.28%   875  314s
  7295  3978  796.86613   65  325  810.00000  791.60728  2.27%   867  318s
  7678  4227  800.55476   64  246  810.00000  791.70531  2.26%   853  322s
  8070  4519  800.66881   67  354  810.00000  791.81102  2.25%   840  327s
  8480  4737  803.25510   74   90  810.00000  791.92508  2.23%   828  332s
  8932  5058  806.00555   56  326  810.00000  792.06161  2.21%   812  337s
H 9109  4905                     809.0000000  792.06565  2.09%   809  337s
  9394  5273  805.77361   79  335  809.00000  792.10957  2.09%   799  342s
H 9807  4998                     808.0000000  792.13926  1.96%   788  342s
  9925  5249  805.66000   62  249  808.00000  792.27184  1.95%   785  347s
H10384  4986                     803.0000000  792.31159  1.33%   775  350s
 10398  4996  800.55357   65  374  803.00000  792.31159  1.33%   778  355s
 10413  5006  794.70988   73  450  803.00000  792.31159  1.33%   777  361s
 10443  5027  792.31159   65  424  803.00000  792.31159  1.33%   784  365s
 10639  5077  792.31159   69  447  803.00000  792.31159  1.33%   786  370s
 10901  5126  793.58267   71  371  803.00000  792.31159  1.33%   786  375s
 11187  5154  795.95559   79  356  803.00000  792.38300  1.32%   782  380s
 11615  5179  795.80253   77  302  803.00000  792.66977  1.29%   776  385s
 11944  5158     cutoff   98       803.00000  793.00805  1.24%   770  390s
 12398  5144  797.79575   76  400  803.00000  793.23086  1.22%   759  395s
 12771  5100  800.48291   69  300  803.00000  793.57293  1.17%   751  401s
 12969  5125     cutoff   80       803.00000  793.72434  1.16%   747  405s
 13528  5091  799.21321   88  317  803.00000  794.16423  1.10%   732  410s
 14252  5037  799.72080   85  309  803.00000  794.58318  1.05%   714  415s
 15068  4942  798.80886   85  369  803.00000  795.07255  0.99%   695  421s
 15767  4895  797.86719   75  427  803.00000  795.36938  0.95%   681  425s
 16991  4650  800.39322   77  400  803.00000  795.83230  0.89%   659  431s
 17852  4464  801.30435   75  289  803.00000  796.30667  0.83%   646  436s
 18941  4155     cutoff   93       803.00000  796.73344  0.78%   628  441s
 20055  3836  800.50561   70  349  803.00000  797.19832  0.72%   615  446s
 20763  3594  798.57347   76  499  803.00000  797.54094  0.68%   604  450s
 22410  2951  798.83733   71  388  803.00000  798.09091  0.61%   584  455s
 23566  2392     cutoff   91       803.00000  798.57412  0.55%   571  460s
 24994  1552  801.22753   95  352  803.00000  799.18925  0.47%   554  465s
 26508   745  799.90115   83  398  803.00000  799.90068  0.39%   536  470s

Cutting planes:
  Gomory: 12
  Cover: 80
  Implied bound: 125
  Projected implied bound: 1
  Clique: 2
  MIR: 44
  Flow cover: 514
  GUB cover: 2
  Zero half: 61
  Network: 7
  RLT: 9
  Relax-and-lift: 43

Explored 27933 nodes (14602354 simplex iterations) in 472.39 seconds (1943.99 work units)
Thread count was 4 (of 32 available processors)

Solution count 10: 803 808 809 ... 839

Optimal solution found (tolerance 1.00e-04)
Best objective 8.030000000000e+02, best bound 8.030000000000e+02, gap 0.0000%

Wrote result file '/Users/takafumi/Dropbox/2_Study/cspns_gurobi/sol_recomputed_4threads/E100_1000.2_R50.sol'

