
Gurobi 13.0.2 (mac64[arm], gurobi_cl) logging started Mon Jun 29 15:11:55 2026

Set parameter TokenServer to value "10.8.80.200"
Set parameter TimeLimit to value 43200
Set parameter LogFile to value "./log/E100_1000.5_R50.log"
Set parameter Threads to value 4
Using license file /Library/gurobi1302/gurobi.lic

Gurobi Optimizer version 13.0.2 build v13.0.2rc1 (mac64[arm] - Darwin 24.6.0 24G517)
Copyright (c) 2026, Gurobi Optimization, LLC

Read LP format model from file ./lp/E100_1000.5_R50.lp
Reading time = 0.04 seconds
root: 20808 rows, 20503 columns, 152782 nonzeros

Using Gurobi shared library /Library/gurobi1302/macos_universal2/lib/libgurobi130.dylib

CPU model: Apple M3 Ultra
Thread count: 32 physical cores, 32 logical processors, using up to 4 threads

Non-default parameters:
TimeLimit  43200
Threads  4

Optimize a model with 20808 rows, 20503 columns and 152782 nonzeros (Min)
Model fingerprint: 0xfbb1247b
Model has 10100 linear objective coefficients
Variable types: 0 continuous, 20503 integer (0 binary)
Coefficient statistics:
  Matrix range     [1e+00, 1e+02]
  Objective range  [2e+00, 2e+02]
  Bounds range     [1e+00, 1e+00]
  RHS range        [1e+00, 1e+00]

Presolve removed 10411 rows and 209 columns
Presolve time: 0.26s
Presolved: 10397 rows, 20294 columns, 109848 nonzeros
Variable types: 0 continuous, 20294 integer (10294 binary)
Found heuristic solution: objective 5974.0000000
Deterministic concurrent LP optimizer: primal and dual simplex
Showing primal log only...

Concurrent spin time: 0.00s

Solved with primal simplex

Root relaxation: objective 2.115863e+02, 44728 iterations, 0.85 seconds (1.34 work units)

    Nodes    |    Current Node    |     Objective Bounds      |     Work
 Expl Unexpl |  Obj  Depth IntInf | Incumbent    BestBd   Gap | It/Node Time

     0     0  211.58631    0  341 5974.00000  211.58631  96.5%     -    1s
     0     0  546.59119    0  338 5974.00000  546.59119  90.9%     -    2s
H    0     0                    2472.0000000  546.59119  77.9%     -    2s
H    0     0                    2379.0000000  546.59119  77.0%     -    2s
H    0     0                    2363.0000000  546.59119  76.9%     -    2s
H    0     0                    2351.0000000  546.59119  76.8%     -    2s
H    0     0                    2346.0000000  546.59119  76.7%     -    2s
H    0     0                    1808.0000000  546.59119  69.8%     -    2s
H    0     0                    1797.0000000  546.59119  69.6%     -    2s
H    0     0                    1665.0000000  546.59119  67.2%     -    2s
H    0     0                    1365.0000000  546.59119  60.0%     -    2s
H    0     0                    1340.0000000  546.59119  59.2%     -    3s
H    0     0                    1279.0000000  546.59119  57.3%     -    3s
H    0     0                    1271.0000000  546.59119  57.0%     -    4s
     0     0  647.57213    0  389 1271.00000  647.57213  49.1%     -    7s
     0     0  647.57213    0  361 1271.00000  647.57213  49.1%     -    9s
H    0     0                    1268.0000000  647.57213  48.9%     -    9s
H    0     0                    1258.0000000  647.57213  48.5%     -    9s
H    0     0                    1238.0000000  647.57213  47.7%     -   10s
H    0     0                    1204.0000000  647.57213  46.2%     -   10s
H    0     0                    1173.0000000  647.57213  44.8%     -   10s
H    0     0                    1147.0000000  647.57213  43.5%     -   11s
H    0     0                    1085.0000000  647.57213  40.3%     -   11s
H    0     0                    1002.0000000  647.57213  35.4%     -   12s
H    0     0                     995.0000000  647.57213  34.9%     -   12s
H    0     0                     946.0000000  647.57213  31.5%     -   12s
H    0     0                     925.0000000  647.57213  30.0%     -   12s
H    0     0                     924.0000000  647.57213  29.9%     -   12s
H    0     0                     907.0000000  647.57213  28.6%     -   12s
H    0     0                     903.0000000  647.57213  28.3%     -   12s
H    0     0                     900.0000000  647.57213  28.0%     -   12s
H    0     0                     887.0000000  647.57213  27.0%     -   12s
H    0     0                     870.0000000  647.57213  25.6%     -   12s
     0     0  687.82618    0  396  870.00000  687.82618  20.9%     -   13s
H    0     0                     869.0000000  688.04003  20.8%     -   13s
H    0     0                     868.0000000  688.04003  20.7%     -   14s
H    0     0                     842.0000000  688.04003  18.3%     -   14s
H    0     0                     836.0000000  688.04003  17.7%     -   14s
H    0     0                     834.0000000  688.04003  17.5%     -   14s
H    0     0                     829.0000000  688.04003  17.0%     -   15s
H    0     0                     828.0000000  688.04003  16.9%     -   15s
H    0     0                     827.0000000  688.04003  16.8%     -   16s
H    0     0                     820.0000000  688.04003  16.1%     -   18s
     0     0  691.00935    0  412  820.00000  691.00935  15.7%     -   20s
     0     0  691.00935    0  413  820.00000  691.00935  15.7%     -   20s
     0     0  713.82388    0  434  820.00000  713.82388  12.9%     -   23s
     0     0  725.77920    0  417  820.00000  725.77920  11.5%     -   24s
     0     0  735.15231    0  435  820.00000  735.15231  10.3%     -   25s
     0     0  741.97772    0  432  820.00000  741.97772  9.51%     -   26s
     0     0  745.48933    0  446  820.00000  745.48933  9.09%     -   28s
     0     0  752.12476    0  511  820.00000  752.12476  8.28%     -   31s
     0     0  753.66674    0  510  820.00000  753.66674  8.09%     -   32s
     0     0  753.82104    0  527  820.00000  753.82104  8.07%     -   32s
     0     0  753.83400    0  525  820.00000  753.83400  8.07%     -   33s
     0     0  758.46373    0  452  820.00000  758.46373  7.50%     -   35s
     0     0  766.08810    0  498  820.00000  766.08810  6.57%     -   37s
     0     0  767.06048    0  512  820.00000  767.06048  6.46%     -   39s
     0     0  767.09498    0  534  820.00000  767.09498  6.45%     -   39s
     0     0  769.56869    0  550  820.00000  769.56869  6.15%     -   39s
     0     0  769.78163    0  567  820.00000  769.78163  6.12%     -   40s
     0     0  769.81736    0  569  820.00000  769.81736  6.12%     -   41s
     0     0  772.40423    0  539  820.00000  772.40423  5.80%     -   42s
     0     0  772.60224    0  558  820.00000  772.60224  5.78%     -   43s
     0     0  772.62019    0  551  820.00000  772.62019  5.78%     -   43s
     0     0  773.84516    0  547  820.00000  773.84516  5.63%     -   44s
     0     0  773.86344    0  578  820.00000  773.86344  5.63%     -   45s
     0     0  774.61207    0  516  820.00000  774.61207  5.54%     -   45s
     0     0  774.62152    0  516  820.00000  774.62152  5.53%     -   45s
     0     0  774.62152    0  516  820.00000  774.62152  5.53%     -   45s
     0     0  774.62152    0  459  820.00000  774.62152  5.53%     -   46s
H    0     0                     817.0000000  774.64038  5.18%     -   50s
H    0     0                     814.0000000  774.64038  4.84%     -   50s
H    0     0                     813.0000000  774.64038  4.72%     -   50s
     0     2  774.64038    0  459  813.00000  774.64038  4.72%     -   51s
H    9    12                     811.0000000  774.88420  4.45%  2673   54s
    11    17  775.39217    4  536  811.00000  774.88420  4.45%  2838   55s
H   24    26                     809.0000000  774.88420  4.22%  2634   56s
    47    53  776.62071   11  496  809.00000  774.88420  4.22%  2169   60s
H   71    80                     808.0000000  774.88420  4.10%  1964   64s
    79    88  778.06167   17  486  808.00000  774.88420  4.10%  1892   65s
   140   151  779.78332   25  441  808.00000  774.88420  4.10%  1570   70s
   188   185  784.16720   30  413  808.00000  774.88420  4.10%  1507   75s
   234   239  784.48113   38  422  808.00000  774.88420  4.10%  1530   80s
   325   331  787.15085   48  405  808.00000  775.06758  4.08%  1362   86s
   417   440  790.15798   66  349  808.00000  775.06758  4.08%  1254   90s
   738   761  798.97664  139  273  808.00000  775.06758  4.08%   868   96s
   878   843  795.84850   10  363  808.00000  775.06758  4.08%   857  101s
  1014   938  780.26868   11  432  808.00000  775.56788  4.01%   865  106s
  1176  1049  798.29468  126  389  808.00000  775.56788  4.01%   861  112s
  1178  1050  801.53379   68  362  808.00000  775.56788  4.01%   860  115s
  1179  1051  791.19300   58  367  808.00000  775.56788  4.01%   859  123s
  1180  1052  800.78257   17  417  808.00000  775.56788  4.01%   858  125s
  1185  1055  801.00056   43  431  808.00000  776.80774  3.86%   855  130s
  1192  1060  804.18111   39  431  808.00000  779.29550  3.55%   850  135s
  1196  1062  779.69486   15  323  808.00000  779.69486  3.50%   847  141s
H 1196  1008                     806.0000000  779.69486  3.26%   847  146s
H 1196   957                     805.0000000  779.69486  3.14%   847  146s
  1197   958  789.63253   39  323  805.00000  780.91425  2.99%   846  152s
  1201   962  797.96840   35  366  805.00000  780.91425  2.99%   937  160s
  1212   969  791.40318   18  389  805.00000  780.91425  2.99%   928  165s
  1214   971  788.10068   47  346  805.00000  781.67659  2.90%   927  175s
  1217   978  781.67659   29  350  805.00000  781.67659  2.90%   997  180s
  1280  1021  781.67659   35  354  805.00000  781.67659  2.90%  1055  185s
  1346  1052  782.27593   39  377  805.00000  781.67659  2.90%  1084  190s
  1411  1069  788.39640   43  332  805.00000  781.67659  2.90%  1104  195s
H 1508  1034                     799.0000000  781.67659  2.17%  1084  197s
  1563  1040  788.46642   37  343  799.00000  781.67659  2.17%  1078  200s
  1734  1035  787.53175   31  203  799.00000  782.23568  2.10%  1046  206s
  1755  1031  791.98958   35  368  799.00000  782.23568  2.10%  1042  210s
  1763  1037  786.61862   46  411  799.00000  782.23568  2.10%  1037  215s
  1770  1041  792.00673   33  450  799.00000  782.23568  2.10%  1033  222s
  1771  1042  791.96333   51  450  799.00000  782.23642  2.10%  1032  225s
  1778  1051  782.23642   40  418  799.00000  782.23642  2.10%  1082  230s
  1893  1069  784.07540   47  351  799.00000  782.23642  2.10%  1066  235s
  1983  1089  794.60193   66  226  799.00000  782.23642  2.10%  1067  240s
  2108  1095  789.38066   53  328  799.00000  782.57338  2.06%  1046  245s
  2197  1128  796.16437   56  234  799.00000  782.77931  2.03%  1045  250s
  2327  1159  784.89515   49  362  799.00000  782.79283  2.03%  1019  255s
  2427  1194  788.37258   54  305  799.00000  782.85846  2.02%  1020  260s
  2587  1250  791.31783   54  320  799.00000  783.45957  1.94%  1002  267s
  2727  1272  789.48290   49  308  799.00000  783.49961  1.94%   987  271s
  2943  1295  785.14811   45  348  799.00000  783.69532  1.92%   966  276s
  3104  1332  789.89125   47  329  799.00000  784.06570  1.87%   950  280s
  3294  1348  786.52418   53  324  799.00000  784.15061  1.86%   937  285s
  3635  1416  792.08042   53  287  799.00000  784.51808  1.81%   910  292s
  3855  1381  790.21833   58  316  799.00000  784.59330  1.80%   879  296s
  3953  1407  797.78520   59  220  799.00000  784.71117  1.79%   875  300s
  4246  1513  789.26453   48  389  799.00000  784.89245  1.77%   861  306s
  4624  1565  790.14491   61  336  799.00000  785.21010  1.73%   833  311s
  4985  1637  791.77317   62  369  799.00000  785.33922  1.71%   816  316s
  5380  1873  788.82779   52  296  799.00000  785.49557  1.69%   798  321s
  5866  2075  790.56526   57  383  799.00000  785.70891  1.66%   774  326s
  6235  2302  787.32101   50  404  799.00000  785.85370  1.65%   764  332s
  6492  2436  792.36336   73  331  799.00000  785.85577  1.65%   754  335s
  7063  2677  794.94984   69  304  799.00000  786.23067  1.60%   738  342s
  7349  2768  790.70734   59  330  799.00000  786.36272  1.58%   732  345s
  7897  2948  788.62856   52  416  799.00000  786.47861  1.57%   717  353s
  7972  3041  794.95403   59  323  799.00000  786.51420  1.56%   718  357s
  8231  3228  790.85348   56  360  799.00000  786.54805  1.56%   712  361s
  8615  3405  793.06137   60  267  799.00000  786.67589  1.54%   702  365s
  9029  3520  795.63935   60  353  799.00000  786.79747  1.53%   695  370s
  9773  3822  795.71630   56  272  799.00000  786.97120  1.51%   680  379s
 10121  3966  797.22236   59  357  799.00000  787.11017  1.49%   674  384s
 10555  4146  791.43590   56  284  799.00000  787.25102  1.47%   667  390s
 11457  4423  789.53076   54  371  799.00000  787.45416  1.45%   656  398s
 11797  4623  793.99121   65  372  799.00000  787.50953  1.44%   655  402s
 12375  4796  795.12950   58  307  799.00000  787.65246  1.42%   642  406s
 12811  4939  794.64110   56  356  799.00000  787.73541  1.41%   637  411s
 13291  5103  793.06020   59  408  799.00000  787.81261  1.40%   631  415s
 13728  5228  793.34756   47  309  799.00000  787.90135  1.39%   626  420s
H13997  4152                     796.0000000  787.90493  1.02%   623  420s
 14531  4292  790.95539   58  393  796.00000  788.10905  0.99%   619  428s
 14988  4389  794.18179   60  345  796.00000  788.23321  0.98%   615  432s
 15500  4456  794.39914   60  331  796.00000  788.34135  0.96%   610  436s
 16402  4617  792.50000   59   66  796.00000  788.56960  0.93%   601  443s
 16936  4681     cutoff   53       796.00000  788.67161  0.92%   596  447s
 17430  4765  791.68159   57  319  796.00000  788.80872  0.90%   590  450s
 18405  4883  793.91176   66  260  796.00000  788.96676  0.88%   582  457s
 18876  4921  791.52041   59  312  796.00000  789.07964  0.87%   579  461s
 19819  4979     cutoff   67       796.00000  789.32666  0.84%   573  468s
 20355  5005  794.01683   59  337  796.00000  789.48201  0.82%   569  471s
 20785  5054  791.11273   52  393  796.00000  789.55963  0.81%   568  504s
 21558  5012     cutoff   56       796.00000  789.75097  0.79%   562  507s
 21753  4966  793.56911   70  228  796.00000  789.82684  0.78%   563  510s
 22584  4889  794.33648   58  223  796.00000  790.06949  0.75%   559  517s
 22869  4853  793.51353   61  307  796.00000  790.17186  0.73%   558  521s
 23292  4824  794.30521   58  269  796.00000  790.27415  0.72%   556  525s
 24251  4694  793.01410   56  292  796.00000  790.52108  0.69%   550  531s
 24646  4655     cutoff   62       796.00000  790.63333  0.67%   550  535s
 25523  4396     cutoff   56       796.00000  790.91706  0.64%   547  542s
 25882  4274  793.70050   55  281  796.00000  791.02645  0.62%   546  545s
 26798  3972     cutoff   60       796.00000  791.38839  0.58%   543  551s
 27191  3919     cutoff   50       796.00000  791.52278  0.56%   543  555s
 27691  3579  794.73944   71  344  796.00000  791.71695  0.54%   544  561s
 28492  3171     cutoff   59       796.00000  792.05440  0.50%   542  567s
 28921  2902  793.67993   59  354  796.00000  792.14286  0.48%   540  570s
 29831  2285     cutoff   60       796.00000  792.58817  0.43%   535  575s
 31104  1111     cutoff   51       796.00000  793.33543  0.33%   527  580s

Cutting planes:
  Gomory: 9
  Lift-and-project: 1
  Cover: 92
  Implied bound: 134
  Clique: 1
  MIR: 74
  StrongCG: 2
  Flow cover: 673
  GUB cover: 3
  Inf proof: 2
  Zero half: 81
  Mod-K: 1
  Network: 6
  RLT: 13
  Relax-and-lift: 73

Explored 32703 nodes (16828442 simplex iterations) in 582.39 seconds (1958.74 work units)
Thread count was 4 (of 32 available processors)

Solution count 10: 796 799 805 ... 817

Optimal solution found (tolerance 1.00e-04)
Best objective 7.960000000000e+02, best bound 7.960000000000e+02, gap 0.0000%

Wrote result file './sol/E100_1000.5_R50.sol'

