
Gurobi 13.0.2 (mac64[arm], gurobi_cl) logging started Mon Sep  7 19:18:21 2026

Set parameter TokenServer to value "10.8.80.200"
Set parameter TimeLimit to value 43200
Set parameter LogFile to value "/Users/takafumi/Dropbox/2_Study/cspns_gurobi/log_recomputed_4threads/E100_1000.1_R0.log"
Set parameter Threads to value 4
Using license file /Library/gurobi1302/gurobi.lic

Gurobi Optimizer version 13.0.2 build v13.0.2rc1 (mac64[arm] - Darwin 24.6.0 24G517)
Copyright (c) 2026, Gurobi Optimization, LLC

Read LP format model from file /Users/takafumi/Dropbox/2_Study/cspns_gurobi/lp/E100_1000.1_R0.lp
Reading time = 0.04 seconds
root: 20808 rows, 20503 columns, 91914 nonzeros

Using Gurobi shared library /Library/gurobi1302/macos_universal2/lib/libgurobi130.dylib

CPU model: Apple M3 Ultra
Thread count: 32 physical cores, 32 logical processors, using up to 4 threads

Non-default parameters:
TimeLimit  43200
Threads  4

Optimize a model with 20808 rows, 20503 columns and 91914 nonzeros (Min)
Model fingerprint: 0xea578a39
Model has 10100 linear objective coefficients
Variable types: 0 continuous, 20503 integer (0 binary)
Coefficient statistics:
  Matrix range     [1e+00, 1e+02]
  Objective range  [1e+00, 1e+02]
  Bounds range     [1e+00, 1e+00]
  RHS range        [1e+00, 1e+00]

Presolve removed 10503 rows and 303 columns
Presolve time: 0.09s
Presolved: 10305 rows, 20200 columns, 60410 nonzeros
Variable types: 0 continuous, 20200 integer (10200 binary)
Found heuristic solution: objective 6518.0000000
Found heuristic solution: objective 5809.0000000

Root relaxation: objective 1.292600e+02, 47510 iterations, 1.87 seconds (5.88 work units)

    Nodes    |    Current Node    |     Objective Bounds      |     Work
 Expl Unexpl |  Obj  Depth IntInf | Incumbent    BestBd   Gap | It/Node Time

     0     0  129.26000    0  298 5809.00000  129.26000  97.8%     -    2s
     0     0  868.19000    0  210 5809.00000  868.19000  85.1%     -    2s
H    0     0                    1664.0000000  868.19000  47.8%     -    2s
H    0     0                    1539.0000000  868.19000  43.6%     -    2s
H    0     0                    1377.0000000  868.19000  37.0%     -    2s
H    0     0                    1358.0000000  868.19000  36.1%     -    2s
H    0     0                    1341.0000000  868.19000  35.3%     -    2s
H    0     0                    1283.0000000  868.19000  32.3%     -    2s
H    0     0                    1275.0000000  868.19000  31.9%     -    3s
H    0     0                    1274.0000000  868.19000  31.9%     -    3s
H    0     0                    1270.0000000  868.19000  31.6%     -    3s
H    0     0                    1269.0000000  868.19000  31.6%     -    3s
H    0     0                    1267.0000000  868.19000  31.5%     -    3s
H    0     0                    1261.0000000  868.19000  31.2%     -    3s
H    0     0                    1258.0000000  868.19000  31.0%     -    3s
H    0     0                    1214.0000000  868.19000  28.5%     -    3s
H    0     0                    1208.0000000  868.19000  28.1%     -    3s
     0     0  868.19000    0  210 1208.00000  868.19000  28.1%     -    3s
     0     0  868.19000    0  201 1208.00000  868.19000  28.1%     -    5s
H    0     0                    1201.0000000  868.19000  27.7%     -    5s
H    0     0                    1198.0000000  868.19000  27.5%     -    5s
H    0     0                    1179.0000000  868.19000  26.4%     -    5s
H    0     0                    1175.0000000  868.19000  26.1%     -    5s
H    0     0                    1160.0000000  868.19000  25.2%     -    5s
H    0     0                    1149.0000000  868.19000  24.4%     -    5s
H    0     0                    1148.0000000  868.19000  24.4%     -    5s
H    0     0                    1142.0000000  933.04081  18.3%     -    6s
H    0     0                    1118.0000000  933.04081  16.5%     -    6s
H    0     0                    1111.0000000  933.04081  16.0%     -    6s
H    0     0                    1095.0000000  933.04081  14.8%     -    6s
H    0     0                    1091.0000000  933.04081  14.5%     -    6s
H    0     0                    1088.0000000  933.04081  14.2%     -    6s
H    0     0                    1079.0000000  933.04081  13.5%     -    6s
     0     0  933.04081    0  380 1079.00000  933.04081  13.5%     -    6s
H    0     0                    1075.0000000  933.05148  13.2%     -    7s
H    0     0                    1067.0000000  933.05148  12.6%     -    7s
     0     0  954.96687    0  344 1067.00000  954.96687  10.5%     -    7s
     0     0  954.96960    0  350 1067.00000  954.96960  10.5%     -    7s
H    0     0                    1066.0000000  954.96960  10.4%     -    7s
H    0     0                    1060.0000000  954.96960  9.91%     -    7s
H    0     0                    1054.0000000  954.96960  9.40%     -    7s
H    0     0                    1047.0000000  954.96960  8.79%     -    7s
H    0     0                    1042.0000000  954.96960  8.35%     -    7s
H    0     0                    1041.0000000  981.18331  5.75%     -    8s
     0     0  981.18331    0  366 1041.00000  981.18331  5.75%     -    8s
     0     0  983.67955    0  374 1041.00000  983.67955  5.51%     -    8s
     0     0  983.72955    0  382 1041.00000  983.72955  5.50%     -    8s
     0     0  983.72955    0  381 1041.00000  983.72955  5.50%     -    8s
     0     0  987.55376    0  398 1041.00000  987.55376  5.13%     -    8s
     0     0  987.55376    0  195 1041.00000  987.55376  5.13%     -    9s
H    0     0                    1037.0000000  987.55376  4.77%     -    9s
H    0     0                    1036.0000000  987.55376  4.68%     -   10s
     0     0  987.55376    0  357 1036.00000  987.55376  4.68%     -   10s
     0     0  987.55376    0  333 1036.00000  987.55376  4.68%     -   10s
     0     0  988.41505    0  353 1036.00000  988.41505  4.59%     -   10s
     0     0  988.42727    0  383 1036.00000  988.42727  4.59%     -   10s
     0     0  993.45543    0  394 1036.00000  993.45543  4.11%     -   11s
     0     0  993.57670    0  373 1036.00000  993.57670  4.09%     -   11s
     0     0  993.57672    0  401 1036.00000  993.57672  4.09%     -   11s
     0     0  995.61668    0  420 1036.00000  995.61668  3.90%     -   11s
     0     0  995.61668    0  214 1036.00000  995.61668  3.90%     -   12s
H    0     0                    1033.0000000  995.61668  3.62%     -   12s
H    0     0                    1029.0000000  995.61668  3.24%     -   12s
H    0     0                    1028.0000000  995.61668  3.15%     -   12s
H    0     0                    1022.0000000  995.61668  2.58%     -   12s
H    0     0                    1020.0000000  995.61668  2.39%     -   12s
     0     0  995.61668    0  358 1020.00000  995.61668  2.39%     -   12s
     0     0  995.61668    0  378 1020.00000  995.61668  2.39%     -   12s
     0     0  995.61668    0  379 1020.00000  995.61668  2.39%     -   12s
     0     0  995.61668    0  383 1020.00000  995.61668  2.39%     -   12s
     0     0  996.37979    0  333 1020.00000  996.37979  2.32%     -   12s
     0     0  996.37979    0  211 1020.00000  996.37979  2.32%     -   12s
H    0     0                    1018.0000000  996.37979  2.12%     -   12s
H    0     0                    1016.0000000  996.37979  1.93%     -   12s
     0     0  996.37979    0  381 1016.00000  996.37979  1.93%     -   12s
     0     0  996.37979    0  305 1016.00000  996.37979  1.93%     -   13s
     0     0  996.39501    0  379 1016.00000  996.39501  1.93%     -   13s
     0     0  996.40151    0  404 1016.00000  996.40151  1.93%     -   13s
H    0     0                    1013.0000000  996.40151  1.64%     -   13s
     0     0  997.54881    0  440 1013.00000  997.54881  1.53%     -   13s
     0     0  997.54881    0  211 1013.00000  997.54881  1.53%     -   13s
     0     0  997.54881    0  388 1013.00000  997.54881  1.53%     -   13s
     0     0  997.54881    0  338 1013.00000  997.54881  1.53%     -   13s
     0     0  997.54881    0  346 1013.00000  997.54881  1.53%     -   13s
     0     0  997.54881    0  402 1013.00000  997.54881  1.53%     -   13s
     0     0  997.93328    0  435 1013.00000  997.93328  1.49%     -   13s
     0     0  997.95925    0  433 1013.00000  997.95925  1.48%     -   13s
     0     0  998.00194    0  463 1013.00000  998.00194  1.48%     -   13s
     0     0  998.00194    0  463 1013.00000  998.00194  1.48%     -   13s
     0     0  998.00194    0  463 1013.00000  998.00194  1.48%     -   13s
     0     0  998.00194    0  414 1013.00000  998.00194  1.48%     -   13s
     0     2  998.00205    0  393 1013.00000  998.00205  1.48%     -   13s
H  270   207                    1012.0000000  998.26077  1.36%   110   13s
  1359   743 1009.32719   26  220 1012.00000 1000.56822  1.13%   109   15s
H 1733   855                    1009.0000000 1002.03509  0.69%   114   17s
H 1774   840                    1008.0000000 1004.00000  0.40%   119   19s
  1787   849 1005.00000   12  179 1008.00000 1005.00000  0.30%   118   20s

Cutting planes:
  Gomory: 2
  Cover: 16
  Implied bound: 31
  Projected implied bound: 3
  MIR: 4
  Flow cover: 64
  Flow path: 1
  Inf proof: 1
  Zero half: 10
  Network: 9
  RLT: 6
  Relax-and-lift: 18

Explored 1818 nodes (400861 simplex iterations) in 21.66 seconds (44.00 work units)
Thread count was 4 (of 32 available processors)

Solution count 10: 1008 1009 1012 ... 1029

Optimal solution found (tolerance 1.00e-04)
Best objective 1.008000000000e+03, best bound 1.008000000000e+03, gap 0.0000%

Wrote result file '/Users/takafumi/Dropbox/2_Study/cspns_gurobi/sol_recomputed_4threads/E100_1000.1_R0.sol'

