
Gurobi 13.0.2 (mac64[arm], gurobi_cl) logging started Wed Jul  1 17:15:35 2026

Set parameter TokenServer to value "10.8.80.200"
Set parameter TimeLimit to value 43200
Set parameter LogFile to value "./log/E100_1000.6_R50.log"
Set parameter Threads to value 4
Using license file /Library/gurobi1302/gurobi.lic

Gurobi Optimizer version 13.0.2 build v13.0.2rc1 (mac64[arm] - Darwin 24.6.0 24G517)
Copyright (c) 2026, Gurobi Optimization, LLC

Read LP format model from file ./lp/E100_1000.6_R50.lp
Reading time = 0.03 seconds
root: 20808 rows, 20503 columns, 151344 nonzeros

Using Gurobi shared library /Library/gurobi1302/macos_universal2/lib/libgurobi130.dylib

CPU model: Apple M3 Ultra
Thread count: 32 physical cores, 32 logical processors, using up to 4 threads

Non-default parameters:
TimeLimit  43200
Threads  4

Optimize a model with 20808 rows, 20503 columns and 151344 nonzeros (Min)
Model fingerprint: 0x40e87a2e
Model has 10100 linear objective coefficients
Variable types: 0 continuous, 20503 integer (0 binary)
Coefficient statistics:
  Matrix range     [1e+00, 1e+02]
  Objective range  [1e+00, 2e+02]
  Bounds range     [1e+00, 1e+00]
  RHS range        [1e+00, 1e+00]

Presolve removed 10417 rows and 209 columns
Presolve time: 0.19s
Presolved: 10391 rows, 20294 columns, 102052 nonzeros
Variable types: 0 continuous, 20294 integer (10294 binary)
Found heuristic solution: objective 5557.0000000
Deterministic concurrent LP optimizer: primal and dual simplex
Showing primal log only...

Concurrent spin time: 0.00s

Solved with primal simplex

Root relaxation: objective 1.608635e+02, 40329 iterations, 0.59 seconds (1.22 work units)

    Nodes    |    Current Node    |     Objective Bounds      |     Work
 Expl Unexpl |  Obj  Depth IntInf | Incumbent    BestBd   Gap | It/Node Time

     0     0  160.86347    0  318 5557.00000  160.86347  97.1%     -    0s
     0     0  566.15637    0  321 5557.00000  566.15637  89.8%     -    1s
H    0     0                    2660.0000000  566.15637  78.7%     -    1s
H    0     0                    2586.0000000  566.15637  78.1%     -    1s
H    0     0                    2493.0000000  566.15637  77.3%     -    1s
H    0     0                    1803.0000000  566.15637  68.6%     -    2s
H    0     0                    1669.0000000  566.15637  66.1%     -    2s
H    0     0                    1546.0000000  566.15637  63.4%     -    2s
H    0     0                    1514.0000000  566.15637  62.6%     -    2s
H    0     0                    1495.0000000  566.15637  62.1%     -    2s
H    0     0                    1445.0000000  566.15637  60.8%     -    2s
H    0     0                    1362.0000000  566.15637  58.4%     -    3s
H    0     0                    1346.0000000  566.15637  57.9%     -    3s
H    0     0                    1332.0000000  566.15637  57.5%     -    3s
     0     0  693.53449    0  363 1332.00000  693.53449  47.9%     -    4s
     0     0  693.90132    0  352 1332.00000  693.90132  47.9%     -    6s
H    0     0                    1315.0000000  693.90132  47.2%     -    6s
H    0     0                    1245.0000000  693.90132  44.3%     -    6s
H    0     0                    1228.0000000  693.90132  43.5%     -    7s
H    0     0                    1145.0000000  693.90132  39.4%     -    8s
H    0     0                    1137.0000000  693.90132  39.0%     -    8s
H    0     0                    1084.0000000  693.90132  36.0%     -    8s
H    0     0                    1057.0000000  693.90132  34.4%     -    8s
H    0     0                    1056.0000000  693.90132  34.3%     -    8s
H    0     0                    1041.0000000  693.90132  33.3%     -    8s
H    0     0                    1038.0000000  693.90132  33.2%     -    8s
H    0     0                    1036.0000000  693.90132  33.0%     -    8s
     0     0  737.81055    0  381 1036.00000  737.81055  28.8%     -    9s
H    0     0                    1035.0000000  737.83843  28.7%     -    9s
H    0     0                    1033.0000000  737.83843  28.6%     -    9s
H    0     0                    1029.0000000  737.83843  28.3%     -   10s
H    0     0                    1026.0000000  737.83843  28.1%     -   10s
H    0     0                    1011.0000000  737.83843  27.0%     -   10s
H    0     0                    1010.0000000  737.83843  26.9%     -   10s
H    0     0                    1009.0000000  737.83843  26.9%     -   10s
H    0     0                     986.0000000  737.83843  25.2%     -   11s
H    0     0                     967.0000000  737.83843  23.7%     -   11s
H    0     0                     963.0000000  737.83843  23.4%     -   11s
H    0     0                     961.0000000  737.83843  23.2%     -   11s
H    0     0                     948.0000000  737.83843  22.2%     -   11s
H    0     0                     945.0000000  737.83843  21.9%     -   11s
H    0     0                     934.0000000  737.83843  21.0%     -   11s
H    0     0                     929.0000000  737.83843  20.6%     -   11s
H    0     0                     927.0000000  737.83843  20.4%     -   11s
H    0     0                     923.0000000  737.83843  20.1%     -   13s
     0     0  740.56051    0  373  923.00000  740.56051  19.8%     -   14s
     0     0  741.63945    0  370  923.00000  741.63945  19.6%     -   15s
     0     0  741.63945    0  371  923.00000  741.63945  19.6%     -   15s
     0     0  781.42541    0  409  923.00000  781.42541  15.3%     -   17s
     0     0  787.10722    0  384  923.00000  787.10722  14.7%     -   17s
     0     0  787.10992    0  394  923.00000  787.10992  14.7%     -   17s
     0     0  796.78820    0  421  923.00000  796.78820  13.7%     -   18s
     0     0  804.16802    0  437  923.00000  804.16802  12.9%     -   20s
     0     0  804.29411    0  473  923.00000  804.29411  12.9%     -   20s
     0     0  810.93173    0  438  923.00000  810.93173  12.1%     -   22s
     0     0  815.59913    0  438  923.00000  815.59913  11.6%     -   23s
     0     0  815.92364    0  456  923.00000  815.92364  11.6%     -   24s
     0     0  815.98332    0  486  923.00000  815.98332  11.6%     -   24s
     0     0  817.10612    0  510  923.00000  817.10612  11.5%     -   25s
     0     0  817.77332    0  509  923.00000  817.77332  11.4%     -   25s
     0     0  817.85383    0  520  923.00000  817.85383  11.4%     -   25s
     0     0  818.79300    0  495  923.00000  818.79300  11.3%     -   26s
     0     0  818.79300    0  495  923.00000  818.79300  11.3%     -   26s
     0     0  818.79300    0  449  923.00000  818.79300  11.3%     -   27s
H    0     0                     922.0000000  818.79642  11.2%     -   30s
H    0     0                     921.0000000  818.79642  11.1%     -   30s
H    0     0                     917.0000000  818.79642  10.7%     -   30s
H    0     0                     916.0000000  818.79642  10.6%     -   31s
     0     2  818.79642    0  440  916.00000  818.79642  10.6%     -   31s
H   10    12                     915.0000000  819.25431  10.5%  2821   33s
    20    25  819.83345    6  477  915.00000  819.25431  10.5%  3600   36s
    45    50  821.09289   11  446  915.00000  819.25431  10.5%  3377   40s
H   46    50                     907.0000000  819.25431  9.67%  3304   40s
    74    82  822.82024   15  424  907.00000  819.25431  9.67%  3092   45s
    97   102  829.74684   18  364  907.00000  819.25431  9.67%  3113   50s
   123   130  825.48483   23  390  907.00000  819.25431  9.67%  3100   55s
   152   159  826.50709   31  417  907.00000  819.25431  9.67%  2970   60s
H  164   166                     906.0000000  819.25431  9.57%  2953   61s
H  165   179                     902.0000000  819.25431  9.17%  2955   62s
H  168   179                     901.0000000  819.25431  9.07%  2956   62s
   195   206  827.83922   35  388  901.00000  819.25431  9.07%  2808   66s
   254   266  830.03434   40  387  901.00000  819.25431  9.07%  2555   71s
   308   330  832.05161   44  335  901.00000  819.25431  9.07%  2434   76s
   389   415  835.52690   48  328  901.00000  819.25431  9.07%  2243   81s
   469   512  837.69078   59  313  901.00000  819.25431  9.07%  2049   85s
   583   612  840.02979   66  307  901.00000  819.25431  9.07%  1802   91s
   638   657  842.05068   75  330  901.00000  819.25431  9.07%  1756   96s
   742   804  844.15089   77  288  901.00000  819.25431  9.07%  1605  101s
   898   901  844.30405   81  325  901.00000  819.25431  9.07%  1387  105s
  1006   962  851.39588  110  299  901.00000  819.42123  9.05%  1387  112s
  1046  1046  855.91117  124  222  901.00000  819.42123  9.05%  1433  116s
  1109  1054  863.52784  155  254  901.00000  819.42123  9.05%  1417  121s
  1117  1062  863.53506  157  267  901.00000  819.42123  9.05%  1416  127s
  1121  1066  863.57916  158  258  901.00000  819.42123  9.05%  1416  130s
  1130  1082  863.63389  160  272  901.00000  819.42123  9.05%  1425  135s
  1185  1226  863.77179  162  264  901.00000  819.42123  9.05%  1415  141s
  1459  1601  877.46865  241  207  901.00000  819.42123  9.05%  1233  147s
  1669  1776  887.42754  310  231  901.00000  819.87954  9.00%  1112  150s
  1912  1801  886.00428  168  363  901.00000  820.10038  8.98%  1036  155s
  1915  1803  863.06402  151  356  901.00000  820.10038  8.98%  1035  165s
  1920  1806  863.21913  106  489  901.00000  820.10038  8.98%  1032  170s
  1926  1810  884.51662  264  495  901.00000  827.97713  8.10%  1029  175s
  1931  1814  843.07220   64  492  901.00000  830.96432  7.77%  1026  180s
H 1931  1723                     900.0000000  831.85495  7.57%  1026  181s
  1935  1725  838.77212   22  437  900.00000  833.34023  7.41%  1024  192s
  1939  1728  867.09390  136  401  900.00000  834.17300  7.31%  1022  198s
H 1939  1641                     899.0000000  834.17300  7.21%  1022  199s
H 1939  1558                     897.0000000  834.17300  7.00%  1022  199s
H 1939  1480                     891.0000000  834.17300  6.38%  1022  200s
  1940  1481  847.07295   34  401  891.00000  836.11548  6.16%  1021  209s
  1941  1484  836.11548   10  380  891.00000  836.11548  6.16%  1108  211s
  1951  1494  836.11548   13  425  891.00000  836.11548  6.16%  1131  215s
H 1953  1418                     879.0000000  836.11548  4.88%  1130  215s
H 1967  1356                     878.0000000  836.11548  4.77%  1149  217s
  1976  1365  837.10387   16  348  878.00000  836.11548  4.77%  1165  220s
H 1983  1300                     875.0000000  836.11548  4.44%  1172  221s
  2008  1324  839.39225   20  310  875.00000  836.11548  4.44%  1189  225s
  2104  1383  846.40808   28  253  875.00000  836.11548  4.44%  1200  230s
  2207  1412  859.06040   41   45  875.00000  836.11548  4.44%  1185  235s
  2304  1427  839.47095   16  339  875.00000  836.11548  4.44%  1177  241s
  2371  1475  847.94146   20  234  875.00000  836.36297  4.42%  1185  245s
  2477  1513  852.67813   31  220  875.00000  836.36297  4.42%  1176  251s
  2575  1543  837.94867   21  329  875.00000  836.42287  4.41%  1175  255s
  2675  1588  840.51904   28  280  875.00000  836.42287  4.41%  1173  261s
  2742  1585  843.15226   31  290  875.00000  836.42881  4.41%  1170  265s
H 2749  1312                     856.0000000  836.42881  2.29%  1174  267s
  2799  1379  851.40316   40  219  856.00000  836.42881  2.29%  1174  271s
  2972  1410  844.82013   31  379  856.00000  836.42881  2.29%  1141  275s
  3055  1385  838.84877   12  353  856.00000  836.42881  2.29%  1130  280s
  3063  1391  843.01103   33  480  856.00000  836.42881  2.29%  1128  285s
H 3065  1322                     855.0000000  836.42881  2.17%  1127  287s
  3070  1325  850.58574   37  479  855.00000  836.55102  2.16%  1125  290s
  3119  1363  840.76902   29  386  855.00000  836.55102  2.16%  1156  295s
  3253  1371  853.00808   39  132  855.00000  838.10716  1.98%  1132  300s
  3452  1408  847.14022   39  286  855.00000  838.40652  1.94%  1111  305s
H 3603  1350                     851.0000000  838.44799  1.47%  1101  309s
  3646  1344  841.74197   33  406  851.00000  838.89992  1.42%  1097  310s
  3855  1380  844.82162   36  305  851.00000  839.43139  1.36%  1077  315s
  4017  1363  843.76795   32  369  851.00000  840.19141  1.27%  1058  320s
  4032  1373  845.16214   29  576  851.00000  840.19141  1.27%  1054  325s
  4041  1380  840.82549   24  398  851.00000  840.19141  1.27%  1066  330s
  4054  1389  848.77554   36  473  851.00000  840.19141  1.27%  1063  335s
  4216  1435  844.20744   60  271  851.00000  840.19141  1.27%  1067  340s
  4464  1457  844.99414   53  227  851.00000  840.89295  1.19%  1047  345s
  4865  1441  848.04848   66  216  851.00000  842.43866  1.01%  1002  350s
  5216  1427  849.72594   62  343  851.00000  843.11539  0.93%   969  355s
  5457  1431  846.04076   63  393  851.00000  843.46685  0.89%   948  360s
  5986  1377     cutoff   64       851.00000  844.15890  0.80%   894  365s
  6487  1275  847.71193   61  388  851.00000  844.70879  0.74%   856  370s
  7181  1109     cutoff   59       851.00000  845.30127  0.67%   805  375s
  8324   786  848.80200   70  256  851.00000  846.08855  0.58%   739  380s
  9342   694     cutoff   71       851.00000  846.83854  0.49%   693  385s
 10710   338     cutoff   72       851.00000  847.82970  0.37%   639  391s

Cutting planes:
  Gomory: 10
  Lift-and-project: 1
  Cover: 67
  Implied bound: 130
  Projected implied bound: 7
  Clique: 4
  MIR: 45
  StrongCG: 2
  Flow cover: 334
  GUB cover: 2
  Zero half: 83
  Network: 5
  RLT: 5
  Relax-and-lift: 73

Explored 11651 nodes (7231910 simplex iterations) in 392.34 seconds (1551.74 work units)
Thread count was 4 (of 32 available processors)

Solution count 10: 851 855 856 ... 900

Optimal solution found (tolerance 1.00e-04)
Best objective 8.510000000000e+02, best bound 8.510000000000e+02, gap 0.0000%

Wrote result file './sol/E100_1000.6_R50.sol'

