
Gurobi 13.0.2 (mac64[arm], gurobi_cl) logging started Mon Jun 29 15:21:40 2026

Set parameter TokenServer to value "10.8.80.200"
Set parameter TimeLimit to value 43200
Set parameter LogFile to value "./log/E100_1000.5_R100.log"
Set parameter Threads to value 4
Using license file /Library/gurobi1302/gurobi.lic

Gurobi Optimizer version 13.0.2 build v13.0.2rc1 (mac64[arm] - Darwin 24.6.0 24G517)
Copyright (c) 2026, Gurobi Optimization, LLC

Read LP format model from file ./lp/E100_1000.5_R100.lp
Reading time = 0.05 seconds
root: 20808 rows, 20503 columns, 227332 nonzeros

Using Gurobi shared library /Library/gurobi1302/macos_universal2/lib/libgurobi130.dylib

CPU model: Apple M3 Ultra
Thread count: 32 physical cores, 32 logical processors, using up to 4 threads

Non-default parameters:
TimeLimit  43200
Threads  4

Optimize a model with 20808 rows, 20503 columns and 227332 nonzeros (Min)
Model fingerprint: 0xb62e2c4d
Model has 10100 linear objective coefficients
Variable types: 0 continuous, 20503 integer (0 binary)
Coefficient statistics:
  Matrix range     [1e+00, 1e+02]
  Objective range  [2e+00, 2e+02]
  Bounds range     [1e+00, 1e+00]
  RHS range        [1e+00, 1e+00]

Presolve removed 10419 rows and 207 columns
Presolve time: 0.41s
Presolved: 10389 rows, 20296 columns, 138459 nonzeros
Variable types: 0 continuous, 20296 integer (10296 binary)
Found heuristic solution: objective 8369.0000000
Found heuristic solution: objective 3758.0000000
Deterministic concurrent LP optimizer: primal and dual simplex
Showing primal log only...

Concurrent spin time: 0.00s

Solved with primal simplex

Root relaxation: objective 1.289671e+02, 20636 iterations, 0.34 seconds (0.64 work units)

    Nodes    |    Current Node    |     Objective Bounds      |     Work
 Expl Unexpl |  Obj  Depth IntInf | Incumbent    BestBd   Gap | It/Node Time

     0     0  128.96708    0  184 3758.00000  128.96708  96.6%     -    0s
     0     0  188.93399    0  219 3758.00000  188.93399  95.0%     -    1s
H    0     0                    3281.0000000  188.93399  94.2%     -    1s
H    0     0                    1056.0000000  188.93399  82.1%     -    1s
H    0     0                     969.0000000  188.93399  80.5%     -    1s
H    0     0                     958.0000000  188.93399  80.3%     -    1s
H    0     0                     944.0000000  188.93399  80.0%     -    1s
H    0     0                     942.0000000  188.93399  79.9%     -    1s
     0     0  302.46687    0  325  942.00000  302.46687  67.9%     -    3s
     0     0  364.75097    0  320  942.00000  364.75097  61.3%     -    5s
H    0     0                     913.0000000  364.75097  60.0%     -    5s
H    0     0                     912.0000000  364.75097  60.0%     -    5s
H    0     0                     911.0000000  364.75097  60.0%     -    6s
H    0     0                     850.0000000  364.75097  57.1%     -    6s
H    0     0                     849.0000000  364.75097  57.0%     -    6s
H    0     0                     830.0000000  364.75097  56.1%     -    6s
H    0     0                     821.0000000  364.75097  55.6%     -    8s
H    0     0                     819.0000000  364.75097  55.5%     -    8s
H    0     0                     795.0000000  364.75097  54.1%     -    8s
H    0     0                     783.0000000  364.75097  53.4%     -    8s
H    0     0                     779.0000000  364.75097  53.2%     -    8s
H    0     0                     753.0000000  364.75097  51.6%     -    8s
H    0     0                     750.0000000  364.75097  51.4%     -    8s
H    0     0                     747.0000000  364.75097  51.2%     -    8s
H    0     0                     746.0000000  364.75097  51.1%     -    8s
H    0     0                     744.0000000  422.17515  43.3%     -    9s
H    0     0                     742.0000000  422.17515  43.1%     -    9s
     0     0  422.17515    0  363  742.00000  422.17515  43.1%     -    9s
H    0     0                     739.0000000  422.21097  42.9%     -   10s
H    0     0                     732.0000000  422.21097  42.3%     -   10s
H    0     0                     729.0000000  422.21097  42.1%     -   11s
H    0     0                     724.0000000  422.21097  41.7%     -   12s
H    0     0                     723.0000000  422.21097  41.6%     -   12s
H    0     0                     711.0000000  422.21097  40.6%     -   12s
H    0     0                     708.0000000  422.21097  40.4%     -   12s
H    0     0                     693.0000000  422.21097  39.1%     -   13s
H    0     0                     677.0000000  422.21097  37.6%     -   13s
H    0     0                     672.0000000  422.21097  37.2%     -   14s
H    0     0                     655.0000000  422.21097  35.5%     -   14s
     0     0  423.35438    0  364  655.00000  423.35438  35.4%     -   16s
     0     0  423.76272    0  361  655.00000  423.76272  35.3%     -   16s
     0     0  423.76309    0  360  655.00000  423.76309  35.3%     -   16s
     0     0  441.18619    0  397  655.00000  441.18619  32.6%     -   18s
     0     0  447.20589    0  424  655.00000  447.20589  31.7%     -   20s
     0     0  447.96512    0  439  655.00000  447.96512  31.6%     -   22s
     0     0  448.51337    0  453  655.00000  448.51337  31.5%     -   22s
     0     0  448.77318    0  452  655.00000  448.77318  31.5%     -   22s
     0     0  449.16070    0  450  655.00000  449.16070  31.4%     -   22s
     0     0  449.16070    0  450  655.00000  449.16070  31.4%     -   22s
     0     0  470.93355    0  405  655.00000  470.93355  28.1%     -   24s
H    0     0                     652.0000000  481.05035  26.2%     -   26s
H    0     0                     650.0000000  481.05035  26.0%     -   26s
     0     0  481.05035    0  441  650.00000  481.05035  26.0%     -   26s
     0     0  482.98004    0  470  650.00000  482.98004  25.7%     -   26s
     0     0  483.58941    0  458  650.00000  483.58941  25.6%     -   27s
     0     0  483.69412    0  466  650.00000  483.69412  25.6%     -   27s
     0     0  483.73351    0  475  650.00000  483.73351  25.6%     -   27s
     0     0  483.73512    0  480  650.00000  483.73512  25.6%     -   27s
     0     0  491.71774    0  480  650.00000  491.71774  24.4%     -   30s
     0     0  496.03332    0  512  650.00000  496.03332  23.7%     -   31s
H    0     0                     648.0000000  496.89348  23.3%     -   32s
H    0     0                     635.0000000  496.89348  21.7%     -   32s
     0     0  496.89348    0  503  635.00000  496.89348  21.7%     -   32s
     0     0  497.23706    0  511  635.00000  497.23706  21.7%     -   32s
     0     0  497.27861    0  522  635.00000  497.27861  21.7%     -   32s
H    0     0                     632.0000000  500.77114  20.8%     -   33s
     0     0  500.77114    0  532  632.00000  500.77114  20.8%     -   33s
H    0     0                     616.0000000  501.25165  18.6%     -   34s
     0     0  501.25165    0  541  616.00000  501.25165  18.6%     -   34s
     0     0  501.35402    0  543  616.00000  501.35402  18.6%     -   34s
     0     0  501.40921    0  562  616.00000  501.40921  18.6%     -   34s
H    0     0                     607.0000000  502.84072  17.2%     -   35s
     0     0  502.84072    0  540  607.00000  502.84072  17.2%     -   35s
H    0     0                     602.0000000  503.18573  16.4%     -   36s
     0     0  503.18573    0  557  602.00000  503.18573  16.4%     -   36s
     0     0  503.27383    0  565  602.00000  503.27383  16.4%     -   36s
     0     0  503.28463    0  574  602.00000  503.28463  16.4%     -   36s
     0     0  504.38555    0  547  602.00000  504.38555  16.2%     -   37s
H    0     0                     596.0000000  505.05594  15.3%     -   38s
     0     0  505.05594    0  563  596.00000  505.05594  15.3%     -   38s
     0     0  505.14098    0  584  596.00000  505.14098  15.2%     -   38s
     0     0  505.14954    0  591  596.00000  505.14954  15.2%     -   38s
     0     0  505.57804    0  584  596.00000  505.57804  15.2%     -   38s
     0     0  505.72990    0  589  596.00000  505.72990  15.1%     -   39s
     0     0  505.76365    0  597  596.00000  505.76365  15.1%     -   39s
     0     0  508.74252    0  573  596.00000  508.74252  14.6%     -   40s
     0     0  509.65067    0  575  596.00000  509.65067  14.5%     -   41s
     0     0  509.79830    0  587  596.00000  509.79830  14.5%     -   41s
     0     0  509.85464    0  598  596.00000  509.85464  14.5%     -   41s
     0     0  513.28856    0  588  596.00000  513.28856  13.9%     -   42s
     0     0  513.50194    0  609  596.00000  513.50194  13.8%     -   43s
     0     0  513.51118    0  619  596.00000  513.51118  13.8%     -   43s
     0     0  515.02296    0  578  596.00000  515.02296  13.6%     -   43s
     0     0  515.24677    0  595  596.00000  515.24677  13.5%     -   44s
     0     0  515.34410    0  610  596.00000  515.34410  13.5%     -   44s
     0     0  515.37106    0  630  596.00000  515.37106  13.5%     -   45s
     0     0  516.07627    0  599  596.00000  516.07627  13.4%     -   46s
     0     0  516.27115    0  603  596.00000  516.27115  13.4%     -   47s
     0     0  516.30542    0  614  596.00000  516.30542  13.4%     -   47s
     0     0  516.96975    0  594  596.00000  516.96975  13.3%     -   48s
     0     0  517.04712    0  598  596.00000  517.04712  13.2%     -   49s
     0     0  518.17064    0  567  596.00000  518.17064  13.1%     -   50s
     0     0  518.30683    0  597  596.00000  518.30683  13.0%     -   50s
     0     0  518.35401    0  588  596.00000  518.35401  13.0%     -   50s
     0     0  519.66869    0  569  596.00000  519.66869  12.8%     -   51s
     0     0  519.76702    0  608  596.00000  519.76702  12.8%     -   52s
     0     0  519.80937    0  601  596.00000  519.80937  12.8%     -   52s
     0     0  519.91630    0  621  596.00000  519.91630  12.8%     -   52s
     0     0  519.92226    0  621  596.00000  519.92226  12.8%     -   52s
     0     0  519.92226    0  544  596.00000  519.92226  12.8%     -   53s
     0     2  519.92226    0  536  596.00000  519.92226  12.8%     -   59s
     1     4  519.95662    1  521  596.00000  519.92294  12.8%  2019   60s
H    8    12                     595.0000000  520.10246  12.6%  3489   62s
    15    20  520.94228    5  508  595.00000  520.10246  12.6%  4295   65s
    23    28  521.22182    6  486  595.00000  520.10246  12.6%  7733   70s
    35    40  521.78348    9  489  595.00000  520.10246  12.6%  8884   75s
    43    48  522.12261   11  477  595.00000  520.10246  12.6%  9760   81s
    59    64  523.67173   14  472  595.00000  520.10246  12.6%  9673   85s
    75    80  524.84799   16  451  595.00000  520.10246  12.6%  8556   90s
    87    93  526.43375   19  442  595.00000  520.10246  12.6%  8063   96s
   106   111  527.41700   22  411  595.00000  520.10246  12.6%  7237  101s
   123   132  527.58283   25  423  595.00000  520.10246  12.6%  6757  106s
H  132   141                     592.0000000  520.10246  12.1%  6547  108s
   140   156  527.80535   27  438  592.00000  520.10246  12.1%  6361  110s
H  172   174                     591.0000000  520.10246  12.0%  5763  113s
   173   185  528.27089   32  433  591.00000  520.10246  12.0%  5774  115s
   196   212  532.99817   36  422  591.00000  520.10246  12.0%  5599  120s
   226   240  531.75573   39  426  591.00000  520.10246  12.0%  5260  126s
   262   283  533.34259   42  439  591.00000  520.10246  12.0%  4916  133s
   282   300  534.24010   44  441  591.00000  520.10246  12.0%  4752  135s
   304   328  535.29132   46  456  591.00000  520.10246  12.0%  4569  141s
   327   356  535.69413   46  408  591.00000  520.10246  12.0%  4351  145s
   396   415  536.03989   49  438  591.00000  520.10246  12.0%  3824  151s
   457   507  538.12643   53  426  591.00000  520.10246  12.0%  3452  157s
   506   525  539.56916   58  424  591.00000  520.10246  12.0%  3240  160s
   576   605  540.93434   61  410  591.00000  520.10246  12.0%  3031  166s
H  654   640                     590.0000000  520.10246  11.8%  2775  169s
   655   685  541.50137   64  418  590.00000  520.10246  11.8%  2789  173s
   700   719  541.98407   67  406  590.00000  520.10246  11.8%  2684  177s
   746   740  542.41844   71  406  590.00000  520.10246  11.8%  2611  180s
   767   759  542.97058   74  402  590.00000  520.10246  11.8%  2629  185s
   786   786  544.29488   77  414  590.00000  520.10246  11.8%  2650  190s
   817   796  546.17941   80  398  590.00000  520.10246  11.8%  2674  199s
H  823   803                     587.0000000  520.10246  11.4%  2685  203s
   830   848  550.72030   81  375  587.00000  520.10246  11.4%  2711  207s
   875   890  547.50436   87  397  587.00000  520.10246  11.4%  2673  211s
H  886   887                     586.0000000  520.10246  11.2%  2676  211s
   917   966  547.97400   92  384  586.00000  520.10246  11.2%  2625  215s
H 1005  1038                     585.0000000  520.10246  11.1%  2503  219s
  1074  1153  549.97361  102  365  585.00000  520.10246  11.1%  2379  222s
  1191  1228  560.37294  105  380  585.00000  520.10246  11.1%  2215  226s
  1291  1249  554.30648  112  401  585.00000  520.10246  11.1%  2122  230s
  1315  1251  574.66767  157  323  585.00000  520.10246  11.1%  2144  237s
  1316  1252  559.29540  110  384  585.00000  520.10246  11.1%  2142  244s
  1317  1253  568.10175   91  442  585.00000  520.10246  11.1%  2140  246s
  1319  1254  581.25706  190  475  585.00000  520.10246  11.1%  2137  250s
  1322  1256  547.35133   85  543  585.00000  526.42408  10.0%  2132  256s
  1324  1257  547.66529   23  562  585.00000  530.07651  9.39%  2129  260s
  1326  1259  542.02236   21  556  585.00000  532.60665  8.96%  2126  270s
  1330  1261  571.63211   88  551  585.00000  536.89521  8.22%  2120  276s
  1333  1263  580.96661  226  568  585.00000  538.74706  7.91%  2115  280s
  1337  1266  571.50900   88  574  585.00000  541.00340  7.52%  2108  286s
  1343  1270  583.98010  207  617  585.00000  543.36970  7.12%  2099  291s
  1346  1272  578.95329  160  627  585.00000  544.69244  6.89%  2094  295s
  1349  1274  578.46134  170  636  585.00000  545.69462  6.72%  2090  300s
  1354  1277  554.92970   95  612  585.00000  547.39665  6.43%  2082  305s
  1360  1281  572.83218  127  648  585.00000  547.87577  6.35%  2073  310s
  1366  1285  548.51897   14  626  585.00000  548.51897  6.24%  2064  315s
  1370  1288  557.75663   69  662  585.00000  548.97376  6.16%  2058  320s
  1375  1291  580.21319  177  670  585.00000  550.43906  5.91%  2050  325s
  1380  1295  567.08460  111  651  585.00000  551.07471  5.80%  2043  330s
  1384  1297  566.69463  163  648  585.00000  552.36010  5.58%  2037  337s
  1388  1300  577.64863  165  636  585.00000  552.66566  5.53%  2031  340s
  1395  1305  575.56646  146  655  585.00000  553.28461  5.42%  2021  345s
  1399  1307  575.84771  299  698  585.00000  553.75159  5.34%  2015  350s
  1404  1311  563.15098   86  629  585.00000  554.44550  5.22%  2008  355s
  1408  1313  583.00359  250  622  585.00000  554.55548  5.20%  2002  360s
  1413  1317  581.22608  231  623  585.00000  555.05194  5.12%  1995  365s
  1418  1320  571.82806  242  691  585.00000  555.86697  4.98%  1988  370s
  1422  1323  556.90114   85  623  585.00000  556.90114  4.80%  1982  376s
  1425  1325  574.56264  283  636  585.00000  557.48797  4.70%  1978  380s
  1430  1328  571.63211   88  678  585.00000  557.84624  4.64%  1971  385s
  1434  1331  558.29454   27  668  585.00000  558.29454  4.57%  1966  391s
  1438  1333  576.27519  152  643  585.00000  558.48324  4.53%  1960  396s
  1443  1337  583.98010  207  672  585.00000  558.54688  4.52%  1954  400s
  1449  1341  578.46134  170  654  585.00000  558.61829  4.51%  1945  405s
  1454  1344  558.75749   95  661  585.00000  558.75749  4.49%  1939  410s
  1459  1347  569.81479  202  653  585.00000  559.02712  4.44%  1932  415s
  1465  1351  559.37984  109  650  585.00000  559.31149  4.39%  1924  420s
  1471  1355  559.45419   28  703  585.00000  559.45419  4.37%  1916  425s
  1476  1359  572.80810  145  675  585.00000  559.45419  4.37%  1910  430s
  1481  1362  571.30090  140  683  585.00000  559.46700  4.36%  1903  435s
  1487  1366  559.48896   58  698  585.00000  559.48896  4.36%  1896  440s
  1494  1372  572.60842  256  355  585.00000  559.48896  4.36%  2181  450s
H 1496  1304                     584.0000000  559.48896  4.20%  2178  455s
  1501  1308  559.48896   26  518  584.00000  559.48896  4.20%  2170  461s
  1504  1310  563.15098   86  539  584.00000  559.48896  4.20%  2166  469s
  1505  1310  559.48896   86  566  584.00000  559.48896  4.20%  2165  470s
  1511  1314  573.50403  132  630  584.00000  559.86516  4.13%  2156  475s
  1517  1318  568.10175   91  676  584.00000  560.27346  4.06%  2147  480s
  1521  1321  560.68604   16  674  584.00000  560.68604  3.99%  2142  485s
  1526  1324  561.00649   21  624  584.00000  561.00649  3.94%  2135  490s
H 1526  1257                     582.0000000  561.00725  3.61%  2135  490s
  1532  1261  566.60215   99  687  582.00000  561.22052  3.57%  2126  495s
  1537  1265  571.50900   88  698  582.00000  561.22973  3.57%  2120  500s
  1541  1267  561.38749   25  634  582.00000  561.38749  3.54%  2114  505s
  1547  1271  580.91764  224  665  582.00000  561.50423  3.52%  2106  510s
H 1548  1207                     581.0000000  561.52360  3.35%  2104  518s
  1550  1208  561.52360   21  679  581.00000  561.52360  3.35%  2102  520s
  1556  1212  561.52584   72  636  581.00000  561.52584  3.35%  2094  525s
  1563  1217  569.92233  210  640  581.00000  561.67912  3.33%  2084  530s
  1567  1220  561.67912  108  635  581.00000  561.67912  3.33%  2079  535s
  1573  1224  581.00000  206  635  581.00000  561.67912  3.33%  2071  540s
  1579  1228  572.57644  142  661  581.00000  561.78374  3.31%  2063  545s
H 1588  1173                     580.0000000  561.78374  3.14%  2163  551s
  1590  1174  561.78374   20  378  580.00000  561.78374  3.14%  2160  557s
  1592  1175  561.79049   31  408  580.00000  561.79049  3.14%  2157  561s
  1594  1177  572.60842  256  479  580.00000  561.94210  3.11%  2155  565s
  1597  1179  564.32419  144  500  580.00000  561.95010  3.11%  2150  571s
  1600  1181  561.95010   47  569  580.00000  561.95010  3.11%  2146  581s
  1605  1184  562.43654   86  613  580.00000  562.43654  3.03%  2140  585s
  1611  1188  573.50403  132  635  580.00000  562.47055  3.02%  2132  590s
  1618  1193  571.82806  242  653  580.00000  562.56016  3.01%  2123  595s
  1626  1198  562.68547   21  670  580.00000  562.68547  2.99%  2112  605s
  1632  1202  566.60215   99  681  580.00000  562.72993  2.98%  2104  610s
  1634  1203  562.72993   27  617  580.00000  562.72993  2.98%  2102  616s
  1646  1219  563.27571   39  503  580.00000  563.06429  2.92%  2203  620s
  1685  1246  564.74234   43  421  580.00000  563.06429  2.92%  2212  626s
  1737  1265  566.10236   47  329  580.00000  563.14202  2.91%  2210  630s
  1833  1288  572.35851   54  360  580.00000  563.14202  2.91%  2162  635s
  1929  1299  574.11920   68  301  580.00000  563.70687  2.81%  2107  640s
  2051  1303  572.57161   49  329  580.00000  564.32000  2.70%  2034  646s
  2125  1325  574.77576   57  316  580.00000  564.44155  2.68%  2009  650s
  2265  1352  574.99228   43  287  580.00000  565.68468  2.47%  1940  655s
  2429  1366  575.72570   49  343  580.00000  565.78796  2.45%  1857  660s
  2572  1384  567.77960   46  423  580.00000  566.21558  2.38%  1805  666s
  2739  1418  573.04301   47  322  580.00000  566.79408  2.28%  1741  671s
  2891  1445  578.36028   67  231  580.00000  566.79408  2.28%  1677  675s
  2979  1447  572.16606   51  280  580.00000  567.03626  2.24%  1647  680s
  3107  1485  571.27892   53  328  580.00000  567.31793  2.19%  1606  685s
  3286  1508  571.42643   53  356  580.00000  567.73156  2.12%  1556  690s
  3420  1499  574.60152   47  396  580.00000  567.74777  2.11%  1522  695s
  3626  1491     cutoff   46       580.00000  567.89593  2.09%  1470  701s
  3906  1468  575.97643   51  333  580.00000  568.01607  2.07%  1405  707s
  4049  1436  570.89772   48  426  580.00000  568.38083  2.00%  1373  710s
  4192  1458  576.64358   51  288  580.00000  568.49542  1.98%  1343  716s
  4373  1468     cutoff   52       580.00000  568.62862  1.96%  1305  720s
  4895  1448  573.63749   41  309  580.00000  569.01968  1.89%  1208  727s
  5175  1443  570.34252   47  448  580.00000  569.28467  1.85%  1168  730s
  5736  1592  575.98131   54  236  580.00000  569.67305  1.78%  1100  737s
  6081  1703  570.82881   48  382  580.00000  569.79654  1.76%  1062  741s
  6386  1783     cutoff   50       580.00000  569.87354  1.75%  1035  746s
  6627  1904     cutoff   57       580.00000  570.03689  1.72%  1017  750s
  6996  2025  575.34352   53  380  580.00000  570.25226  1.68%   989  755s
  7468  2032  572.91838   48  300  580.00000  570.40547  1.65%   953  763s
  7472  2072  573.30503   49  324  580.00000  570.40547  1.65%   953  768s
  7617  2218  572.24026   50  470  580.00000  570.40547  1.65%   946  772s
  8059  2344     cutoff   48       580.00000  570.65246  1.61%   918  777s
  8478  2403     cutoff   44       580.00000  570.81814  1.58%   898  782s
  8868  2543  574.62028   49  326  580.00000  570.93173  1.56%   876  787s
  9434  2633  572.97494   50  405  580.00000  571.16253  1.52%   849  793s
  9988  2780  573.32499   53  284  580.00000  571.36265  1.49%   823  799s
 10611  2937  575.89389   46  343  580.00000  571.58187  1.45%   796  806s
 11338  3006  576.72882   50  256  580.00000  571.81862  1.41%   774  810s
 12266  3134  577.34198   50  319  580.00000  572.13052  1.36%   747  817s
 12668  3162  575.94532   64  420  580.00000  572.26726  1.33%   738  821s
 13120  3209     cutoff   63       580.00000  572.37324  1.31%   727  825s
 14006  3288  574.36900   53  369  580.00000  572.72688  1.25%   706  833s
 14405  3325  576.75420   58  307  580.00000  572.90191  1.22%   700  837s
 14827  3320  576.28319   52  298  580.00000  573.02260  1.20%   690  842s
 14894  3324     cutoff   55       580.00000  573.03266  1.20%   689  846s
 15268  3338  575.15590   52  271  580.00000  573.22004  1.17%   685  850s
 15984  3292     cutoff   63       580.00000  573.48187  1.12%   672  857s
 16444  3299     cutoff   59       580.00000  573.66503  1.09%   665  861s
 16965  3275  577.99638   58  267  580.00000  573.82011  1.07%   657  865s
 18012  3166  577.83374   63  318  580.00000  574.12500  1.01%   638  874s
 18565  3065  576.35453   51  411  580.00000  574.28016  0.99%   629  879s
 19064  3000  577.71751   51  311  580.00000  574.51914  0.94%   623  883s
 19679  2880  577.91648   52  290  580.00000  574.73234  0.91%   614  886s
 20182  2771  577.84067   56  239  580.00000  574.88128  0.88%   608  890s
 21215  2381     cutoff   49       580.00000  575.30062  0.81%   596  897s
 21746  2152     cutoff   54       580.00000  575.50261  0.78%   590  901s
 22852  1672     cutoff   64       580.00000  575.99196  0.69%   577  908s
 23346  1374     cutoff   59       580.00000  576.15425  0.66%   571  911s
 24367   692     cutoff   47       580.00000  576.79034  0.55%   558  917s

Cutting planes:
  Cover: 195
  Implied bound: 238
  Projected implied bound: 4
  MIR: 43
  Flow cover: 556
  GUB cover: 9
  Zero half: 40
  Mod-K: 2
  Network: 13
  RLT: 17
  Relax-and-lift: 122

Explored 25704 nodes (14074356 simplex iterations) in 919.75 seconds (2759.10 work units)
Thread count was 4 (of 32 available processors)

Solution count 10: 580 581 582 ... 592

Optimal solution found (tolerance 1.00e-04)
Best objective 5.800000000000e+02, best bound 5.800000000000e+02, gap 0.0000%

Wrote result file './sol/E100_1000.5_R100.sol'

