
Gurobi 13.0.2 (mac64[arm], gurobi_cl) logging started Wed Jul  1 19:40:49 2026

Set parameter TokenServer to value "10.8.80.200"
Set parameter TimeLimit to value 43200
Set parameter LogFile to value "./log/E100_1000.9_R100.log"
Set parameter Threads to value 4
Using license file /Library/gurobi1302/gurobi.lic

Gurobi Optimizer version 13.0.2 build v13.0.2rc1 (mac64[arm] - Darwin 24.6.0 24G517)
Copyright (c) 2026, Gurobi Optimization, LLC

Read LP format model from file ./lp/E100_1000.9_R100.lp
Reading time = 0.05 seconds
root: 20808 rows, 20503 columns, 228490 nonzeros

Using Gurobi shared library /Library/gurobi1302/macos_universal2/lib/libgurobi130.dylib

CPU model: Apple M3 Ultra
Thread count: 32 physical cores, 32 logical processors, using up to 4 threads

Non-default parameters:
TimeLimit  43200
Threads  4

Optimize a model with 20808 rows, 20503 columns and 228490 nonzeros (Min)
Model fingerprint: 0xa9610b90
Model has 10100 linear objective coefficients
Variable types: 0 continuous, 20503 integer (0 binary)
Coefficient statistics:
  Matrix range     [1e+00, 1e+02]
  Objective range  [1e+00, 1e+02]
  Bounds range     [1e+00, 1e+00]
  RHS range        [1e+00, 1e+00]

Presolve removed 10417 rows and 204 columns
Presolve time: 0.37s
Presolved: 10391 rows, 20299 columns, 124888 nonzeros
Variable types: 0 continuous, 20299 integer (10299 binary)
Found heuristic solution: objective 6894.0000000
Deterministic concurrent LP optimizer: primal and dual simplex
Showing primal log only...

Concurrent spin time: 0.00s

Solved with primal simplex

Root relaxation: objective 6.578623e+01, 19197 iterations, 0.29 seconds (0.59 work units)

    Nodes    |    Current Node    |     Objective Bounds      |     Work
 Expl Unexpl |  Obj  Depth IntInf | Incumbent    BestBd   Gap | It/Node Time

     0     0   65.78623    0  160 6894.00000   65.78623  99.0%     -    0s
     0     0  197.93292    0  194 6894.00000  197.93292  97.1%     -    1s
H    0     0                    6346.0000000  197.93292  96.9%     -    3s
H    0     0                    5910.0000000  197.93292  96.7%     -    3s
H    0     0                    1109.0000000  197.93292  82.2%     -    3s
H    0     0                    1032.0000000  197.93292  80.8%     -    3s
H    0     0                    1025.0000000  197.93292  80.7%     -    3s
H    0     0                     977.0000000  197.93292  79.7%     -    4s
H    0     0                     967.0000000  197.93292  79.5%     -    4s
H    0     0                     757.0000000  197.93292  73.9%     -    4s
H    0     0                     745.0000000  197.93292  73.4%     -    4s
H    0     0                     730.0000000  197.93292  72.9%     -    4s
H    0     0                     726.0000000  197.93292  72.7%     -    4s
H    0     0                     721.0000000  197.93292  72.5%     -    4s
H    0     0                     717.0000000  197.93292  72.4%     -    4s
H    0     0                     704.0000000  197.93292  71.9%     -    4s
H    0     0                     699.0000000  197.93292  71.7%     -    4s
H    0     0                     698.0000000  197.93292  71.6%     -    4s
     0     0  346.14638    0  326  698.00000  346.14638  50.4%     -    5s
     0     0  352.68089    0  304  698.00000  352.68089  49.5%     -    7s
H    0     0                     686.0000000  352.68089  48.6%     -    7s
H    0     0                     642.0000000  352.68089  45.1%     -    7s
H    0     0                     625.0000000  352.68089  43.6%     -    7s
H    0     0                     623.0000000  352.69319  43.4%     -    9s
H    0     0                     621.0000000  352.69319  43.2%     -    9s
H    0     0                     617.0000000  352.69319  42.8%     -    9s
H    0     0                     612.0000000  375.50336  38.6%     -   11s
     0     0  375.50336    0  353  612.00000  375.50336  38.6%     -   11s
H    0     0                     607.0000000  375.52527  38.1%     -   11s
H    0     0                     598.0000000  375.52527  37.2%     -   12s
H    0     0                     584.0000000  375.52527  35.7%     -   14s
H    0     0                     562.0000000  375.52527  33.2%     -   15s
H    0     0                     560.0000000  375.52527  32.9%     -   15s
H    0     0                     547.0000000  375.52527  31.3%     -   15s
H    0     0                     546.0000000  375.52527  31.2%     -   16s
     0     0  380.08847    0  343  546.00000  380.08847  30.4%     -   17s
     0     0  380.41770    0  349  546.00000  380.41770  30.3%     -   17s
     0     0  380.41770    0  350  546.00000  380.41770  30.3%     -   17s
     0     0  395.82822    0  390  546.00000  395.82822  27.5%     -   17s
     0     0  398.60002    0  397  546.00000  398.60002  27.0%     -   18s
     0     0  398.80995    0  404  546.00000  398.80995  27.0%     -   18s
     0     0  398.81106    0  405  546.00000  398.81106  27.0%     -   18s
     0     0  411.33186    0  400  546.00000  411.33186  24.7%     -   20s
     0     0  419.20827    0  449  546.00000  419.20827  23.2%     -   22s
     0     0  421.35140    0  434  546.00000  421.35140  22.8%     -   23s
     0     0  421.79688    0  453  546.00000  421.79688  22.7%     -   23s
     0     0  421.83518    0  466  546.00000  421.83518  22.7%     -   24s
     0     0  431.35432    0  460  546.00000  431.35432  21.0%     -   26s
     0     0  435.10622    0  449  546.00000  435.10622  20.3%     -   28s
     0     0  435.46996    0  493  546.00000  435.46996  20.2%     -   29s
     0     0  435.80573    0  460  546.00000  435.80573  20.2%     -   29s
     0     0  435.91534    0  486  546.00000  435.91534  20.2%     -   30s
     0     0  438.75631    0  463  546.00000  438.75631  19.6%     -   31s
     0     0  439.12150    0  495  546.00000  439.12150  19.6%     -   31s
     0     0  439.48301    0  482  546.00000  439.48301  19.5%     -   32s
     0     0  439.54590    0  495  546.00000  439.54590  19.5%     -   32s
     0     0  440.25623    0  534  546.00000  440.25623  19.4%     -   33s
     0     0  440.26174    0  534  546.00000  440.26174  19.4%     -   33s
     0     0  440.26174    0  485  546.00000  440.26174  19.4%     -   34s
     0     2  440.27366    0  481  546.00000  440.27366  19.4%     -   39s
     1     4  442.80855    1  390  546.00000  440.27366  19.4%  7014   40s
H   16    21                     537.0000000  442.57906  17.6%  5787   44s
H   19    21                     536.0000000  442.57906  17.4%  6743   44s
    20    36  449.13524    6  514  536.00000  442.57906  17.4%  8024   46s
H   40    49                     535.0000000  442.57906  17.3%  8024   47s
H   56    59                     533.0000000  442.57906  17.0%  7522   48s
    79    88  451.48131   13  459  533.00000  442.57906  17.0%  7856   50s
H   89    92                     532.0000000  442.57906  16.8%  7726   50s
H  113   119                     526.0000000  442.57906  15.9%  7598   53s
   130   143  454.44602   20  450  526.00000  442.57906  15.9%  7644   55s
H  166   171                     525.0000000  442.57906  15.7%  7867   58s
   184   203  459.53744   29  393  525.00000  442.57906  15.7%  7965   60s
   231   241  461.69313   36  399  525.00000  442.57906  15.7%  7772   65s
H  281   286                     524.0000000  442.57906  15.5%  7979   70s
   364   385  469.19392   57  381  524.00000  442.57906  15.5%  7634   75s
H  423   425                     520.0000000  442.57906  14.9%  7510   78s
   424   470  471.65627   68  403  520.00000  442.57906  14.9%  7511   80s
   627   671  487.34991   85  347  520.00000  442.57906  14.9%  6390   85s
   804   779  507.91658  107  314  520.00000  443.61009  14.7%  5791   91s
   864   833 infeasible  124       520.00000  443.76927  14.7%  5970   95s
   960   952  472.66894   13  338  520.00000  443.76927  14.7%  6057  101s
  1033  1069  481.57513   26  332  520.00000  443.76927  14.7%  6078  105s
  1131  1071  450.43468   17  305  520.00000  443.76927  14.7%  5793  111s
  1132  1072  498.85783  156  357  520.00000  443.76927  14.7%  5788  118s
H 1132  1018                     519.0000000  443.76927  14.5%  5788  120s
H 1132   967                     516.0000000  443.76927  14.0%  5788  120s
  1138   971  463.62472   34  499  516.00000  443.76927  14.0%  5758  125s
  1143   974  474.09872   31  500  516.00000  449.54628  12.9%  5732  130s
  1147   977  483.18351  100  511  516.00000  457.09577  11.4%  5712  135s
  1151   980  491.16368   66  536  516.00000  463.04754  10.3%  5693  141s
  1157   984  465.82057   25  512  516.00000  465.82057  9.72%  5663  153s
  1161   986  506.31219   99  499  516.00000  467.72062  9.36%  5644  155s
  1167   990  509.73682  191  576  516.00000  471.97785  8.53%  5615  160s
  1174   995  488.52441  107  465  516.00000  474.13919  8.11%  5581  167s
  1175   996  474.13919   66  465  516.00000  474.13919  8.11%  5576  171s
  1178   999  499.02955  125  312  516.00000  474.13919  8.11%  5783  175s
  1180  1001  491.32671  149  311  516.00000  474.13919  8.11%  5773  181s
  1183  1003  474.13919   51  387  516.00000  474.13919  8.11%  5758  185s
  1189  1007  474.63850   66  519  516.00000  474.63850  8.02%  5729  191s
  1195  1011  491.00262  145  484  516.00000  475.95483  7.76%  5701  195s
  1197  1012  488.36732  123  499  516.00000  476.43998  7.67%  5691  200s
  1199  1016  476.43998   31  496  516.00000  476.43998  7.67%  5798  206s
  1209  1025  480.77160   34  446  516.00000  477.68476  7.43%  5801  210s
  1221  1033  482.71990   36  327  516.00000  477.68476  7.43%  5780  215s
  1253  1059  492.33929   42  192  516.00000  477.68476  7.43%  5677  220s
  1448  1106     cutoff   73       516.00000  477.86622  7.39%  5014  227s
  1476  1107  494.21396   35  369  516.00000  479.41384  7.09%  4963  230s
  1502  1128  489.53257   37  212  516.00000  479.41384  7.09%  4928  235s
  1681  1137  505.76700   53  117  516.00000  482.06660  6.58%  4459  240s
  1867  1177  487.45564   38  424  516.00000  483.14149  6.37%  4092  246s
  1919  1201  489.77719   39  373  516.00000  483.14149  6.37%  4026  250s
  2059  1246  498.35894   46  339  516.00000  483.45151  6.31%  3813  255s
  2262  1282  496.80556   48  216  516.00000  485.09881  5.99%  3542  261s
  2362  1315  500.27500   51  149  516.00000  485.11422  5.99%  3416  265s
  2559  1353  496.27758   44  186  516.00000  485.63136  5.89%  3215  270s
  2694  1385  499.14726   45  267  516.00000  486.18556  5.78%  3098  276s
  2877  1389  494.45370   43  364  516.00000  486.18556  5.78%  2945  280s
  3093  1447  501.54957   38  337  516.00000  486.42909  5.73%  2803  287s
  3200  1492  496.80717   39  284  516.00000  486.89349  5.64%  2729  290s
  3399  1505  498.35707   48  223  516.00000  486.89349  5.64%  2603  296s
  3569  1514  501.13822   42  316  516.00000  487.19623  5.58%  2514  303s
  3644  1560  513.61154   75  271  516.00000  487.23559  5.57%  2481  307s
  3790  1576  500.60612   42  345  516.00000  487.68113  5.49%  2411  310s
  3992  1605  490.68734   44  397  516.00000  488.14678  5.40%  2333  318s
  4161  1634  505.23844   54  267  516.00000  488.24368  5.38%  2257  322s
  4363  1678  496.67667   39  305  516.00000  488.42495  5.34%  2175  325s
  4723  1872  493.05770   46  418  516.00000  488.86064  5.26%  2055  333s
  4889  1965  495.49794   37  426  516.00000  488.96589  5.24%  2009  338s
  5091  2117  504.52735   53  173  516.00000  488.97774  5.24%  1951  343s
  5423  2263  506.49372   51  258  516.00000  489.53397  5.13%  1858  349s
  5751  2374  497.24889   42  372  516.00000  490.05021  5.03%  1779  353s
  5950  2501  510.17782   70  278  516.00000  490.16423  5.01%  1746  358s
  6216  2622     cutoff   80       516.00000  490.29128  4.98%  1697  363s
  6512  2723  495.86670   49  337  516.00000  490.44317  4.95%  1652  369s
  6790  2805  504.40176   42  378  516.00000  490.48547  4.94%  1612  375s
  6938  2910  513.78443   56  194  516.00000  490.66908  4.91%  1593  381s
  7196  3150  508.94137   53  271  516.00000  490.82571  4.88%  1560  386s
  7693  3375  500.71495   56  374  516.00000  491.03726  4.84%  1490  393s
  8136  3542  495.96131   44  306  516.00000  491.29965  4.79%  1440  399s
  8509  3835  495.73877   46  294  516.00000  491.78692  4.69%  1407  406s
  9023  4146  498.15679   50  309  516.00000  491.92161  4.67%  1355  412s
  9550  4463  504.65816   46  357  516.00000  492.08462  4.63%  1310  419s
 10189  4769  501.67547   46  403  516.00000  492.44059  4.57%  1256  427s
 10956  5146  503.09965   49  383  516.00000  492.82179  4.49%  1196  436s
 11716  5349  500.82630   47  295  516.00000  493.05480  4.45%  1150  440s
 12106  5567  512.42572   45  236  516.00000  493.18155  4.42%  1126  445s
 12557  5805  497.61242   45  386  516.00000  493.23659  4.41%  1101  450s
*12791  5767              49     515.0000000  493.26869  4.22%  1089  450s
 13346  6111  501.30848   40  325  515.00000  493.66541  4.14%  1066  459s
 13706  6283  499.56519   45  319  515.00000  493.83712  4.11%  1052  464s
 14096  6523  502.57767   47  423  515.00000  493.95220  4.09%  1036  469s
 14574  6767  501.92500   54  273  515.00000  494.21541  4.04%  1018  473s
 15083  6936  512.48753   42  236  515.00000  494.41274  4.00%   999  478s
 15490  7143  505.49245   45  345  515.00000  494.56939  3.97%   987  482s
 15982  7216  511.63514   52  368  515.00000  494.71878  3.94%   971  486s
 16311  7450  505.10215   54  203  515.00000  494.86875  3.91%   961  491s
 16859  7633  503.26281   55  315  515.00000  495.00418  3.88%   944  495s
 17752  7973  507.30543   49  357  515.00000  495.25283  3.83%   919  503s
 18164  8205  504.90951   49  302  515.00000  495.35046  3.82%   909  508s
 18697  8340  512.03067   44  268  515.00000  495.42851  3.80%   895  512s
 19069  8597  506.54266   39  323  515.00000  495.56678  3.77%   887  516s
 19623  8770  506.20275   44  332  515.00000  495.66147  3.76%   873  521s
 20036  8969     cutoff   37       515.00000  495.75159  3.74%   864  525s
 20941  9296  510.90712   46  293  515.00000  496.03353  3.68%   847  532s
 21371  9644  506.38689   73  290  515.00000  496.18621  3.65%   840  617s
 22139  9805  512.88682   50  369  515.00000  496.45547  3.60%   826  621s
 22563  9949  508.11127   55  337  515.00000  496.53767  3.58%   818  625s
 23302 10294     cutoff   45       515.00000  496.74200  3.55%   807  632s
 23798 10452     cutoff   48       515.00000  496.87456  3.52%   799  636s
 24231 10556  500.57670   42  334  515.00000  497.05980  3.48%   792  640s
 25029 10757     cutoff   47       515.00000  497.28219  3.44%   782  647s
 25384 10910  502.84702   44  377  515.00000  497.35616  3.43%   777  651s
 25848 10919  511.82848   56  191  515.00000  497.43496  3.41%   772  656s
 26264 11163  504.27358   49  381  515.00000  497.57039  3.38%   766  663s
 26654 11279  505.96050   53  277  515.00000  497.65105  3.37%   761  667s
 27162 11397  507.57776   60  379  515.00000  497.80016  3.34%   755  671s
 27583 11520  506.49355   45  260  515.00000  497.88684  3.32%   750  675s
 28304 11739  505.77538   47  285  515.00000  498.12925  3.28%   744  682s
*28507 11518              48     514.0000000  498.12925  3.09%   742  682s
H28728 11015                     513.0000000  498.22387  2.88%   739  685s
 29581 11213     cutoff   41       513.00000  498.47147  2.83%   732  693s
 29972 11273  509.09882   47  292  513.00000  498.59493  2.81%   730  697s
 30354 11335  510.22133   47  300  513.00000  498.77280  2.77%   727  700s
 31116 11450     cutoff   57       513.00000  498.95709  2.74%   721  708s
 31556 11506  508.56241   52  373  513.00000  499.12593  2.70%   718  712s
 31999 11610  503.70942   47  409  513.00000  499.25370  2.68%   715  718s
 32627 11693  507.52023   50  233  513.00000  499.44165  2.64%   711  722s
 33063 11742     cutoff   55       513.00000  499.56487  2.62%   708  726s
 33950 11828  510.73744   42  304  513.00000  499.79173  2.57%   701  733s
 34238 11900  506.57397   44  304  513.00000  499.85680  2.56%   700  737s
 34646 11965     cutoff   52       513.00000  499.91281  2.55%   697  740s
 35496 12044     cutoff   47       513.00000  500.19839  2.50%   691  747s
 35904 12041  506.97975   42  389  513.00000  500.32645  2.47%   689  751s
 36312 12068  509.18511   50  307  513.00000  500.48562  2.44%   686  755s
 36934 12183     cutoff   50       513.00000  500.56005  2.42%   683  762s
 37423 12202     cutoff   42       513.00000  500.74013  2.39%   680  767s
 37814 12258  506.42145   46  299  513.00000  500.86640  2.37%   679  771s
 38253 12324  510.40113   53  259  513.00000  500.98050  2.34%   676  775s
 39245 12378     cutoff   45       513.00000  501.25736  2.29%   671  782s
 39637 12391  507.57646   54  288  513.00000  501.32417  2.28%   669  786s
 40541 12440     cutoff   49       513.00000  501.65136  2.21%   665  792s
 40931 12463  504.48609   48  340  513.00000  501.74799  2.19%   664  796s
 41803 12480     cutoff   47       513.00000  502.05116  2.13%   660  803s
 42328 12495     cutoff   50       513.00000  502.20219  2.10%   657  809s
 43001 12479  510.56165   43  397  513.00000  502.40198  2.07%   654  812s
 43446 12492  508.76101   62  408  513.00000  502.54364  2.04%   652  815s
 44238 12472  511.03512   58  332  513.00000  502.75156  2.00%   648  822s
 44491 12487     cutoff   55       513.00000  502.82909  1.98%   648  825s
 45356 12452     cutoff   53       513.00000  503.09923  1.93%   644  832s
 45784 12425  506.83925   49  304  513.00000  503.21887  1.91%   642  836s
 46711 12393  507.61836   43  337  513.00000  503.47355  1.86%   638  843s
 47210 12368  509.06270   55  398  513.00000  503.61932  1.83%   635  846s
 48071 12301     cutoff   53       513.00000  503.83421  1.79%   632  853s
 48521 12244  509.74910   48  314  513.00000  503.93022  1.77%   630  856s
 49390 12176  510.47517   57  324  513.00000  504.26006  1.70%   626  862s
 49853 12106  511.37376   49  254  513.00000  504.36241  1.68%   624  865s
 50796 11964     cutoff   48       513.00000  504.60953  1.64%   621  872s
 51216 11922  510.83649   46  163  513.00000  504.74696  1.61%   619  875s
 52067 11721     cutoff   49       513.00000  504.96842  1.57%   616  881s
 52911 11537     cutoff   60       513.00000  505.24499  1.51%   614  887s
 53400 11414  511.78308   62  336  513.00000  505.35912  1.49%   612  890s
 54320 11129  510.02237   50  312  513.00000  505.63772  1.44%   609  897s
 54800 10963  511.27238   59  322  513.00000  505.76105  1.41%   607  900s
 55868 10659     cutoff   49       513.00000  506.02634  1.36%   602  906s
 56842 10294  510.50000   43   31  513.00000  506.31120  1.30%   599  912s
 57348 10104     cutoff   54       513.00000  506.45043  1.28%   597  915s
 58273  9777     cutoff   64       513.00000  506.68789  1.23%   594  921s
 59362  9308  508.11773   49  318  513.00000  506.98663  1.17%   589  927s
 59908  9065  508.38070   47  116  513.00000  507.14933  1.14%   587  930s
 60985  8610     cutoff   52       513.00000  507.41667  1.09%   582  936s
 62138  8092  511.31778   46  267  513.00000  507.73624  1.03%   577  941s
 63105  7427     cutoff   50       513.00000  507.97224  0.98%   573  946s
 64306  6681     cutoff   59       513.00000  508.31380  0.91%   567  951s
 65435  5746     cutoff   47       513.00000  508.64631  0.85%   562  956s
 66775  4666     cutoff   73       513.00000  509.07721  0.76%   555  961s
 68138  3309     cutoff   64       513.00000  509.57434  0.67%   548  966s
 69812  1728     cutoff   58       513.00000  510.16991  0.55%   537  970s

Cutting planes:
  Learned: 1
  Gomory: 4
  Lift-and-project: 1
  Cover: 115
  Implied bound: 140
  Projected implied bound: 1
  MIR: 45
  Flow cover: 551
  GUB cover: 2
  Inf proof: 3
  Zero half: 50
  Network: 18
  RLT: 8
  Relax-and-lift: 74

Explored 72401 nodes (37895953 simplex iterations) in 972.80 seconds (3677.48 work units)
Thread count was 4 (of 32 available processors)

Solution count 10: 513 514 515 ... 532

Optimal solution found (tolerance 1.00e-04)
Best objective 5.130000000000e+02, best bound 5.130000000000e+02, gap 0.0000%

Wrote result file './sol/E100_1000.9_R100.sol'

