
Gurobi 13.0.2 (mac64[arm], gurobi_cl) logging started Mon Jun 29 15:24:41 2026

Set parameter TokenServer to value "10.8.80.200"
Set parameter TimeLimit to value 43200
Set parameter LogFile to value "./log/E100_1000.4_R0.log"
Set parameter Threads to value 4
Using license file /Library/gurobi1302/gurobi.lic

Gurobi Optimizer version 13.0.2 build v13.0.2rc1 (mac64[arm] - Darwin 24.6.0 24G517)
Copyright (c) 2026, Gurobi Optimization, LLC

Read LP format model from file ./lp/E100_1000.4_R0.lp
Reading time = 0.03 seconds
root: 20808 rows, 20503 columns, 91912 nonzeros

Using Gurobi shared library /Library/gurobi1302/macos_universal2/lib/libgurobi130.dylib

CPU model: Apple M3 Ultra
Thread count: 32 physical cores, 32 logical processors, using up to 4 threads

Non-default parameters:
TimeLimit  43200
Threads  4

Optimize a model with 20808 rows, 20503 columns and 91912 nonzeros (Min)
Model fingerprint: 0xa085a1cd
Model has 10100 linear objective coefficients
Variable types: 0 continuous, 20503 integer (0 binary)
Coefficient statistics:
  Matrix range     [1e+00, 1e+02]
  Objective range  [1e+00, 2e+02]
  Bounds range     [1e+00, 1e+00]
  RHS range        [1e+00, 1e+00]

Presolve removed 10504 rows and 304 columns
Presolve time: 0.13s
Presolved: 10304 rows, 20199 columns, 60403 nonzeros
Variable types: 0 continuous, 20199 integer (10199 binary)
Found heuristic solution: objective 6510.0000000
Found heuristic solution: objective 6493.0000000

Root relaxation: objective 1.718344e+02, 42302 iterations, 2.45 seconds (5.51 work units)

    Nodes    |    Current Node    |     Objective Bounds      |     Work
 Expl Unexpl |  Obj  Depth IntInf | Incumbent    BestBd   Gap | It/Node Time

     0     0  171.83440    0  300 6493.00000  171.83440  97.4%     -    2s
     0     0  815.63000    0  199 6493.00000  815.63000  87.4%     -    3s
H    0     0                    1583.0000000  815.63000  48.5%     -    3s
H    0     0                    1527.0000000  815.63000  46.6%     -    3s
H    0     0                    1309.0000000  815.63000  37.7%     -    3s
H    0     0                    1291.0000000  815.63000  36.8%     -    3s
H    0     0                    1261.0000000  815.63000  35.3%     -    3s
H    0     0                    1252.0000000  815.63000  34.9%     -    3s
H    0     0                    1240.0000000  815.63000  34.2%     -    3s
H    0     0                    1239.0000000  815.63000  34.2%     -    4s
     0     0  815.63000    0  199 1239.00000  815.63000  34.2%     -    4s
     0     0  815.63000    0  197 1239.00000  815.63000  34.2%     -    6s
H    0     0                    1236.0000000  815.63000  34.0%     -    7s
H    0     0                    1235.0000000  815.63000  34.0%     -    8s
H    0     0                    1229.0000000  815.63000  33.6%     -    8s
H    0     0                    1216.0000000  815.63000  32.9%     -    8s
H    0     0                    1193.0000000  908.94407  23.8%     -    8s
H    0     0                    1185.0000000  908.94407  23.3%     -    8s
H    0     0                    1181.0000000  908.94407  23.0%     -    8s
H    0     0                    1171.0000000  908.94407  22.4%     -    8s
H    0     0                    1153.0000000  908.94407  21.2%     -    8s
H    0     0                    1144.0000000  908.94407  20.5%     -    8s
H    0     0                    1068.0000000  908.94407  14.9%     -    8s
H    0     0                    1053.0000000  908.94407  13.7%     -    8s
H    0     0                    1051.0000000  908.94407  13.5%     -    8s
H    0     0                    1049.0000000  908.94407  13.4%     -    8s
     0     0  908.94407    0  381 1049.00000  908.94407  13.4%     -    8s
H    0     0                    1046.0000000  908.97724  13.1%     -    8s
H    0     0                    1024.0000000  908.97724  11.2%     -    8s
     0     0  908.97724    0  384 1024.00000  908.97724  11.2%     -    8s
H    0     0                    1022.0000000  946.32038  7.41%     -    9s
H    0     0                    1020.0000000  946.32038  7.22%     -    9s
     0     0  949.86615    0  384 1020.00000  949.86615  6.88%     -   10s
     0     0  949.86615    0  380 1020.00000  949.86615  6.88%     -   10s
     0     0  949.86615    0  396 1020.00000  949.86615  6.88%     -   10s
     0     0  958.19948    0  435 1020.00000  958.19948  6.06%     -   10s
     0     0  958.19948    0  209 1020.00000  958.19948  6.06%     -   11s
H    0     0                    1005.0000000  958.19948  4.66%     -   12s
     0     0  958.19948    0  385 1005.00000  958.19948  4.66%     -   12s
H    0     0                    1001.0000000  958.19948  4.28%     -   12s
     0     0  958.64921    0  397 1001.00000  958.64921  4.23%     -   12s
     0     0  958.66316    0  404 1001.00000  958.66316  4.23%     -   12s
     0     0  966.22337    0  427 1001.00000  966.22337  3.47%     -   13s
     0     0  966.22337    0  200 1001.00000  966.22337  3.47%     -   13s
     0     0  966.22337    0  364 1001.00000  966.22337  3.47%     -   13s
H    0     0                     998.0000000  966.22337  3.18%     -   13s
     0     0  966.22337    0  373  998.00000  966.22337  3.18%     -   13s
     0     0  966.22337    0  394  998.00000  966.22337  3.18%     -   13s
     0     0  966.28930    0  452  998.00000  966.28930  3.18%     -   13s
     0     0  966.29227    0  449  998.00000  966.29227  3.18%     -   13s
     0     0  969.10029    0  392  998.00000  969.10029  2.90%     -   14s
     0     0  969.10838    0  445  998.00000  969.10838  2.89%     -   14s
     0     0  970.37338    0  420  998.00000  970.37338  2.77%     -   14s
     0     0  970.37338    0  196  998.00000  970.37338  2.77%     -   14s
     0     0  970.37338    0  336  998.00000  970.37338  2.77%     -   14s
     0     0  970.37338    0  395  998.00000  970.37338  2.77%     -   14s
     0     0  970.37338    0  386  998.00000  970.37338  2.77%     -   14s
     0     0  970.37338    0  398  998.00000  970.37338  2.77%     -   14s
     0     0  975.72505    0  406  998.00000  975.72505  2.23%     -   14s
     0     0  975.72903    0  415  998.00000  975.72903  2.23%     -   14s
     0     0  981.61346    0  423  998.00000  981.61346  1.64%     -   15s
     0     0  981.62146    0  431  998.00000  981.62146  1.64%     -   15s
     0     0  981.64096    0  398  998.00000  981.64096  1.64%     -   15s
     0     0  981.64096    0  211  998.00000  981.64096  1.64%     -   15s
     0     0  981.64096    0  378  998.00000  981.64096  1.64%     -   15s
     0     0  981.64096    0  385  998.00000  981.64096  1.64%     -   15s
     0     0  981.64096    0  374  998.00000  981.64096  1.64%     -   15s
     0     0  981.64096    0  415  998.00000  981.64096  1.64%     -   15s
     0     0  981.64525    0  441  998.00000  981.64525  1.64%     -   15s
     0     0  981.64525    0  442  998.00000  981.64525  1.64%     -   15s
     0     0  981.65106    0  448  998.00000  981.65106  1.64%     -   15s
     0     0  981.65106    0  448  998.00000  981.65106  1.64%     -   15s
     0     0  981.65106    0  448  998.00000  981.65106  1.64%     -   15s
     0     0  981.65106    0  377  998.00000  981.65106  1.64%     -   15s
H    0     0                     995.0000000  981.65414  1.34%     -   15s
     0     0  981.65414    0  210  995.00000  981.65414  1.34%     -   15s
     0     0  981.65414    0  389  995.00000  981.65414  1.34%     -   15s
H    0     0                     989.0000000  981.65414  0.74%     -   15s
     0     0  981.65414    0  378  989.00000  981.65414  0.74%     -   15s
     0     0  981.65414    0  370  989.00000  981.65414  0.74%     -   15s
     0     0  981.65414    0  397  989.00000  981.65414  0.74%     -   15s
     0     0  981.65414    0  436  989.00000  981.65414  0.74%     -   15s
     0     0  981.65414    0  230  989.00000  981.65414  0.74%     -   15s
     0     0  981.65414    0  363  989.00000  981.65414  0.74%     -   15s
     0     0  981.65414    0  362  989.00000  981.65414  0.74%     -   15s
     0     0  981.65414    0  368  989.00000  981.65414  0.74%     -   15s
     0     0  981.65414    0  424  989.00000  981.65414  0.74%     -   15s
     0     0  981.65623    0  441  989.00000  981.65623  0.74%     -   15s
     0     0  981.65623    0  440  989.00000  981.65623  0.74%     -   15s
     0     0  981.67492    0  440  989.00000  981.67492  0.74%     -   16s
     0     0  981.67492    0  440  989.00000  981.67492  0.74%     -   16s
     0     0  981.67492    0  440  989.00000  981.67492  0.74%     -   16s
     0     0  981.67492    0  379  989.00000  981.67492  0.74%     -   16s
     0     2  981.67826    0  376  989.00000  981.67826  0.74%     -   16s
*   46    47              10     984.0000000  981.90838  0.21%  57.1   16s

Cutting planes:
  Gomory: 2
  Lift-and-project: 2
  Cover: 34
  Implied bound: 111
  Clique: 1
  MIR: 67
  Flow cover: 33
  Flow path: 25
  GUB cover: 2
  Zero half: 2
  Network: 1
  RLT: 8
  Relax-and-lift: 25

Explored 102 nodes (175911 simplex iterations) in 16.17 seconds (28.48 work units)
Thread count was 4 (of 32 available processors)

Solution count 10: 984 989 995 ... 1046

Optimal solution found (tolerance 1.00e-04)
Best objective 9.840000000000e+02, best bound 9.840000000000e+02, gap 0.0000%

Wrote result file './sol/E100_1000.4_R0.sol'

