
Gurobi 13.0.2 (mac64[arm], gurobi_cl) logging started Mon Sep  7 19:18:21 2026

Set parameter TokenServer to value "10.8.80.200"
Set parameter TimeLimit to value 43200
Set parameter LogFile to value "/Users/takafumi/Dropbox/2_Study/cspns_gurobi/log_recomputed_4threads/E100_1000.1_R50.log"
Set parameter Threads to value 4
Using license file /Library/gurobi1302/gurobi.lic

Gurobi Optimizer version 13.0.2 build v13.0.2rc1 (mac64[arm] - Darwin 24.6.0 24G517)
Copyright (c) 2026, Gurobi Optimization, LLC

Read LP format model from file /Users/takafumi/Dropbox/2_Study/cspns_gurobi/lp/E100_1000.1_R50.lp
Reading time = 0.05 seconds
root: 20808 rows, 20503 columns, 150260 nonzeros

Using Gurobi shared library /Library/gurobi1302/macos_universal2/lib/libgurobi130.dylib

CPU model: Apple M3 Ultra
Thread count: 32 physical cores, 32 logical processors, using up to 4 threads

Non-default parameters:
TimeLimit  43200
Threads  4

Optimize a model with 20808 rows, 20503 columns and 150260 nonzeros (Min)
Model fingerprint: 0x279f602a
Model has 10100 linear objective coefficients
Variable types: 0 continuous, 20503 integer (0 binary)
Coefficient statistics:
  Matrix range     [1e+00, 1e+02]
  Objective range  [1e+00, 1e+02]
  Bounds range     [1e+00, 1e+00]
  RHS range        [1e+00, 1e+00]

Presolve removed 10412 rows and 209 columns
Presolve time: 0.20s
Presolved: 10396 rows, 20294 columns, 103763 nonzeros
Variable types: 0 continuous, 20294 integer (10294 binary)
Found heuristic solution: objective 4965.0000000
Deterministic concurrent LP optimizer: primal and dual simplex
Showing primal log only...

Concurrent spin time: 0.00s

Solved with primal simplex

Root relaxation: objective 1.748751e+02, 37980 iterations, 0.60 seconds (1.13 work units)

    Nodes    |    Current Node    |     Objective Bounds      |     Work
 Expl Unexpl |  Obj  Depth IntInf | Incumbent    BestBd   Gap | It/Node Time

     0     0  174.87507    0  327 4965.00000  174.87507  96.5%     -    0s
     0     0  638.36116    0  330 4965.00000  638.36116  87.1%     -    2s
H    0     0                    2216.0000000  638.36116  71.2%     -    2s
H    0     0                    1935.0000000  638.36116  67.0%     -    2s
H    0     0                    1769.0000000  638.36116  63.9%     -    2s
H    0     0                    1507.0000000  638.36116  57.6%     -    3s
H    0     0                    1366.0000000  638.36116  53.3%     -    3s
H    0     0                    1278.0000000  638.36116  50.0%     -    3s
H    0     0                    1236.0000000  638.36116  48.4%     -    3s
H    0     0                    1222.0000000  638.36116  47.8%     -    3s
H    0     0                    1213.0000000  638.36116  47.4%     -    4s
H    0     0                    1171.0000000  638.36116  45.5%     -    4s
     0     0  697.06885    0  365 1171.00000  697.06885  40.5%     -    6s
     0     0  697.06885    0  348 1171.00000  697.06885  40.5%     -    8s
H    0     0                    1162.0000000  697.06885  40.0%     -   11s
H    0     0                    1141.0000000  697.06885  38.9%     -   11s
H    0     0                    1135.0000000  697.06885  38.6%     -   11s
H    0     0                    1130.0000000  697.06885  38.3%     -   11s
H    0     0                     970.0000000  697.06885  28.1%     -   11s
H    0     0                     953.0000000  697.06885  26.9%     -   11s
H    0     0                     933.0000000  697.06885  25.3%     -   11s
H    0     0                     928.0000000  697.06885  24.9%     -   11s
H    0     0                     927.0000000  697.06885  24.8%     -   11s
     0     0  730.25613    0  390  927.00000  730.25613  21.2%     -   12s
H    0     0                     916.0000000  730.25981  20.3%     -   13s
H    0     0                     915.0000000  730.25981  20.2%     -   13s
H    0     0                     906.0000000  730.25981  19.4%     -   13s
H    0     0                     902.0000000  730.25981  19.0%     -   13s
H    0     0                     901.0000000  730.25981  19.0%     -   13s
H    0     0                     871.0000000  730.25981  16.2%     -   14s
H    0     0                     863.0000000  730.25981  15.4%     -   14s
     0     0  732.34188    0  393  863.00000  732.34188  15.1%     -   18s
     0     0  732.34206    0  396  863.00000  732.34206  15.1%     -   18s
     0     0  759.75806    0  419  863.00000  759.75806  12.0%     -   19s
     0     0  760.59804    0  422  863.00000  760.59804  11.9%     -   21s
     0     0  760.64340    0  438  863.00000  760.64340  11.9%     -   22s
     0     0  766.96854    0  441  863.00000  766.96854  11.1%     -   24s
     0     0  772.41553    0  453  863.00000  772.41553  10.5%     -   25s
     0     0  774.23925    0  472  863.00000  774.23925  10.3%     -   25s
     0     0  774.74080    0  470  863.00000  774.74080  10.2%     -   26s
     0     0  774.76726    0  473  863.00000  774.76726  10.2%     -   26s
     0     0  779.52054    0  473  863.00000  779.52054  9.67%     -   28s
     0     0  782.62723    0  425  863.00000  782.62723  9.31%     -   29s
     0     0  782.72443    0  461  863.00000  782.72443  9.30%     -   29s
     0     0  782.88656    0  423  863.00000  782.88656  9.28%     -   30s
     0     0  783.11400    0  451  863.00000  783.11400  9.26%     -   30s
     0     0  783.11456    0  425  863.00000  783.11456  9.26%     -   30s
     0     0  784.11431    0  500  863.00000  784.11431  9.14%     -   31s
     0     0  784.47224    0  506  863.00000  784.47224  9.10%     -   33s
     0     0  784.48951    0  502  863.00000  784.48951  9.10%     -   33s
     0     0  784.83314    0  476  863.00000  784.83314  9.06%     -   34s
     0     0  784.86552    0  468  863.00000  784.86552  9.05%     -   34s
     0     0  785.87444    0  485  863.00000  785.87444  8.94%     -   35s
     0     0  785.90871    0  505  863.00000  785.90871  8.93%     -   35s
     0     0  786.67267    0  509  863.00000  786.67267  8.84%     -   35s
     0     0  786.67923    0  498  863.00000  786.67923  8.84%     -   36s
     0     0  787.04918    0  499  863.00000  787.04918  8.80%     -   37s
     0     0  787.04987    0  499  863.00000  787.04987  8.80%     -   37s
     0     0  787.04987    0  440  863.00000  787.04987  8.80%     -   37s
     0     2  790.15428    0  440  863.00000  790.15428  8.44%     -   44s
     1     4  790.15428    1  440  863.00000  790.15428  8.44%  5778   45s
H   36    40                     862.0000000  790.15428  8.33%  2391   49s
    44    49  791.88981   10  465  862.00000  790.15428  8.33%  2553   50s
H   50    55                     858.0000000  790.15428  7.91%  2528   51s
H   77    83                     857.0000000  790.15428  7.80%  2252   54s
    82    89  795.19071   20  437  857.00000  790.15428  7.80%  2312   55s
H  105   111                     849.0000000  790.15428  6.93%  2347   59s
   110   119  796.10027   28  441  849.00000  790.15428  6.93%  2346   60s
   177   192  798.14607   33  451  849.00000  790.15428  6.93%  2260   65s
   266   292  800.13918   52  437  849.00000  790.15428  6.93%  1934   70s
   350   364  803.71523   67  373  849.00000  790.15428  6.93%  1870   75s
H  397   402                     847.0000000  790.15428  6.71%  1832   78s
   437   479  810.54823   80  328  847.00000  790.15428  6.71%  1775   80s
   684   785  807.79373   94  344  847.00000  790.15428  6.71%  1388   85s
  1002   989  820.70966  118  297  847.00000  790.15428  6.71%  1088   90s
H 1029   989                     846.0000000  790.15428  6.60%  1098   92s
H 1033  1018                     845.0000000  790.15428  6.49%  1104   93s
  1136  1142  834.57882  206  191  845.00000  790.15428  6.49%  1052   96s
H 1228  1163                     844.0000000  790.15428  6.38%  1048   97s
  1229  1164  811.32118   30  365  844.00000  790.15428  6.38%  1047  100s
H 1230  1106                     842.0000000  790.15428  6.16%  1046  102s
  1232  1107  834.74729  178  394  842.00000  790.15428  6.16%  1044  110s
  1236  1110  828.93695  153  499  842.00000  790.15428  6.16%  1041  115s
  1244  1115  820.65502  117  479  842.00000  798.34944  5.18%  1034  120s
  1251  1120  812.43692   50  535  842.00000  801.11025  4.86%  1028  125s
  1254  1122  801.31126    9  408  842.00000  801.31126  4.83%  1026  130s
  1255  1122  833.60499  174  408  842.00000  803.05510  4.63%  1025  141s
  1262  1132  803.05510   15  359  842.00000  803.05510  4.63%  1153  145s
  1286  1151  803.05510   19  405  842.00000  803.05510  4.63%  1188  150s
  1310  1164  803.07105   22  372  842.00000  803.05510  4.63%  1230  155s
  1342  1188  807.97856   27  352  842.00000  803.05510  4.63%  1245  160s
  1406  1238  812.00714   33  258  842.00000  803.05510  4.63%  1270  165s
  1562  1268  818.51080   48  214  842.00000  803.05510  4.63%  1224  170s
  1628  1283  807.32424   25  350  842.00000  803.05510  4.63%  1233  175s
  1660  1305  810.17392   29  319  842.00000  803.05510  4.63%  1257  180s
  1750  1335  811.32558   35  331  842.00000  803.05510  4.63%  1263  185s
  1835  1378  813.83687   43  332  842.00000  803.05510  4.63%  1277  191s
  1884  1417  814.44296   45  332  842.00000  803.05510  4.63%  1272  195s
  2024  1415  830.74235   53  260  842.00000  803.05510  4.63%  1240  201s
  2056  1467  825.96077   62  229  842.00000  803.05510  4.63%  1255  205s
  2284  1458  804.70390   29  419  842.00000  803.05510  4.63%  1186  211s
  2350  1477  811.10130   36  331  842.00000  803.05510  4.63%  1196  216s
  2424  1537  808.82989   37  381  842.00000  803.05510  4.63%  1188  221s
  2692  1496  815.97287   42  368  842.00000  803.05510  4.63%  1108  226s
  2696  1497  814.74867   40  347  842.00000  803.05510  4.63%  1107  230s
  2704  1498  815.52152   42  347  842.00000  803.05510  4.63%  1107  235s
  2750  1509  822.55705   45  289  842.00000  803.24953  4.60%  1097  240s
  2812  1535  806.82648   25  403  842.00000  803.36696  4.59%  1105  247s
  2929  1620  819.06719   32  308  842.00000  803.36696  4.59%  1102  253s
  3024  1624  827.14292   47  338  842.00000  803.36696  4.59%  1083  257s
  3083  1651  806.68195   22  348  842.00000  803.36696  4.59%  1075  261s
  3326  1668  819.92832   28  332  842.00000  803.45119  4.58%  1039  271s
  3449  1741  821.27518   40  278  842.00000  803.70967  4.55%  1054  279s
  3599  1773  819.85168   55  368  842.00000  803.94602  4.52%  1041  283s
  3692  1893  828.23379  104  288  842.00000  803.94602  4.52%  1042  287s
  3956  1882  838.89511  215  280  842.00000  804.11388  4.50%  1000  291s
  4076  1927  819.00940   31  332  842.00000  804.11388  4.50%  1001  295s
  4541  1972  819.63409   28  297  842.00000  804.39406  4.47%   957  304s
  4657  2076  807.82877   20  289  842.00000  804.39406  4.47%   966  309s
  4827  2154  813.50725   29  325  842.00000  804.64424  4.44%   961  313s
  4941  2285  814.24707   33  388  842.00000  804.66482  4.43%   968  320s
  5098  2411  834.57685   50  261  842.00000  804.88592  4.41%   971  325s
  5312  2574  815.63196   46  314  842.00000  805.00071  4.39%   965  331s
  5549  2637  809.23109   25  344  842.00000  805.06630  4.39%   958  336s
  5612  2798  813.27458   36  349  842.00000  805.06630  4.39%   975  342s
  5811  2967  824.57424   69  300  842.00000  805.17477  4.37%   973  348s
  6008  3155  818.39268   22  298  842.00000  805.27177  4.36%   976  354s
  6327  3246  808.38370   19  400  842.00000  805.47616  4.34%   957  362s
  6439  3425  811.33568   31  410  842.00000  805.53216  4.33%   961  368s
  6695  3546  805.92502   21  468  842.00000  805.57608  4.33%   956  375s
  6816  3764  809.23813   39  396  842.00000  805.58353  4.32%   965  383s
  7116  3904  812.60470   32  382  842.00000  805.62701  4.32%   958  390s
  7282  4086  813.48963   28  366  842.00000  805.69542  4.31%   970  399s
  7538  4259  806.87180   28  365  842.00000  805.79863  4.30%   968  407s
  7781  4398  817.15708   19  409  842.00000  805.86564  4.29%   970  416s
  7989  4622  809.28686   27  436  842.00000  805.86584  4.29%   972  425s
  8291  4931  818.46575   31  407  842.00000  806.13925  4.26%   976  434s
  8697  5240  819.12000   48  340  842.00000  806.26885  4.24%   968  443s
  9196  5463  814.72890   25  365  842.00000  806.37101  4.23%   949  453s
  9518  5696  809.24647   28  362  842.00000  806.57613  4.21%   950  463s
  9858  6039  827.71001   36  265  842.00000  806.64944  4.20%   947  474s
 10342  6040  820.95994   60  365  842.00000  806.78652  4.18%   938  477s
 10345  6042  827.95311   69  402  842.00000  806.78652  4.18%   937  485s
 10350  6045  814.16809   44  432  842.00000  806.78652  4.18%   937  490s
 10359  6051  820.72741   43  492  842.00000  806.78652  4.18%   936  495s
 10367  6057  812.55467   24  506  842.00000  806.78652  4.18%   935  500s
 10369  6058  827.80568   97  445  842.00000  806.78652  4.18%   935  508s
 10372  6065  806.78652   26  402  842.00000  806.78652  4.18%   949  510s
 10439  6105  806.78652   32  415  842.00000  806.78652  4.18%   956  515s
 10513  6128  806.78652   37  420  842.00000  806.78652  4.18%   963  520s
 10569  6170  812.75237   41  436  842.00000  806.78652  4.18%   971  525s
 10634  6198  808.19300   45  340  842.00000  806.78652  4.18%   973  531s
 10705  6229  811.10573   47  364  842.00000  806.78652  4.18%   974  535s
 10805  6267  825.79675   54  303  842.00000  806.78652  4.18%   978  540s
 10950  6328  813.63335   65  349  842.00000  806.78652  4.18%   979  545s
 11195  6354  814.87175   77  332  842.00000  806.78652  4.18%   970  550s
 11279  6392  817.43049   95  288  842.00000  806.78652  4.18%   973  555s
 11492  6428 infeasible  146       842.00000  806.78652  4.18%   967  560s
 11771  6480  812.21539   41  224  842.00000  806.78652  4.18%   953  565s
 11897  6562  813.48259   46  328  842.00000  806.78652  4.18%   948  570s
 12212  6698  830.09787  142  186  842.00000  806.82762  4.18%   933  577s
 12368  6702  808.09699   37  441  842.00000  806.82762  4.18%   924  580s
 12541  6794  818.23491   50  387  842.00000  806.93522  4.16%   920  586s
 12796  6805  813.37892   38  410  842.00000  806.93522  4.16%   912  591s
 12843  6797  821.39025   49  239  842.00000  807.29831  4.12%   916  596s
H12851  6490                     841.0000000  807.29831  4.01%   916  599s
 12859  6549  823.12472   53  258  841.00000  807.46510  3.99%   916  602s
 12971  6606  814.20736   38  374  841.00000  807.66847  3.96%   915  605s
 13291  6623  810.91085   37  363  841.00000  807.70138  3.96%   904  611s
 13498  6701  822.97487   50  245  841.00000  807.85805  3.94%   904  618s
 13615  6745  812.63151   45  298  841.00000  807.85805  3.94%   902  621s
 13732  6798  822.05963   75  214  841.00000  807.88023  3.94%   902  625s
H13771  6231                     834.0000000  807.88023  3.13%   900  625s
 14044  6316  823.79865   55  345  834.00000  808.19940  3.09%   895  633s
 14239  6358  822.82819   55  349  834.00000  808.22170  3.09%   891  639s
 14468  6386  809.19597   38  447  834.00000  808.30953  3.08%   884  644s
 14674  6472  825.17241   72  382  834.00000  808.37192  3.07%   880  649s
H14809  4862                     822.0000000  808.46172  1.65%   875  649s
 14948  4938     cutoff   64       822.00000  808.50783  1.64%   872  653s
 15437  4974  810.67440   40  376  822.00000  808.84834  1.60%   856  658s
H15454  4589                     821.0000000  808.84834  1.48%   855  658s
 15980  4410  815.17491   44  365  821.00000  809.09209  1.45%   840  660s
 15997  4421  812.76152   47  558  821.00000  809.09209  1.45%   839  665s
 16014  4438  809.09209   42  484  821.00000  809.09209  1.45%   843  670s
 16235  4454  817.99046   48  390  821.00000  809.09209  1.45%   842  675s
 16498  4500  812.74420   48  455  821.00000  809.09209  1.45%   839  680s
 16645  4544  814.56089   50  342  821.00000  809.09209  1.45%   838  685s
 17049  4585  810.98162   51  350  821.00000  809.17050  1.44%   828  690s
 17448  4614  816.93885   65  294  821.00000  809.64986  1.38%   820  695s
 17828  4661  812.28743   50  393  821.00000  809.95092  1.35%   810  700s
 18430  4658  816.20485   60  263  821.00000  810.38035  1.29%   797  705s
 18781  4678  812.05842   45  332  821.00000  810.69283  1.26%   790  710s
 19572  4664  817.74609   60  295  821.00000  811.17995  1.20%   770  716s
 20280  4686     cutoff   60       821.00000  811.44512  1.16%   754  721s
 21114  4668  812.30791   56  415  821.00000  811.75803  1.13%   736  726s
 21835  4717  817.64454   55  360  821.00000  811.92978  1.10%   720  730s
 23134  4685     cutoff   55       821.00000  812.25506  1.07%   694  735s
 24150  4692  819.22549   58  340  821.00000  812.41011  1.05%   676  740s
H25113  4282                     820.0000000  812.58259  0.90%   661  743s
 25199  4395     cutoff   53       820.00000  812.65128  0.90%   660  745s
 26457  4334  817.90464   49  341  820.00000  812.97051  0.86%   642  751s
 27657  4275  816.22814   64  466  820.00000  813.16837  0.83%   627  756s
 28553  4167  818.92926   60  296  820.00000  813.32864  0.81%   616  760s
 29832  4486  815.82621   59  370  820.00000  813.55964  0.79%   602  766s
 31231  4814  816.72078   61  512  820.00000  813.86806  0.75%   588  788s
 31878  4844     cutoff   58       820.00000  813.96165  0.74%   582  790s
 33037  5008  816.23976   73  300  820.00000  814.16454  0.71%   573  795s
 34256  5136     cutoff   58       820.00000  814.35381  0.69%   564  800s
 35669  5205  817.44298   61  366  820.00000  814.61335  0.66%   552  805s
 37032  5225 infeasible   61       820.00000  814.80818  0.63%   543  810s
 38251  5200  816.38552   56  296  820.00000  815.01124  0.61%   535  815s
 39246  5096  818.51826   49  418  820.00000  815.19312  0.59%   530  820s
 40324  4896  817.36706   57  350  820.00000  815.39218  0.56%   524  826s
 41563  4652  818.05981   58  422  820.00000  815.63501  0.53%   519  831s
 42883  4279     cutoff   77       820.00000  815.90961  0.50%   513  836s
 44232  3864     cutoff   65       820.00000  816.19948  0.46%   507  841s
 45577  3243     cutoff   62       820.00000  816.48613  0.43%   500  846s
 47125  2377  818.04650   62  473  820.00000  816.89199  0.38%   491  850s
 48857  1121     cutoff   77       820.00000  817.45083  0.31%   481  855s

Cutting planes:
  Gomory: 13
  Cover: 90
  Implied bound: 127
  Projected implied bound: 3
  Clique: 2
  MIR: 88
  StrongCG: 1
  Flow cover: 807
  GUB cover: 4
  Inf proof: 5
  Zero half: 101
  Network: 11
  RLT: 4
  Relax-and-lift: 64

Explored 50669 nodes (24003556 simplex iterations) in 857.92 seconds (3863.94 work units)
Thread count was 4 (of 32 available processors)

Solution count 10: 820 821 822 ... 847

Optimal solution found (tolerance 1.00e-04)
Best objective 8.200000000000e+02, best bound 8.200000000000e+02, gap 0.0000%

Wrote result file '/Users/takafumi/Dropbox/2_Study/cspns_gurobi/sol_recomputed_4threads/E100_1000.1_R50.sol'

