
Gurobi 13.0.2 (mac64[arm], gurobi_cl) logging started Mon Jun 29 15:11:30 2026

Set parameter TokenServer to value "10.8.80.200"
Set parameter TimeLimit to value 43200
Set parameter LogFile to value "./log/E100_1000.3_R0.log"
Set parameter Threads to value 4
Using license file /Library/gurobi1302/gurobi.lic

Gurobi Optimizer version 13.0.2 build v13.0.2rc1 (mac64[arm] - Darwin 24.6.0 24G517)
Copyright (c) 2026, Gurobi Optimization, LLC

Read LP format model from file ./lp/E100_1000.3_R0.lp
Reading time = 0.03 seconds
root: 20808 rows, 20503 columns, 91915 nonzeros

Using Gurobi shared library /Library/gurobi1302/macos_universal2/lib/libgurobi130.dylib

CPU model: Apple M3 Ultra
Thread count: 32 physical cores, 32 logical processors, using up to 4 threads

Non-default parameters:
TimeLimit  43200
Threads  4

Optimize a model with 20808 rows, 20503 columns and 91915 nonzeros (Min)
Model fingerprint: 0x04957866
Model has 10100 linear objective coefficients
Variable types: 0 continuous, 20503 integer (0 binary)
Coefficient statistics:
  Matrix range     [1e+00, 1e+02]
  Objective range  [2e+00, 2e+02]
  Bounds range     [1e+00, 1e+00]
  RHS range        [1e+00, 1e+00]

Presolve removed 10502 rows and 302 columns
Presolve time: 0.10s
Presolved: 10306 rows, 20201 columns, 60416 nonzeros
Variable types: 0 continuous, 20201 integer (10201 binary)
Found heuristic solution: objective 6217.0000000

Root relaxation: objective 1.541928e+02, 45248 iterations, 1.85 seconds (5.70 work units)

    Nodes    |    Current Node    |     Objective Bounds      |     Work
 Expl Unexpl |  Obj  Depth IntInf | Incumbent    BestBd   Gap | It/Node Time

     0     0  154.19280    0  302 6217.00000  154.19280  97.5%     -    2s
     0     0  817.27000    0  219 6217.00000  817.27000  86.9%     -    2s
H    0     0                    1554.0000000  817.27000  47.4%     -    2s
H    0     0                    1479.0000000  817.27000  44.7%     -    2s
H    0     0                    1474.0000000  817.27000  44.6%     -    2s
H    0     0                    1456.0000000  817.27000  43.9%     -    2s
H    0     0                    1424.0000000  817.27000  42.6%     -    2s
H    0     0                    1390.0000000  817.27000  41.2%     -    2s
H    0     0                    1319.0000000  817.27000  38.0%     -    3s
H    0     0                    1306.0000000  817.27000  37.4%     -    3s
H    0     0                    1286.0000000  817.27000  36.4%     -    3s
H    0     0                    1285.0000000  817.27000  36.4%     -    3s
H    0     0                    1269.0000000  817.27000  35.6%     -    3s
H    0     0                    1259.0000000  817.27000  35.1%     -    3s
     0     0  817.27000    0  219 1259.00000  817.27000  35.1%     -    3s
     0     0  817.27000    0  202 1259.00000  817.27000  35.1%     -    5s
H    0     0                    1236.0000000  817.27000  33.9%     -    5s
H    0     0                    1234.0000000  817.27000  33.8%     -    6s
H    0     0                    1199.0000000  817.27000  31.8%     -    6s
H    0     0                    1190.0000000  817.27000  31.3%     -    6s
H    0     0                    1177.0000000  971.88387  17.4%     -    7s
H    0     0                    1155.0000000  971.88387  15.9%     -    7s
H    0     0                    1147.0000000  971.88387  15.3%     -    7s
H    0     0                    1139.0000000  971.88387  14.7%     -    7s
H    0     0                    1133.0000000  971.88387  14.2%     -    7s
H    0     0                    1126.0000000  971.88387  13.7%     -    7s
H    0     0                    1119.0000000  971.88387  13.1%     -    7s
H    0     0                    1107.0000000  971.88387  12.2%     -    7s
H    0     0                    1104.0000000  971.88387  12.0%     -    7s
H    0     0                    1052.0000000  971.88387  7.62%     -    7s
H    0     0                    1030.0000000  971.88387  5.64%     -    7s
     0     0  971.88387    0  360 1030.00000  971.88387  5.64%     -    7s
     0     0  986.16559    0  334 1030.00000  986.16559  4.26%     -    8s
     0     0  986.26226    0  325 1030.00000  986.26226  4.25%     -    8s
     0     0  986.26608    0  330 1030.00000  986.26608  4.25%     -    8s
     0     0  998.18687    0  371 1030.00000  998.18687  3.09%     -    8s
     0     0  998.18687    0  202 1030.00000  998.18687  3.09%     -    8s
     0     0  998.18687    0  377 1030.00000  998.18687  3.09%     -    9s
     0     0  998.18687    0  396 1030.00000  998.18687  3.09%     -    9s
     0     0  998.22443    0  389 1030.00000  998.22443  3.09%     -    9s
     0     0  998.23465    0  365 1030.00000  998.23465  3.08%     -    9s
     0     0  998.83649    0  407 1030.00000  998.83649  3.03%     -    9s
     0     0  999.49402    0  433 1030.00000  999.49402  2.96%     -    9s
     0     0  999.49402    0  451 1030.00000  999.49402  2.96%     -    9s
     0     0 1002.00000    0  404 1030.00000 1002.00000  2.72%     -    9s
     0     0 1002.09000    0  318 1030.00000 1002.09000  2.71%     -    9s
     0     0 1002.09008    0  357 1030.00000 1002.09008  2.71%     -    9s
     0     0 1003.59000    0  373 1030.00000 1003.59000  2.56%     -    9s
     0     0 1003.61353    0  384 1030.00000 1003.61353  2.56%     -    9s
     0     0 1003.85500    0  387 1030.00000 1003.85500  2.54%     -    9s
     0     0 1003.85898    0  414 1030.00000 1003.85898  2.54%     -    9s
     0     0 1003.85898    0  382 1030.00000 1003.85898  2.54%     -   10s
     0     0 1004.13739    0  382 1030.00000 1004.13739  2.51%     -   10s
     0     0 1004.13739    0  382 1030.00000 1004.13739  2.51%     -   10s
     0     0 1004.13739    0  344 1030.00000 1004.13739  2.51%     -   10s
     0     0 1004.13739    0  199 1030.00000 1004.13739  2.51%     -   10s
     0     0 1004.13739    0  337 1030.00000 1004.13739  2.51%     -   10s
     0     0 1004.13739    0  306 1030.00000 1004.13739  2.51%     -   10s
     0     0 1004.13739    0  361 1030.00000 1004.13739  2.51%     -   10s
     0     0 1004.13739    0  373 1030.00000 1004.13739  2.51%     -   10s
     0     0 1004.37223    0  421 1030.00000 1004.37223  2.49%     -   10s
     0     0 1004.80891    0  406 1030.00000 1004.80891  2.45%     -   10s
     0     0 1004.80891    0  409 1030.00000 1004.80891  2.45%     -   10s
     0     0 1005.03340    0  393 1030.00000 1005.03340  2.42%     -   11s
     0     0 1005.03340    0  393 1030.00000 1005.03340  2.42%     -   11s
     0     0 1005.03340    0  393 1030.00000 1005.03340  2.42%     -   11s
     0     0 1005.03340    0  342 1030.00000 1005.03340  2.42%     -   11s
H    0     2                    1019.0000000 1005.03720  1.37%     -   11s
     0     2 1005.03720    0  339 1019.00000 1005.03720  1.37%     -   11s
H  764   460                    1018.0000000 1006.72736  1.11%  88.4   12s
* 1325   666              30    1017.0000000 1007.52000  0.93%  78.9   12s
* 1606   683              15    1016.0000000 1008.00000  0.79%  79.4   12s
* 1948   580              19    1015.0000000 1008.70854  0.62%  77.8   13s

Cutting planes:
  Gomory: 19
  Lift-and-project: 11
  Cover: 39
  Implied bound: 212
  MIR: 120
  StrongCG: 3
  Flow cover: 39
  Flow path: 38
  Inf proof: 11
  Zero half: 1
  Network: 7
  RLT: 1
  Relax-and-lift: 1

Explored 3086 nodes (352372 simplex iterations) in 13.58 seconds (30.56 work units)
Thread count was 4 (of 32 available processors)

Solution count 10: 1015 1016 1017 ... 1119

Optimal solution found (tolerance 1.00e-04)
Best objective 1.015000000000e+03, best bound 1.015000000000e+03, gap 0.0000%

Wrote result file './sol/E100_1000.3_R0.sol'

