
Gurobi 13.0.2 (mac64[arm], gurobi_cl) logging started Wed Jul  1 17:41:59 2026

Set parameter TokenServer to value "10.8.80.200"
Set parameter TimeLimit to value 43200
Set parameter LogFile to value "./log/E100_1000.8_R0.log"
Set parameter Threads to value 4
Using license file /Library/gurobi1302/gurobi.lic

Gurobi Optimizer version 13.0.2 build v13.0.2rc1 (mac64[arm] - Darwin 24.6.0 24G517)
Copyright (c) 2026, Gurobi Optimization, LLC

Read LP format model from file ./lp/E100_1000.8_R0.lp
Reading time = 0.03 seconds
root: 20808 rows, 20503 columns, 91914 nonzeros

Using Gurobi shared library /Library/gurobi1302/macos_universal2/lib/libgurobi130.dylib

CPU model: Apple M3 Ultra
Thread count: 32 physical cores, 32 logical processors, using up to 4 threads

Non-default parameters:
TimeLimit  43200
Threads  4

Optimize a model with 20808 rows, 20503 columns and 91914 nonzeros (Min)
Model fingerprint: 0xc08d2063
Model has 10100 linear objective coefficients
Variable types: 0 continuous, 20503 integer (0 binary)
Coefficient statistics:
  Matrix range     [1e+00, 1e+02]
  Objective range  [3e+00, 1e+02]
  Bounds range     [1e+00, 1e+00]
  RHS range        [1e+00, 1e+00]

Presolve removed 10503 rows and 303 columns
Presolve time: 0.10s
Presolved: 10305 rows, 20200 columns, 60410 nonzeros
Variable types: 0 continuous, 20200 integer (10200 binary)
Found heuristic solution: objective 5929.0000000

Root relaxation: objective 1.799296e+02, 47423 iterations, 2.07 seconds (6.26 work units)

    Nodes    |    Current Node    |     Objective Bounds      |     Work
 Expl Unexpl |  Obj  Depth IntInf | Incumbent    BestBd   Gap | It/Node Time

     0     0  179.92960    0  300 5929.00000  179.92960  97.0%     -    2s
     0     0  903.53000    0  216 5929.00000  903.53000  84.8%     -    2s
H    0     0                    1490.0000000  903.53000  39.4%     -    2s
H    0     0                    1444.0000000  903.53000  37.4%     -    2s
H    0     0                    1325.0000000  903.53000  31.8%     -    2s
H    0     0                    1283.0000000  903.53000  29.6%     -    2s
H    0     0                    1279.0000000  903.53000  29.4%     -    2s
H    0     0                    1264.0000000  903.53000  28.5%     -    2s
H    0     0                    1257.0000000  903.53000  28.1%     -    3s
H    0     0                    1254.0000000  903.53000  27.9%     -    3s
H    0     0                    1251.0000000  903.53000  27.8%     -    3s
H    0     0                    1247.0000000  903.53000  27.5%     -    3s
     0     0  903.53000    0  216 1247.00000  903.53000  27.5%     -    3s
     0     0  903.53000    0  218 1247.00000  903.53000  27.5%     -    5s
H    0     0                    1240.0000000  903.53000  27.1%     -    6s
H    0     0                    1229.0000000  903.53000  26.5%     -    6s
H    0     0                    1222.0000000  903.53000  26.1%     -    6s
H    0     0                    1213.0000000  903.53000  25.5%     -    6s
H    0     0                    1198.0000000  965.91118  19.4%     -    7s
H    0     0                    1195.0000000  965.91118  19.2%     -    7s
H    0     0                    1185.0000000  965.91118  18.5%     -    7s
H    0     0                    1162.0000000  965.91118  16.9%     -    7s
H    0     0                    1156.0000000  965.91118  16.4%     -    7s
H    0     0                    1148.0000000  965.91118  15.9%     -    7s
H    0     0                    1147.0000000  965.91118  15.8%     -    7s
H    0     0                    1138.0000000  965.91118  15.1%     -    7s
H    0     0                    1112.0000000  965.91118  13.1%     -    7s
H    0     0                    1094.0000000  965.91118  11.7%     -    7s
H    0     0                    1081.0000000  965.91118  10.6%     -    7s
H    0     0                    1064.0000000  965.91118  9.22%     -    7s
     0     0  965.93930    0  371 1064.00000  965.93930  9.22%     -    7s
H    0     0                    1059.0000000  965.93930  8.79%     -    8s
H    0     0                    1057.0000000  965.93930  8.62%     -    8s
     0     0  976.83160    0  367 1057.00000  976.83160  7.58%     -    9s
     0     0  976.83180    0  372 1057.00000  976.83180  7.58%     -    9s
     0     0 1021.75161    0  302 1057.00000 1021.75161  3.33%     -   10s
     0     0 1021.75161    0  217 1057.00000 1021.75161  3.33%     -   10s
     0     0 1021.75161    0  361 1057.00000 1021.75161  3.33%     -   10s
     0     0 1021.75161    0  361 1057.00000 1021.75161  3.33%     -   10s
     0     0 1021.87930    0  368 1057.00000 1021.87930  3.32%     -   10s
     0     0 1021.88054    0  375 1057.00000 1021.88054  3.32%     -   10s
     0     0 1026.97286    0  419 1057.00000 1026.97286  2.84%     -   10s
     0     0 1027.87701    0  412 1057.00000 1027.87701  2.76%     -   10s
     0     0 1027.87701    0  431 1057.00000 1027.87701  2.76%     -   10s
     0     0 1031.61750    0  396 1057.00000 1031.61750  2.40%     -   11s
     0     0 1031.61750    0  230 1057.00000 1031.61750  2.40%     -   11s
     0     0 1031.61750    0  386 1057.00000 1031.61750  2.40%     -   11s
     0     0 1031.61750    0  388 1057.00000 1031.61750  2.40%     -   11s
     0     0 1031.61750    0  415 1057.00000 1031.61750  2.40%     -   11s
     0     0 1031.61750    0  384 1057.00000 1031.61750  2.40%     -   11s
     0     0 1031.61750    0  412 1057.00000 1031.61750  2.40%     -   11s
     0     0 1034.13571    0  402 1057.00000 1034.13571  2.16%     -   11s
     0     0 1034.20339    0  424 1057.00000 1034.20339  2.16%     -   11s
     0     0 1036.58055    0  429 1057.00000 1036.58055  1.93%     -   11s
     0     0 1036.58056    0  455 1057.00000 1036.58056  1.93%     -   11s
     0     0 1037.06064    0  435 1057.00000 1037.06064  1.89%     -   11s
H    0     0                    1056.0000000 1037.07024  1.79%     -   11s
     0     0 1037.07024    0  426 1056.00000 1037.07024  1.79%     -   11s
     0     0 1037.54815    0  435 1056.00000 1037.54815  1.75%     -   11s
     0     0 1037.54815    0  226 1056.00000 1037.54815  1.75%     -   11s
     0     0 1037.54815    0  370 1056.00000 1037.54815  1.75%     -   12s
     0     0 1037.54815    0  346 1056.00000 1037.54815  1.75%     -   12s
     0     0 1037.54815    0  377 1056.00000 1037.54815  1.75%     -   12s
     0     0 1037.54815    0  402 1056.00000 1037.54815  1.75%     -   12s
     0     0 1037.54815    0  450 1056.00000 1037.54815  1.75%     -   12s
     0     0 1037.70721    0  394 1056.00000 1037.70721  1.73%     -   12s
     0     0 1037.70721    0  406 1056.00000 1037.70721  1.73%     -   12s
     0     0 1038.06000    0  351 1056.00000 1038.06000  1.70%     -   12s
     0     0 1038.06000    0  365 1056.00000 1038.06000  1.70%     -   12s
     0     0 1038.06002    0  406 1056.00000 1038.06002  1.70%     -   12s
     0     0 1038.06002    0  406 1056.00000 1038.06002  1.70%     -   12s
     0     0 1038.06002    0  406 1056.00000 1038.06002  1.70%     -   12s
     0     0 1038.06002    0  348 1056.00000 1038.06002  1.70%     -   12s
     0     2 1038.06041    0  347 1056.00000 1038.06041  1.70%     -   12s
H  294   309                    1055.0000000 1038.50000  1.56%  85.2   12s
H  375   348                    1054.0000000 1038.50000  1.47%  73.0   12s
H 1347   925                    1051.0000000 1042.20740  0.84%  71.8   13s
  1395   958 1045.23122   19  421 1051.00000 1045.23122  0.55%  75.7   15s
* 1778   948              52    1050.0000000 1046.25000  0.36%  88.1   17s
H 1807   882                    1047.0000000 1046.39196  0.06%  88.0   17s

Cutting planes:
  Gomory: 13
  Cover: 27
  Implied bound: 51
  Projected implied bound: 1
  MIR: 11
  Flow cover: 140
  Flow path: 7
  GUB cover: 1
  Inf proof: 1
  Zero half: 16
  RLT: 2
  Relax-and-lift: 11

Explored 1816 nodes (326311 simplex iterations) in 17.42 seconds (36.66 work units)
Thread count was 4 (of 32 available processors)

Solution count 10: 1047 1050 1051 ... 1081

Optimal solution found (tolerance 1.00e-04)
Best objective 1.047000000000e+03, best bound 1.047000000000e+03, gap 0.0000%

Wrote result file './sol/E100_1000.8_R0.sol'

