
Gurobi 13.0.2 (mac64[arm], gurobi_cl) logging started Wed Jul  1 18:15:00 2026

Set parameter TokenServer to value "10.8.80.200"
Set parameter TimeLimit to value 43200
Set parameter LogFile to value "./log/E100_1000.8_R100.log"
Set parameter Threads to value 4
Using license file /Library/gurobi1302/gurobi.lic

Gurobi Optimizer version 13.0.2 build v13.0.2rc1 (mac64[arm] - Darwin 24.6.0 24G517)
Copyright (c) 2026, Gurobi Optimization, LLC

Read LP format model from file ./lp/E100_1000.8_R100.lp
Reading time = 0.05 seconds
root: 20808 rows, 20503 columns, 213384 nonzeros

Using Gurobi shared library /Library/gurobi1302/macos_universal2/lib/libgurobi130.dylib

CPU model: Apple M3 Ultra
Thread count: 32 physical cores, 32 logical processors, using up to 4 threads

Non-default parameters:
TimeLimit  43200
Threads  4

Optimize a model with 20808 rows, 20503 columns and 213384 nonzeros (Min)
Model fingerprint: 0x65dd7e0d
Model has 10100 linear objective coefficients
Variable types: 0 continuous, 20503 integer (0 binary)
Coefficient statistics:
  Matrix range     [1e+00, 1e+02]
  Objective range  [3e+00, 1e+02]
  Bounds range     [1e+00, 1e+00]
  RHS range        [1e+00, 1e+00]

Presolve removed 10412 rows and 205 columns
Presolve time: 0.40s
Presolved: 10396 rows, 20298 columns, 128592 nonzeros
Variable types: 0 continuous, 20298 integer (10298 binary)
Found heuristic solution: objective 8964.0000000
Found heuristic solution: objective 3216.0000000
Deterministic concurrent LP optimizer: primal and dual simplex
Showing primal log only...

Concurrent spin time: 0.00s

Solved with primal simplex

Root relaxation: objective 8.972763e+01, 31486 iterations, 0.49 seconds (0.94 work units)

    Nodes    |    Current Node    |     Objective Bounds      |     Work
 Expl Unexpl |  Obj  Depth IntInf | Incumbent    BestBd   Gap | It/Node Time

     0     0   89.72763    0  189 3216.00000   89.72763  97.2%     -    1s
     0     0  262.65276    0  207 3216.00000  262.65276  91.8%     -    1s
H    0     0                    2156.0000000  262.65276  87.8%     -    1s
H    0     0                    2129.0000000  262.65276  87.7%     -    1s
H    0     0                    2102.0000000  262.65276  87.5%     -    1s
H    0     0                    1530.0000000  262.65276  82.8%     -    1s
H    0     0                    1435.0000000  262.65276  81.7%     -    1s
H    0     0                    1313.0000000  262.65276  80.0%     -    1s
H    0     0                    1299.0000000  262.65276  79.8%     -    1s
H    0     0                    1291.0000000  262.65276  79.7%     -    1s
H    0     0                    1282.0000000  262.65276  79.5%     -    1s
H    0     0                    1071.0000000  262.65276  75.5%     -    2s
H    0     0                     979.0000000  262.65276  73.2%     -    2s
H    0     0                     978.0000000  262.65276  73.1%     -    2s
H    0     0                     977.0000000  262.65276  73.1%     -    2s
H    0     0                     975.0000000  262.65276  73.1%     -    2s
     0     0  368.13496    0  286  975.00000  368.13496  62.2%     -    2s
     0     0  415.95591    0  336  975.00000  415.95591  57.3%     -    4s
H    0     0                     945.0000000  415.95591  56.0%     -    5s
H    0     0                     882.0000000  415.95591  52.8%     -    5s
H    0     0                     874.0000000  415.95591  52.4%     -    5s
H    0     0                     863.0000000  415.95591  51.8%     -    5s
H    0     0                     818.0000000  415.95591  49.1%     -    5s
H    0     0                     795.0000000  415.95591  47.7%     -    6s
H    0     0                     789.0000000  415.95591  47.3%     -    6s
H    0     0                     756.0000000  415.95591  45.0%     -    7s
H    0     0                     742.0000000  415.95591  43.9%     -    7s
H    0     0                     715.0000000  415.95591  41.8%     -    7s
H    0     0                     680.0000000  415.95591  38.8%     -    7s
H    0     0                     675.0000000  415.95591  38.4%     -    7s
H    0     0                     673.0000000  415.95591  38.2%     -    7s
H    0     0                     654.0000000  415.95591  36.4%     -    7s
     0     0  449.24657    0  367  654.00000  449.24657  31.3%     -    8s
H    0     0                     653.0000000  449.35414  31.2%     -    8s
H    0     0                     647.0000000  449.35414  30.5%     -    9s
H    0     0                     645.0000000  449.35414  30.3%     -    9s
H    0     0                     644.0000000  449.35414  30.2%     -    9s
H    0     0                     642.0000000  449.35414  30.0%     -    9s
H    0     0                     641.0000000  449.35414  29.9%     -   10s
H    0     0                     640.0000000  449.35414  29.8%     -   11s
H    0     0                     633.0000000  449.35414  29.0%     -   11s
H    0     0                     628.0000000  449.35414  28.4%     -   11s
H    0     0                     622.0000000  449.35414  27.8%     -   13s
     0     0  449.35414    0  370  622.00000  449.35414  27.8%     -   13s
     0     0  449.35414    0  370  622.00000  449.35414  27.8%     -   13s
     0     0  472.24259    0  394  622.00000  472.24259  24.1%     -   15s
     0     0  475.35318    0  388  622.00000  475.35318  23.6%     -   15s
     0     0  476.28889    0  388  622.00000  476.28889  23.4%     -   16s
     0     0  476.36812    0  389  622.00000  476.36812  23.4%     -   16s
     0     0  476.37168    0  390  622.00000  476.37168  23.4%     -   16s
     0     0  492.34722    0  363  622.00000  492.34722  20.8%     -   18s
     0     0  506.42774    0  407  622.00000  506.42774  18.6%     -   19s
     0     0  507.95143    0  418  622.00000  507.95143  18.3%     -   20s
     0     0  508.11213    0  444  622.00000  508.11213  18.3%     -   20s
     0     0  508.20168    0  442  622.00000  508.20168  18.3%     -   20s
     0     0  508.21265    0  447  622.00000  508.21265  18.3%     -   20s
     0     0  510.30720    0  391  622.00000  510.30720  18.0%     -   22s
     0     0  512.90745    0  453  622.00000  512.90745  17.5%     -   23s
     0     0  514.29934    0  489  622.00000  514.29934  17.3%     -   24s
     0     0  514.39806    0  496  622.00000  514.39806  17.3%     -   25s
     0     0  514.40263    0  500  622.00000  514.40263  17.3%     -   25s
     0     0  518.08355    0  444  622.00000  518.08355  16.7%     -   25s
     0     0  518.34912    0  485  622.00000  518.34912  16.7%     -   26s
     0     0  518.47018    0  486  622.00000  518.47018  16.6%     -   26s
     0     0  518.52936    0  488  622.00000  518.52936  16.6%     -   26s
     0     0  518.52936    0  497  622.00000  518.52936  16.6%     -   26s
     0     0  522.95422    0  467  622.00000  522.95422  15.9%     -   27s
H    0     0                     621.0000000  523.06116  15.8%     -   28s
     0     0  523.06116    0  492  621.00000  523.06116  15.8%     -   28s
H    0     0                     613.0000000  523.13839  14.7%     -   28s
     0     0  523.13839    0  517  613.00000  523.13839  14.7%     -   28s
     0     0  523.14960    0  523  613.00000  523.14960  14.7%     -   28s
     0     0  524.85359    0  483  613.00000  524.85359  14.4%     -   29s
     0     0  525.02721    0  502  613.00000  525.02721  14.4%     -   30s
     0     0  525.11680    0  512  613.00000  525.11680  14.3%     -   30s
     0     0  525.12296    0  515  613.00000  525.12296  14.3%     -   30s
     0     0  525.41350    0  511  613.00000  525.41350  14.3%     -   30s
     0     0  525.46413    0  522  613.00000  525.46413  14.3%     -   30s
H    0     0                     611.0000000  525.65570  14.0%     -   31s
H    0     0                     606.0000000  525.65570  13.3%     -   31s
H    0     0                     604.0000000  525.65570  13.0%     -   31s
     0     0  525.65570    0  510  604.00000  525.65570  13.0%     -   31s
H    0     0                     601.0000000  525.68990  12.5%     -   31s
     0     0  525.68990    0  521  601.00000  525.68990  12.5%     -   31s
     0     0  525.89469    0  520  601.00000  525.89469  12.5%     -   32s
     0     0  525.93202    0  520  601.00000  525.93202  12.5%     -   32s
     0     0  525.93202    0  454  601.00000  525.93202  12.5%     -   33s
     0     2  525.93202    0  448  601.00000  525.93202  12.5%     -   37s
     7    12  526.60707    3  430  601.00000  526.51151  12.4%  4440   40s
H   10    12                     594.0000000  526.51151  11.4%  3241   40s
    33    38  527.63474    9  421  594.00000  526.51151  11.4%  3253   45s
    59    66  531.83607   13  416  594.00000  526.51151  11.4%  3356   50s
H   62    66                     593.0000000  526.51151  11.2%  3319   50s
H   76    84                     591.0000000  526.51151  10.9%  3249   53s
    87    92  533.58701   18  390  591.00000  526.51151  10.9%  3223   55s
   127   130  534.58633   22  391  591.00000  526.51151  10.9%  2762   60s
   153   151  536.65312   26  441  591.00000  526.51151  10.9%  2837   65s
   171   172  537.49748   31  408  591.00000  526.51151  10.9%  2775   70s
   193   192  541.75853   37  408  591.00000  526.51151  10.9%  2793   75s
   226   232  546.69445   41  422  591.00000  526.51151  10.9%  2832   81s
   266   288  547.65762   46  413  591.00000  526.51151  10.9%  2670   86s
   313   334  554.19088   50  380  591.00000  526.51151  10.9%  2488   90s
   414   440  558.16492   61  373  591.00000  526.51151  10.9%  2229   95s
   776   775  583.67779  146  315  591.00000  526.95436  10.8%  1367  101s
   850   799  548.55653    6  261  591.00000  527.25316  10.8%  1367  105s
   892   839  558.02173   21  217  591.00000  527.25316  10.8%  1405  110s
   970   959  574.91759   64  112  591.00000  527.51269  10.7%  1404  115s
  1119  1032  567.19604   67  286  591.00000  527.51269  10.7%  1354  121s
  1121  1033  580.11160  125  337  591.00000  527.51269  10.7%  1352  125s
  1122  1034  580.56719  138  356  591.00000  527.51269  10.7%  1350  131s
  1125  1036  568.91448   61  381  591.00000  527.51269  10.7%  1347  136s
  1128  1038  584.83785  148  460  591.00000  535.62053  9.37%  1343  140s
  1132  1041  550.79725   25  484  591.00000  544.91679  7.80%  1339  153s
  1135  1043  575.95164   95  551  591.00000  546.03497  7.61%  1335  155s
  1144  1049  548.96474    7  542  591.00000  548.96474  7.11%  1324  160s
  1164  1062  577.03709  100  537  591.00000  551.08015  6.75%  1302  166s
  1171  1067  552.07265    8  563  591.00000  552.07265  6.59%  1294  170s
  1191  1080  562.91323   33  571  591.00000  553.23450  6.39%  1272  175s
  1207  1091  589.71932  180  548  591.00000  554.15712  6.23%  1255  181s
  1218  1098  581.55715  135  595  591.00000  555.42762  6.02%  1244  185s
  1244  1115  557.18577    7  627  591.00000  557.18577  5.72%  1218  190s
  1263  1128  582.53323  149  549  591.00000  557.67387  5.64%  1200  195s
  1278  1138  558.55565   12  667  591.00000  558.55565  5.49%  1186  200s
  1281  1140  561.89005   55  613  591.00000  558.78936  5.45%  1183  207s
  1293  1148  562.91323   33  610  591.00000  559.62187  5.31%  1172  210s
  1305  1157  582.91883   60  361  591.00000  559.62187  5.31%  1374  217s
H 1305  1099                     589.0000000  559.62187  4.99%  1374  219s
  1306  1100  559.62187   13  382  589.00000  559.62187  4.99%  1373  220s
H 1307  1044                     586.0000000  559.62187  4.50%  1372  222s
  1310  1046  572.12200   76  465  586.00000  559.66329  4.49%  1369  225s
  1315  1050  579.20773  124  528  586.00000  560.38864  4.37%  1364  230s
  1323  1055  566.67723   44  569  586.00000  561.18299  4.23%  1355  239s
  1327  1058  582.91883   60  597  586.00000  561.18299  4.23%  1351  240s
  1339  1067  575.48030   25  364  586.00000  561.61465  4.16%  1422  247s
  1342  1069  579.59861  120  461  586.00000  561.61889  4.16%  1419  250s
  1354  1077  574.04466   57  564  586.00000  561.94287  4.11%  1406  255s
  1367  1086  574.23141   53  579  586.00000  563.30573  3.87%  1393  262s
  1382  1096  579.92874   69  499  586.00000  564.95922  3.59%  1377  265s
  1413  1116  566.50597    8  542  586.00000  566.50597  3.33%  1347  270s
  1431  1129  573.20783   86  400  586.00000  567.17219  3.21%  1421  275s
  1443  1137  575.07616   88  510  586.00000  567.41614  3.17%  1409  280s
  1464  1151  577.03709  100  498  586.00000  568.37011  3.01%  1389  285s
  1488  1167  584.56685  160  425  586.00000  568.92750  2.91%  1367  291s
  1516  1192  570.31212   51  367  586.00000  568.92750  2.91%  1422  295s
  1726  1188  575.70043   97  165  586.00000  570.02882  2.73%  1318  300s
  1983  1208  572.29611   59  319  586.00000  571.15187  2.53%  1212  305s
  2197  1209  573.01422   59  461  586.00000  571.99000  2.39%  1149  310s
  2442  1184     cutoff   73       586.00000  572.75270  2.26%  1086  315s
  2549  1195  578.93284   67  225  586.00000  572.91996  2.23%  1061  320s
  2804  1201  580.04087   69  348  586.00000  573.00710  2.22%  1002  325s
  3085  1192  577.37102  101  224  586.00000  573.58603  2.12%   941  330s
  3627  1169  576.69790   66  290  586.00000  573.91773  2.06%   833  336s
  4190  1108  576.49909   63  249  586.00000  574.11078  2.03%   758  340s
  4967  1080  576.57705   56  443  586.00000  574.50000  1.96%   680  346s
  5647  1301  579.57557   59  329  586.00000  574.79568  1.91%   638  351s
  6097  1458     cutoff   70       586.00000  575.07650  1.86%   617  355s
  6846  1624  581.25737   54  297  586.00000  575.45323  1.80%   576  360s
  7780  1877     cutoff   81       586.00000  575.84834  1.73%   541  367s
  8707  2121  584.35241   69  304  586.00000  576.05422  1.70%   508  372s
  9885  2377  583.81247   92  144  586.00000  576.45100  1.63%   473  377s
 10417  2502  579.87318   59  332  586.00000  576.68946  1.59%   461  380s
 11772  2717  580.36828   57  325  586.00000  577.19833  1.50%   441  386s
 12580  2840  579.07930   74  258  586.00000  577.49186  1.45%   432  390s
 13590  2959  580.95427   66  238  586.00000  577.71037  1.41%   418  395s
 14688  3060  579.82133   76  235  586.00000  577.98401  1.37%   405  402s
 15611  3151  580.72991   72  297  586.00000  578.24211  1.32%   395  406s
 16460  3208 infeasible   72       586.00000  578.47460  1.28%   387  410s
 18002  3287  582.24164   64  303  586.00000  578.81356  1.23%   371  416s
 18916  3316     cutoff   70       586.00000  579.02596  1.19%   365  420s
 20391  3284  582.82825   63  324  586.00000  579.35893  1.13%   355  426s
 20923  3307  583.76111   64   94  586.00000  579.50446  1.11%   351  462s
 22118  3336  581.70885   60  265  586.00000  579.72505  1.07%   343  466s
 23241  3214  581.49945   59  126  586.00000  579.97257  1.03%   337  471s
 24147  3151  581.86941   57  277  586.00000  580.19936  0.99%   332  475s
 25361  3013  583.81209   71  262  586.00000  580.42701  0.95%   327  480s
 26421  2799  581.16996   66  255  586.00000  580.69554  0.91%   323  485s
 27335  2588     cutoff   63       586.00000  580.99735  0.85%   319  490s
 28626  2299     cutoff   64       586.00000  581.40205  0.78%   313  496s
 29674  1967  583.64063   62  299  586.00000  581.69063  0.74%   308  501s
 30672  1494  583.52723   61  115  586.00000  582.00507  0.68%   304  506s
 31658   888 infeasible   69       586.00000  582.58607  0.58%   300  510s

Cutting planes:
  Gomory: 1
  Cover: 162
  Implied bound: 214
  Projected implied bound: 10
  Clique: 1
  MIR: 60
  StrongCG: 4
  Flow cover: 595
  GUB cover: 5
  Inf proof: 8
  Zero half: 46
  Network: 8
  RLT: 8
  Relax-and-lift: 65

Explored 33416 nodes (9860033 simplex iterations) in 512.86 seconds (1772.80 work units)
Thread count was 4 (of 32 available processors)

Solution count 10: 586 589 591 ... 613

Optimal solution found (tolerance 1.00e-04)
Best objective 5.860000000000e+02, best bound 5.860000000000e+02, gap 0.0000%

Wrote result file './sol/E100_1000.8_R100.sol'

