
Gurobi 13.0.2 (mac64[arm], gurobi_cl) logging started Mon Jun 29 00:30:45 2026

Set parameter TokenServer to value "10.8.80.200"
Set parameter TimeLimit to value 43200
Set parameter LogFile to value "./log/E150_1000.5_R100.log"
Set parameter Threads to value 4
Using license file /Library/gurobi1302/gurobi.lic

Gurobi Optimizer version 13.0.2 build v13.0.2rc1 (mac64[arm] - Darwin 24.6.0 24G517)
Copyright (c) 2026, Gurobi Optimization, LLC

Read LP format model from file ./lp/E150_1000.5_R100.lp
Reading time = 0.14 seconds
root: 46208 rows, 45753 columns, 675826 nonzeros

Using Gurobi shared library /Library/gurobi1302/macos_universal2/lib/libgurobi130.dylib

CPU model: Apple M3 Ultra
Thread count: 32 physical cores, 32 logical processors, using up to 4 threads

Non-default parameters:
TimeLimit  43200
Threads  4

Optimize a model with 46208 rows, 45753 columns and 675826 nonzeros (Min)
Model fingerprint: 0x1a088caa
Model has 22650 linear objective coefficients
Variable types: 0 continuous, 45753 integer (0 binary)
Coefficient statistics:
  Matrix range     [1e+00, 2e+02]
  Objective range  [1e+00, 2e+02]
  Bounds range     [1e+00, 1e+00]
  RHS range        [1e+00, 1e+00]

Presolve removed 23119 rows and 307 columns
Presolve time: 1.59s
Presolved: 23089 rows, 45446 columns, 396823 nonzeros
Variable types: 0 continuous, 45446 integer (22946 binary)
Found heuristic solution: objective 9931.0000000
Deterministic concurrent LP optimizer: primal and dual simplex
Showing primal log only...


Root simplex log...

Iteration    Objective       Primal Inf.    Dual Inf.      Time
   53941    1.0796687e+02   1.564265e+01   0.000000e+00      5s
   59244    1.1242053e+02   0.000000e+00   0.000000e+00      7s
Concurrent spin time: 0.52s

Solved with primal simplex

Root relaxation: objective 1.124205e+02, 59244 iterations, 5.41 seconds (19.33 work units)

    Nodes    |    Current Node    |     Objective Bounds      |     Work
 Expl Unexpl |  Obj  Depth IntInf | Incumbent    BestBd   Gap | It/Node Time

     0     0  112.42053    0  316 9931.00000  112.42053  98.9%     -    7s
     0     0  157.31118    0  280 9931.00000  157.31118  98.4%     -    7s
H    0     0                    2108.0000000  157.31118  92.5%     -    7s
H    0     0                    1992.0000000  157.31118  92.1%     -    7s
H    0     0                    1885.0000000  157.31118  91.7%     -    7s
H    0     0                    1861.0000000  157.31118  91.5%     -    7s
H    0     0                    1856.0000000  157.31118  91.5%     -    7s
H    0     0                    1847.0000000  157.31118  91.5%     -    8s
H    0     0                    1174.0000000  157.31118  86.6%     -    8s
H    0     0                    1063.0000000  157.31118  85.2%     -    8s
H    0     0                     900.0000000  157.31118  82.5%     -    8s
H    0     0                     890.0000000  157.31118  82.3%     -    8s
H    0     0                     859.0000000  157.31118  81.7%     -   10s
H    0     0                     821.0000000  157.31118  80.8%     -   17s
H    0     0                     808.0000000  157.31118  80.5%     -   17s
H    0     0                     805.0000000  157.31118  80.5%     -   17s
     0     0  268.58654    0  438  805.00000  268.58654  66.6%     -   19s
     0     0  316.94260    0  509  805.00000  316.94260  60.6%     -   28s
H    0     0                     803.0000000  316.94260  60.5%     -   29s
H    0     0                     794.0000000  316.94260  60.1%     -   29s
H    0     0                     791.0000000  316.94260  59.9%     -   30s
H    0     0                     786.0000000  316.94260  59.7%     -   30s
H    0     0                     783.0000000  316.94260  59.5%     -   30s
H    0     0                     782.0000000  316.94260  59.5%     -   39s
H    0     0                     781.0000000  316.94260  59.4%     -   39s
     0     0  352.99807    0  543  781.00000  352.99807  54.8%     -   42s
H    0     0                     780.0000000  353.01283  54.7%     -   45s
H    0     0                     779.0000000  353.01283  54.7%     -   45s
H    0     0                     673.0000000  353.01283  47.5%     -   56s
H    0     0                     670.0000000  353.01283  47.3%     -   57s
H    0     0                     648.0000000  353.01283  45.5%     -   58s
H    0     0                     647.0000000  353.01283  45.4%     -   59s
H    0     0                     641.0000000  353.01283  44.9%     -   59s
     0     0  353.01283    0  544  641.00000  353.01283  44.9%     -   60s
     0     0  372.90633    0  610  641.00000  372.90633  41.8%     -   62s
     0     0  373.87513    0  608  641.00000  373.87513  41.7%     -   63s
     0     0  373.99177    0  611  641.00000  373.99177  41.7%     -   63s
     0     0  373.99201    0  618  641.00000  373.99201  41.7%     -   63s
     0     0  383.08009    0  655  641.00000  383.08009  40.2%     -   67s
     0     0  395.02648    0  644  641.00000  395.02648  38.4%     -   69s
     0     0  397.78735    0  646  641.00000  397.78735  37.9%     -   71s
     0     0  400.54008    0  643  641.00000  400.54008  37.5%     -   72s
     0     0  400.58154    0  649  641.00000  400.58154  37.5%     -   72s
     0     0  400.58652    0  653  641.00000  400.58652  37.5%     -   72s
     0     0  407.16911    0  655  641.00000  407.16911  36.5%     -   75s
     0     0  410.15672    0  684  641.00000  410.15672  36.0%     -   79s
     0     0  411.18982    0  712  641.00000  411.18982  35.9%     -   81s
     0     0  411.23131    0  698  641.00000  411.23131  35.8%     -   81s
     0     0  411.25795    0  704  641.00000  411.25795  35.8%     -   82s
     0     0  411.26030    0  710  641.00000  411.26030  35.8%     -   82s
     0     0  414.00530    0  707  641.00000  414.00530  35.4%     -   84s
     0     0  414.39787    0  720  641.00000  414.39787  35.4%     -   85s
     0     0  414.69200    0  727  641.00000  414.69200  35.3%     -   86s
     0     0  414.69382    0  744  641.00000  414.69382  35.3%     -   86s
     0     0  416.12767    0  758  641.00000  416.12767  35.1%     -   88s
     0     0  416.38314    0  756  641.00000  416.38314  35.0%     -   89s
     0     0  416.43600    0  767  641.00000  416.43600  35.0%     -   89s
     0     0  416.44769    0  763  641.00000  416.44769  35.0%     -   89s
     0     0  419.02288    0  754  641.00000  419.02288  34.6%     -   92s
     0     0  419.81415    0  749  641.00000  419.81415  34.5%     -   93s
     0     0  419.99788    0  759  641.00000  419.99788  34.5%     -   93s
     0     0  420.05130    0  769  641.00000  420.05130  34.5%     -   94s
     0     0  420.05140    0  766  641.00000  420.05140  34.5%     -   94s
     0     0  420.93757    0  779  641.00000  420.93757  34.3%     -   97s
     0     0  420.97524    0  798  641.00000  420.97524  34.3%     -   97s
     0     0  420.98072    0  797  641.00000  420.98072  34.3%     -   97s
     0     0  423.00215    0  771  641.00000  423.00215  34.0%     -  100s
     0     0  423.35772    0  779  641.00000  423.35772  34.0%     -  101s
     0     0  423.45706    0  775  641.00000  423.45706  33.9%     -  102s
     0     0  423.46884    0  791  641.00000  423.46884  33.9%     -  102s
     0     0  424.16224    0  793  641.00000  424.16224  33.8%     -  103s
     0     0  424.32988    0  784  641.00000  424.32988  33.8%     -  105s
     0     0  424.34801    0  796  641.00000  424.34801  33.8%     -  105s
     0     0  425.67005    0  774  641.00000  425.67005  33.6%     -  108s
     0     0  425.84803    0  794  641.00000  425.84803  33.6%     -  109s
     0     0  425.85756    0  801  641.00000  425.85756  33.6%     -  110s
     0     0  426.87449    0  775  641.00000  426.87449  33.4%     -  113s
     0     0  427.64239    0  793  641.00000  427.64239  33.3%     -  116s
     0     0  427.91063    0  793  641.00000  427.91063  33.2%     -  118s
     0     0  427.93287    0  811  641.00000  427.93287  33.2%     -  118s
     0     0  428.10907    0  813  641.00000  428.10907  33.2%     -  119s
     0     0  428.21514    0  817  641.00000  428.21514  33.2%     -  121s
     0     0  428.22690    0  820  641.00000  428.22690  33.2%     -  121s
     0     0  428.27478    0  803  641.00000  428.27478  33.2%     -  121s
     0     0  428.35270    0  810  641.00000  428.35270  33.2%     -  122s
     0     0  428.44683    0  811  641.00000  428.44683  33.2%     -  123s
     0     0  428.44697    0  811  641.00000  428.44697  33.2%     -  123s
     0     0  428.44697    0  785  641.00000  428.44697  33.2%     -  126s
     0     2  428.47513    0  779  641.00000  428.47513  33.2%     -  138s
H    1     4                     638.0000000  428.47513  32.8%   0.0  141s
     3     8  428.81135    2  784  638.00000  428.51286  32.8%  4059  149s
     7    12  428.91997    3  799  638.00000  428.81135  32.8%  7475  153s
    11    16  429.22731    4  809  638.00000  428.81135  32.8%  6621  156s
H   12    16                     634.0000000  428.81135  32.4%  6069  156s
H   13    16                     629.0000000  428.81135  31.8%  5850  156s
H   15    20                     624.0000000  428.81135  31.3%  5553  159s
H   17    20                     616.0000000  428.81135  30.4%  5840  159s
    19    24  430.02715    6  778  616.00000  428.81135  30.4%  8125  162s
H   20    24                     615.0000000  428.81135  30.3%  7718  162s
H   22    24                     614.0000000  428.81135  30.2% 11353  162s
    23    29  433.69744    6  754  614.00000  428.81135  30.2% 12385  167s
H   28    33                     613.0000000  428.81135  30.0% 10601  173s
    32    35  430.32657    8  789  613.00000  428.81135  30.0% 15347  179s
    34    38  431.50022    9  752  613.00000  428.81135  30.0% 15070  184s
    37    42  431.75859   10  756  613.00000  428.81135  30.0% 14513  190s
H   39    42                     612.0000000  428.81135  29.9% 15071  190s
    41    43  457.54285   10  582  612.00000  428.81135  29.9% 15050  196s
    42    47  438.40428   11  738  612.00000  428.81135  29.9% 14911  202s
H   44    47                     611.0000000  428.81135  29.8% 14559  202s
    46    51  434.48838   11  765  611.00000  428.81135  29.8% 14612  207s
H   50    55                     587.0000000  428.81135  26.9% 13916  212s
    54    59  437.48747   13  754  587.00000  428.81135  26.9% 14180  217s
H   55    59                     586.0000000  428.81135  26.8% 13922  217s
    58    75  440.13912   13  728  586.00000  428.81135  26.8% 13809  221s
H   66    75                     585.0000000  428.81135  26.7% 13443  221s
    74    80  438.88052   16  701  585.00000  428.81135  26.7% 13704  226s
    83    90  439.08915   17  708  585.00000  428.81135  26.7% 13634  233s
H   88    90                     584.0000000  428.81135  26.6% 13226  233s
    89    93  439.19215   18  704  584.00000  428.81135  26.6% 13214  238s
H   92    97                     583.0000000  428.81135  26.4% 12912  243s
    96    98  476.81986   20  502  583.00000  428.81135  26.4% 13134  250s
   101   106  446.60169   19  650  583.00000  428.81135  26.4% 12896  257s
   105   110  448.76246   20  641  583.00000  428.81135  26.4% 12622  262s
   109   114  454.53975   20  644  583.00000  428.81135  26.4% 12561  266s
   113   119  448.76330   21  641  583.00000  428.81135  26.4% 12342  272s
   118   123  448.83377   22  646  583.00000  428.81135  26.4% 12080  276s
   122   129  448.92792   23  631  583.00000  428.81135  26.4% 11986  281s
   128   133  451.04526   24  625  583.00000  428.81135  26.4% 11709  285s
   132   137  453.99644   24  611  583.00000  428.81135  26.4% 11528  290s
   136   141  451.34990   25  632  583.00000  428.81135  26.4% 11397  295s
   140   145  451.53841   26  620  583.00000  428.81135  26.4% 11330  300s
   144   149  451.57331   27  608  583.00000  428.81135  26.4% 11236  305s
   148   153  451.69784   28  608  583.00000  428.81135  26.4% 11112  310s
   152   157  451.71038   29  602  583.00000  428.81135  26.4% 10954  315s
   156   161  451.77419   30  610  583.00000  428.81135  26.4% 10888  321s
   160   167  451.96923   31  595  583.00000  428.81135  26.4% 10757  327s
   166   174  452.65111   34  616  583.00000  428.81135  26.4% 10537  333s
   173   178  460.73301   37  580  583.00000  428.81135  26.4% 10315  340s
   177   186  454.63977   38  601  583.00000  428.81135  26.4% 10152  346s
   185   194  455.65185   43  584  583.00000  428.81135  26.4%  9973  357s
   193   203  456.56049   47  600  583.00000  428.81135  26.4%  9770  364s
   202   216  456.90600   51  577  583.00000  428.81135  26.4%  9574  373s
   215   236  458.44844   53  574  583.00000  428.81135  26.4%  9401  382s
   235   253  458.81774   55  570  583.00000  428.81135  26.4%  8948  392s
   252   272  488.07162   58  521  583.00000  428.81135  26.4%  8772  402s
   271   297  488.89896   64  506  583.00000  428.81135  26.4%  8465  414s
   296   319  497.68342   71  517  583.00000  428.81135  26.4%  7984  424s
   318   337  492.26864   76  533  583.00000  428.81135  26.4%  7650  436s
   336   365  493.34655   81  532  583.00000  428.81135  26.4%  7438  449s
   364   373  494.12346   91  547  583.00000  428.81135  26.4%  7129  461s
   372   388  494.73238   94  496  583.00000  428.81135  26.4%  7131  472s
   387   412  496.04585   98  508  583.00000  428.81135  26.4%  7009  484s
   411   443  497.97087  105  508  583.00000  428.81135  26.4%  6894  496s
   442   464  501.22055  113  512  583.00000  428.81135  26.4%  6690  511s
   463   496  502.97285  115  508  583.00000  428.81135  26.4%  6584  525s
   495   528  503.86961  121  502  583.00000  428.81135  26.4%  6432  540s
   527   562  514.82352  130  500  583.00000  428.81135  26.4%  6289  553s
   561   590  513.00417  135  500  583.00000  428.81135  26.4%  6165  568s
   589   602  513.73129  144  485  583.00000  428.81135  26.4%  6053  584s
   601   606  513.76841  147  490  583.00000  428.81135  26.4%  6024  599s
   605   640  513.79124  148  489  583.00000  428.81135  26.4%  5998  615s
   639   698  515.40527  157  483  583.00000  428.81135  26.4%  5871  631s
   699   743  519.95966  172  462  583.00000  428.81135  26.4%  5632  649s
   744   824  521.18303  176  472  583.00000  428.81135  26.4%  5465  665s
   825   894  523.46891  188  446  583.00000  428.81135  26.4%  5170  683s
   895  1036  528.14942  200  429  583.00000  428.81135  26.4%  4965  700s
  1037  1141  533.76402  236  426  583.00000  428.81135  26.4%  4514  717s
  1142  1296  540.36044  256  389  583.00000  428.81135  26.4%  4278  734s
  1319  1333  545.42231  296  416  583.00000  428.81135  26.4%  3869  753s
  1385  1397  548.19734  308  373  583.00000  428.92582  26.4%  3760  771s
  1449  1446  555.12014  329  373  583.00000  428.92582  26.4%  3748  790s
  1498  1577  558.15359  339  413  583.00000  428.92582  26.4%  3724  807s
  1629  1740  562.31186  389  384  583.00000  428.92582  26.4%  3596  826s
  1795  1803  570.11071  466  356  583.00000  428.92582  26.4%  3382  850s
  1885  1808  439.32872   11  700  583.00000  428.92582  26.4%  3337  874s
  1891  1809  515.12068  153  438  583.00000  428.92582  26.4%  3341  889s
  1893  1810  549.85364  239  514  583.00000  428.92582  26.4%  3338  902s
  1894  1811  535.05107  236  583  583.00000  428.92582  26.4%  3336  926s
  1895  1812  541.61554  249  581  583.00000  428.92582  26.4%  3334  931s
  1896  1812  527.56566  125  625  583.00000  428.92582  26.4%  3333  935s
  1898  1814  499.55529  109  663  583.00000  446.88544  23.3%  3329  946s
  1899  1814  560.52280  373  677  583.00000  449.93863  22.8%  3327  953s
  1900  1815  528.92179  211  687  583.00000  456.28169  21.7%  3326  961s
  1901  1816  521.68542   91  684  583.00000  459.19057  21.2%  3324  966s
  1902  1816  541.99300  269  695  583.00000  466.66636  20.0%  3322  970s
  1903  1817  541.25624  262  713  583.00000  470.60843  19.3%  3320  978s
  1904  1818  501.65088  113  743  583.00000  473.17640  18.8%  3319  983s
  1905  1818  550.07937  243  755  583.00000  475.28066  18.5%  3317  990s
  1906  1819  520.32775  175  774  583.00000  478.07096  18.0%  3315  995s
  1907  1820  487.67860   40  749  583.00000  478.78771  17.9%  3313 1001s
  1908  1820  523.86470  188  765  583.00000  480.48299  17.6%  3312 1023s
  1909  1821  501.29849  114  779  583.00000  481.65360  17.4%  3310 1028s
  1910  1822  522.89304  185  776  583.00000  483.61934  17.0%  3308 1032s
  1911  1822  527.29894  127  802  583.00000  484.70450  16.9%  3306 1036s
  1912  1823  574.35059  460  825  583.00000  488.57946  16.2%  3305 1041s
  1913  1824  526.34290  114  813  583.00000  490.69286  15.8%  3303 1049s
  1914  1824  530.58680  191  805  583.00000  492.40210  15.5%  3301 1055s
  1915  1825  501.65088  113  829  583.00000  493.30722  15.4%  3300 1061s
  1916  1826  507.05944  127  800  583.00000  496.21091  14.9%  3298 1067s
  1917  1826  544.81506  206  824  583.00000  496.47196  14.8%  3296 1073s
  1918  1827  533.41693  209  827  583.00000  497.99177  14.6%  3294 1079s
  1919  1828  564.11592  399  842  583.00000  498.05180  14.6%  3293 1085s
  1921  1829  534.11577  224  845  583.00000  499.26217  14.4%  3289 1094s
  1922  1830  556.11259  332  846  583.00000  499.93371  14.2%  3288 1097s
  1923  1830  577.21161  506  850  583.00000  500.18995  14.2%  3286 1101s
  1924  1831  501.63656   62  808  583.00000  501.63656  14.0%  3284 1107s
  1925  1832  545.99816  298  890  583.00000  502.25530  13.8%  3282 1111s
  1926  1832  559.05348  355  883  583.00000  503.34418  13.7%  3281 1115s
  1928  1834  504.01250   93  929  583.00000  504.01250  13.5%  3277 1121s
  1930  1835  571.12479  320  939  583.00000  504.17407  13.5%  3274 1127s
  1931  1836  504.17407   24  939  583.00000  504.17407  13.5%  3272 1130s
  1933  1837  522.49597  187  917  583.00000  505.41795  13.3%  3269 1136s
  1934  1838  541.54177  264  954  583.00000  505.82260  13.2%  3267 1144s
  1935  1838  516.39896  160  951  583.00000  505.91874  13.2%  3265 1147s
  1936  1839  506.50465   17  960  583.00000  506.50465  13.1%  3264 1150s
  1938  1840  552.96222  309  936  583.00000  507.25603  13.0%  3260 1158s
  1939  1841  559.32480  352  965  583.00000  507.31739  13.0%  3259 1160s
  1940  1842  508.23960  122  879  583.00000  508.23960  12.8%  3257 1167s
  1942  1843  568.40309  314  875  583.00000  509.44387  12.6%  3254 1173s
  1943  1844  558.87739  347  923  583.00000  509.50397  12.6%  3252 1175s
  1944  1844  561.11996  386  878  583.00000  510.31004  12.5%  3250 1180s
  1946  1846  564.38909  403  938  583.00000  510.38623  12.5%  3247 1187s
  1947  1846  540.28498  238  945  583.00000  510.54746  12.4%  3245 1190s
  1948  1847  535.30857  192  947  583.00000  511.15567  12.3%  3244 1195s
  1950  1848  554.92485  313  952  583.00000  511.45173  12.3%  3240 1232s
  1952  1850  527.40758  196  896  583.00000  512.23619  12.1%  3237 1239s
  1953  1850  512.27480   18  947  583.00000  512.27480  12.1%  3235 1242s
  1954  1851  523.65632   87  918  583.00000  512.95652  12.0%  3234 1246s
  1955  1852  551.24812  288  935  583.00000  512.99721  12.0%  3232 1250s
  1957  1853  513.27847  109  968  583.00000  513.27847  12.0%  3229 1255s
  1959  1854  516.81673  163  925  583.00000  514.05997  11.8%  3225 1262s
  1961  1856  564.70655  416  958  583.00000  514.45899  11.8%  3222 1266s
  1964  1858  516.87323  167  970  583.00000  514.78569  11.7%  3217 1271s
  1968  1860  515.00600   84  995  583.00000  515.00600  11.7%  3211 1276s
  1972  1863  515.71427   77  957  583.00000  515.34990  11.6%  3204 1281s
  1974  1864  526.47195  119  983  583.00000  515.43580  11.6%  3201 1285s
  1978  1867  536.68841  247  919  583.00000  516.22365  11.5%  3194 1293s
  1979  1868  539.32596  172  954  583.00000  516.32298  11.4%  3193 1295s
  1981  1869  555.26594  323 1006  583.00000  516.60923  11.4%  3190 1300s
  1984  1871  516.84369   12  919  583.00000  516.84369  11.3%  3185 1307s
  1986  1872  516.91433   47  940  583.00000  516.91433  11.3%  3182 1311s
  1988  1874  551.77651  310  984  583.00000  517.08850  11.3%  3178 1316s
  1990  1875  517.12346  137  921  583.00000  517.12346  11.3%  3175 1320s
  1992  1876  547.90770  296  958  583.00000  517.36398  11.3%  3172 1325s
  1994  1878  535.05107  236  989  583.00000  517.43792  11.2%  3169 1330s
  1997  1880  571.92262  469  999  583.00000  517.58025  11.2%  3164 1335s
  2000  1882  528.92179  211 1002  583.00000  517.83356  11.2%  3159 1341s
  2002  1883  541.99300  269 1009  583.00000  517.93091  11.2%  3156 1346s
  2004  1884  518.07868  113  989  583.00000  518.07868  11.1%  3153 1351s
  2006  1886  520.32775  175  993  583.00000  518.42697  11.1%  3150 1356s
  2007  1886  518.46688   40  990  583.00000  518.46688  11.1%  3148 1360s
  2009  1888  518.60843  114 1022  583.00000  518.60843  11.0%  3145 1365s
  2011  1889  527.29894  127 1009  583.00000  518.79350  11.0%  3142 1370s
  2013  1890  526.34290  114 1018  583.00000  518.79350  11.0%  3139 1375s
  2016  1892  518.88324  127 1004  583.00000  518.88324  11.0%  3134 1381s
  2019  1894  564.11592  399 1008  583.00000  518.92079  11.0%  3130 1386s
  2021  1896  534.11577  224 1026  583.00000  519.00787  11.0%  3126 1390s
  2024  1898  519.07153   62 1021  583.00000  519.07153  11.0%  3122 1396s
  2026  1899  559.05348  355  974  583.00000  519.75896  10.8%  3119 1402s
  2028  1900  519.84681   93 1012  583.00000  519.84681  10.8%  3116 1406s
  2030  1902  571.12479  320 1006  583.00000  519.94325  10.8%  3113 1411s
  2031  1902  519.98311   24  991  583.00000  519.98311  10.8%  3111 1415s
  2034  1904  541.54177  264 1063  583.00000  520.01496  10.8%  3107 1421s
  2036  1906  520.03484   17 1035  583.00000  520.03484  10.8%  3103 1425s
  2040  1908  520.52948  122  987  583.00000  520.52948  10.7%  3097 1433s
  2041  1909  555.64150  325 1029  583.00000  520.54550  10.7%  3096 1435s
  2044  1911  561.11996  386 1049  583.00000  520.57178  10.7%  3091 1441s
  2046  1912  564.38909  403 1024  583.00000  520.59783  10.7%  3088 1445s
  2049  1914  520.61396   54 1061  583.00000  520.61396  10.7%  3084 1450s
  2052  1916  527.40758  196  957  583.00000  521.97962  10.5%  3079 1458s
  2053  1917  522.22543   18 1001  583.00000  522.22543  10.4%  3078 1462s
  2055  1918  551.24812  288 1023  583.00000  522.37528  10.4%  3075 1466s
  2056  1919  571.92262  469 1029  583.00000  522.43054  10.4%  3073 1470s
  2059  1921  522.48159  163 1046  583.00000  522.48159  10.4%  3069 1475s
  2062  1923  530.28900  217 1067  583.00000  522.53776  10.4%  3064 1480s
  2066  1926  548.05246  217 1050  583.00000  522.58112  10.4%  3058 1485s
  2069  1928  522.75197   85 1052  583.00000  522.75197  10.3%  3054 1490s
  2071  1929  523.00551   98 1027  583.00000  523.00551  10.3%  3051 1496s
  2072  1930  523.13838   77 1026  583.00000  523.13838  10.3%  3050 1519s
  2073  1930  523.13838   58 1053  583.00000  523.13838  10.3%  3048 1521s
  2075  1932  570.68598  433 1066  583.00000  523.15394  10.3%  3045 1525s
  2077  1933  529.74208  134 1010  583.00000  523.74603  10.2%  3042 1531s
  2078  1934  536.68841  247  979  583.00000  524.46023  10.0%  3041 1535s
  2081  1936  555.26594  323 1034  583.00000  524.46679  10.0%  3036 1541s
  2082  1936  533.85811  148  944  583.00000  526.02350  9.77%  3035 1545s
  2083  1937  570.51096  330  970  583.00000  526.10874  9.76%  3033 1550s
  2084  1938  526.29259   12  997  583.00000  526.29259  9.73%  3032 1555s
  2086  1939  526.41968   47 1005  583.00000  526.41968  9.71%  3029 1560s
  2088  1940  551.77651  310  999  583.00000  526.57651  9.68%  3026 1567s
  2090  1942  526.84568  137  971  583.00000  526.84568  9.63%  3023 1571s
  2094  1946  535.05107  236  438  583.00000  526.88633  9.62%  3521 1575s
  2096  1947  527.56566  125  506  583.00000  526.88633  9.62%  3517 1587s
  2097  1948  571.92262  469  534  583.00000  526.88633  9.62%  3516 1613s
  2098  1949  526.88633  109  557  583.00000  526.88633  9.62%  3514 1620s
  2099  1949  560.52280  373  651  583.00000  526.88633  9.62%  3512 1625s
  2100  1950  528.92179  211  589  583.00000  526.88633  9.62%  3511 1634s
  2101  1951  526.88633   91  610  583.00000  526.88633  9.62%  3509 1641s
  2102  1951  541.99300  269  611  583.00000  526.88633  9.62%  3507 1647s
  2103  1952  541.25624  262  667  583.00000  526.88633  9.62%  3506 1654s
  2104  1953  526.88960  113  673  583.00000  526.88960  9.62%  3504 1664s
  2105  1953  550.07937  243  713  583.00000  526.88960  9.62%  3502 1669s
  2106  1954  526.88960  175  714  583.00000  526.88960  9.62%  3501 1676s
  2107  1955  526.88960   40  726  583.00000  526.88960  9.62%  3499 1709s
  2108  1955  527.04365  188  728  583.00000  527.04365  9.60%  3497 1716s
  2109  1956  527.04365  114  746  583.00000  527.04365  9.60%  3496 1722s
  2110  1957  527.04365  185  727  583.00000  527.04365  9.60%  3494 1727s
  2111  1957  527.29894  127  723  583.00000  527.04365  9.60%  3492 1733s
  2112  1958  574.35059  460  716  583.00000  527.04365  9.60%  3491 1738s
  2113  1959  527.04365  114  778  583.00000  527.04365  9.60%  3489 1744s
  2114  1959  530.58680  191  801  583.00000  527.04365  9.60%  3488 1749s
  2115  1960  527.04365  113  812  583.00000  527.04365  9.60%  3486 1753s
  2116  1961  527.26276  127  804  583.00000  527.26276  9.56%  3484 1758s
  2117  1961  544.81506  206  792  583.00000  527.87765  9.45%  3483 1766s
  2118  1962  533.41693  209  798  583.00000  527.99654  9.43%  3481 1770s
  2119  1963  564.11592  399  848  583.00000  528.56657  9.34%  3479 1775s
  2120  1963  564.22763  402  878  583.00000  528.70620  9.31%  3478 1781s
  2122  1965  556.11259  332  864  583.00000  529.06510  9.25%  3474 1786s
  2124  1966  529.83427   62  862  583.00000  529.83427  9.12%  3471 1791s
  2126  1967  559.05348  355  895  583.00000  530.27562  9.04%  3468 1797s
  2127  1968  530.86394   49  886  583.00000  530.86394  8.94%  3466 1801s
  2129  1969  531.53681  190  896  583.00000  531.53681  8.83%  3463 1810s
  2131  1971  531.98600   24  950  583.00000  531.98600  8.75%  3460 1815s
  2133  1972  532.07463  187  984  583.00000  532.07463  8.74%  3456 1822s
  2134  1973  541.54177  264  923  583.00000  532.44857  8.67%  3455 1826s
  2135  1973  532.78838  160  948  583.00000  532.78838  8.61%  3453 1830s
  2137  1975  541.54177  264  970  583.00000  533.18743  8.54%  3450 1842s
  2139  1976  559.32480  352  999  583.00000  533.53065  8.49%  3447 1848s
  2140  1977  533.53065  122  986  583.00000  533.53065  8.49%  3445 1850s
  2143  1979  558.87739  347  995  583.00000  533.85857  8.43%  3440 1856s
  2146  1981  564.38909  403 1015  583.00000  533.85857  8.43%  3436 1861s
  2149  1983  533.85857   54 1035  583.00000  533.85857  8.43%  3431 1865s
  2153  1985  533.85857   18  955  583.00000  533.85857  8.43%  3424 1871s
  2158  1990  542.98095  190  506  583.00000  533.85857  8.43%  3667 1883s
  2159  1991  533.85857  163  547  583.00000  533.85857  8.43%  3665 1911s
  2160  1992  533.85857  146  566  583.00000  533.85857  8.43%  3663 1920s
  2161  1992  564.70655  416  589  583.00000  533.85857  8.43%  3661 1928s
  2162  1993  533.85857  217  588  583.00000  533.85857  8.43%  3660 1936s
  2163  1994  533.85857  171  612  583.00000  533.85857  8.43%  3658 1942s
  2164  1994  533.85857  167  621  583.00000  533.85857  8.43%  3656 1950s
  2165  1995  533.85857  197  639  583.00000  533.85857  8.43%  3655 1956s
  2166  1996  548.05246  217  662  583.00000  533.85857  8.43%  3653 1964s
  2167  1996  568.37564  318  665  583.00000  533.85857  8.43%  3651 1969s
  2168  1997  533.85857   84  716  583.00000  533.85857  8.43%  3650 1974s
  2169  1998  533.85857   85  720  583.00000  533.85857  8.43%  3648 1999s
  2170  1998  533.85857  124  712  583.00000  533.85857  8.43%  3646 2005s
  2171  1999  533.85857   98  728  583.00000  533.85857  8.43%  3645 2010s
  2172  2000  533.85857   77  766  583.00000  533.85857  8.43%  3643 2016s
  2174  2001  533.85857  119  796  583.00000  533.85857  8.43%  3640 2025s
  2176  2002  540.92755  165  817  583.00000  533.85857  8.43%  3636 2034s
  2177  2003  533.85857  134  813  583.00000  533.85857  8.43%  3635 2039s
  2178  2004  536.68841  247  850  583.00000  533.85857  8.43%  3633 2041s
  2179  2004  539.32596  172  864  583.00000  533.85857  8.43%  3631 2046s
  2180  2005  533.85857  218  850  583.00000  533.85857  8.43%  3630 2051s
  2181  2006  555.26594  323  904  583.00000  533.85857  8.43%  3628 2055s
  2182  2006  533.85857  148  888  583.00000  533.85857  8.43%  3626 2060s
  2184  2008  533.95474   12  930  583.00000  533.95474  8.41%  3623 2068s
  2185  2008  534.15913  121  963  583.00000  534.15913  8.38%  3621 2072s
  2187  2010  540.92755  165  962  583.00000  534.60017  8.30%  3618 2077s
  2188  2010  551.77651  310  938  583.00000  534.68792  8.29%  3616 2081s
  2189  2011  561.77153  383  949  583.00000  535.32712  8.18%  3615 2087s
  2190  2012  535.45991  137  915  583.00000  535.45991  8.15%  3613 2092s
  2191  2012  536.03350  153  925  583.00000  536.03350  8.06%  3611 2096s
  2193  2014  549.85364  239  966  583.00000  536.16639  8.03%  3608 2100s
  2196  2016  536.16639  125 1005  583.00000  536.16639  8.03%  3603 2105s
  2199  2018  560.52280  373 1002  583.00000  536.16639  8.03%  3598 2111s
  2203  2020  541.25624  262  993  583.00000  536.17963  8.03%  3592 2117s
  2205  2022  550.07937  243 1007  583.00000  536.17963  8.03%  3588 2121s
  2207  2023  536.23407   40  990  583.00000  536.23407  8.02%  3585 2129s
  2208  2024  536.23407  188  982  583.00000  536.23407  8.02%  3584 2132s
  2209  2024  536.31189  114  994  583.00000  536.31189  8.01%  3582 2135s
  2212  2026  574.35059  460  994  583.00000  536.46948  7.98%  3577 2140s
  2215  2028  536.46948  113 1017  583.00000  536.46948  7.98%  3572 2146s
  2218  2030  536.49107  209 1022  583.00000  536.49107  7.98%  3567 2150s
  2221  2032  536.60189  224 1004  583.00000  536.60189  7.96%  3563 2156s
  2223  2034  577.21161  506  960  583.00000  536.88290  7.91%  3559 2160s
  2226  2036  559.05348  355 1022  583.00000  536.88290  7.91%  3555 2165s
  2231  2039  537.00744   24  946  583.00000  537.00744  7.89%  3547 2180s
  2233  2040  537.08272  187  998  583.00000  537.08272  7.88%  3543 2185s
  2235  2042  537.08272  160 1001  583.00000  537.08272  7.88%  3540 2190s
  2238  2044  552.96222  309 1053  583.00000  537.09524  7.87%  3535 2195s
  2242  2046  568.40309  314 1057  583.00000  537.10071  7.87%  3529 2200s
  2245  2048  561.51672  386  961  583.00000  537.10071  7.87%  3524 2208s
  2250  2053  554.92485  313  511  583.00000  537.10071  7.87%  3805 2220s
  2251  2054  537.10071   92  503  583.00000  537.10071  7.87%  3803 2243s
  2252  2055  537.10071  196  599  583.00000  537.10071  7.87%  3802 2250s
  2253  2055  537.10071   18  585  583.00000  537.10071  7.87%  3800 2255s
  2254  2056  537.10071   87  617  583.00000  537.10071  7.87%  3798 2262s
  2255  2057  551.24812  288  564  583.00000  537.10071  7.87%  3797 2269s
  2256  2057  571.92262  469  590  583.00000  537.10071  7.87%  3795 2274s
  2257  2058  537.10071  109  682  583.00000  537.10071  7.87%  3793 2281s
  2258  2059  542.98095  190  668  583.00000  537.10071  7.87%  3791 2287s
  2259  2059  537.10122  163  679  583.00000  537.10122  7.87%  3790 2292s
  2260  2060  537.10122  146  711  583.00000  537.10122  7.87%  3788 2298s
  2261  2061  564.70655  416  732  583.00000  537.10122  7.87%  3786 2303s
  2262  2061  537.10122  217  756  583.00000  537.10122  7.87%  3785 2310s
  2263  2062  537.10122  171  769  583.00000  537.10122  7.87%  3783 2315s
  2264  2063  537.10122  167  803  583.00000  537.10122  7.87%  3781 2321s
  2265  2063  537.10122  197  800  583.00000  537.10122  7.87%  3780 2348s
  2266  2064  548.05246  217  800  583.00000  537.10122  7.87%  3778 2352s
  2267  2065  568.37564  318  796  583.00000  537.10122  7.87%  3776 2357s
  2268  2065  537.11365   84  810  583.00000  537.11365  7.87%  3775 2360s
  2270  2067  537.11365  124  859  583.00000  537.11365  7.87%  3771 2366s
  2272  2068  537.11365   77  867  583.00000  537.11365  7.87%  3768 2373s
  2273  2069  537.11365   58  842  583.00000  537.11365  7.87%  3766 2379s
  2274  2069  537.11365  119  825  583.00000  537.11365  7.87%  3765 2382s
  2275  2070  570.68598  433  873  583.00000  537.11365  7.87%  3763 2385s
  2276  2071  540.92755  165  856  583.00000  537.11365  7.87%  3761 2390s
  2278  2072  537.51576  247  890  583.00000  537.51576  7.80%  3758 2396s
  2280  2073  537.67724  218  982  583.00000  537.67724  7.77%  3755 2402s
  2282  2075  537.72243  148  976  583.00000  537.72243  7.77%  3752 2406s
  2284  2076  537.94569   12  995  583.00000  537.94569  7.73%  3748 2410s
  2287  2078  540.92755  165  952  583.00000  537.94569  7.73%  3743 2415s
  2289  2079  561.77153  383  923  583.00000  537.94569  7.73%  3740 2420s
  2292  2081  547.90770  296  908  583.00000  537.94569  7.73%  3735 2426s
  2294  2083  538.22247  236  927  583.00000  538.22247  7.68%  3732 2430s
  2297  2085  571.92262  469  952  583.00000  538.28172  7.67%  3727 2436s
  2299  2086  560.52280  373  947  583.00000  538.32194  7.66%  3724 2444s
  2300  2087  538.32194  211  952  583.00000  538.32194  7.66%  3722 2446s
  2304  2089  538.32194  113  982  583.00000  538.32194  7.66%  3716 2450s
  2307  2091  538.36559   40  961  583.00000  538.36559  7.66%  3711 2456s
  2310  2093  538.39823  185  970  583.00000  538.39823  7.65%  3706 2460s
  2314  2096  538.39823  191  970  583.00000  538.39823  7.65%  3700 2465s
  2317  2098  544.81506  206  903  583.00000  538.39823  7.65%  3695 2471s
  2319  2099  564.11592  399  932  583.00000  538.39823  7.65%  3692 2476s
  2320  2100  564.22763  402  885  583.00000  538.39823  7.65%  3690 2486s
  2321  2101  538.39823  224  885  583.00000  538.39823  7.65%  3689 2502s
  2322  2104  538.39823   52  835  583.00000  538.39823  7.65%  3935 2516s
  2324  2108  538.39823   53  834  583.00000  538.39823  7.65%  3938 2526s
  2328  2110  538.39823   54  826  583.00000  538.39823  7.65%  3948 2534s
  2332  2115  538.45020   55  815  583.00000  538.39823  7.65%  3977 2545s
  2338  2118  538.81561   56  806  583.00000  538.39823  7.65%  4060 2553s
  2343  2120  539.92443   56  705  583.00000  538.39823  7.65%  4134 2560s
  2347  2123  538.84632   57  809  583.00000  538.39823  7.65%  4173 2567s
  2351  2125  557.91790   58  491  583.00000  538.39823  7.65%  4176 2575s
  2354  2128  538.89457   58  802  583.00000  538.39823  7.65%  4178 2582s
  2358  2131  553.43212   59  583  583.00000  538.39823  7.65%  4178 2590s
  2363  2136  538.97320   59  798  583.00000  538.39823  7.65%  4186 2598s
  2369  2141  552.59777   62  599  583.00000  538.39823  7.65%  4191 2607s
  2376  2145  539.01859   60  804  583.00000  538.39823  7.65%  4193 2616s
  2383  2152  552.56409   66  527  583.00000  538.39823  7.65%  4195 2625s
  2392  2156  539.01859   61  808  583.00000  538.39823  7.65%  4195 2632s
  2399  2159  562.02621   69  472  583.00000  538.39823  7.65%  4205 2639s
  2404  2163  539.06802   62  795  583.00000  538.39823  7.65%  4207 2645s
  2410  2168  556.31774   71  540  583.00000  538.39823  7.65%  4213 2654s
  2417  2172  539.26728   63  771  583.00000  538.39823  7.65%  4219 2661s
  2425  2179  549.63952   63  638  583.00000  538.39823  7.65%  4226 2668s
  2435  2180  539.34462   64  790  583.00000  538.39823  7.65%  4227 2674s
  2439  2185  540.97794   64  688  583.00000  538.39823  7.65%  4232 2684s
  2446  2197  539.63794   65  785  583.00000  538.39823  7.65%  4233 2690s
  2460  2205  540.87072   65  731  583.00000  538.39823  7.65%  4233 2697s
  2473  2215  539.97322   66  766  583.00000  538.39823  7.65%  4234 2706s
  2487  2228  540.07876   67  768  583.00000  538.39823  7.65%  4231 2713s
  2508  2239  543.24827   68  703  583.00000  538.39823  7.65%  4226 2721s
  2527  2248  550.36405   68  545  583.00000  538.39823  7.65%  4218 2728s
  2551  2255  544.17383   69  706  583.00000  538.39823  7.65%  4198 2740s
  2574  2261  544.48501   70  719  583.00000  538.39823  7.65%  4185 2750s
  2596  2275  546.93139   71  723  583.00000  538.39823  7.65%  4173 2758s
  2622  2284  546.95038   72  711  583.00000  538.39823  7.65%  4156 2768s
  2658  2288  547.07073   73  676  583.00000  538.39823  7.65%  4125 2775s
  2695  2281  547.47482   74  713  583.00000  538.39823  7.65%  4086 2784s
  2733  2272  550.65354   75  639  583.00000  538.81665  7.58%  4051 2793s
  2758  2269  548.65914   76  625  583.00000  538.81665  7.58%  4027 2809s
  2766  2272  551.01818   77  624  583.00000  538.86729  7.57%  4031 2823s
  2772  2277  554.04907   78  587  583.00000  538.86729  7.57%  4042 2833s
  2779  2280  560.90379   79  554  583.00000  538.86729  7.57%  4057 2848s
  2784  2288  552.09084   80  664  583.00000  538.86729  7.57%  4071 2860s
  2794  2295  552.40184   81  675  583.00000  538.86729  7.57%  4083 2874s
  2804  2301  555.49093   82  579  583.00000  538.86729  7.57%  4099 2887s
  2813  2311  554.22896   84  627  583.00000  538.86729  7.57%  4110 2901s
  2826  2325  557.29590   85  594  583.00000  538.86729  7.57%  4126 2913s
  2847  2337  561.04543   87  569  583.00000  538.86729  7.57%  4130 2925s
  2870  2339  566.24587   89  499  583.00000  538.86729  7.57%  4138 2941s
  2887  2346  572.30459   91  564  583.00000  538.89670  7.56%  4144 2957s
  2900  2359  558.73949   94  621  583.00000  538.89670  7.56%  4157 2973s
  2917  2371  564.42797   98  506  583.00000  538.89670  7.56%  4178 2986s
  2937  2395  567.19336  103  506  583.00000  538.89670  7.56%  4198 3001s
  2975  2409  580.58192  111  389  583.00000  538.89670  7.56%  4202 3016s
  3026  2429  580.19690  131  464  583.00000  538.97320  7.55%  4160 3031s
  3081  2429  546.17859   61  677  583.00000  538.97320  7.55%  4140 3047s
  3117  2437  553.38233   62  682  583.00000  538.97320  7.55%  4135 3067s
  3148  2459  563.61230   64  550  583.00000  538.97320  7.55%  4145 3084s
  3200  2462  560.52978   64  525  583.00000  538.97320  7.55%  4129 3107s
  3224  2502  570.17666   67  514  583.00000  539.02279  7.54%  4151 3127s
  3278  2528  579.35894   78  469  583.00000  539.03573  7.54%  4153 3144s
  3350  2544  544.89958   62  679  583.00000  539.03573  7.54%  4111 3166s
  3403  2575  547.32323   64  621  583.00000  539.03573  7.54%  4100 3191s
  3497  2555  550.44917   67  596  583.00000  539.03573  7.54%  4041 3222s
  3522  2560  550.94824   68  615  583.00000  539.03573  7.54%  4055 3250s
  3536  2572  558.85273   68  595  583.00000  539.03573  7.54%  4085 3277s
  3552  2583  551.89546   70  544  583.00000  539.03573  7.54%  4111 3303s
  3569  2608  555.53964   72  551  583.00000  539.03573  7.54%  4140 3329s
  3599  2634  557.65479   74  530  583.00000  539.03573  7.54%  4163 3354s
  3635  2682  567.62755   76  434  583.00000  539.03573  7.54%  4186 3381s
  3714  2756  543.95207   71  768  583.00000  539.03573  7.54%  4181 3411s
  3848  2757  548.29816   72  762  583.00000  539.03573  7.54%  4108 3437s
  3901  2777  556.28451   75  651  583.00000  540.16283  7.35%  4113 3473s
  3957  2811  548.22352   76  689  583.00000  540.16283  7.35%  4115 3510s
  4025  2820  553.20443   78  629  583.00000  540.16283  7.35%  4106 3547s
  4068  2836  552.03432   81  661  583.00000  540.16283  7.35%  4112 3587s
  4099  2869  554.02623   87  627  583.00000  540.16283  7.35%  4142 3630s
  4149  2886  558.08172   92  600  583.00000  540.16283  7.35%  4153 3669s
  4183  2948  559.05974  103  567  583.00000  540.16283  7.35%  4187 3710s
  4283  2972  562.56786  117  506  583.00000  540.16283  7.35%  4173 3750s
  4343  3012  570.12669  138  494  583.00000  540.16283  7.35%  4192 3797s
  4435  3040  546.31324   69  709  583.00000  540.16283  7.35%  4178 3836s
  4536  3061  548.25870   73  717  583.00000  540.16283  7.35%  4161 3882s
  4607  3048  552.30301   76  636  583.00000  540.16283  7.35%  4166 3927s
  4618  3087  553.80272   77  621  583.00000  540.16283  7.35%  4169 3985s
  4688  3129  555.72080   80  578  583.00000  540.16283  7.35%  4165 4063s
  4828  3126  570.36893   96  453  583.00000  540.16283  7.35%  4125 4136s
  4897  3149  555.45799   71  675  583.00000  540.16283  7.35%  4127 4197s
  4943  3265  564.20658   83  588  583.00000  540.16283  7.35%  4174 4251s
  5108  3394  552.91275   63  561  583.00000  540.16283  7.35%  4135 4307s
  5324  3374  574.80619  111  457  583.00000  540.16283  7.35%  4079 4359s
  5392  3427  554.83080   64  537  583.00000  542.64550  6.92%  4110 4408s
  5477  3493  579.33863   87  246  583.00000  542.71978  6.91%  4144 4469s
  5607  3621  559.34286   64  569  583.00000  542.81923  6.89%  4156 4542s
  5815  3615  561.89083   67  647  583.00000  543.01893  6.86%  4128 4609s
  5915  3636  550.60310   64  702  583.00000  543.23984  6.82%  4143 4675s
  5979  3755  569.09894   73  564  583.00000  543.24976  6.82%  4174 4757s
  6183  3804  555.82160   74  719  583.00000  543.63315  6.75%  4148 4836s
  6353  3858  554.64204   73  800  583.00000  544.16833  6.66%  4153 4917s
  6493  3943  555.05746   63  594  583.00000  544.33128  6.63%  4170 5011s
  6644  4053  561.74704   71  598  583.00000  544.33128  6.63%  4193 5102s
  6871  4061  550.89071   67  676  583.00000  544.51329  6.60%  4180 5190s
  6962  4194  563.51033   89  574  583.00000  544.60979  6.58%  4228 5284s
  7183  4265  557.82417   81  611  583.00000  544.60979  6.58%  4205 5399s
  7407  4320  562.36737   63  578  583.00000  544.60979  6.58%  4189 5498s
  7628  4382  559.10306   78  425  583.00000  545.19971  6.48%  4184 5613s
  7786  4461  556.75277   70  544  583.00000  545.35050  6.46%  4219 5735s
  7999  4547  554.70955   73  638  583.00000  545.55312  6.42%  4229 5864s
  8201  4645  551.45673   60  613  583.00000  546.18227  6.32%  4237 5994s
  8400  4769  566.14413   79  556  583.00000  546.24295  6.30%  4264 6119s
  8696  4894  552.77452   76  672  583.00000  546.32452  6.29%  4244 6250s
  9011  5125  566.47667  108  609  583.00000  546.39537  6.28%  4228 6385s
  9356  5213  549.90123   62  633  583.00000  546.61064  6.24%  4211 6519s
  9491  5321  552.88375   69  618  583.00000  546.66173  6.23%  4207 6659s
  9665  5550  564.25670   84  546  583.00000  546.84170  6.20%  4196 6831s
 10093  5759  561.68509   75  677  583.00000  546.99628  6.18%  4159 6950s
 10394  6000  579.71261   85  586  583.00000  547.17791  6.14%  4170 7096s
 10804  6204  559.68450   93  660  583.00000  547.38406  6.11%  4152 7250s
 11168  6388  558.16304   65  617  583.00000  547.64972  6.06%  4124 7439s
 11519  6519  570.94003   82  468  583.00000  547.86628  6.03%  4125 7643s
 11725  6783  563.88343   80  598  583.00000  547.97955  6.01%  4160 7793s
 12136  7117  553.56661   69  602  583.00000  548.12141  5.98%  4145 7965s
 12688  7399  564.30429   75  421  583.00000  548.39221  5.94%  4112 8126s
 13123  7770  562.67232   95  573  583.00000  548.49679  5.92%  4083 8268s
 13695  7901  575.98530   81  603  583.00000  548.65017  5.89%  4058 8439s
 13943  8193  575.84377   89  586  583.00000  548.72640  5.88%  4046 8630s
 14369  8459  555.37071   81  679  583.00000  548.78131  5.87%  4036 8805s
 14826  8751  563.82910   72  644  583.00000  549.06598  5.82%  4020 8945s
 15237  9070     cutoff   90       583.00000  549.09384  5.82%  4027 9139s
 15684  9294  555.83950   75  637  583.00000  549.16390  5.80%  4027 9298s
 16025  9672  560.30708   82  772  583.00000  549.31070  5.78%  4036 9491s
 16556  9916  552.04723   85  722  583.00000  549.45246  5.75%  4018 9679s
 16915 10280  559.08165   76  656  583.00000  549.64406  5.72%  4021 9816s
 17448 10620  558.54933   61  653  583.00000  549.83038  5.69%  4007 9984s
 17890 10949  555.16066   85  717  583.00000  549.87795  5.68%  4001 10171s
 18438 11263  576.95651   89  450  583.00000  549.95308  5.67%  3975 10361s
 18977 11579  576.05824   84  647  583.00000  550.11919  5.64%  3953 10545s
 19519 11829  565.14308   81  629  583.00000  550.19176  5.63%  3935 10723s
 19931 12216     cutoff   64       583.00000  550.31890  5.61%  3933 10883s
 20471 12546  558.51605   85  571  583.00000  550.36533  5.60%  3911 11055s
 21043 12547  553.30485   69  438  583.00000  550.44796  5.58%  3883 11718s
 21045 12548  574.29681   95  512  583.00000  550.44796  5.58%  3882 11727s
 21046 12549  573.84987   89  566  583.00000  550.44796  5.58%  3882 11758s
 21047 12550  570.81567   87  591  583.00000  550.44796  5.58%  3882 11767s
 21048 12550  576.68284  119  592  583.00000  550.44796  5.58%  3882 11774s
 21049 12551  574.60403  103  659  583.00000  550.44796  5.58%  3882 11778s
 21050 12552  572.68223   95  597  583.00000  550.44796  5.58%  3881 11784s
 21051 12552  569.98081   77  646  583.00000  550.44796  5.58%  3881 11792s
 21052 12553  572.05547   84  647  583.00000  550.44796  5.58%  3881 11799s
 21053 12554  580.94397   80  689  583.00000  550.44796  5.58%  3881 11808s
 21054 12554  562.58195   83  705  583.00000  550.44796  5.58%  3881 11812s
 21055 12555  571.26686   91  712  583.00000  550.44796  5.58%  3881 11819s
 21056 12556  575.67951   99  699  583.00000  550.44796  5.58%  3880 11825s
 21057 12556  569.47684   69  697  583.00000  550.44796  5.58%  3880 11830s
 21059 12558  573.81807   87  750  583.00000  550.44796  5.58%  3880 11840s
 21060 12558  562.27444  107  702  583.00000  550.44796  5.58%  3880 11847s
 21061 12559  574.66892   80  747  583.00000  550.44796  5.58%  3879 11854s
 21062 12560  557.35362   62  758  583.00000  550.44796  5.58%  3879 11857s
 21063 12560  560.78314   78  788  583.00000  550.44796  5.58%  3879 11861s
 21065 12562  569.65308   82  787  583.00000  550.44796  5.58%  3879 11868s
 21066 12562  563.68401   80  813  583.00000  550.44796  5.58%  3878 11871s
 21068 12564  562.14633   77  869  583.00000  550.44796  5.58%  3878 11877s
 21069 12564  580.09408  130  814  583.00000  550.44796  5.58%  3878 11883s
 21071 12566  565.47164  111  831  583.00000  550.44796  5.58%  3878 11886s
 21072 12566  563.80306   78  787  583.00000  550.44796  5.58%  3877 11890s
 21075 12568  554.50734   74  851  583.00000  550.44796  5.58%  3877 11897s
 21076 12569  573.55146   77  847  583.00000  550.44796  5.58%  3877 11901s
 21078 12570  576.27991  113  838  583.00000  550.44796  5.58%  3876 11905s
 21082 12573  553.67875   69  894  583.00000  550.44796  5.58%  3876 11910s
 21085 12575  553.34328   56  895  583.00000  550.44796  5.58%  3875 11915s
 21086 12576  559.05704   92  908  583.00000  550.44796  5.58%  3875 11935s
 21091 12579  577.85779  117  928  583.00000  550.44796  5.58%  3874 11958s
 21092 12580  569.56989   82  877  583.00000  550.44796  5.58%  3874 11961s
 21097 12583  566.07620   89  921  583.00000  550.44796  5.58%  3873 11965s
 21098 12584  566.81504   66  947  583.00000  550.44796  5.58%  3873 11984s
 21099 12584  575.41675   78  900  583.00000  550.44796  5.58%  3872 11987s
 21101 12586  555.62123   74  938  583.00000  550.44796  5.58%  3872 11990s
 21103 12587  562.67974   96  965  583.00000  550.44796  5.58%  3872 12007s
 21104 12588  570.50622   80  925  583.00000  550.44796  5.58%  3871 12033s
 21105 12588  556.57759   74  963  583.00000  550.44796  5.58%  3871 12037s
 21107 12590  576.40375   98  903  583.00000  550.44796  5.58%  3871 12040s
 21108 12590  578.34392   90  963  583.00000  550.44796  5.58%  3871 12057s
 21109 12591  564.23271   68  916  583.00000  550.44796  5.58%  3871 12063s
 21111 12592  552.55356   63  957  583.00000  550.44796  5.58%  3870 12065s
 21113 12594  568.97239   96  974  583.00000  550.44796  5.58%  3870 12079s
 21114 12594  565.53937  112  961  583.00000  550.44796  5.58%  3870 12081s
 21117 12596  559.48683   81  998  583.00000  550.44796  5.58%  3869 12106s
 21118 12597  565.14793   66  921  583.00000  550.44796  5.58%  3869 12128s
 21119 12598  574.50503  102  937  583.00000  550.44796  5.58%  3869 12131s
 21122 12600  579.96451  115  975  583.00000  550.44796  5.58%  3868 12160s
 21126 12602  567.66667   72  955  583.00000  550.44796  5.58%  3867 12191s
 21127 12603  555.68415   64  917  583.00000  550.44796  5.58%  3867 12195s
 21129 12604  561.07645   70  967  583.00000  550.44796  5.58%  3867 12217s
 21132 12606  578.63192   95  933  583.00000  550.44796  5.58%  3866 12220s
 21133 12607  577.20242   85  956  583.00000  550.44796  5.58%  3866 12240s
 21137 12610  550.75159   71  916  583.00000  550.44796  5.58%  3865 12245s
 21139 12611  571.71159   93  948  583.00000  550.44796  5.58%  3865 12264s
 21140 12612  567.18334   75  914  583.00000  550.44796  5.58%  3865 12266s
 21142 12613  566.79296   84  971  583.00000  550.44796  5.58%  3865 12283s
 21143 12614  553.30485   69  946  583.00000  550.44796  5.58%  3864 12285s
 21145 12615  574.29681   95  961  583.00000  550.44796  5.58%  3864 12306s
 21147 12616  570.81567   87  893  583.00000  550.44796  5.58%  3864 12311s
 21150 12618  572.68223   95  958  583.00000  550.44796  5.58%  3863 12333s
 21151 12619  569.98081   77  972  583.00000  550.44796  5.58%  3863 12340s
 21152 12620  572.05547   84  990  583.00000  550.44796  5.58%  3863 12356s
 21155 12622  571.26686   91  976  583.00000  550.44796  5.58%  3862 12376s
 21156 12622  575.67951   99  982  583.00000  550.44796  5.58%  3862 12389s
 21157 12623  569.47684   69  964  583.00000  550.44796  5.58%  3862 12407s
 21159 12624  573.81807   87  966  583.00000  550.44796  5.58%  3861 12410s
 21160 12625  562.27444  107  973  583.00000  550.44796  5.58%  3861 12426s
 21162 12626  557.35362   62  985  583.00000  550.44796  5.58%  3861 12445s
 21166 12629  563.68401   80  980  583.00000  550.44796  5.58%  3860 12464s
 21167 12630  581.29528  112  945  583.00000  550.44796  5.58%  3860 12466s
 21168 12630  562.14633   77  976  583.00000  550.44796  5.58%  3860 12485s
 21170 12632  568.46864   75  977  583.00000  550.44796  5.58%  3859 12503s
 21171 12632  565.47164  111  966  583.00000  550.44796  5.58%  3859 12507s
 21172 12633  563.80306   78  963  583.00000  550.44796  5.58%  3859 12528s
 21174 12634  560.80608   66  972  583.00000  550.44796  5.58%  3859 12546s
 21175 12635  554.50734   74  978  583.00000  550.44796  5.58%  3859 12550s
 21176 12636  573.55146   77  972  583.00000  550.44796  5.58%  3858 12565s
 21177 12636  577.72201   96  990  583.00000  550.44796  5.58%  3858 12582s
 21178 12637  576.27991  113  976  583.00000  550.44796  5.58%  3858 12598s
 21179 12638  565.95478   87  965  583.00000  550.44796  5.58%  3858 12611s
 21180 12638  568.29923   98  994  583.00000  550.44796  5.58%  3858 12627s
 21181 12639  553.69463   67  953  583.00000  550.44796  5.58%  3857 12630s
 21182 12640  553.67875   69  970  583.00000  550.44796  5.58%  3857 12643s
 21183 12640  578.34375   85  936  583.00000  550.44796  5.58%  3857 12645s
 21186 12642  559.05704   92  950  583.00000  550.44796  5.58%  3857 12664s
 21187 12643  568.99347   83  976  583.00000  550.44796  5.58%  3856 12666s
 21188 12644  579.17779  100  994  583.00000  550.44796  5.58%  3856 12682s
 21189 12644  573.55146   77  956  583.00000  550.44796  5.58%  3856 12685s
 21191 12646  577.85779  117  988  583.00000  550.44796  5.58%  3856 12702s
 21193 12647  566.86618   70  960  583.00000  550.44796  5.58%  3855 12705s
 21194 12648  579.41830  105  963  583.00000  550.44796  5.58%  3855 12722s
 21195 12648  568.64213   92  984  583.00000  550.44796  5.58%  3855 12725s
 21196 12649  565.36390   71  968  583.00000  550.44796  5.58%  3855 12741s
 21198 12650  566.81504   66  984  583.00000  550.44796  5.58%  3854 12762s
 21200 12652  555.92930   65  986  583.00000  550.44796  5.58%  3854 12781s
 21201 12652  555.62123   74  986  583.00000  550.44796  5.58%  3854 12803s
 21202 12653  575.38141   94  910  583.00000  550.44796  5.58%  3854 12822s
 21203 12654  562.67974   96 1010  583.00000  550.44796  5.58%  3853 12840s
 21204 12654  570.50622   80  984  583.00000  550.44796  5.58%  3853 12861s
 21205 12655  556.57759   74  984  583.00000  550.44796  5.58%  3853 12884s
 21206 12656  569.96402   84  984  583.00000  550.44796  5.58%  3853 12901s
 21207 12659  550.44796   62  878  583.00000  550.44796  5.58%  3890 12908s
 21209 12661  550.44796   63  788  583.00000  550.44796  5.58%  3891 12937s
 21211 12664  556.03968   64  680  583.00000  550.44796  5.58%  3892 12945s
 21215 12675  556.89031   65  650  583.00000  550.44796  5.58%  3894 12955s
 21227 12675  559.06589   66  579  583.00000  550.44796  5.58%  3901 12960s
 21231 12689  559.84803   67  600  583.00000  550.44796  5.58%  3901 12965s
 21247 12694  564.02307   67  607  583.00000  550.44796  5.58%  3903 12970s
 21276 12700  576.32235   76  326  583.00000  550.44796  5.58%  3908 12978s
 21289 12700  561.14658   69  600  583.00000  550.44796  5.58%  3910 12980s
 21316 12693  579.35888   86  333  583.00000  550.44796  5.58%  3910 12994s
 21328 12692  576.59118   81  388  583.00000  550.44796  5.58%  3910 12999s
 21339 12686  577.24576   84  421  583.00000  550.44796  5.58%  3909 13004s
 21352 12687  580.75492   72  707  583.00000  550.44796  5.58%  3909 13018s
 21358 12684  581.14051   73  593  583.00000  550.44796  5.58%  3909 13023s
 21363 12690  572.48167   75  694  583.00000  550.44796  5.58%  3911 13028s
 21379 12689  573.60504   77  637  583.00000  550.44796  5.58%  3914 13033s
 21392 12694  574.72620   78  581  583.00000  550.44796  5.58%  3916 13039s
 21405 12694  576.45571   81  545  583.00000  550.44796  5.58%  3918 13044s
 21424 12689  577.29742   85  543  583.00000  550.44796  5.58%  3920 13050s
 21446 12684  580.06966   89  470  583.00000  550.44796  5.58%  3920 13060s
 21458 12681  566.71696   71  628  583.00000  550.44796  5.58%  3921 13067s
 21459 12687  553.51766   67  858  583.00000  550.44796  5.58%  3921 13074s
 21466 12687  553.78365   68  835  583.00000  550.44796  5.58%  3924 13081s
 21481 12687  554.30922   69  920  583.00000  550.44796  5.58%  3923 13093s
 21486 12694  567.50814   76  576  583.00000  550.44796  5.58%  3926 13099s
 21498 12704  571.95941   80  484  583.00000  550.44796  5.58%  3927 13106s
 21530 12697  579.08408   92  421  583.00000  550.44796  5.58%  3928 13114s
 21568 12687  550.44796   64  904  583.00000  550.44796  5.58%  3926 13132s
 21571 12687  562.11592   67  659  583.00000  550.44796  5.58%  3927 13141s
 21572 12692  557.42220   65  836  583.00000  550.44796  5.58%  3927 13150s
 21577 12697  564.91500   67  706  583.00000  550.44796  5.58%  3929 13158s
 21589 12694  560.29783   71  683  583.00000  550.44796  5.58%  3930 13167s
 21590 12700  565.19862   68  664  583.00000  550.44796  5.58%  3930 13176s
 21596 12712  565.48769   70  667  583.00000  550.44796  5.58%  3933 13185s
 21610 12728  572.38473   70  496  583.00000  550.44796  5.58%  3936 13196s
 21638 12723  572.48567   71  554  583.00000  550.44796  5.58%  3942 13205s
 21666 12724  571.15446   72  623  583.00000  550.44796  5.58%  3942 13216s
 21686 12741  573.18313   74  640  583.00000  550.44796  5.58%  3947 13227s
 21727 12735     cutoff   76       583.00000  550.44796  5.58%  3951 13237s
 21750 12727     cutoff   79       583.00000  550.44796  5.58%  3956 13248s
 21772 12722  557.27855   68  642  583.00000  550.44796  5.58%  3958 13259s
 21791 12723  557.51664   69  640  583.00000  550.44796  5.58%  3959 13272s
 21800 12724  558.37111   72  567  583.00000  550.44796  5.58%  3963 13281s
 21804 12725  558.76177   73  574  583.00000  550.44796  5.58%  3963 13294s
 21807 12736  558.76177   74  574  583.00000  550.44796  5.58%  3965 13304s
 21822 12757  562.25026   78  458  583.00000  550.44796  5.58%  3970 13314s
 21863 12775  565.26812   82  513  583.00000  550.44796  5.58%  3976 13327s
 21918 12772  574.67860  102  395  583.00000  550.44796  5.58%  3976 13340s
 21961 12761     cutoff   74       583.00000  550.44796  5.58%  3978 13354s
 22007 12773  573.22090   72  604  583.00000  550.44796  5.58%  3979 13371s
 22057 12765  578.49960   74  623  583.00000  550.44796  5.58%  3982 13388s
 22113 12759     cutoff   80       583.00000  550.44796  5.58%  3983 13411s
 22170 12763  558.30712   68  826  583.00000  550.44796  5.58%  3983 13429s
 22210 12765  559.32503   70  764  583.00000  550.44796  5.58%  3992 13445s
 22248 12754  559.84045   71  766  583.00000  550.44796  5.58%  3996 13466s
 22254 12758  560.02994   72  755  583.00000  550.44796  5.58%  3999 13485s
 22272 12768  564.24904   76  714  583.00000  550.44796  5.58%  4003 13505s
 22303 12770  567.27244   86  662  583.00000  550.44796  5.58%  4010 13526s
 22336 12771  568.88861   91  645  583.00000  550.44796  5.58%  4015 13549s
 22371 12778     cutoff   91       583.00000  550.44796  5.58%  4022 13570s
 22429 12784  575.61867   89  659  583.00000  550.44796  5.58%  4026 13592s
 22484 12793  574.83636   77  497  583.00000  550.44796  5.58%  4036 13616s
 22568 12803  574.19356   93  682  583.00000  550.44796  5.58%  4046 13639s
 22631 12791  580.86839  136  433  583.00000  550.44796  5.58%  4045 13667s
 22670 12858  564.42829   69  654  583.00000  550.44796  5.58%  4051 13698s
 22778 12856  571.37781   77  607  583.00000  550.44796  5.58%  4056 13726s
 22836 12921  572.19176   77  851  583.00000  550.44796  5.58%  4062 13758s
 22965 12926  568.49671   77  788  583.00000  550.44796  5.58%  4065 13787s
 23051 12967  574.09846   93  578  583.00000  550.44796  5.58%  4083 13820s
 23175 12938  577.78178   78  472  583.00000  551.04997  5.48%  4087 13855s
 23231 12941  574.65426   75  592  583.00000  551.04997  5.48%  4092 13898s
 23307 12934  558.47252   72  814  583.00000  551.04997  5.48%  4098 13933s
 23357 12974  562.11183   73  803  583.00000  551.04997  5.48%  4103 13975s
 23444 12973  565.59809   75  707  583.00000  551.04997  5.48%  4112 14011s
 23477 12965  570.45736   98  632  583.00000  551.04997  5.48%  4126 14041s
 23481 12973  570.49977   99  655  583.00000  551.04997  5.48%  4129 14074s
 23491 13030  572.13663  106  607  583.00000  551.04997  5.48%  4136 14120s
 23567 13011     cutoff   91       583.00000  552.87964  5.17%  4144 14160s
 23582 13057  566.07554   72  574  583.00000  552.87964  5.17%  4157 14210s
 23714 13072  569.76453   76  646  583.00000  553.92344  4.99%  4179 14255s
 23818 13124  563.94407   72  614  583.00000  553.92529  4.99%  4189 14303s
 23924 13180  561.42366   66  657  583.00000  554.62303  4.87%  4207 14351s
 24033 13187  577.51569  129  523  583.00000  554.62303  4.87%  4231 14403s
 24115 13232  555.75211   77  862  583.00000  555.61379  4.70%  4250 14457s
 24211 13257  555.99279   78  854  583.00000  555.61379  4.70%  4266 14511s
 24318 13331  560.63249   79  756  583.00000  555.61379  4.70%  4279 14570s
 24465 13323  562.39382   83  765  583.00000  555.61379  4.70%  4306 14629s
 24527 13364  569.95223   87  708  583.00000  556.01105  4.63%  4324 14693s
 24641 13403  574.35019   77  648  583.00000  556.32685  4.58%  4339 14751s
 24765 13376  559.52964   81  787  583.00000  556.39713  4.56%  4358 14811s
 24786 13462  569.70242   83  533  583.00000  556.58817  4.53%  4382 14878s
 24911 13555  568.41495   75  722  583.00000  556.63904  4.52%  4418 14949s
 25120 13584  562.42357   76  789  583.00000  557.10823  4.44%  4435 15026s
 25299 13599  562.75522   75  770  583.00000  557.20664  4.42%  4452 15101s
 25444 13658  577.60501   77  572  583.00000  557.28009  4.41%  4477 15183s
 25731 13728  574.92445   73  903  583.00000  557.48726  4.38%  4516 15275s
 26009 13752  574.77741   84  768  583.00000  558.00969  4.29%  4538 15368s
 26194 13832  567.69016   70  590  583.00000  558.07740  4.27%  4563 15464s
 26413 13864  569.51128   83  775  583.00000  558.33850  4.23%  4594 15557s
 26608 13882  579.35520   76  479  583.00000  558.37654  4.22%  4619 15648s
 26755 13960  567.77553   95  680  583.00000  558.39399  4.22%  4657 15745s
 26936 14018  576.49078  154  564  583.00000  558.39399  4.22%  4690 15852s
 27187 14031  578.13610   78  690  583.00000  558.39399  4.22%  4730 15968s
 27463 14042  578.79622   74  686  583.00000  559.37334  4.05%  4752 16083s
 27639 14135  563.87081   90  762  583.00000  559.66605  4.00%  4793 16199s
 27913 14245  572.63029  135  608  583.00000  559.66605  4.00%  4844 16323s
 28201 14245  569.48576   76  707  583.00000  559.80856  3.98%  4876 16443s
 28401 14364  570.78451   85  556  583.00000  559.84045  3.97%  4917 16576s
 28724 14495  578.95253   77  490  583.00000  560.24774  3.90%  4949 16708s
 29091 14582  571.07380   94  644  583.00000  560.54730  3.85%  4978 16844s
 29388 14779  568.33898   85  654  583.00000  560.58556  3.84%  5011 16994s
 29896 14844  564.24417   79  624  583.00000  560.81347  3.81%  5025 17145s
 30308 15025  566.77001   78  689  583.00000  560.81653  3.81%  5062 17303s
 30832 15140  577.87930   71  632  583.00000  561.20878  3.74%  5088 17479s
 31334 15306  574.91804   91  621  583.00000  561.44226  3.70%  5116 17666s
 31910 15384  566.96467   75  759  583.00000  561.66199  3.66%  5152 17803s
 32366 15509  567.31654   74  621  583.00000  561.83649  3.63%  5177 17942s
 32822 15596  571.23225   82  674  583.00000  562.00457  3.60%  5192 18077s
 33277 15673  579.08521   80  480  583.00000  562.08932  3.59%  5220 18208s
 33696 15758  574.23218   83  673  583.00000  562.26790  3.56%  5234 18331s
 34084 15881  570.75503   70  627  583.00000  562.41621  3.53%  5253 18465s
 34540 15891  565.92430   76  675  583.00000  562.68647  3.48%  5281 18585s
 34853 16011  564.82317   74  814  583.00000  562.72836  3.48%  5303 18718s
 35174 16139  577.36153   72  657  583.00000  562.77246  3.47%  5333 18860s
 35574 16209  566.68457   80  713  583.00000  562.98415  3.43%  5348 19002s
 35903 16468  571.56597   87  720  583.00000  562.98415  3.43%  5381 19146s
 36471 16532  575.57979   93  445  583.00000  563.27385  3.38%  5388 19279s
 36942 16646  571.97678   90  695  583.00000  563.36117  3.37%  5402 19419s
 37437 16652  565.12638   77  792  583.00000  563.50204  3.34%  5421 19546s
 37741 16810  572.96451  101  652  583.00000  563.50454  3.34%  5436 19678s
 38091 16952  566.69433   84  756  583.00000  563.50454  3.34%  5454 19810s
 38527 17047  580.45906   89  628  583.00000  563.87561  3.28%  5474 19949s
 38908 17118  564.82822   79  789  583.00000  563.92144  3.27%  5497 20080s
 39302 17241  568.96848   90  704  583.00000  563.92144  3.27%  5518 20218s
 39710 17364  568.34965   84  856  583.00000  564.10821  3.24%  5536 20354s
 40162 17496  576.52768   83  587  583.00000  564.15275  3.23%  5555 20499s
 40648 17559  567.45035   78  767  583.00000  564.28559  3.21%  5567 20624s
 41066 17795  570.45201   86  795  583.00000  564.47847  3.18%  5583 20764s
 41604 17880  572.89207   85  743  583.00000  564.55312  3.16%  5591 20919s
 42198 17836  573.22453   83  754  583.00000  564.83371  3.12%  5598 21029s
 42478 17972  574.71222   74  454  583.00000  564.90457  3.10%  5617 21155s
 42936 18088     cutoff   95       583.00000  564.95638  3.09%  5630 21283s
 43402 18183  571.08485   76  734  583.00000  565.06773  3.08%  5636 21408s
 43827 18220  567.45335   70  681  583.00000  565.11621  3.07%  5646 21525s
 44162 18325  578.36020  105  632  583.00000  565.15440  3.06%  5656 21648s
 44569 18403  575.05762   89  554  583.00000  565.27273  3.04%  5669 21772s
 44993 18516  575.05087  102  534  583.00000  565.36519  3.02%  5689 21893s
 45405 18618  573.30721   82  667  583.00000  565.41559  3.02%  5696 22010s
 45805 18775  573.13224   84  669  583.00000  565.48158  3.00%  5706 22140s
 46308 18811     cutoff   78       583.00000  565.56060  2.99%  5710 22258s
 46733 18943  569.41708   89  654  583.00000  565.61981  2.98%  5715 22383s
 47184 19007  570.13081   91  716  583.00000  565.65890  2.97%  5725 22498s
 47541 19076  570.56185   89  722  583.00000  565.70448  2.97%  5736 22618s
 47940 19151  575.39778   79  706  583.00000  565.84942  2.94%  5747 22747s
 48269 19365  576.20114   92  618  583.00000  565.88591  2.94%  5760 22867s
 48791 19441  577.55044   84  591  583.00000  565.94421  2.93%  5771 22986s
 49256 19514     cutoff   84       583.00000  566.04953  2.91%  5782 23104s
 49623 19662  570.13126   80  804  583.00000  566.13323  2.89%  5800 23227s
 50098 19686  576.30178   86  538  583.00000  566.23273  2.88%  5814 23344s
 50473 19851  576.66207   84  647  583.00000  566.31132  2.86%  5821 23467s
 50987 19926  574.19207   79  734  583.00000  566.38545  2.85%  5828 23583s
 51417 20030  575.15393   90  647  583.00000  566.47719  2.83%  5840 23701s
 51856 20188  580.37556   82  614  583.00000  566.56799  2.82%  5849 23852s
 52391 20130  575.71041   95  463  583.00000  566.65902  2.80%  5870 23957s
 52622 20308 infeasible   75       583.00000  566.72322  2.79%  5879 24089s
 53080 20286  581.53685   74  730  583.00000  566.78494  2.78%  5895 24211s
 53443 20466  568.70256   94  872  583.00000  566.84676  2.77%  5904 24343s
 53975 20497  576.12255   83  641  583.00000  566.93437  2.76%  5915 24471s
 54389 20497  575.54152   78  587  583.00000  566.98080  2.75%  5929 24588s
 54758 20582  571.65579   81  757  583.00000  567.06224  2.73%  5937 24710s
 55203 20687     cutoff  113       583.00000  567.15039  2.72%  5949 24829s
 55723 20692  580.70460  101  573  583.00000  567.22541  2.71%  5952 24960s
 56262 20764  572.61250   87  743  583.00000  567.29487  2.69%  5962 25077s
 56747 20871  574.69725   94  672  583.00000  567.34286  2.69%  5967 25191s
 57260 20986  580.75206   98  439  583.00000  567.42264  2.67%  5970 25311s
 57787 21023  571.10395   75  742  583.00000  567.48121  2.66%  5968 25423s
 58297 21046  574.39377   90  638  583.00000  567.50114  2.66%  5975 25540s
 58829 21023  578.19402   86  679  583.00000  567.58068  2.64%  5981 25646s
 59251 21149  577.32416   84  644  583.00000  567.65639  2.63%  5984 25752s
 59724 21351  570.25057   73  725  583.00000  567.71041  2.62%  5987 25863s
 60117 21538  576.29207   96  673  583.00000  567.72472  2.62%  5993 25967s
 60544 21821  579.82086  101  652  583.00000  567.77565  2.61%  5999 26073s
 61026 21963     cutoff   94       583.00000  567.81582  2.60%  6002 26182s
 61432 22169  576.24740   83  763  583.00000  567.86025  2.60%  6009 26290s
 61841 22401  574.42352   72  712  583.00000  567.92131  2.59%  6014 26401s
 62305 22640  570.12197   85  870  583.00000  567.97222  2.58%  6021 26535s
 62757 22948  573.28243   79  737  583.00000  568.04107  2.57%  6028 26662s
 63334 23262  579.03694   75  598  583.00000  568.10448  2.55%  6030 26768s
 63894 23319  577.51565   85  731  583.00000  568.15314  2.55%  6032 26861s
 64014 23503  578.15089   86  592  583.00000  568.15314  2.55%  6035 26963s
 64486 23615     cutoff   78       583.00000  568.22600  2.53%  6039 27066s
 64864 23782  581.50215   89  655  583.00000  568.25266  2.53%  6051 27166s
 65195 23993  578.24275   86  629  583.00000  568.31237  2.52%  6055 27265s
 65629 24111  573.66431   87  752  583.00000  568.35187  2.51%  6059 27360s
 65926 24287  572.22229   73  725  583.00000  568.37493  2.51%  6064 27462s
 66342 24433  578.92398   87  667  583.00000  568.47261  2.49%  6066 27564s
 66744 24599  581.96104   96  550  583.00000  568.53239  2.48%  6070 27671s
 67166 24750  576.68173   73  625  583.00000  568.58076  2.47%  6075 27776s
 67589 24900  579.44692   85  655  583.00000  568.63033  2.46%  6078 27875s
 67933 25032  572.80380   95  669  583.00000  568.68181  2.46%  6084 27977s
 68226 25294  575.87394   81  595  583.00000  568.72089  2.45%  6095 28093s
 68775 25390  573.51873   80  587  583.00000  568.78417  2.44%  6098 28199s
 69074 25584  579.65316   73  596  583.00000  568.81978  2.43%  6100 28309s
 69469 25813  570.69887  106  741  583.00000  568.86920  2.42%  6104 28423s
 69991 25987  571.62774   91  719  583.00000  568.90656  2.42%  6105 28534s
 70370 26126  578.46103   97  627  583.00000  568.94396  2.41%  6115 28637s
 70782 26286  580.67648  107  620  583.00000  568.97889  2.40%  6118 28744s
 71215 26519  572.13432   85  776  583.00000  569.02195  2.40%  6118 28855s
 71668 26682  571.02959   70  804  583.00000  569.06423  2.39%  6124 28962s
 72070 26821  574.26825   83  589  583.00000  569.10473  2.38%  6130 29066s
 72445 27015  579.68559   86  602  583.00000  569.15743  2.37%  6137 29171s
 72863 27267     cutoff   88       583.00000  569.20765  2.37%  6142 29304s
 73435 27459     cutoff   78       583.00000  569.24580  2.36%  6144 29401s
 73804 27708  574.77252   72  766  583.00000  569.29168  2.35%  6151 29505s
 74286 27925  575.96706  102  638  583.00000  569.32783  2.35%  6150 29597s
 74726 28134  580.07526  153  574  583.00000  569.35954  2.34%  6152 29692s
 75140 28259  581.03283   92  675  583.00000  569.39905  2.33%  6151 29787s
 75521 28432  579.71964   87  591  583.00000  569.43456  2.33%  6154 29884s
 75915 28552  579.56191  108  577  583.00000  569.46810  2.32%  6154 29979s
 76368 28655  580.33696   82  690  583.00000  569.50249  2.32%  6152 30072s
 76705 28824  576.58573  103  653  583.00000  569.55054  2.31%  6156 30171s
 77095 28940  574.96325   91  605  583.00000  569.59598  2.30%  6163 30265s
 77407 29055  575.44279   74  644  583.00000  569.61801  2.30%  6167 30359s
 77805 29271  573.44714  102  687  583.00000  569.66376  2.29%  6167 30457s
 78259 29473     cutoff  102       583.00000  569.69984  2.28%  6169 30554s
 78708 29577  576.71253   85  651  583.00000  569.73089  2.28%  6168 30650s
 79136 29686  577.72495   90  780  583.00000  569.76583  2.27%  6170 30741s
 79439 29869  577.65723   85  756  583.00000  569.81323  2.26%  6177 30835s
 79904 30008  572.50729   95  742  583.00000  569.83764  2.26%  6175 30933s
 80296 30232  574.77696  105  493  583.00000  569.88314  2.25%  6178 31030s
 80780 30387  579.82635   72  524  583.00000  569.92488  2.24%  6178 31131s
 81223 30581     cutoff   85       583.00000  569.95603  2.24%  6182 31231s
 81618 30735  571.11268   74  804  583.00000  569.98971  2.23%  6188 31327s
 82061 30940  581.06723   78  593  583.00000  570.01386  2.23%  6189 31424s
 82495 31072  572.88877   88  738  583.00000  570.04123  2.22%  6190 31518s
 82876 31229  580.00658   87  548  583.00000  570.05850  2.22%  6190 31613s
 83315 31385  574.97310   88  847  583.00000  570.09928  2.21%  6190 31732s
 83854 31484     cutoff   96       583.00000  570.15977  2.20%  6192 31824s
 84297 31665     cutoff   92       583.00000  570.20672  2.19%  6194 31916s
 84713 31788  574.52306   90  676  583.00000  570.24711  2.19%  6193 32013s
 85164 31880  579.11047  103  672  583.00000  570.27510  2.18%  6194 32100s
 85528 31972  573.82426   90  645  583.00000  570.30595  2.18%  6198 32188s
 85830 32170  578.86562   79  696  583.00000  570.33766  2.17%  6200 32283s
 86281 32266  575.18823   82  644  583.00000  570.36596  2.17%  6200 32374s
 86668 32386  581.09286   99  521  583.00000  570.39794  2.16%  6202 32467s
 87058 32467     cutoff   99       583.00000  570.44402  2.15%  6206 32560s
 87458 32558  580.01590   79  583  583.00000  570.49643  2.14%  6208 32653s
 87813 32775     cutoff   82       583.00000  570.53609  2.14%  6210 32751s
 88259 32897     cutoff   93       583.00000  570.56937  2.13%  6206 32849s
 88678 33004  576.11433  120  702  583.00000  570.61971  2.12%  6211 32940s
 88902 33007  575.38784   83  714  583.00000  570.64067  2.12%  6213 33019s
 88911 33043  577.54385   83  684  583.00000  570.64084  2.12%  6213 33111s
 89097 33159  576.34623   84  616  583.00000  570.64161  2.12%  6216 33208s
 89475 33275  580.44862   83  707  583.00000  570.67482  2.11%  6218 33312s
 89831 33381  577.04605  119  699  583.00000  570.71005  2.11%  6222 33413s
 90237 33543  575.24451   97  572  583.00000  570.73994  2.10%  6224 33513s
 90712 33657  580.82944   98  437  583.00000  570.78033  2.10%  6223 33615s
 91114 33776  577.28861  102  666  583.00000  570.81661  2.09%  6226 33718s
 91487 33880  578.13982   94  684  583.00000  570.84909  2.08%  6229 33818s
 91932 34069  579.12419   94  632  583.00000  570.88400  2.08%  6227 33919s
 92391 34174  577.26131   84  590  583.00000  570.93241  2.07%  6227 34019s
 92828 34317  575.42607   92  732  583.00000  570.98349  2.06%  6225 34121s
 93296 34446  581.68291   91  641  583.00000  571.00872  2.06%  6227 34221s
 93707 34583  575.21181   98  582  583.00000  571.03339  2.05%  6228 34342s
 94157 34702  578.64060  119  562  583.00000  571.07049  2.05%  6234 34450s
 94624 34821  581.65101   97  650  583.00000  571.12175  2.04%  6235 34551s
 95100 34917     cutoff   87       583.00000  571.14739  2.03%  6235 34644s
 95411 35030  578.93077  106  612  583.00000  571.17420  2.03%  6237 34744s
 95855 35147  581.06766   90  704  583.00000  571.21888  2.02%  6239 34846s
 96321 35222  573.25101   79  707  583.00000  571.24393  2.02%  6241 34940s
 96636 35391  576.72010   79  488  583.00000  571.26977  2.01%  6243 35041s
 97107 35573     cutoff   98       583.00000  571.30474  2.01%  6242 35140s
 97585 35788  579.08149   85  728  583.00000  571.34477  2.00%  6242 35245s
 98103 35861     cutoff   92       583.00000  571.37620  1.99%  6240 35343s
 98540 35972  581.34117   91  665  583.00000  571.40541  1.99%  6239 35434s
 98943 36086  574.79798   98  696  583.00000  571.42957  1.98%  6238 35531s
 99390 36181  578.78927   78  645  583.00000  571.45951  1.98%  6240 35624s
 99743 36291  579.01472   91  587  583.00000  571.48967  1.97%  6242 35714s
 100151 36425  577.11216   77  562  583.00000  571.52305  1.97%  6242 35805s
 100528 36525  579.59566   84  654  583.00000  571.54531  1.96%  6244 35900s
 100936 36616  578.26452   92  731  583.00000  571.57651  1.96%  6246 35995s
 101307 36755  579.36964   83  686  583.00000  571.59906  1.96%  6247 36097s
 101720 36800     cutoff   76       583.00000  571.62051  1.95%  6248 36193s
 102073 36939  576.98116   87  607  583.00000  571.64582  1.95%  6252 36292s
 102561 37064  574.89563   85  769  583.00000  571.67194  1.94%  6250 36389s
 102945 37174  576.63282   97  738  583.00000  571.70920  1.94%  6252 36483s
 103287 37263  578.48275  104  644  583.00000  571.73986  1.93%  6256 36579s
 103695 37344  580.57652   81  677  583.00000  571.77115  1.93%  6256 36674s
 104019 37460  580.02798  137  612  583.00000  571.80025  1.92%  6260 36795s
 104521 37565  578.21355   79  570  583.00000  571.82886  1.92%  6262 36891s
 104992 37728  578.95828  111  655  583.00000  571.85223  1.91%  6261 36988s
 105422 37789  580.78894   92  722  583.00000  571.88665  1.91%  6261 37071s
 105761 37860     cutoff   98       583.00000  571.91315  1.90%  6262 37160s
 106130 37899     cutoff   90       583.00000  571.93807  1.90%  6263 37252s
 106394 38005  577.99734   79  627  583.00000  571.95941  1.89%  6266 37353s
 106849 38075  576.22547  116  727  583.00000  571.98748  1.89%  6267 37451s
 107213 38205  578.43397   92  757  583.00000  572.02317  1.88%  6270 37549s
 107687 38314  575.50159  108  682  583.00000  572.06807  1.88%  6268 37643s
 108134 38361     cutoff   79       583.00000  572.10218  1.87%  6268 37736s
 108423 38451  577.46329   98  633  583.00000  572.12868  1.86%  6271 37831s
 108826 38611  578.83094   89  762  583.00000  572.15992  1.86%  6274 37931s
 109285 38746  578.26792  100  384  583.00000  572.17799  1.86%  6272 38027s
 109744 38850  580.98206   83  685  583.00000  572.21050  1.85%  6271 38121s
 110128 38939  581.23893   98  646  583.00000  572.24259  1.85%  6274 38218s
 110533 39050  576.45801  101  576  583.00000  572.26747  1.84%  6275 38315s
 110978 39135     cutoff   94       583.00000  572.29862  1.84%  6275 38415s
 111406 39256  579.10654   92  667  583.00000  572.32438  1.83%  6276 38510s
 111819 39351  574.25422   88  728  583.00000  572.34709  1.83%  6276 38610s
 112213 39446     cutoff   80       583.00000  572.37571  1.82%  6277 38710s
 112635 39498  581.92673   98  462  583.00000  572.41033  1.82%  6279 38804s
 113001 39567  578.22775   86  760  583.00000  572.44073  1.81%  6281 38902s
 113413 39616     cutoff   94       583.00000  572.46209  1.81%  6282 38997s
 113843 39693  578.21574   81  853  583.00000  572.49284  1.80%  6283 39096s
 114284 39805  574.90794   98  759  583.00000  572.51933  1.80%  6283 39215s
 114796 39882  577.01914   78  789  583.00000  572.55502  1.79%  6284 39309s
 115222 39953  581.97060   95  650  583.00000  572.59070  1.79%  6284 39398s
 115583 40060  577.40237   97  656  583.00000  572.61872  1.78%  6286 39494s
 116033 40134     cutoff   92       583.00000  572.64618  1.78%  6284 39588s
 116442 40201  580.09511   95  657  583.00000  572.67428  1.77%  6285 39680s
 116826 40273  575.49709   78  863  583.00000  572.69542  1.77%  6285 39773s
 117266 40353  581.30455   76  688  583.00000  572.71626  1.76%  6285 39867s
 117676 40446  580.81808   81  647  583.00000  572.76113  1.76%  6286 39960s
 118121 40499     cutoff   81       583.00000  572.78733  1.75%  6285 40051s
 118469 40564  577.57989   79  639  583.00000  572.81943  1.75%  6287 40142s
 118881 40654  578.94546  101  639  583.00000  572.83918  1.74%  6288 40235s
 119279 40767  579.41836   74  469  583.00000  572.87034  1.74%  6288 40332s
 119714 40856     cutoff   79       583.00000  572.90079  1.73%  6288 40428s
 120159 40904     cutoff   84       583.00000  572.92398  1.73%  6290 40519s
 120550 41018  577.52797   86  632  583.00000  572.95140  1.72%  6291 40614s
 121014 41101  580.17013  112  563  583.00000  572.97013  1.72%  6290 40706s
 121448 41176  578.96672   67  745  583.00000  572.99452  1.72%  6289 40798s
 121878 41220  577.00476   87  619  583.00000  573.01808  1.71%  6288 40886s
 122198 41281  581.95476  104  659  583.00000  573.04569  1.71%  6291 40980s
 122607 41383  578.23198   81  519  583.00000  573.08618  1.70%  6292 41074s
 122998 41424  581.55132  109  561  583.00000  573.11374  1.70%  6292 41167s
 123375 41469  581.43898   75  357  583.00000  573.14098  1.69%  6294 41261s
 123820 41488     cutoff   92       583.00000  573.17066  1.69%  6294 41350s
 124138 41600  574.98046   87  777  583.00000  573.18386  1.68%  6294 41449s
 124616 41680  577.58201   88  683  583.00000  573.21191  1.68%  6293 41567s
 125174 41750     cutoff   98       583.00000  573.23310  1.68%  6292 41650s
 125582 41818  580.42818   94  616  583.00000  573.26995  1.67%  6292 41733s
 125991 41900     cutoff   82       583.00000  573.29348  1.66%  6290 41821s
 126393 41940     cutoff   88       583.00000  573.32355  1.66%  6290 41907s
 126784 41994  577.48413   86  759  583.00000  573.35183  1.65%  6291 41993s
 127168 42062  578.12249   82  722  583.00000  573.36965  1.65%  6290 42078s
 127573 42151  579.92073   91  674  583.00000  573.39879  1.65%  6290 42167s
 128005 42215  581.52292   89  703  583.00000  573.42169  1.64%  6289 42250s
 128379 42276  578.04522   86  662  583.00000  573.44603  1.64%  6287 42336s
 128735 42342     cutoff   84       583.00000  573.47136  1.63%  6288 42423s
 129141 42402  577.09227   87  732  583.00000  573.49220  1.63%  6286 42510s
 129495 42459  577.77642   95  623  583.00000  573.53230  1.62%  6287 42603s
 129958 42494  578.03270   95  669  583.00000  573.55782  1.62%  6287 42691s
 130331 42523     cutoff   87       583.00000  573.59324  1.61%  6289 42779s
 130755 42586     cutoff   85       583.00000  573.63293  1.61%  6288 42871s
 131190 42611  581.40961  110  550  583.00000  573.65195  1.60%  6286 42959s
 131595 42679  578.79055   86  781  583.00000  573.67930  1.60%  6287 43048s
 131918 42794  579.89322   73  466  583.00000  573.69334  1.60%  6286 43142s
 132444 42817  578.06413   92  864  583.00000  573.71441  1.59%  6284 43200s

Cutting planes:
  Learned: 2
  Cover: 297
  Implied bound: 453
  Projected implied bound: 1
  Clique: 3
  MIR: 66
  StrongCG: 1
  Flow cover: 2063
  GUB cover: 25
  Inf proof: 9
  Zero half: 73
  Mod-K: 5
  Network: 85
  RLT: 1
  Relax-and-lift: 2

Explored 132699 nodes (834210971 simplex iterations) in 43200.07 seconds (203884.05 work units)
Thread count was 4 (of 32 available processors)

Solution count 10: 583 584 585 ... 615

Time limit reached
Best objective 5.830000000000e+02, best bound 5.740000000000e+02, gap 1.5437%

Wrote result file './sol/E150_1000.5_R100.sol'

