
Gurobi 13.0.2 (mac64[arm], gurobi_cl) logging started Sat Jun 27 09:55:03 2026

Set parameter TokenServer to value "10.8.80.200"
Set parameter TimeLimit to value 43200
Set parameter LogFile to value "./log/E150_1000.4_R50.log"
Set parameter Threads to value 4
Using license file /Library/gurobi1302/gurobi.lic

Gurobi Optimizer version 13.0.2 build v13.0.2rc1 (mac64[arm] - Darwin 24.6.0 24G517)
Copyright (c) 2026, Gurobi Optimization, LLC

Read LP format model from file ./lp/E150_1000.4_R50.lp
Reading time = 0.09 seconds
root: 46208 rows, 45753 columns, 395980 nonzeros

Using Gurobi shared library /Library/gurobi1302/macos_universal2/lib/libgurobi130.dylib

CPU model: Apple M3 Ultra
Thread count: 32 physical cores, 32 logical processors, using up to 4 threads

Non-default parameters:
TimeLimit  43200
Threads  4

Optimize a model with 46208 rows, 45753 columns and 395980 nonzeros (Min)
Model fingerprint: 0xfb915847
Model has 22650 linear objective coefficients
Variable types: 0 continuous, 45753 integer (0 binary)
Coefficient statistics:
  Matrix range     [1e+00, 2e+02]
  Objective range  [1e+00, 2e+02]
  Bounds range     [1e+00, 1e+00]
  RHS range        [1e+00, 1e+00]

Presolve removed 23117 rows and 307 columns
Presolve time: 0.81s
Presolved: 23091 rows, 45446 columns, 279998 nonzeros
Variable types: 0 continuous, 45446 integer (22946 binary)
Found heuristic solution: objective 13360.000000
Found heuristic solution: objective 7993.0000000
Deterministic concurrent LP optimizer: primal and dual simplex
Showing primal log only...

Concurrent spin time: 0.00s

Solved with primal simplex

Root relaxation: objective 1.410853e+02, 65496 iterations, 1.85 seconds (4.32 work units)

    Nodes    |    Current Node    |     Objective Bounds      |     Work
 Expl Unexpl |  Obj  Depth IntInf | Incumbent    BestBd   Gap | It/Node Time

     0     0  141.08527    0  459 7993.00000  141.08527  98.2%     -    2s
     0     0  602.62210    0  467 7993.00000  602.62210  92.5%     -    5s
H    0     0                    3119.0000000  602.62210  80.7%     -    6s
H    0     0                    2008.0000000  602.62210  70.0%     -    6s
H    0     0                    1990.0000000  602.62210  69.7%     -    6s
H    0     0                    1985.0000000  602.62210  69.6%     -    7s
H    0     0                    1806.0000000  602.62210  66.6%     -    7s
H    0     0                    1788.0000000  602.62210  66.3%     -    7s
H    0     0                    1654.0000000  602.62210  63.6%     -    9s
H    0     0                    1564.0000000  602.62210  61.5%     -    9s
H    0     0                    1480.0000000  602.62210  59.3%     -    9s
H    0     0                    1453.0000000  602.62210  58.5%     -    9s
H    0     0                    1445.0000000  602.62210  58.3%     -   10s
H    0     0                    1443.0000000  602.62210  58.2%     -   12s
     0     0  715.21680    0  528 1443.00000  715.21680  50.4%     -   18s
     0     0  726.19157    0  491 1443.00000  726.19157  49.7%     -   26s
H    0     0                    1407.0000000  726.19157  48.4%     -   27s
H    0     0                    1379.0000000  726.19157  47.3%     -   30s
H    0     0                    1374.0000000  726.19157  47.1%     -   30s
H    0     0                    1280.0000000  726.19157  43.3%     -   33s
H    0     0                    1270.0000000  726.19157  42.8%     -   35s
H    0     0                    1259.0000000  726.19157  42.3%     -   36s
H    0     0                    1244.0000000  726.19157  41.6%     -   36s
H    0     0                    1230.0000000  726.19157  41.0%     -   36s
H    0     0                    1171.0000000  726.19157  38.0%     -   36s
H    0     0                    1152.0000000  726.19157  37.0%     -   36s
H    0     0                    1151.0000000  726.19157  36.9%     -   36s
H    0     0                    1139.0000000  726.19157  36.2%     -   36s
H    0     0                    1135.0000000  756.98070  33.3%     -   41s
     0     0  756.98070    0  560 1135.00000  756.98070  33.3%     -   42s
H    0     0                    1131.0000000  757.00536  33.1%     -   42s
H    0     0                    1114.0000000  757.00536  32.0%     -   42s
H    0     0                    1089.0000000  757.00536  30.5%     -   45s
H    0     0                    1088.0000000  757.00536  30.4%     -   48s
H    0     0                    1084.0000000  757.00536  30.2%     -   49s
H    0     0                    1063.0000000  757.00536  28.8%     -   50s
H    0     0                    1059.0000000  757.00536  28.5%     -   50s
H    0     0                    1053.0000000  757.00536  28.1%     -   52s
H    0     0                    1051.0000000  757.00536  28.0%     -   53s
H    0     0                    1050.0000000  757.00536  27.9%     -   55s
H    0     0                    1048.0000000  757.00536  27.8%     -   57s
H    0     0                    1046.0000000  757.00536  27.6%     -   57s
H    0     0                    1045.0000000  757.00536  27.6%     -   60s
H    0     0                    1033.0000000  757.00536  26.7%     -   61s
     0     0  757.60563    0  571 1033.00000  757.60563  26.7%     -   64s
     0     0  757.68990    0  549 1033.00000  757.68990  26.7%     -   65s
     0     0  769.62206    0  624 1033.00000  769.62206  25.5%     -   71s
     0     0  771.06664    0  624 1033.00000  771.06664  25.4%     -   74s
     0     0  771.14295    0  641 1033.00000  771.14295  25.3%     -   74s
     0     0  790.57248    0  621 1033.00000  790.57248  23.5%     -   86s
     0     0  794.14435    0  653 1033.00000  794.14435  23.1%     -   92s
     0     0  794.71804    0  675 1033.00000  794.71804  23.1%     -   96s
     0     0  794.74001    0  685 1033.00000  794.74001  23.1%     -   96s
     0     0  802.37304    0  705 1033.00000  802.37304  22.3%     -  106s
     0     0  809.78429    0  711 1033.00000  809.78429  21.6%     -  111s
     0     0  811.65421    0  731 1033.00000  811.65421  21.4%     -  115s
     0     0  812.81619    0  761 1033.00000  812.81619  21.3%     -  120s
     0     0  812.86014    0  772 1033.00000  812.86014  21.3%     -  121s
     0     0  815.80450    0  787 1033.00000  815.80450  21.0%     -  125s
     0     0  816.09534    0  795 1033.00000  816.09534  21.0%     -  128s
     0     0  816.11163    0  821 1033.00000  816.11163  21.0%     -  129s
     0     0  823.74887    0  759 1033.00000  823.74887  20.3%     -  133s
     0     0  824.00296    0  793 1033.00000  824.00296  20.2%     -  135s
     0     0  824.07830    0  788 1033.00000  824.07830  20.2%     -  135s
     0     0  825.99599    0  810 1033.00000  825.99599  20.0%     -  138s
     0     0  826.36372    0  836 1033.00000  826.36372  20.0%     -  139s
     0     0  826.46071    0  836 1033.00000  826.46071  20.0%     -  140s
     0     0  826.48650    0  829 1033.00000  826.48650  20.0%     -  140s
     0     0  827.48590    0  833 1033.00000  827.48590  19.9%     -  143s
     0     0  827.71498    0  849 1033.00000  827.71498  19.9%     -  145s
     0     0  827.83061    0  839 1033.00000  827.83061  19.9%     -  146s
     0     0  827.83686    0  856 1033.00000  827.83686  19.9%     -  146s
     0     0  828.36831    0  851 1033.00000  828.36831  19.8%     -  148s
     0     0  828.51285    0  870 1033.00000  828.51285  19.8%     -  149s
     0     0  828.66329    0  858 1033.00000  828.66329  19.8%     -  151s
     0     0  828.66531    0  876 1033.00000  828.66531  19.8%     -  151s
     0     0  828.99719    0  850 1033.00000  828.99719  19.7%     -  153s
     0     0  829.01218    0  850 1033.00000  829.01218  19.7%     -  153s
     0     0  829.01218    0  792 1033.00000  829.01218  19.7%     -  156s
     0     2  829.01218    0  776 1033.00000  829.01218  19.7%     -  175s
     1     4  829.04899    1  741 1033.00000  829.01218  19.7%  2862  180s
     3     8  829.21635    2  801 1033.00000  829.05604  19.7%  8741  191s
H    7    12                    1022.0000000  829.21848  18.9% 10195  194s
    11    16  829.57124    4  841 1022.00000  829.23335  18.9%  8532  197s
    15    20  829.98988    5  807 1022.00000  829.23335  18.9%  8992  200s
H   17    20                    1020.0000000  829.23335  18.7%  8950  200s
    19    24  830.26977    6  820 1020.00000  829.23335  18.7% 10670  206s
H   20    24                    1019.0000000  829.23335  18.6% 10137  206s
H   23    42                    1007.0000000  829.23335  17.7% 11951  209s
    41    46  831.00544   12  794 1007.00000  829.23335  17.7% 13129  214s
H   43    46                    1006.0000000  829.23335  17.6% 12698  214s
H   45    50                    1005.0000000  829.23335  17.5% 12369  216s
    62    67  831.58015   15  778 1005.00000  829.23335  17.5% 13620  220s
H   63    67                     999.0000000  829.23335  17.0% 13404  220s
H   65    67                     989.0000000  829.23335  16.2% 13271  220s
H   68    74                     982.0000000  829.23335  15.6% 13316  223s
    73    79  832.58211   18  779  982.00000  829.23335  15.6% 14594  227s
H   78    83                     980.0000000  829.23335  15.4% 13791  229s
    82    87  832.78019   20  781  980.00000  829.23335  15.4% 14327  232s
H   83    87                     977.0000000  829.23335  15.1% 14154  232s
    90    95  832.86573   22  790  977.00000  829.23335  15.1% 13679  235s
   102   107  833.24579   25  782  977.00000  829.23335  15.1% 13268  240s
   109   114  833.25410   27  779  977.00000  829.23335  15.1% 12815  246s
   117   123  833.67665   29  802  977.00000  829.23335  15.1% 12893  250s
   125   133  833.72151   31  794  977.00000  829.23335  15.1% 12544  257s
   132   137  834.35165   33  768  977.00000  829.23335  15.1% 12935  260s
H  139   141                     968.0000000  829.23335  14.3% 12815  263s
   140   145  834.59260   35  771  968.00000  829.23335  14.3% 13119  265s
H  144   153                     967.0000000  829.23335  14.2% 13182  269s
   152   155  835.41833   36  769  967.00000  829.23335  14.2% 13491  275s
   154   157  835.43797   37  779  967.00000  829.23335  14.2% 13410  281s
   156   165  842.78128   37  661  967.00000  829.23335  14.2% 13647  286s
   164   170  845.39866   39  644  967.00000  829.23335  14.2% 14374  291s
   169   174  845.61717   42  659  967.00000  829.23335  14.2% 14149  298s
   173   178  845.96902   43  650  967.00000  829.23335  14.2% 14076  302s
   177   184  848.90472   43  540  967.00000  829.23335  14.2% 14378  308s
   183   190  846.45409   44  644  967.00000  829.23335  14.2% 14249  311s
   189   194  846.64372   45  641  967.00000  829.23335  14.2% 14026  315s
   197   202  847.03825   47  649  967.00000  829.23335  14.2% 13936  323s
   201   206  847.65787   48  651  967.00000  829.23335  14.2% 13801  327s
   205   210  847.78698   49  661  967.00000  829.23335  14.2% 13689  331s
   209   214  847.85763   50  653  967.00000  829.23335  14.2% 13562  335s
   213   218  847.92905   51  649  967.00000  829.23335  14.2% 13399  341s
   217   222  848.23172   52  655  967.00000  829.23335  14.2% 13372  346s
H  220   222                     956.0000000  829.23335  13.3% 13441  346s
   221   266  848.26653   53  628  956.00000  829.23335  13.3% 13501  351s
H  222   266                     955.0000000  829.23335  13.2% 13440  351s
H  250   266                     953.0000000  829.23335  13.0% 12721  351s
H  265   290                     952.0000000  829.23335  12.9% 12427  356s
H  279   290                     951.0000000  829.23335  12.8% 12203  356s
   289   328  852.66451   73  624  951.00000  829.23335  12.8% 12020  363s
   327   344  855.69132   84  642  951.00000  829.23335  12.8% 11728  369s
   343   362  855.76936   85  649  951.00000  829.23335  12.8% 11871  376s
   361   368  855.98063   86  637  951.00000  829.23335  12.8% 11810  382s
H  366   368                     948.0000000  829.23335  12.5% 11734  382s
   367   414  856.36023   87  622  948.00000  829.23335  12.5% 11713  388s
   413   448  859.70534  105  606  948.00000  829.23335  12.5% 11110  394s
H  431   448                     947.0000000  829.23335  12.4% 10902  394s
   447   503  863.66145  119  584  947.00000  829.23335  12.4% 10774  400s
   502   563  866.86901  142  582  947.00000  829.23335  12.4% 10143  408s
   562   599  870.33863  165  600  947.00000  829.23335  12.4%  9583  415s
   598   653  872.97010  178  554  947.00000  829.23335  12.4%  9542  422s
   652   698  877.43254  196  561  947.00000  829.23335  12.4%  9349  430s
   697   742  878.18972  218  569  947.00000  829.23335  12.4%  9092  437s
   741   800  881.07103  238  544  947.00000  829.23335  12.4%  8911  445s
   799   814  886.57838  270  449  947.00000  829.23335  12.4%  8591  452s
   813   875  891.38461  277  397  947.00000  829.23335  12.4%  8574  461s
   874   908  899.08761  316  441  947.00000  829.23335  12.4%  8272  469s
H  882   908                     944.0000000  829.23335  12.2%  8233  469s
   907   991  900.63074  324  435  944.00000  829.23335  12.2%  8111  476s
   990  1094  909.34491  363  382  944.00000  829.23335  12.2%  7687  483s
  1093  1241  919.52479  408  389  944.00000  829.23335  12.2%  7184  491s
  1240  1366  928.01398  459  377  944.00000  829.23335  12.2%  6522  500s
H 1308  1366                     939.0000000  829.23335  11.7%  6325  500s
H 1379  1468                     937.0000000  829.23335  11.5%  6034  509s
  1500  1602  835.24062   15  729  937.00000  829.23335  11.5%  6061  518s
H 1634  1612                     934.0000000  829.23335  11.2%  5990  527s
H 1675  1189                     909.0000000  829.23335  8.78%  5971  527s
H 1693  1099                     902.0000000  829.23335  8.07%  6006  537s
  1814  1120  841.40124   27  690  902.00000  829.23335  8.07%  6048  547s
  1869  1121  888.97657  204  528  902.00000  829.23335  8.07%  6326  556s
  1871  1122  832.28911   13  484  902.00000  829.23335  8.07%  6320  567s
H 1871  1065                     900.0000000  829.23335  7.86%  6320  575s
  1872  1066  891.89431  277  573  900.00000  829.23335  7.86%  6316  596s
H 1872  1013                     897.0000000  829.23335  7.55%  6316  606s
H 1872   962                     896.0000000  829.23335  7.45%  6316  606s
H 1872   914                     895.0000000  829.23335  7.35%  6316  606s
  1874   915  895.00000  251  676  895.00000  829.23335  7.35%  6309  614s
  1875   916  831.06654    7  716  895.00000  829.23335  7.35%  6306  622s
  1876   917  895.00000  118  784  895.00000  829.23335  7.35%  6303  628s
H 1876   871                     894.0000000  829.23335  7.24%  6303  634s
  1878   872  889.31513  127  808  894.00000  829.23335  7.24%  6296  638s
  1879   873  894.00000  111  823  894.00000  829.75151  7.19%  6293  642s
  1881   874  869.85256  163  852  894.00000  830.09836  7.15%  6286  645s
H 1881   830                     891.0000000  836.47591  6.12%  6286  653s
  1883   831  869.42785  150  808  891.00000  838.28713  5.92%  6279  661s
  1884   832  845.65433   42  789  891.00000  839.29715  5.80%  6276  666s
  1886   833  891.00000  162  798  891.00000  840.41997  5.68%  6269  672s
  1887   834  889.76544  129  855  891.00000  840.70927  5.64%  6266  675s
  1889   835  876.04151  140  834  891.00000  840.93886  5.62%  6259  681s
  1890   836  891.00000  136  831  891.00000  843.30989  5.35%  6256  686s
  1892   837  886.35930   89  787  891.00000  843.77610  5.30%  6249  694s
  1893   838  891.00000   94  819  891.00000  843.84624  5.29%  6246  697s
  1894   839  851.12896    9  748  891.00000  846.56642  4.99%  6243  703s
  1895   839  881.52128   59  754  891.00000  847.95441  4.83%  6240  708s
  1896   840  871.28843   40  797  891.00000  848.40857  4.78%  6236  712s
  1898   841  885.63471  268  816  891.00000  848.53742  4.77%  6230  716s
  1899   842  852.58047   28  762  891.00000  850.32652  4.56%  6226  720s
  1902   844  881.37358  152  836  891.00000  850.98105  4.49%  6217  726s
  1903   845  891.00000  119  814  891.00000  853.24871  4.24%  6213  732s
  1904   845  866.19594   93  822  891.00000  853.76657  4.18%  6210  736s
  1906   847  854.00774   73  862  891.00000  854.00774  4.15%  6204  741s
  1907   847  855.07123   24  848  891.00000  855.07123  4.03%  6200  745s
  1909   849  891.00000  103  894  891.00000  855.42969  3.99%  6194  753s
  1910   849  884.80712   96  884  891.00000  856.40101  3.88%  6191  755s
  1913   851  856.79979   61  877  891.00000  856.79979  3.84%  6181  760s
  1915   853  858.45811   51  806  891.00000  858.45811  3.65%  6174  768s
  1917   854  858.62118   44  865  891.00000  858.62118  3.63%  6168  771s
  1918   855  891.00000  120  842  891.00000  859.23674  3.56%  6165  823s
  1919   855  859.23674   26  850  891.00000  859.23674  3.56%  6161  825s
  1921   857  865.71863  128  843  891.00000  860.04452  3.47%  6155  836s
  1924   859  870.98368  175  854  891.00000  860.32268  3.44%  6145  840s
H 1927   818                     890.0000000  860.32268  3.33%  6408  847s
  1929   819  888.97657  204  567  890.00000  860.32268  3.33%  6401  871s
  1930   820  860.32268   54  584  890.00000  860.32268  3.33%  6398  877s
  1931   820  882.60424  250  592  890.00000  860.32836  3.33%  6395  881s
H 1931   779                     889.0000000  860.32836  3.23%  6395  885s
  1933   781  877.48559  196  668  889.00000  860.66719  3.19%  6388  890s
  1934   781  860.66719   38  655  889.00000  860.66719  3.19%  6385  895s
  1935   782  875.83596   40  703  889.00000  860.70508  3.18%  6382  901s
  1936   783  860.70508   16  714  889.00000  860.70508  3.18%  6378  905s
  1938   784  860.96686   22  748  889.00000  860.96686  3.15%  6372  912s
  1939   785  866.49964  136  788  889.00000  860.96775  3.15%  6368  915s
  1941   786  881.69267  238  860  889.00000  860.96923  3.15%  6362  921s
  1944   788  861.18815   22  860  889.00000  861.18815  3.13%  6352  926s
  1947   790  861.33797   53  769  889.00000  861.33797  3.11%  6342  938s
  1948   791  889.00000  138  769  889.00000  863.33571  2.89%  6339  960s
  1949   794  863.33571   26  710  889.00000  863.33571  2.89%  6476  967s
  1951   797  877.16999   27  593  889.00000  863.33571  2.89%  6480  972s
  1954   800  884.93286   28  493  889.00000  863.33571  2.89%  6495  977s
  1958   812  885.84911   29  484  889.00000  863.33571  2.89%  6492  980s
  1988   812  863.33571   28  726  889.00000  863.33571  2.89%  6551  985s
  2000   819  863.33571   29  705  889.00000  863.33571  2.89%  6567  990s
  2032   828  863.33571   30  625  889.00000  863.33571  2.89%  6533  996s
  2056   824  863.33571   31  647  889.00000  863.33571  2.89%  6471 1002s
  2064   825  871.31422   32  550  889.00000  863.33571  2.89%  6457 1006s
  2072   825  885.95352   49  440  889.00000  863.33571  2.89%  6439 1011s
  2080   829  876.88536   34  565  889.00000  863.33571  2.89%  6426 1015s
  2097   830  867.74844   35  492  889.00000  863.33571  2.89%  6387 1021s
  2104   833  863.49727   36  600  889.00000  863.33571  2.89%  6380 1027s
  2118   835  867.31908   37  468  889.00000  863.33571  2.89%  6355 1031s
  2145   836  865.44381   38  540  889.00000  863.33571  2.89%  6292 1037s
  2167   845  870.09172   39  502  889.00000  863.33571  2.89%  6247 1043s
  2179   853  865.89334   40  555  889.00000  863.33571  2.89%  6228 1046s
  2196   859  866.33491   41  529  889.00000  863.33571  2.89%  6197 1050s
  2215   859  866.52755   42  517  889.00000  863.33571  2.89%  6161 1055s
  2254   861  868.07463   44  506  889.00000  863.33571  2.89%  6081 1063s
  2268   873  872.21489   45  470  889.00000  863.33571  2.89%  6059 1067s
  2285   881     cutoff   47       889.00000  863.33571  2.89%  6028 1072s
  2306   890  879.19764   49  497  889.00000  863.33571  2.89%  5995 1076s
  2331   889  877.04648   51  330  889.00000  863.33571  2.89%  5950 1081s
  2359   884  878.60249   57  271  889.00000  863.33571  2.89%  5907 1085s
  2387   888  883.24043   72  427  889.00000  863.33571  2.89%  5851 1093s
  2413   884  884.92500   90  302  889.00000  863.33571  2.89%  5803 1099s
  2429   887  868.49432   35  677  889.00000  863.33571  2.89%  5794 1104s
  2438   899  868.96181   36  682  889.00000  863.33571  2.89%  5795 1108s
  2453   909  868.23930   34  626  889.00000  863.33571  2.89%  5778 1114s
  2468   920  870.09071   37  615  889.00000  863.33571  2.89%  5774 1122s
  2498   922  870.13059   38  617  889.00000  863.33571  2.89%  5737 1128s
  2510   937  872.08975   37  624  889.00000  863.33571  2.89%  5741 1134s
  2529   952  871.07479   40  586  889.00000  863.33571  2.89%  5731 1140s
  2560   959  871.80458   44  593  889.00000  863.33571  2.89%  5697 1146s
  2590   975  871.94249   46  568  889.00000  863.33571  2.89%  5663 1151s
  2616  1002  873.08717   51  519  889.00000  863.33571  2.89%  5638 1158s
  2653  1029  874.34698   61  559  889.00000  863.33571  2.89%  5597 1165s
  2701  1074  879.26996   61  489  889.00000  863.33571  2.89%  5536 1171s
  2807  1055  873.98241   44  618  889.00000  863.33571  2.89%  5367 1180s
  2852  1064  878.25161   51  605  889.00000  863.33571  2.89%  5317 1186s
  2883  1079  881.48062   68  526  889.00000  863.50634  2.87%  5290 1193s
  2933  1084  865.51534   37  736  889.00000  863.50634  2.87%  5231 1201s
  2955  1089  866.93599   38  658  889.00000  863.50634  2.87%  5228 1208s
  2970  1110  869.45575   39  581  889.00000  863.50634  2.87%  5226 1216s
  3026  1125  872.20241   42  504  889.00000  863.58306  2.86%  5160 1223s
  3063  1174  877.58391   46  491  889.00000  863.65917  2.85%  5135 1232s
  3173  1175  864.77300   38  729  889.00000  863.65917  2.85%  4997 1242s
  3221  1177  867.17934   38  622  889.00000  863.65917  2.85%  4955 1252s
  3251  1182  870.35775   40  605  889.00000  863.66822  2.85%  4939 1262s
  3266  1218  874.13037   44  513  889.00000  863.66822  2.85%  4944 1272s
  3309  1240  881.17950   56  468  889.00000  864.13569  2.80%  4923 1281s
  3370  1285  865.49449   32  731  889.00000  864.13569  2.80%  4881 1291s
  3467  1278  866.30799   34  742  889.00000  864.13569  2.80%  4789 1304s
  3510  1290  868.36423   35  678  889.00000  864.20225  2.79%  4758 1316s
  3566  1294  869.99001   38  629  889.00000  864.20225  2.79%  4726 1331s
  3590  1330  871.16529   45  656  889.00000  864.20225  2.79%  4733 1343s
  3664  1333  872.24406   51  602  889.00000  864.20225  2.79%  4681 1356s
  3705  1359  873.57124   57  559  889.00000  864.20225  2.79%  4666 1373s
  3746  1393  877.25664   69  572  889.00000  864.40549  2.77%  4657 1388s
  3830  1401  866.06604   32  725  889.00000  864.40549  2.77%  4597 1403s
  3881  1434  878.68870   39  643  889.00000  864.40549  2.77%  4579 1417s
  3954  1457  867.68079   35  576  889.00000  864.40549  2.77%  4533 1432s
  4003  1472  871.64146   47  558  889.00000  864.40549  2.77%  4524 1448s
  4036  1516  871.70212   48  538  889.00000  864.40549  2.77%  4502 1465s
  4112  1592  872.47828   52  532  889.00000  864.40549  2.77%  4457 1481s
  4265  1617  885.59011   82  529  889.00000  864.65031  2.74%  4348 1498s
  4375  1653  870.81759   44  560  889.00000  864.65031  2.74%  4297 1516s
  4465  1740  876.20741   54  500  889.00000  865.03301  2.70%  4264 1537s
  4623  1781  868.57230   36  683  889.00000  865.04040  2.70%  4178 1556s
  4665  1870  871.37763   45  619  889.00000  865.04040  2.70%  4180 1576s
  4785  1952  878.34772   69  530  889.00000  865.04040  2.70%  4133 1597s
  4879  2017     cutoff   52       889.00000  865.27892  2.67%  4111 1618s
  4956  2099  866.98897   41  532  889.00000  865.27892  2.67%  4099 1640s
  5086  2182  869.97765   55  530  889.00000  865.39896  2.65%  4054 1663s
  5169  2338  874.96797   82  477  889.00000  865.46794  2.65%  4048 1688s
  5404  2430  884.07778   44  494  889.00000  865.46794  2.65%  3948 1713s
  5563  2521  867.85323   45  646  889.00000  865.67112  2.62%  3896 1739s
  5694  2659  871.07274   53  599  889.00000  865.67112  2.62%  3870 1764s
  5877  2803  872.71415   44  509  889.00000  865.67112  2.62%  3818 1792s
  6096  2964  887.04811  104  469  889.00000  865.79103  2.61%  3732 1821s
  6332  3117  873.58833   47  592  889.00000  865.79275  2.61%  3659 1853s
  6549  3307  878.56307   42  591  889.00000  865.88040  2.60%  3609 1884s
  6857  3404  875.51475   37  554  889.00000  865.98699  2.59%  3524 1917s
  7046  3625  869.69129   45  505  889.00000  866.08197  2.58%  3487 1950s
  7373  3772  885.22489  117  460  889.00000  866.16675  2.57%  3398 1984s
  7670  3965  885.37479   51  576  889.00000  866.19577  2.57%  3325 2020s
  7994  4146  872.81555   45  558  889.00000  866.28409  2.56%  3258 2058s
  8419  4354  876.56276   50  480  889.00000  866.31236  2.55%  3160 2096s
  8765  4576  871.48358   45  516  889.00000  866.55051  2.53%  3110 2134s
  9238  4837  886.02044   55  416  889.00000  866.61567  2.52%  3020 2175s
  9655  5156  871.56312   42  756  889.00000  866.70624  2.51%  2960 2219s
 10155  5159     cutoff   55       889.00000  866.74188  2.50%  2885 2257s
 10160  5213  880.65664   56  541  889.00000  866.74188  2.50%  2885 2298s
 10243  5214  882.04193   66  528  889.00000  866.74188  2.50%  2874 2313s
 10245  5215  875.03985   72  482  889.00000  866.74188  2.50%  2874 2319s
 10246  5216  885.37094  110  560  889.00000  866.74188  2.50%  2874 2335s
 10247  5217  884.37739  132  629  889.00000  866.74188  2.50%  2873 2340s
 10249  5218  878.91658   96  640  889.00000  866.74188  2.50%  2873 2348s
 10250  5219  884.19338   69  690  889.00000  866.74188  2.50%  2872 2351s
 10251  5219  884.39922   84  727  889.00000  866.74188  2.50%  2872 2356s
 10253  5221  873.04479   53  747  889.00000  866.74188  2.50%  2872 2362s
 10254  5221  868.34790   46  772  889.00000  866.74188  2.50%  2871 2365s
 10256  5223  879.80049   51  828  889.00000  866.74188  2.50%  2871 2372s
 10258  5224  885.77344   88  776  889.00000  866.74188  2.50%  2870 2376s
 10260  5225  877.26874   61  804  889.00000  866.74188  2.50%  2870 2380s
 10263  5227  884.82518   83  839  889.00000  866.74188  2.50%  2869 2386s
 10265  5229  884.12175   74  811  889.00000  866.74188  2.50%  2868 2390s
 10267  5230  873.17533   45  772  889.00000  866.74188  2.50%  2868 2406s
 10268  5231  876.57112   64  772  889.00000  866.74188  2.50%  2867 2420s
 10271  5237  866.74188   42  703  889.00000  866.74188  2.50%  2896 2426s
 10275  5235  866.74188   43  544  889.00000  866.74188  2.50%  2897 2430s
 10278  5239  887.17279   44  549  889.00000  866.74188  2.50%  2901 2435s
 10298  5246  869.14686   47  444  889.00000  866.74188  2.50%  2910 2443s
 10309  5248  869.89830   48  401  889.00000  866.74188  2.50%  2916 2445s
 10333  5251     cutoff   51       889.00000  866.74188  2.50%  2915 2450s
 10344  5253  871.54894   53  525  889.00000  866.74188  2.50%  2915 2455s
 10357  5258  872.99769   54  524  889.00000  866.74188  2.50%  2916 2463s
 10362  5259  871.94035   55  555  889.00000  866.74188  2.50%  2916 2466s
 10369  5264  871.94636   56  549  889.00000  866.74188  2.50%  2917 2472s
 10373  5267  875.75955   56  443  889.00000  866.74188  2.50%  2918 2475s
 10386  5279  874.46687   58  521  889.00000  866.74188  2.50%  2920 2482s
 10409  5294  875.35222   63  308  889.00000  866.74188  2.50%  2920 2486s
 10438  5301  875.98891   71  279  889.00000  866.74188  2.50%  2917 2490s
 10459  5321  878.73706   75  115  889.00000  866.74188  2.50%  2914 2495s
 10532  5338  881.96125   95  457  889.00000  866.74188  2.50%  2899 2501s
 10596  5334  884.30506  115  313  889.00000  866.74188  2.50%  2886 2507s
 10635  5328     cutoff  130       889.00000  866.74188  2.50%  2879 2511s
 10661  5330  877.88183   62  512  889.00000  866.74188  2.50%  2874 2516s
 10696  5348  880.35352   69  404  889.00000  866.74188  2.50%  2874 2521s
 10775  5343  887.60459   95  408  889.00000  866.74188  2.50%  2862 2528s
 10785  5356  866.74188   46  685  889.00000  866.74188  2.50%  2860 2532s
 10823  5350  866.74188   48  635  889.00000  866.74188  2.50%  2855 2538s
 10847  5349  866.74188   49  670  889.00000  866.74188  2.50%  2854 2542s
 10861  5354  866.74188   50  669  889.00000  866.74188  2.50%  2855 2548s
 10871  5359  866.74188   53  621  889.00000  866.74188  2.50%  2857 2552s
 10879  5364  866.74188   53  659  889.00000  866.74188  2.50%  2860 2557s
 10888  5371  866.74188   54  658  889.00000  866.74188  2.50%  2862 2562s
 10903  5379  866.99577   56  639  889.00000  866.74188  2.50%  2865 2568s
 10922  5385  867.27929   58  652  889.00000  866.74188  2.50%  2866 2572s
 10959  5378  868.08105   60  673  889.00000  866.74188  2.50%  2862 2577s
 10971  5383  869.02993   61  623  889.00000  866.74188  2.50%  2864 2582s
 10980  5394  869.88522   62  659  889.00000  866.74188  2.50%  2867 2588s
 10994  5407  869.80916   65  583  889.00000  866.74188  2.50%  2868 2594s
 11011  5426  871.46990   70  559  889.00000  866.74188  2.50%  2872 2599s
 11046  5429  872.42947   73  425  889.00000  866.74188  2.50%  2869 2607s
 11074  5440  873.53434   79  366  889.00000  866.74188  2.50%  2869 2612s
 11094  5467  875.04158   85  377  889.00000  866.74188  2.50%  2870 2618s
 11129  5509  877.40707   98  320  889.00000  866.74188  2.50%  2867 2623s
 11210  5511  886.96115  136  198  889.00000  866.74188  2.50%  2855 2629s
 11271  5515  868.24472   49  626  889.00000  866.74188  2.50%  2848 2637s
 11319  5527  870.31237   52  602  889.00000  866.74188  2.50%  2844 2645s
 11348  5560  872.46042   57  508  889.00000  866.74188  2.50%  2845 2652s
 11397  5573  875.43542   67  432  889.00000  866.74188  2.50%  2841 2663s
 11451  5583  866.74188   51  626  889.00000  866.74188  2.50%  2838 2671s
 11494  5585  867.56322   55  636  889.00000  866.74188  2.50%  2836 2680s
 11510  5604  868.86707   58  584  889.00000  866.74188  2.50%  2840 2688s
 11534  5626  870.64806   63  499  889.00000  866.74188  2.50%  2843 2698s
 11572  5648  874.27529   68  547  889.00000  866.74188  2.50%  2844 2706s
 11609  5695  876.77128   81  503  889.00000  866.74188  2.50%  2844 2716s
 11702  5685  885.47531  108  367  889.00000  866.74188  2.50%  2834 2725s
 11742  5710  868.01172   53  720  889.00000  866.74188  2.50%  2836 2737s
 11790  5724  873.19392   57  621  889.00000  866.74188  2.50%  2839 2750s
 11852  5735  877.55259   66  591  889.00000  866.74188  2.50%  2832 2760s
 11895  5754  868.27347   50  484  889.00000  866.74188  2.50%  2834 2773s
 11949  5782  871.08676   59  507  889.00000  866.74188  2.50%  2833 2784s
 11995  5820  877.54329   77  439  889.00000  866.74188  2.50%  2832 2796s
 12082  5830  868.25288   53  682  889.00000  866.74188  2.50%  2823 2809s
 12121  5883  876.57392   60  589  889.00000  866.74188  2.50%  2828 2824s
 12226  5888  867.84924   51  715  889.00000  866.74188  2.50%  2818 2837s
 12271  5924     cutoff   55       889.00000  866.74188  2.50%  2821 2850s
 12349  5976  873.67511   60  501  889.00000  866.74188  2.50%  2817 2865s
 12462  5998  868.66003   50  607  889.00000  866.74188  2.50%  2809 2880s
 12571  6020  876.31755   58  503  889.00000  866.74188  2.50%  2800 2895s
 12655  6083  868.07318   52  619  889.00000  866.74188  2.50%  2797 2912s
 12762  6121  872.15406   62  586  889.00000  866.74188  2.50%  2792 2928s
 12851  6163  876.97453   80  290  889.00000  866.74188  2.50%  2787 2948s
 12966  6203  874.64612   55  517  889.00000  866.74188  2.50%  2778 2966s
 13082  6241  867.23618   51  631  889.00000  866.74188  2.50%  2772 2987s
 13175  6261  874.60183   65  550  889.00000  866.74188  2.50%  2771 3005s
 13255  6322  870.90395   58  554  889.00000  866.74188  2.50%  2772 3027s
 13394  6370  882.18002   87  469  889.00000  866.74188  2.50%  2762 3048s
 13539  6487  872.61651   66  554  889.00000  866.74188  2.50%  2753 3070s
 13767  6431  870.21746   51  626  889.00000  866.86237  2.49%  2737 3093s
 13787  6478  879.03311   55  509  889.00000  866.90209  2.49%  2740 3116s
 13915  6447  873.99763   61  524  889.00000  866.93244  2.48%  2732 3137s
 13931  6446  875.39624   65  585  889.00000  866.93244  2.48%  2732 3158s
 13935  6448  884.57014   66  603  889.00000  866.93244  2.48%  2732 3180s
 13939  6462  885.21947   67  596  889.00000  866.93244  2.48%  2732 3204s
 13995  6487  886.16002   68  584  889.00000  866.95003  2.48%  2728 3227s
 14079  6603  876.47105   60  420  889.00000  866.95003  2.48%  2725 3252s
 14275  6634  879.04805   69  441  889.00000  867.00535  2.47%  2713 3279s
 14500  6689  871.22316   56  605  889.00000  867.00535  2.47%  2697 3308s
 14684  6713  880.58035   81  493  889.00000  867.00535  2.47%  2692 3340s
 14780  6868  886.72059  114  425  889.00000  867.20888  2.45%  2684 3371s
 15089  6943  872.07489   53  623  889.00000  867.27929  2.44%  2660 3401s
 15346  7006  874.36602   56  610  889.00000  867.33031  2.44%  2648 3432s
 15559  7186  883.55006   98  531  889.00000  867.39020  2.43%  2641 3465s
 15957  7205  880.87748   71  516  889.00000  867.45477  2.42%  2609 3499s
 16275  7256  872.14880   60  525  889.00000  867.53351  2.41%  2592 3536s
 16546  7344  877.09990   65  527  889.00000  867.57370  2.41%  2584 3574s
 16845  7534  870.25150   50  605  889.00000  867.64923  2.40%  2571 3613s
 17309  7683  870.57741   53  585  889.00000  867.70258  2.40%  2540 3654s
 17825  7763  876.75592   67  705  889.00000  867.80596  2.38%  2503 3694s
 18215  7920  886.06294  121  459  889.00000  867.89322  2.37%  2484 3735s
 18754  8098     cutoff  106       889.00000  868.01664  2.36%  2449 3778s
 19284  8199  871.36377   54  418  889.00000  868.13193  2.35%  2419 3823s
 19858  8388  875.75300   70  537  889.00000  868.18675  2.34%  2387 3870s
 20449  8685  872.59909   59  541  889.00000  868.20317  2.34%  2356 3927s
 21235  8723  879.60039   62  646  889.00000  868.28570  2.33%  2314 3957s
 21705  8828  880.64688   65  545  889.00000  868.38539  2.32%  2290 3985s
 22170  8875  886.20570   80  416  889.00000  868.47199  2.31%  2267 4011s
 22519  8955  876.90199   67  573  889.00000  868.56322  2.30%  2253 4040s
 22886  9086     cutoff   70       889.00000  868.57269  2.30%  2239 4068s
 23281  9202  873.41057   59  535  889.00000  868.65800  2.29%  2224 4098s
 23676  9296  887.07303   97  463  889.00000  868.73453  2.28%  2210 4127s
 24030  9429  882.39564   61  399  889.00000  868.75980  2.28%  2200 4155s
 24388  9659     cutoff   71       889.00000  868.79994  2.27%  2192 4188s
 24909  9791  871.78447   60  690  889.00000  868.85891  2.27%  2169 4218s
 25343  9829  876.38147   66  484  889.00000  868.89095  2.26%  2154 4247s
 25664  9987  878.76749   57  626  889.00000  868.96176  2.25%  2148 4278s
 26203 10216  872.36328   58  702  889.00000  869.02870  2.25%  2126 4306s
 26718 10524  873.83156   56  490  889.00000  869.09530  2.24%  2108 4333s
 27207 10713  882.83210   96  582  889.00000  869.14268  2.23%  2090 4361s
 27530 10908  876.82426   61  442  889.00000  869.18801  2.23%  2084 4390s
 27891 11178  880.55536   64  471  889.00000  869.24990  2.22%  2072 4418s
 28380 11508  875.15773   65  698  889.00000  869.29976  2.22%  2056 4447s
 28973 11737  886.35117  107  431  889.00000  869.34189  2.21%  2036 4475s
 29374 11914  874.99466   56  473  889.00000  869.43470  2.20%  2024 4502s
 29710 12151  876.05784   62  422  889.00000  869.44696  2.20%  2019 4533s
 30181 12417  876.24649   65  659  889.00000  869.53763  2.19%  2006 4562s
 30557 12696  871.72945   54  613  889.00000  869.58713  2.18%  2000 4590s
 31066 12697  882.75958   82  528  889.00000  869.59924  2.18%  1985 5363s
 31068 12698  883.38740   75  485  889.00000  869.59924  2.18%  1985 5369s
 31069 12699  881.33388   78  627  889.00000  869.59924  2.18%  1985 5379s
 31070 12700  872.49191   53  672  889.00000  869.59924  2.18%  1985 5383s
 31071 12700  885.44052   90  658  889.00000  869.59924  2.18%  1985 5388s
 31072 12701  872.66186   50  625  889.00000  869.59924  2.18%  1985 5393s
 31073 12702  879.77148   83  628  889.00000  869.59924  2.18%  1985 5397s
 31074 12702  876.32944   65  702  889.00000  869.59924  2.18%  1985 5401s
 31076 12704  880.95631  106  694  889.00000  869.59924  2.18%  1985 5406s
 31078 12705  880.09534   65  730  889.00000  869.59924  2.18%  1985 5412s
 31079 12706  880.19799   78  767  889.00000  869.59924  2.18%  1984 5415s
 31082 12708  880.70303   89  786  889.00000  869.59924  2.18%  1984 5421s
 31085 12710  871.13356   61  791  889.00000  869.59924  2.18%  1984 5426s
 31087 12711  885.82402   64  825  889.00000  869.59924  2.18%  1984 5430s
 31090 12713  877.78635   68  763  889.00000  869.59924  2.18%  1984 5450s
 31091 12714  872.91899   53  771  889.00000  869.59924  2.18%  1984 5456s
 31092 12714  885.79796  102  823  889.00000  869.59924  2.18%  1984 5472s
 31094 12716  880.61953   60  740  889.00000  869.59924  2.18%  1984 5488s
 31096 12717  885.75474  107  762  889.00000  869.59924  2.18%  1983 5506s
 31097 12718  874.80297   65  775  889.00000  869.59924  2.18%  1983 5520s
 31100 12720  884.94721   84  760  889.00000  869.59924  2.18%  1983 5546s
 31101 12720  878.73584   77  722  889.00000  869.59924  2.18%  1983 5550s
 31102 12721  885.78567   69  723  889.00000  869.59924  2.18%  1983 5564s
 31105 12724  881.05556   76  528  889.00000  869.59924  2.18%  1992 5565s
 31108 12726  874.65853   60  575  889.00000  869.59924  2.18%  1992 5580s
 31111 12728  878.74755   84  532  889.00000  869.59924  2.18%  1992 5586s
 31113 12729  878.70560   74  573  889.00000  869.59924  2.18%  1992 5593s
 31114 12730  884.68884   86  659  889.00000  869.59924  2.18%  1992 5595s
 31118 12733  877.47418   72  614  889.00000  869.59924  2.18%  1991 5600s
 31121 12735  884.15748  118  734  889.00000  869.59924  2.18%  1991 5616s
 31123 12736  880.31432   79  748  889.00000  869.59924  2.18%  1991 5627s
 31125 12737  878.40129   92  637  889.00000  869.66977  2.17%  1991 5643s
 31127 12739  877.72540   76  726  889.00000  869.85012  2.15%  1991 5656s
 31128 12739  880.29911   85  728  889.00000  869.90362  2.15%  1991 5677s
 31130 12741  875.47312   63  697  889.00000  870.11862  2.12%  1991 5691s
 31131 12741  884.81766   92  683  889.00000  870.38484  2.09%  1991 5695s
 31132 12742  878.81039   74  806  889.00000  870.38600  2.09%  1991 5707s
 31134 12743  874.33654   66  690  889.00000  870.48082  2.08%  1990 5721s
 31135 12744  882.51373   84  693  889.00000  870.54425  2.08%  1990 5729s
 31136 12745  880.54676   64  715  889.00000  870.56097  2.07%  1990 5740s
 31138 12746  875.63924   75  821  889.00000  870.97972  2.03%  1990 5753s
 31140 12747  883.98633   99  781  889.00000  870.97972  2.03%  1990 5767s
 31142 12749  881.87507   93  841  889.00000  870.98526  2.03%  1990 5780s
 31144 12750  876.82596   68  874  889.00000  871.05193  2.02%  1990 5794s
 31146 12751  879.62720   70  774  889.00000  871.09542  2.01%  1990 5806s
 31148 12753  878.25831   89  696  889.00000  871.13621  2.01%  1990 5823s
 31150 12754  879.55269   62  832  889.00000  871.27330  1.99%  1989 5834s
 31151 12755  879.18043   69  769  889.00000  871.36311  1.98%  1989 5837s
 31152 12755  871.37368   56  818  889.00000  871.37368  1.98%  1989 5847s
 31154 12757  877.86612   90  827  889.00000  871.51658  1.97%  1989 5860s
 31156 12758  872.05872   60  813  889.00000  871.53762  1.96%  1989 5871s
 31158 12759  874.72176   71  888  889.00000  872.11557  1.90%  1989 5883s
 31160 12761  885.38212   90  765  889.00000  872.11557  1.90%  1989 5902s
 31162 12762  872.50940   66  739  889.00000  872.11557  1.90%  1989 5913s
 31164 12763  881.16709   82  812  889.00000  873.26195  1.77%  1988 5925s
 31166 12765  882.75958   82  840  889.00000  873.31905  1.76%  1988 5936s
 31168 12766  883.38740   75  859  889.00000  873.34114  1.76%  1988 5947s
 31170 12767  873.34114   53  815  889.00000  873.34114  1.76%  1988 5959s
 31171 12768  885.44052   90  707  889.00000  873.58832  1.73%  1988 5960s
 31172 12769  873.58832   50  765  889.00000  873.58832  1.73%  1988 5970s
 31174 12770  876.32944   65  762  889.00000  873.72137  1.72%  1988 5980s
 31180 12775  884.93473  121  572  889.00000  873.72137  1.72%  1996 5988s
 31182 12776  880.70303   89  563  889.00000  873.72137  1.72%  1995 5992s
 31184 12778  873.72137   68  596  889.00000  873.72137  1.72%  1995 5995s
 31188 12780  882.67114   82  678  889.00000  873.72137  1.72%  1995 6000s
 31193 12784  877.75912   76  813  889.00000  873.74883  1.72%  1995 6012s
 31194 12784  880.61953   60  822  889.00000  873.76134  1.71%  1995 6016s
 31195 12785  873.76134   57  838  889.00000  873.76134  1.71%  1995 6025s
 31197 12786  874.80297   65  718  889.00000  873.83041  1.71%  1995 6036s
 31199 12788  877.43165   55  807  889.00000  873.83041  1.71%  1994 6045s
 31200 12788  884.94721   84  750  889.00000  873.90002  1.70%  1994 6053s
 31201 12789  878.73584   77  789  889.00000  873.90002  1.70%  1994 6061s
 31203 12790  879.32476   66  758  889.00000  874.13756  1.67%  1994 6072s
 31205 12792  881.05556   76  776  889.00000  874.15733  1.67%  1994 6084s
 31206 12792  882.96448   86  718  889.00000  874.16798  1.67%  1994 6089s
 31207 12793  878.24026   82  726  889.00000  874.16892  1.67%  1994 6098s
 31209 12794  878.80680   81  754  889.00000  874.17503  1.67%  1994 6106s
 31211 12796  878.74755   84  730  889.00000  874.24295  1.66%  1994 6117s
 31213 12797  878.70560   74  752  889.00000  874.24295  1.66%  1994 6127s
 31214 12798  884.68884   86  724  889.00000  874.24432  1.66%  1993 6130s
 31215 12798  874.24432   58  697  889.00000  874.24432  1.66%  1993 6139s
 31216 12799  876.87812   64  720  889.00000  874.24432  1.66%  1993 6140s
 31217 12800  874.24432   58  678  889.00000  874.24432  1.66%  1993 6149s
 31218 12800  877.47418   72  704  889.00000  874.24881  1.66%  1993 6151s
 31219 12801  876.65834   71  713  889.00000  874.24881  1.66%  1993 6162s
 31221 12802  884.15748  118  811  889.00000  874.26437  1.66%  1993 6173s
 31222 12803  879.98474   63  753  889.00000  874.34237  1.65%  1993 6175s
 31223 12804  880.31432   79  803  889.00000  874.34813  1.65%  1993 6183s
 31225 12805  878.40129   92  713  889.00000  874.43564  1.64%  1993 6191s
 31227 12806  877.72540   76  763  889.00000  874.45686  1.64%  1993 6202s
 31229 12808  875.94623   74  795  889.00000  874.45686  1.64%  1992 6210s
 31231 12809  884.81766   92  758  889.00000  874.45686  1.64%  1992 6219s
 31232 12810  878.81039   74  750  889.00000  874.45686  1.64%  1992 6228s
 31233 12810  885.68480  112  828  889.00000  874.45686  1.64%  1992 6237s
 31235 12812  882.51373   84  838  889.00000  874.45706  1.64%  1992 6246s
 31237 12813  884.48116   80  809  889.00000  874.45871  1.64%  1992 6254s
 31239 12814  880.41624   62  805  889.00000  874.53496  1.63%  1992 6262s
 31240 12815  883.98633   99  813  889.00000  874.53496  1.63%  1992 6265s
 31241 12816  882.36609   78  813  889.00000  874.53496  1.63%  1992 6285s
 31243 12817  874.54434   60  800  889.00000  874.54434  1.63%  1992 6293s
 31244 12818  876.82596   68  783  889.00000  874.54434  1.63%  1992 6311s
 31245 12818  874.72152   68  805  889.00000  874.54434  1.63%  1991 6320s
 31247 12820  879.35808   71  783  889.00000  874.55357  1.63%  1991 6328s
 31249 12821  882.25782   65  797  889.00000  874.58494  1.62%  1991 6337s
 31251 12822  879.18043   69  826  889.00000  874.70052  1.61%  1991 6346s
 31253 12824  874.70052   67  822  889.00000  874.70052  1.61%  1991 6355s
 31254 12824  877.86612   90  822  889.00000  874.70052  1.61%  1991 6364s
 31256 12826  874.70052   60  782  889.00000  874.70052  1.61%  1991 6371s
 31258 12827  874.72176   71  800  889.00000  874.70052  1.61%  1991 6385s
 31260 12828  885.38212   90  838  889.00000  874.70052  1.61%  1991 6394s
 31261 12829  884.37271   93  804  889.00000  874.70052  1.61%  1990 6395s
 31262 12830  874.70052   66  810  889.00000  874.70052  1.61%  1990 6402s
 31264 12831  881.16709   82  816  889.00000  874.70052  1.61%  1990 6412s
 31266 12832  882.75958   82  818  889.00000  874.70052  1.61%  1990 6420s
 31268 12834  883.38740   75  832  889.00000  874.70052  1.61%  1990 6430s
 31270 12835  874.70052   53  832  889.00000  874.70052  1.61%  1990 6439s
 31271 12836  885.44052   90  832  889.00000  874.70052  1.61%  1990 6458s
 31272 12836  874.70052   50  832  889.00000  874.70052  1.61%  1990 6474s
 31273 12837  879.77148   83  834  889.00000  874.70052  1.61%  1990 6481s
 31274 12838  876.32944   65  834  889.00000  874.70052  1.61%  1990 6491s
 31275 12838  876.67253   60  834  889.00000  875.19673  1.55%  1990 6501s
 31286 12851  875.19673   86  657  889.00000  875.19673  1.55%  1996 6505s
 31301 12861  875.20024   88  647  889.00000  875.19673  1.55%  1998 6510s
 31321 12870  875.63343   90  653  889.00000  875.19673  1.55%  1998 6515s
 31360 12876  885.43053   92  530  889.00000  875.21248  1.55%  1998 6521s
 31396 12894  877.74171   94  387  889.00000  875.21248  1.55%  1999 6526s
 31428 12900  878.37671   96  531  889.00000  875.21248  1.55%  1998 6530s
 31462 12911  879.57380   98  528  889.00000  875.32181  1.54%  1999 6535s
 31480 12921  878.94354  101  561  889.00000  875.32181  1.54%  2001 6540s
 31495 12931  879.45241  103  623  889.00000  875.32181  1.54%  2002 6545s
 31529 12951  882.62738  107  504  889.00000  875.32181  1.54%  2003 6550s
 31577 12973  880.91528  115  287  889.00000  875.32181  1.54%  2004 6556s
 31684 12985     cutoff  127       889.00000  875.32181  1.54%  2001 6561s
 31814 12965  876.46350   91  634  889.00000  875.55529  1.51%  1996 6566s
 31857 12970  877.84032   95  666  889.00000  875.55529  1.51%  1996 6570s
 31887 13001  878.83953   99  556  889.00000  875.55529  1.51%  1997 6575s
 31970 13022  880.26990  107  452  889.00000  875.55529  1.51%  1994 6580s
 32060 13044  883.70503  125  224  889.00000  876.28629  1.43%  1992 6586s
 32175 13034  885.51360   93  430  889.00000  876.38649  1.42%  1989 6592s
 32257 13054  882.50678   98  575  889.00000  876.38649  1.42%  1988 6598s
 32310 13061  885.80610  106  346  889.00000  876.38649  1.42%  1986 6603s
 32378 13063  879.46764   95  504  889.00000  876.51137  1.40%  1984 6605s
 32404 13073     cutoff   97       889.00000  876.51137  1.40%  1985 6610s
 32500 13076  883.67385  101  586  889.00000  876.57967  1.40%  1983 6617s
 32537 13095  878.44668   96  581  889.00000  876.63138  1.39%  1984 6620s
 32635 13138  886.18960  116  581  889.00000  876.66752  1.39%  1983 6629s
 32731 13133  886.30631   97  393  889.00000  876.92123  1.36%  1980 6633s
 32778 13137  880.12443   98  492  889.00000  876.92123  1.36%  1980 6639s
 32832 13144     cutoff  100       889.00000  877.00346  1.35%  1980 6644s
 32912 13149  878.58881   98  708  889.00000  877.34063  1.31%  1978 6649s
 32955 13180     cutoff  105       889.00000  877.34063  1.31%  1979 6654s
 33033 13192  880.88589   98  676  889.00000  877.61149  1.28%  1977 6659s
 33091 13214  886.86803  116  551  889.00000  877.65226  1.28%  1977 6665s
 33181 13209  878.90557   99  650  889.00000  877.65226  1.28%  1975 6670s
 33220 13250  880.38347  106  606  889.00000  877.65226  1.28%  1977 6676s
 33311 13258  886.20628  133  393  889.00000  877.75130  1.27%  1975 6682s
 33402 13274  880.29442  101  542  889.00000  877.83273  1.26%  1972 6688s
 33496 13285  886.41352  131  368  889.00000  877.95262  1.24%  1970 6694s
 33564 13315  880.26828  101  653  889.00000  877.96329  1.24%  1970 6701s
 33650 13354  883.86506  105  416  889.00000  877.96329  1.24%  1969 6708s
 33794 13380  881.07415  103  454  889.00000  878.08732  1.23%  1965 6715s
 33906 13401  881.78797   98  634  889.00000  878.12214  1.22%  1963 6723s
 34077 13410     cutoff  104       889.00000  878.12214  1.22%  1958 6731s
 34204 13434  880.15200  100  584  889.00000  878.24379  1.21%  1955 6739s
 34335 13485  886.17355   97  337  889.00000  878.27584  1.21%  1953 6748s
 34522 13501  883.45998  111  550  889.00000  878.41380  1.19%  1948 6758s
 34692 13524  885.48689  105  595  889.00000  878.48957  1.18%  1943 6767s
 34912 13511  885.68522  100  496  889.00000  878.55093  1.18%  1936 6777s
 35100 13532  885.49344  121  492  889.00000  878.63360  1.17%  1931 6786s
 35312 13545  884.20210  110  534  889.00000  878.67100  1.16%  1926 6796s
 35548 13554  886.16316  130  488  889.00000  878.70584  1.16%  1919 6807s
 35794 13550     cutoff  113       889.00000  878.77210  1.15%  1911 6818s
 35999 13613     cutoff  128       889.00000  878.84267  1.14%  1905 6831s
 36263 13646  881.76467  102  526  889.00000  878.92793  1.13%  1897 6843s
 36532 13675  884.74154  112  475  889.00000  878.97344  1.13%  1889 6855s
 36769 13740  882.95233  109  492  889.00000  879.01897  1.12%  1883 6868s
 37142 13708  886.99103  115  342  889.00000  879.08001  1.12%  1872 6882s
 37444 13744  885.25847  111  164  889.00000  879.17962  1.10%  1865 6896s
 37881 13725  886.78260  106  468  889.00000  879.25207  1.10%  1851 6910s
 38299 13736  883.18711  104  505  889.00000  879.34814  1.09%  1840 6925s
 38672 13740  886.63709  101  513  889.00000  879.44195  1.08%  1830 6940s
 38997 13806  880.47997  100  598  889.00000  879.45926  1.07%  1823 6956s
 39497 13882  884.39386  101  402  889.00000  879.55247  1.06%  1809 6973s
 40151 13872  886.42622  104  562  889.00000  879.66179  1.05%  1791 6990s
 40710 13872  886.27274  109  286  889.00000  879.75704  1.04%  1777 7007s
 41301 13983  881.73412  101  607  889.00000  879.84368  1.03%  1762 7027s
 42066 13877  883.48338  101  477  889.00000  879.90042  1.02%  1743 7037s
 42422 13948  883.18222  107  540  889.00000  879.97857  1.01%  1736 7049s
 42839 13954  885.37474  101  490  889.00000  880.02453  1.01%  1726 7060s
 43190 13955  882.34725  101  493  889.00000  880.09273  1.00%  1720 7071s
 43517 14033  887.94309  121  443  889.00000  880.10798  1.00%  1713 7083s
 43913 14089  885.25471  101  372  889.00000  880.16836  0.99%  1705 7095s
 44361 14155  883.58989  107  509  889.00000  880.26404  0.98%  1696 7106s
 44957 14187  883.74933  104  513  889.00000  880.31686  0.98%  1681 7118s
 45506 14169  884.35917  121  384  889.00000  880.34797  0.97%  1669 7129s
 46001 14180  885.88688  113  506  889.00000  880.37390  0.97%  1658 7140s
 46495 14164  885.16471  103  539  889.00000  880.47809  0.96%  1648 7150s
 46859 14211  882.20706  102  598  889.00000  880.52430  0.95%  1642 7160s
 47280 14264  887.45468  120  351  889.00000  880.58006  0.95%  1634 7171s
 47795 14331  882.02346  106  560  889.00000  880.60734  0.94%  1623 7181s
 48269 14343  887.91933  114  302  889.00000  880.65917  0.94%  1613 7191s
 48752 14372  883.53366  101  434  889.00000  880.72632  0.93%  1604 7201s
 49229 14389  882.75038  106  682  889.00000  880.80956  0.92%  1595 7211s
 49715 14400  883.47299  106  640  889.00000  880.84889  0.92%  1586 7221s
 50163 14444  882.29847  106  525  889.00000  880.92004  0.91%  1578 7231s
 50587 14488  885.92180  111  507  889.00000  880.96249  0.90%  1571 7240s
 51013 14545     cutoff   98       889.00000  881.01428  0.90%  1565 7251s
 51440 14556  885.28463  112  285  889.00000  881.04740  0.89%  1557 7260s
 51860 14655  885.12562  106  603  889.00000  881.09104  0.89%  1551 7275s
 52565 14589  883.88784  108  546  889.00000  881.16156  0.88%  1539 7283s
 52945 14643  884.66088  103  496  889.00000  881.18887  0.88%  1533 7293s
 53480 14539     cutoff  111       889.00000  881.23862  0.87%  1523 7302s
 53641 14590  886.52319  117  374  889.00000  881.24366  0.87%  1521 7311s
 53967 14614  885.34424  106  429  889.00000  881.26421  0.87%  1516 7320s
 54382 14606  886.11384  103  269  889.00000  881.30703  0.87%  1510 7330s
 54814 14575  884.03356   90  389  889.00000  881.33662  0.86%  1503 7339s
 55226 14575  883.70956  107  628  889.00000  881.35704  0.86%  1497 7348s
 55623 14617  885.83624  102  545  889.00000  881.39554  0.86%  1492 7357s
 56130 14619  884.39717  108  486  889.00000  881.42613  0.85%  1484 7366s
 56566 14591  885.21877  102  378  889.00000  881.47862  0.85%  1478 7375s
 57021 14536     cutoff  108       889.00000  881.50000  0.84%  1471 7384s
 57326 14577  886.84863  107  545  889.00000  881.50778  0.84%  1467 7393s
 57713 14604  885.31630  107  324  889.00000  881.54168  0.84%  1462 7402s
 58224 14582     cutoff  106       889.00000  881.58453  0.83%  1455 7411s
 58707 14617  882.73021   93  380  889.00000  881.62811  0.83%  1448 7420s
 59244 14630  884.65722  106  493  889.00000  881.66814  0.82%  1439 7428s
 59810 14569  882.90393  109  158  889.00000  881.68858  0.82%  1431 7437s
 60213 14554  885.84771  105  570  889.00000  881.73535  0.82%  1426 7445s
 60631 14561  885.69974  116  261  889.00000  881.76496  0.81%  1421 7453s
 61083 14559  882.28631  106  506  889.00000  881.79786  0.81%  1415 7462s
 61503 14566  884.34633  102  556  889.00000  881.81911  0.81%  1410 7471s
 62001 14545  887.80892  102  476  889.00000  881.85505  0.80%  1403 7479s
 62439 14647     cutoff  108       889.00000  881.88598  0.80%  1397 7492s
 63229 14497     cutoff  119       889.00000  881.93545  0.79%  1387 7499s
 63609 14479     cutoff  101       889.00000  881.95340  0.79%  1382 7506s
 63980 14489  886.59282  104  441  889.00000  881.98726  0.79%  1378 7513s
 64428 14413  883.56188   96  250  889.00000  882.00928  0.79%  1372 7521s
 64627 14446  884.34432  106  414  889.00000  882.02505  0.78%  1370 7529s
 64986 14480  884.33546  106  340  889.00000  882.02734  0.78%  1366 7536s
 65383 14455  884.53710  100  457  889.00000  882.06259  0.78%  1362 7544s
 65740 14444  884.16264  111  541  889.00000  882.08378  0.78%  1358 7552s
 66197 14409  886.26439  113  378  889.00000  882.11980  0.77%  1353 7560s
 66608 14393  886.91545  103  559  889.00000  882.15016  0.77%  1348 7568s
 66966 14399  886.44604  114  520  889.00000  882.17380  0.77%  1345 7575s
 67473 14319  885.13799   97  346  889.00000  882.19852  0.77%  1339 7583s
 67865 14450  883.96345  107  591  889.00000  882.23070  0.76%  1335 7591s
 68441 14335     cutoff   99       889.00000  882.26226  0.76%  1328 7598s
 68817 14271  887.52937  111  175  889.00000  882.29418  0.75%  1324 7605s
 69062 14356     cutoff  103       889.00000  882.30689  0.75%  1323 7613s
 69488 14328  883.06976  111  581  889.00000  882.33093  0.75%  1319 7621s
 69914 14333  887.61555  113  423  889.00000  882.36711  0.75%  1314 7628s
 70316 14431  886.23813  124  327  889.00000  882.40454  0.74%  1311 7637s
 70711 14487  883.84866  110  492  889.00000  882.43705  0.74%  1307 7645s
 71016 14601  887.15112  114  302  889.00000  882.45376  0.74%  1304 7653s
 71531 14704  883.95345  103  496  889.00000  882.48456  0.73%  1299 7661s
 71866 14783  885.72707  104  573  889.00000  882.49046  0.73%  1296 7669s
 72328 14923  887.62756  104  230  889.00000  882.50910  0.73%  1292 7677s
 72823 15088  884.30491  110  344  889.00000  882.53220  0.73%  1287 7689s
 73437 15206  885.48269  110  386  889.00000  882.57749  0.72%  1281 7696s
 73908 15299  886.96523  116  461  889.00000  882.60962  0.72%  1277 7704s
 74298 15394  884.19932  104  474  889.00000  882.62886  0.72%  1273 7711s
 74753 15530  884.06242  107  604  889.00000  882.64701  0.71%  1269 7718s
 75186 15626  883.36890  112  562  889.00000  882.67004  0.71%  1265 7725s
 75591 15760  884.07879  108  404  889.00000  882.68571  0.71%  1262 7733s
 76050 15832  885.22478  111  418  889.00000  882.71109  0.71%  1257 7741s
 76406 15848  884.79027  102  420  889.00000  882.72803  0.71%  1254 7748s
 76648 15930  884.45285   97  461  889.00000  882.74372  0.70%  1253 7755s
 76996 16040  886.91808  105  267  889.00000  882.77191  0.70%  1250 7763s
 77443 16131  884.46613  108  491  889.00000  882.79812  0.70%  1246 7770s
 77841 16259  886.48722  114  374  889.00000  882.81869  0.70%  1243 7778s
 78364 16389     cutoff  112       889.00000  882.84157  0.69%  1238 7785s
 78918 16501  885.40639  105  432  889.00000  882.87869  0.69%  1233 7792s
 79345 16612  883.81500  100  654  889.00000  882.89700  0.69%  1229 7799s
 79820 16765  885.18577  119  383  889.00000  882.92216  0.68%  1226 7806s
 80384 16868  886.09046  111  713  889.00000  882.94960  0.68%  1220 7813s
 80831 16935  886.97333  113  460  889.00000  882.96167  0.68%  1217 7820s
 81318 17100  887.92745  115  370  889.00000  882.99464  0.68%  1213 7827s
 81939 17225  885.37130  106  485  889.00000  883.01700  0.67%  1207 7834s
 82385 17224  885.73454  112  426  889.00000  883.03325  0.67%  1203 7842s
 82409 17261  885.83717  113  423  889.00000  883.03325  0.67%  1203 7849s
 82666 17302  886.89618  108  456  889.00000  883.04092  0.67%  1201 7855s
 82944 17382  884.26965  109  681  889.00000  883.04659  0.67%  1199 7862s
 83328 17600  887.32604  102  349  889.00000  883.09195  0.66%  1196 7874s
 84054 17663  883.93209  108  439  889.00000  883.12132  0.66%  1191 7880s
 84447 17759  885.19317  114  449  889.00000  883.14292  0.66%  1188 7887s
 84998 17838  886.30519  102  227  889.00000  883.15716  0.66%  1183 7892s
 85385 17890  885.27902  110  371  889.00000  883.18255  0.65%  1180 7898s
 85745 17956  884.47414  108  446  889.00000  883.19888  0.65%  1177 7904s
 86121 18013     cutoff   97       889.00000  883.21405  0.65%  1175 7910s
 86397 18078     cutoff  112       889.00000  883.23282  0.65%  1173 7917s
 86768 18187  885.16330  110  476  889.00000  883.25145  0.65%  1170 7923s
 87207 18312  884.29680  115  341  889.00000  883.26254  0.65%  1167 7930s
 87679 18369     cutoff  104       889.00000  883.27971  0.64%  1164 7936s
 88055 18428  885.88083  112  400  889.00000  883.29669  0.64%  1161 7942s
 88432 18515  883.46453  109  336  889.00000  883.30950  0.64%  1159 7949s
 88721 18587  886.63833  108  606  889.00000  883.32661  0.64%  1157 7955s
 89175 18685     cutoff  115       889.00000  883.34735  0.64%  1154 7962s
 89692 18780  886.13003   94  482  889.00000  883.37332  0.63%  1150 7968s
 90192 18850  886.90899  109  351  889.00000  883.40156  0.63%  1146 7975s
 90563 18976  884.67717  108  412  889.00000  883.41833  0.63%  1144 7981s
 91000 19052  883.95580  115  198  889.00000  883.43324  0.63%  1141 7987s
 91457 19145  887.23277  107  450  889.00000  883.44999  0.62%  1138 7993s
 91957 19207  885.26012  109  458  889.00000  883.47414  0.62%  1134 7999s
 92417 19251  887.79987  104  445  889.00000  883.48830  0.62%  1131 8005s
 92838 19310  887.50618  100  227  889.00000  883.50472  0.62%  1128 8011s
 93259 19361     cutoff  107       889.00000  883.51882  0.62%  1126 8018s
 93594 19548     cutoff  117       889.00000  883.53144  0.62%  1124 8028s
 94381 19655  886.45774  115  345  889.00000  883.55524  0.61%  1118 8034s
 94757 19763  885.91126  113  490  889.00000  883.57389  0.61%  1116 8039s
 95226 19841  885.88352  108  463  889.00000  883.58842  0.61%  1113 8045s
 95641 19898  884.47891  115  374  889.00000  883.60013  0.61%  1110 8051s
 96000 19931  886.75730  100  570  889.00000  883.61592  0.61%  1108 8056s
 96398 20005  884.57829  115  511  889.00000  883.63564  0.60%  1105 8062s
 96786 20094  886.39639  110  451  889.00000  883.65344  0.60%  1103 8068s
 97241 20165  887.13442  120  451  889.00000  883.66294  0.60%  1100 8074s
 97688 20210  885.34331  109  413  889.00000  883.68117  0.60%  1097 8079s
 98052 20243     cutoff  112       889.00000  883.69966  0.60%  1095 8085s
 98505 20294  885.29488  107  440  889.00000  883.71482  0.59%  1092 8090s
 98874 20350     cutoff  108       889.00000  883.73086  0.59%  1090 8096s
 99160 20385  885.71953  113  574  889.00000  883.73882  0.59%  1088 8102s
 99553 20430  887.90905  115  176  889.00000  883.75226  0.59%  1086 8107s
 100001 20501     cutoff  106       889.00000  883.76473  0.59%  1083 8113s
 100502 20556  885.41819  107  272  889.00000  883.78203  0.59%  1080 8118s
 100913 20629  885.52631  111  494  889.00000  883.79548  0.59%  1077 8124s
 101373 20682  886.75000  101  239  889.00000  883.81203  0.58%  1075 8129s
 101756 20723  884.85221  100  574  889.00000  883.82428  0.58%  1073 8135s
 102155 20786  885.55014  109  652  889.00000  883.84114  0.58%  1071 8140s
 102570 20830  884.88873  110  482  889.00000  883.85304  0.58%  1068 8146s
 102922 20844     cutoff  108       889.00000  883.85455  0.58%  1066 8152s
 103383 20921     cutoff  108       889.00000  883.88360  0.58%  1063 8157s
 103816 21026  887.95978  109  547  889.00000  883.89971  0.57%  1061 8167s
 104574 21063  884.43786  101  270  889.00000  883.92100  0.57%  1056 8173s
 104926 21097     cutoff   98       889.00000  883.94373  0.57%  1055 8178s
 105285 21127  885.04993   95  192  889.00000  883.95248  0.57%  1053 8183s
 105706 21180  886.53817  110  247  889.00000  883.97128  0.57%  1051 8189s
 106240 21211  886.25011  113  328  889.00000  883.98319  0.56%  1048 8194s
 106595 21270     cutoff   97       889.00000  883.99657  0.56%  1046 8200s
 107027 21323  887.88128  123  284  889.00000  884.00755  0.56%  1043 8206s
 107458 21350     cutoff  110       889.00000  884.02014  0.56%  1041 8211s
 107817 21352  887.15473  108  354  889.00000  884.02995  0.56%  1039 8216s
 108207 21408     cutoff  113       889.00000  884.05103  0.56%  1037 8222s
 108657 21421     cutoff  111       889.00000  884.06572  0.56%  1035 8227s
 108841 21481     cutoff  115       889.00000  884.07039  0.55%  1034 8233s
 109322 21526  885.09702  108  604  889.00000  884.08646  0.55%  1032 8238s
 109737 21565  887.42248  119  428  889.00000  884.09784  0.55%  1030 8244s
 110159 21638  885.06889  101  445  889.00000  884.10925  0.55%  1028 8250s
 110709 21686  886.16071  107  256  889.00000  884.12400  0.55%  1024 8256s
 111126 21743     cutoff  119       889.00000  884.13848  0.55%  1022 8261s
 111562 21787  886.95564  109  372  889.00000  884.15155  0.55%  1020 8267s
 112008 21834  885.07098   98  238  889.00000  884.16784  0.54%  1018 8272s
 112394 21844  887.60027   95  113  889.00000  884.18235  0.54%  1016 8278s
 112868 21896     cutoff  119       889.00000  884.20272  0.54%  1013 8283s
 113334 21997     cutoff  105       889.00000  884.21653  0.54%  1011 8289s
 113845 22012     cutoff  125       889.00000  884.22517  0.54%  1008 8294s
 114287 22088  885.04599  117  390  889.00000  884.24664  0.53%  1006 8304s
 115157 22119  885.77298  117  484  889.00000  884.26823  0.53%  1001 8308s
 115536 22139  886.07928  115  495  889.00000  884.28063  0.53%  1000 8312s
 115914 22150     cutoff  106       889.00000  884.29102  0.53%   998 8317s
 116322 22167     cutoff  111       889.00000  884.30421  0.53%   995 8322s
 116685 22201  885.23444  108  429  889.00000  884.31661  0.53%   994 8327s
 117039 22194     cutoff  122       889.00000  884.32803  0.53%   992 8331s
 117387 22207     cutoff  122       889.00000  884.34149  0.52%   991 8336s
 117736 22231     cutoff   97       889.00000  884.35254  0.52%   989 8341s
 118218 22227  886.90918  113  434  889.00000  884.36584  0.52%   987 8346s
 118664 22221  885.94044  111  589  889.00000  884.38045  0.52%   985 8351s
 119040 22184  886.52927  124  329  889.00000  884.38831  0.52%   983 8356s
 119445 22233     cutoff  102       889.00000  884.40655  0.52%   981 8361s
 119871 22221     cutoff  104       889.00000  884.41764  0.52%   980 8366s
 120147 22225  887.02922  119  289  889.00000  884.43007  0.51%   979 8371s
 120584 22236  885.45675  115  278  889.00000  884.44611  0.51%   976 8376s
 120985 22255     cutoff  111       889.00000  884.45560  0.51%   975 8381s
 121417 22234     cutoff  111       889.00000  884.46470  0.51%   973 8386s
 121772 22229  886.35650  112  449  889.00000  884.47744  0.51%   971 8391s
 122195 22264  886.21014  102  558  889.00000  884.49521  0.51%   969 8396s
 122659 22270  887.05344  106  395  889.00000  884.50935  0.51%   967 8401s
 123030 22311     cutoff  109       889.00000  884.51855  0.50%   966 8406s
 123489 22310  885.08694  115  306  889.00000  884.53435  0.50%   964 8411s
 123942 22288  887.42556  106  460  889.00000  884.54445  0.50%   962 8416s
 124281 22281  885.65048  108  440  889.00000  884.55264  0.50%   961 8421s
 124705 22303  885.56730  114  282  889.00000  884.56659  0.50%   959 8426s
 125194 22344  885.93940  146  123  889.00000  884.57833  0.50%   957 8435s
 125968 22349  886.62720  121  332  889.00000  884.59546  0.50%   953 8440s
 126778 22344  886.71667  110  254  889.00000  884.62693  0.49%   950 8449s
 127064 22358  887.79338  102  196  889.00000  884.63177  0.49%   949 8454s
 127462 22345  886.32251  109  185  889.00000  884.64211  0.49%   947 8459s
 127884 22353  885.92868  110  424  889.00000  884.65174  0.49%   946 8464s
 128348 22378  886.66824   92  485  889.00000  884.66707  0.49%   944 8469s
 128792 22357  886.04547  110  312  889.00000  884.67373  0.49%   942 8474s
 129167 22366  886.68572  105  412  889.00000  884.68425  0.49%   941 8479s
 129645 22361  886.58531  105  340  889.00000  884.69424  0.48%   939 8484s
 130070 22342     cutoff  109       889.00000  884.70899  0.48%   937 8489s
 130258 22337  887.26464  108  440  889.00000  884.71163  0.48%   936 8494s
 130636 22346  887.21724  106  473  889.00000  884.71658  0.48%   935 8499s
 131069 22351  886.17034  111  553  889.00000  884.73350  0.48%   933 8504s
 131503 22369     cutoff  109       889.00000  884.74737  0.48%   932 8509s
 131970 22380     cutoff  117       889.00000  884.76015  0.48%   930 8514s
 132368 22403  887.45109  103  399  889.00000  884.76849  0.48%   928 8518s
 132753 22354     cutoff  111       889.00000  884.77775  0.47%   927 8523s
 133247 22365     cutoff  107       889.00000  884.79658  0.47%   925 8528s
 133734 22359     cutoff  104       889.00000  884.80906  0.47%   923 8533s
 134169 22389  887.23452  102  152  889.00000  884.81995  0.47%   921 8538s
 134612 22399  886.48830  116  538  889.00000  884.83197  0.47%   920 8543s
 135051 22392     cutoff  114       889.00000  884.83992  0.47%   918 8548s
 135307 22411     cutoff  112       889.00000  884.84759  0.47%   917 8553s
 135764 22367  886.20487  114  448  889.00000  884.85895  0.47%   915 8562s
 136564 22371  886.39829  109  433  889.00000  884.87588  0.46%   912 8566s
 136996 22357     cutoff  106       889.00000  884.88439  0.46%   910 8571s
 137410 22344     cutoff  119       889.00000  884.89579  0.46%   909 8575s
 138190 22299  885.48875  108  408  889.00000  884.92297  0.46%   906 8583s
 138605 22262  885.99312  112  302  889.00000  884.93430  0.46%   905 8588s
 139006 22261  885.91664  119  250  889.00000  884.94507  0.46%   903 8593s
 139479 22222  886.65170  118  563  889.00000  884.95858  0.45%   901 8597s
 139914 22193     cutoff  105       889.00000  884.97045  0.45%   900 8601s
 140277 22141     cutoff  117       889.00000  884.98525  0.45%   899 8606s
 140735 22111  886.78758  112  292  889.00000  885.00000  0.45%   897 8610s
 141161 22106  886.50000  120  173  889.00000  885.00944  0.45%   895 8615s
 141995 22026  887.07444  128  687  889.00000  885.02859  0.45%   893 8624s
 142406 22012     cutoff  117       889.00000  885.03871  0.45%   891 8628s
 142786 21974  886.55477  116  331  889.00000  885.04834  0.44%   890 8632s
 143119 21902  887.93129  123  588  889.00000  885.05727  0.44%   889 8637s
 143585 21855     cutoff  112       889.00000  885.06999  0.44%   887 8641s
 143988 21828  887.06221  100  239  889.00000  885.07996  0.44%   886 8645s
 144365 21811  887.12406  115  637  889.00000  885.08969  0.44%   885 8650s
 145150 21746  885.91442  126  371  889.00000  885.10994  0.44%   882 8659s
 145555 21693     cutoff  118       889.00000  885.11948  0.44%   881 8664s
 145967 21611     cutoff  113       889.00000  885.13140  0.44%   879 8668s
 146435 21572  886.06866  111  394  889.00000  885.13888  0.43%   878 8673s
 146791 21540  886.63151  112  459  889.00000  885.15061  0.43%   876 8677s
 147130 21497  886.11670  120  624  889.00000  885.15251  0.43%   875 8681s
 147468 21425  886.19784  115  458  889.00000  885.16950  0.43%   874 8686s
 147879 21383  886.89743  117  321  889.00000  885.18284  0.43%   873 8690s
 148351 21356     cutoff  121       889.00000  885.19320  0.43%   871 8695s
 148796 21314  887.83282  129  401  889.00000  885.20510  0.43%   870 8700s
 149725 21192     cutoff  115       889.00000  885.22892  0.42%   867 8709s
 150163 21148  886.83902  113  551  889.00000  885.24317  0.42%   865 8713s
 150589 21144  886.56360  112  413  889.00000  885.25631  0.42%   864 8717s
 151131 21096     cutoff  119       889.00000  885.26585  0.42%   862 8722s
 151625 21052  886.52620  106  191  889.00000  885.27912  0.42%   860 8726s
 152056 20992  887.09869  114  229  889.00000  885.28672  0.42%   859 8731s
 152318 20931  886.07854  119  515  889.00000  885.29397  0.42%   858 8735s
 152699 20876     cutoff  106       889.00000  885.30342  0.42%   857 8740s
 153534 20687     cutoff  119       889.00000  885.32976  0.41%   854 8748s
 154020 20620  886.67353  113  345  889.00000  885.34623  0.41%   853 8753s
 154428 20524     cutoff  118       889.00000  885.35508  0.41%   851 8757s
 154853 20439  886.13370  112  426  889.00000  885.36992  0.41%   850 8761s
 155325 20357  887.35951  117  364  889.00000  885.38178  0.41%   849 8766s
 155769 20279  887.03061  125  364  889.00000  885.39401  0.41%   847 8770s
 156232 20240  886.69855  112  319  889.00000  885.40682  0.40%   846 8775s
 156987 20094     cutoff  124       889.00000  885.42391  0.40%   843 8783s
 157459 20036  887.27013  109  279  889.00000  885.43419  0.40%   842 8787s
 157932 19966  886.43724  110  556  889.00000  885.44754  0.40%   840 8792s
 158371 19889  887.26316  113  340  889.00000  885.45649  0.40%   839 8796s
 158817 19788  886.13432  113  318  889.00000  885.46768  0.40%   838 8800s
 159503 19671     cutoff  110       889.00000  885.48623  0.40%   836 8809s
 159905 19594  886.99109  123  396  889.00000  885.49924  0.39%   835 8813s
 160323 19549  886.62565  101  295  889.00000  885.50872  0.39%   833 8817s
 160761 19460  887.10776  116  413  889.00000  885.51696  0.39%   832 8822s
 161267 19351     cutoff  105       889.00000  885.52838  0.39%   831 8826s
 161788 19249  887.41319  117  541  889.00000  885.54392  0.39%   829 8830s
 162222 19140  886.29555  120  529  889.00000  885.55623  0.39%   828 8835s
 162797 19016  887.57416  106  180  889.00000  885.57432  0.39%   826 8843s
 163255 18941  886.98979  116  446  889.00000  885.58405  0.38%   825 8847s
 163662 18865     cutoff  116       889.00000  885.59370  0.38%   824 8852s
 164027 18780     cutoff  106       889.00000  885.60499  0.38%   823 8856s
 164496 18691  886.50648  105  246  889.00000  885.62117  0.38%   821 8860s
 165373 18503     cutoff  108       889.00000  885.64200  0.38%   819 8868s
 165755 18364     cutoff  105       889.00000  885.65033  0.38%   818 8873s
 166278 18245  887.33187  114  287  889.00000  885.66692  0.37%   816 8877s
 166677 18119     cutoff  113       889.00000  885.67688  0.37%   815 8881s
 167122 18035     cutoff  124       889.00000  885.69141  0.37%   814 8885s
 167855 17804     cutoff  111       889.00000  885.71125  0.37%   812 8893s
 168286 17673     cutoff  115       889.00000  885.72375  0.37%   811 8898s
 168756 17537     cutoff  110       889.00000  885.73347  0.37%   810 8902s
 169252 17416     cutoff  108       889.00000  885.75108  0.37%   808 8906s
 169720 17306  886.58324  115  235  889.00000  885.76385  0.36%   807 8910s
 170518 17048  887.49578  121  323  889.00000  885.78150  0.36%   805 8918s
 170995 16983  887.40126  113  282  889.00000  885.79689  0.36%   804 8923s
 171251 16954     cutoff  127       889.00000  885.80467  0.36%   803 8927s
 171399 16889     cutoff  128       889.00000  885.80467  0.36%   802 8931s
 171564 16754  887.68234  113  269  889.00000  885.80707  0.36%   802 8936s
 171991 16599  887.23652  107  479  889.00000  885.82286  0.36%   801 8940s
 172937 16270  886.87340  114  523  889.00000  885.85779  0.35%   798 8949s
 173478 16115     cutoff  118       889.00000  885.87163  0.35%   797 8953s
 173890 16008  887.66620  119  301  889.00000  885.88381  0.35%   796 8957s
 174288 15861  887.66560  120  237  889.00000  885.89285  0.35%   795 8962s
 174619 15752     cutoff  121       889.00000  885.89411  0.35%   794 8966s
 174918 15636  886.90491  118  488  889.00000  885.90000  0.35%   793 8970s
 175664 15324     cutoff  116       889.00000  885.93679  0.34%   791 8978s
 176086 15163  887.55422  113  369  889.00000  885.95000  0.34%   790 8982s
 176598 14960  886.66669  117  587  889.00000  885.96362  0.34%   789 8987s
 177062 14816     cutoff  104       889.00000  885.98155  0.34%   788 8991s
 177490 14644  887.20358  117  287  889.00000  885.99587  0.34%   787 8995s
 178476 14301  887.31413  120  489  889.00000  886.02599  0.33%   784 9004s
 178952 14277     cutoff  113       889.00000  886.03776  0.33%   783 9007s
 178983 14128  887.66309  107  246  889.00000  886.03776  0.33%   783 9011s
 179343 13953     cutoff  118       889.00000  886.05165  0.33%   782 9015s
 179782 13754     cutoff  116       889.00000  886.06780  0.33%   781 9020s
 180754 13352  887.06691  115  301  889.00000  886.10509  0.33%   779 9028s
 181212 13168  887.68427  122  316  889.00000  886.11663  0.32%   777 9032s
 181657 12969  887.21865  109  456  889.00000  886.13165  0.32%   776 9036s
 182077 12880     cutoff  119       889.00000  886.14269  0.32%   775 9040s
 182769 12454     cutoff  117       889.00000  886.16877  0.32%   774 9048s
 183223 12221     cutoff  110       889.00000  886.18634  0.32%   773 9052s
 183717 11971 infeasible  126       889.00000  886.20404  0.31%   771 9056s
 184249 11723     cutoff  111       889.00000  886.22413  0.31%   770 9060s
 185228 11269     cutoff  110       889.00000  886.25795  0.31%   767 9067s
 185666 11064  887.08613  113  463  889.00000  886.27535  0.31%   766 9071s
 186114 10854     cutoff  114       889.00000  886.29384  0.30%   765 9075s
 187121 10369  886.53455  162   85  889.00000  886.33333  0.30%   763 9083s
 187654 10145     cutoff  112       889.00000  886.35429  0.30%   761 9087s
 188115  9945     cutoff  111       889.00000  886.36908  0.30%   760 9090s
 189041  9482  887.74475  110  429  889.00000  886.40724  0.29%   758 9098s
 189512  9221     cutoff  114       889.00000  886.42680  0.29%   757 9102s
 190050  8923     cutoff  124       889.00000  886.44337  0.29%   755 9105s
 191069  8349     cutoff  123       889.00000  886.48865  0.28%   753 9113s
 191571  8132     cutoff  127       889.00000  886.51351  0.28%   751 9116s
 191980  7911     cutoff  132       889.00000  886.52658  0.28%   750 9120s
 192767  7372     cutoff  117       889.00000  886.56286  0.27%   749 9127s
 193199  7135  887.48414  121  456  889.00000  886.58373  0.27%   748 9130s
 193990  6646     cutoff  111       889.00000  886.62072  0.27%   746 9137s
 194398  6394  886.68281  107  400  889.00000  886.64931  0.26%   745 9141s
 195280  5850     cutoff  136       889.00000  886.68697  0.26%   743 9148s
 195720  5541     cutoff   98       889.00000  886.70794  0.26%   742 9151s
 196183  5266  887.14425  111  455  889.00000  886.73734  0.25%   741 9155s
 197060  4607     cutoff  121       889.00000  886.78701  0.25%   739 9162s
 197534  4221     cutoff  116       889.00000  886.81648  0.25%   738 9166s
 198068  3793     cutoff  111       889.00000  886.85656  0.24%   736 9170s
 199243  2818     cutoff  120       889.00000  886.95173  0.23%   734 9178s
 199884  2235     cutoff  119       889.00000  887.01426  0.22%   732 9183s
 200601  1594  887.73256  112  298  889.00000  887.10361  0.21%   730 9186s
 201310  1001     cutoff  100       889.00000  887.21872  0.20%   728 9190s

Cutting planes:
  Learned: 1
  Gomory: 8
  Cover: 163
  Implied bound: 287
  Projected implied bound: 13
  Clique: 2
  MIR: 352
  Flow cover: 2746
  GUB cover: 13
  Inf proof: 2
  Zero half: 77
  Network: 4
  RLT: 10
  Relax-and-lift: 179

Explored 203063 nodes (147236838 simplex iterations) in 9194.03 seconds (39922.69 work units)
Thread count was 4 (of 32 available processors)

Solution count 10: 889 890 891 ... 909

Optimal solution found (tolerance 1.00e-04)
Best objective 8.890000000000e+02, best bound 8.890000000000e+02, gap 0.0000%

Wrote result file './sol/E150_1000.4_R50.sol'

