
Gurobi 13.0.2 (mac64[arm], gurobi_cl) logging started Tue Sep  8 07:32:40 2026

Set parameter TokenServer to value "10.8.80.200"
Set parameter TimeLimit to value 43200
Set parameter LogFile to value "/Users/takafumi/Dropbox/2_Study/cspns_gurobi/log_recomputed_4threads/E150_1000.6_R100.log"
Set parameter Threads to value 4
Using license file /Library/gurobi1302/gurobi.lic

Gurobi Optimizer version 13.0.2 build v13.0.2rc1 (mac64[arm] - Darwin 24.6.0 24G517)
Copyright (c) 2026, Gurobi Optimization, LLC

Read LP format model from file /Users/takafumi/Dropbox/2_Study/cspns_gurobi/lp/E150_1000.6_R100.lp
Reading time = 0.12 seconds
root: 46208 rows, 45753 columns, 639432 nonzeros

Using Gurobi shared library /Library/gurobi1302/macos_universal2/lib/libgurobi130.dylib

CPU model: Apple M3 Ultra
Thread count: 32 physical cores, 32 logical processors, using up to 4 threads

Non-default parameters:
TimeLimit  43200
Threads  4

Optimize a model with 46208 rows, 45753 columns and 639432 nonzeros (Min)
Model fingerprint: 0xc25f56fe
Model has 22650 linear objective coefficients
Variable types: 0 continuous, 45753 integer (0 binary)
Coefficient statistics:
  Matrix range     [1e+00, 2e+02]
  Objective range  [1e+00, 2e+02]
  Bounds range     [1e+00, 1e+00]
  RHS range        [1e+00, 1e+00]

Presolve removed 23121 rows and 303 columns
Presolve time: 1.17s
Presolved: 23087 rows, 45450 columns, 376640 nonzeros
Variable types: 0 continuous, 45450 integer (22950 binary)
Found heuristic solution: objective 4126.0000000
Deterministic concurrent LP optimizer: primal and dual simplex
Showing primal log only...


Root simplex log...

Iteration    Objective       Primal Inf.    Dual Inf.      Time
   56309    2.7381268e+01   3.447647e+01   0.000000e+00      5s
   63410    3.2602350e+01   0.000000e+00   0.000000e+00      7s
Concurrent spin time: 0.13s

Solved with primal simplex

Root relaxation: objective 3.260235e+01, 63410 iterations, 5.54 seconds (20.16 work units)

    Nodes    |    Current Node    |     Objective Bounds      |     Work
 Expl Unexpl |  Obj  Depth IntInf | Incumbent    BestBd   Gap | It/Node Time

     0     0   32.60235    0  215 4126.00000   32.60235  99.2%     -    6s
     0     0   71.74836    0  264 4126.00000   71.74836  98.3%     -    8s
H    0     0                    1362.0000000   71.74836  94.7%     -    9s
H    0     0                    1152.0000000   71.74836  93.8%     -    9s
H    0     0                    1146.0000000   71.74836  93.7%     -    9s
H    0     0                    1132.0000000   71.74836  93.7%     -    9s
H    0     0                    1122.0000000   71.74836  93.6%     -    9s
H    0     0                    1115.0000000   71.74836  93.6%     -    9s
H    0     0                    1100.0000000   71.74836  93.5%     -   11s
H    0     0                    1096.0000000   71.74836  93.5%     -   11s
H    0     0                    1022.0000000   71.74836  93.0%     -   12s
H    0     0                     877.0000000   71.74836  91.8%     -   12s
H    0     0                     865.0000000   71.74836  91.7%     -   12s
H    0     0                     842.0000000   71.74836  91.5%     -   15s
H    0     0                     821.0000000   71.74836  91.3%     -   17s
H    0     0                     817.0000000   71.74836  91.2%     -   17s
H    0     0                     816.0000000   71.74836  91.2%     -   18s
H    0     0                     812.0000000   71.74836  91.2%     -   18s
H    0     0                     811.0000000   71.74836  91.2%     -   18s
     0     0  304.47704    0  417  811.00000  304.47704  62.5%     -   27s
     0     0  331.98774    0  488  811.00000  331.98774  59.1%     -   34s
H    0     0                     809.0000000  331.98774  59.0%     -   35s
H    0     0                     783.0000000  331.98774  57.6%     -   35s
H    0     0                     771.0000000  331.98774  56.9%     -   36s
H    0     0                     758.0000000  331.98774  56.2%     -   37s
H    0     0                     750.0000000  331.98774  55.7%     -   39s
H    0     0                     747.0000000  331.98774  55.6%     -   44s
H    0     0                     744.0000000  366.84942  50.7%     -   46s
H    0     0                     730.0000000  366.84942  49.7%     -   46s
H    0     0                     721.0000000  366.84942  49.1%     -   46s
H    0     0                     711.0000000  366.84942  48.4%     -   46s
     0     0  366.84942    0  547  711.00000  366.84942  48.4%     -   46s
H    0     0                     708.0000000  366.85551  48.2%     -   47s
H    0     0                     706.0000000  366.85551  48.0%     -   48s
H    0     0                     698.0000000  366.85551  47.4%     -   48s
H    0     0                     691.0000000  366.85551  46.9%     -   48s
H    0     0                     690.0000000  366.85551  46.8%     -   49s
H    0     0                     679.0000000  366.85551  46.0%     -   51s
H    0     0                     676.0000000  366.85551  45.7%     -   57s
     0     0  383.03634    0  570  676.00000  383.03634  43.3%     -   64s
     0     0  383.03634    0  573  676.00000  383.03634  43.3%     -   65s
     0     0  396.87369    0  589  676.00000  396.87369  41.3%     -   69s
H    0     0                     669.0000000  402.82337  39.8%     -   71s
     0     0  402.82337    0  569  669.00000  402.82337  39.8%     -   71s
     0     0  403.06908    0  581  669.00000  403.06908  39.8%     -   72s
     0     0  403.10642    0  579  669.00000  403.10642  39.7%     -   72s
     0     0  414.92432    0  565  669.00000  414.92432  38.0%     -   79s
     0     0  423.15940    0  587  669.00000  423.15940  36.7%     -   83s
     0     0  429.62256    0  600  669.00000  429.62256  35.8%     -   85s
     0     0  430.20232    0  624  669.00000  430.20232  35.7%     -   86s
     0     0  430.38633    0  648  669.00000  430.38633  35.7%     -   86s
     0     0  436.57478    0  563  669.00000  436.57478  34.7%     -   91s
     0     0  441.37356    0  642  669.00000  441.37356  34.0%     -   94s
     0     0  442.59389    0  636  669.00000  442.59389  33.8%     -   95s
     0     0  442.78859    0  677  669.00000  442.78859  33.8%     -   96s
     0     0  445.23736    0  654  669.00000  445.23736  33.4%     -  100s
     0     0  445.96227    0  694  669.00000  445.96227  33.3%     -  101s
     0     0  446.51462    0  724  669.00000  446.51462  33.3%     -  102s
     0     0  446.54765    0  734  669.00000  446.54765  33.3%     -  103s
     0     0  447.65718    0  716  669.00000  447.65718  33.1%     -  105s
     0     0  447.79098    0  717  669.00000  447.79098  33.1%     -  105s
     0     0  449.28084    0  688  669.00000  449.28084  32.8%     -  108s
     0     0  449.63391    0  721  669.00000  449.63391  32.8%     -  109s
     0     0  449.66092    0  729  669.00000  449.66092  32.8%     -  110s
     0     0  450.55538    0  708  669.00000  450.55538  32.7%     -  113s
     0     0  450.56002    0  708  669.00000  450.56002  32.7%     -  113s
     0     0  450.56002    0  684  669.00000  450.56002  32.7%     -  116s
     0     2  450.60577    0  684  669.00000  450.60577  32.6%     -  131s
     1     3  452.09183    1  639  669.00000  450.62379  32.6% 28456  140s
     4     9  458.38550    3  691  669.00000  451.14509  32.6% 12662  147s
     8    13  460.59398    4  686  669.00000  451.95920  32.4% 11258  151s
H    9    13                     665.0000000  451.95920  32.0% 10007  151s
H   12    16                     664.0000000  451.95920  31.9%  9692  156s
    15    20  461.51765    6  648  664.00000  451.95920  31.9% 10939  161s
H   16    20                     663.0000000  451.95920  31.8% 10255  161s
    19    32  461.95538    7  663  663.00000  451.95920  31.8% 14776  167s
H   21    32                     662.0000000  451.95920  31.7% 14903  167s
    31    36  462.79952    9  659  662.00000  451.95920  31.7% 18147  172s
    35    40  462.89349   10  646  662.00000  451.95920  31.7% 21181  179s
    39    45  463.11741   11  656  662.00000  451.95920  31.7% 20068  183s
H   40    45                     661.0000000  451.95920  31.6% 19567  183s
    44    49  463.33354   12  655  661.00000  451.95920  31.6% 20014  188s
    48    53  463.49977   13  649  661.00000  451.95920  31.6% 19073  192s
    52    58  464.13791   14  646  661.00000  451.95920  31.6% 19085  195s
    61    66  464.23838   15  639  661.00000  451.95920  31.6% 17076  203s
    65    70  464.29935   16  639  661.00000  451.95920  31.6% 16645  206s
    73    78  466.07326   17  617  661.00000  451.95920  31.6% 16034  213s
    77    82  465.25725   18  658  661.00000  451.95920  31.6% 15629  217s
    81    86  465.48397   19  664  661.00000  451.95920  31.6% 15197  222s
    85    91  466.06466   20  652  661.00000  451.95920  31.6% 14955  228s
    90    95  466.23668   21  665  661.00000  451.95920  31.6% 14305  233s
    94    99  467.26022   22  645  661.00000  451.95920  31.6% 14000  236s
    98   106  468.14271   23  676  661.00000  451.95920  31.6% 13782  240s
   111   118  468.27333   24  687  661.00000  451.95920  31.6% 12850  250s
   117   125  470.81974   25  683  661.00000  451.95920  31.6% 12580  255s
   141   154  471.25074   30  653  661.00000  451.95920  31.6% 10744  264s
   153   159  471.34246   31  659  661.00000  451.95920  31.6% 10048  270s
   158   166  471.46695   32  653  661.00000  451.95920  31.6%  9815  277s
   165   175  471.59290   33  669  661.00000  451.95920  31.6%  9571  281s
   174   184  472.21122   34  651  661.00000  451.95920  31.6%  9295  286s
   183   196  472.30226   35  651  661.00000  451.95920  31.6%  9062  292s
   195   206  472.55990   36  647  661.00000  451.95920  31.6%  8629  298s
   205   226  472.79682   37  642  661.00000  451.95920  31.6%  8307  304s
   225   236  484.47578   43  591  661.00000  451.95920  31.6%  7860  311s
   235   250  474.88842   44  647  661.00000  451.95920  31.6%  7665  317s
   249   260  475.27430   47  627  661.00000  451.95920  31.6%  7592  324s
   259   268  485.20730   77  607  661.00000  451.95920  31.6%  7493  332s
   267   283  476.79742   49  612  661.00000  451.95920  31.6%  7494  339s
   282   287  477.41662   51  593  661.00000  451.95920  31.6%  7281  348s
   286   291  477.85366   52  591  661.00000  451.95920  31.6%  7232  357s
   290   298  478.09448   53  597  661.00000  451.95920  31.6%  7202  367s
   297   319  478.97260   54  585  661.00000  451.95920  31.6%  7121  374s
   318   341  479.98952   59  583  661.00000  451.95920  31.6%  6806  381s
   340   368  482.38237   66  577  661.00000  451.95920  31.6%  6573  391s
   367   396  483.52962   73  592  661.00000  451.95920  31.6%  6306  398s
   395   413  484.49168   76  575  661.00000  451.95920  31.6%  6177  408s
   412   439  485.20489   79  572  661.00000  451.95920  31.6%  6068  418s
   438   463  486.42830   83  554  661.00000  451.95920  31.6%  5915  428s
   462   495  487.78235   90  564  661.00000  451.95920  31.6%  5811  438s
   494   501  488.40957   94  584  661.00000  451.95920  31.6%  5621  452s
   500   505  510.59278   94  498  661.00000  451.95920  31.6%  5643  462s
   504   509  488.48047   95  573  661.00000  451.95920  31.6%  5628  474s
   508   513  488.48694   96  564  661.00000  451.95920  31.6%  5596  485s
   512   517  489.71840   97  577  661.00000  451.95920  31.6%  5587  498s
   516   521  492.51477   97  572  661.00000  451.95920  31.6%  5571  512s
   520   534  489.73469   98  558  661.00000  451.95920  31.6%  5547  524s
   533   559  490.15804   99  557  661.00000  451.95920  31.6%  5498  536s
   558   587  490.58327  102  571  661.00000  451.95920  31.6%  5445  553s
   586   611  491.75388  108  532  661.00000  451.95920  31.6%  5457  570s
   610   675  492.95407  112  544  661.00000  451.95920  31.6%  5343  582s
   674   724  494.69456  122  544  661.00000  451.95920  31.6%  5029  596s
   725   775  497.31514  134  510  661.00000  451.95920  31.6%  4845  608s
   776   806  500.94377  144  528  661.00000  451.95920  31.6%  4717  625s
   807   845  502.77798  147  516  661.00000  451.95920  31.6%  4632  642s
   846   885  504.98646  156  525  661.00000  451.95920  31.6%  4542  660s
H  883   885                     632.0000000  451.95920  28.5%  4454  660s
   886   942  506.33964  165  525  632.00000  451.95920  28.5%  4447  676s
H  894   942                     631.0000000  451.95920  28.4%  4451  676s
H  943   996                     625.0000000  451.95920  27.7%  4364  692s
   997  1051  512.74144  181  512  625.00000  451.95920  27.7%  4300  708s
  1052  1106  516.20502  192  498  625.00000  451.95920  27.7%  4254  724s
  1107  1183  517.90380  210  461  625.00000  451.95920  27.7%  4240  743s
H 1119  1183                     621.0000000  451.95920  27.2%  4232  743s
  1184  1260  518.78622  220  457  621.00000  451.95920  27.2%  4121  762s
  1261  1379  520.28163  236  462  621.00000  451.95920  27.2%  4035  782s
  1380  1455  521.75170  255  447  621.00000  451.95920  27.2%  3860  804s
  1456  1588  527.09749  264  458  621.00000  451.95920  27.2%  3815  823s
  1589  1745  529.09178  286  434  621.00000  451.95920  27.2%  3656  845s
H 1734  1745                     620.0000000  451.95920  27.1%  3443  845s
  1746  1934  535.44874  335  400  620.00000  451.95920  27.1%  3456  865s
  1935  2095  542.51205  376  420  620.00000  451.95920  27.1%  3239  887s
H 2064  2095                     617.0000000  451.95920  26.7%  3078  887s
  2096  2294  548.81982  405  384  617.00000  451.95920  26.7%  3095  908s
  2295  2406  557.18592  448  383  617.00000  451.95920  26.7%  2936  931s
  2422  2570  569.55865  493  326  617.00000  451.95920  26.7%  2897  954s
  2589  2571  503.65539  185  417  617.00000  451.95920  26.7%  2856  968s
H 2590  2443                     616.0000000  451.95920  26.6%  2855  978s
H 2590  2321                     613.0000000  451.95920  26.3%  2855  978s
  2591  2321  519.75979  233  486  613.00000  451.95920  26.3%  2854  980s
  2592  2322  497.66655  149  526  613.00000  451.95920  26.3%  2852 1004s
H 2592  2206                     610.0000000  451.95920  25.9%  2852 1008s
H 2592  2095                     605.0000000  451.95920  25.3%  2852 1008s
H 2592  1990                     601.0000000  451.95920  24.8%  2852 1008s
H 2592  1891                     598.0000000  451.95920  24.4%  2852 1008s
  2594  1892  485.20972   80  570  598.00000  451.95920  24.4%  2850 1018s
  2595  1893  534.05365  303  617  598.00000  451.95920  24.4%  2849 1026s
  2597  1894  541.23395  364  682  598.00000  451.95920  24.4%  2847 1031s
H 2597  1799                     596.0000000  452.91028  24.0%  2847 1036s
H 2598  1710                     595.0000000  453.07971  23.9%  2846 1038s
  2600  1711  581.60795  555  689  595.00000  461.97358  22.4%  2844 1045s
  2601  1712  555.08060  436  694  595.00000  465.37833  21.8%  2843 1050s
  2602  1713  584.49445  602  716  595.00000  467.95188  21.4%  2841 1056s
  2603  1713  498.66761  145  756  595.00000  468.52755  21.3%  2840 1060s
  2604  1714  494.69325  113  742  595.00000  468.84463  21.2%  2839 1067s
  2606  1715  541.92216  263  749  595.00000  469.96181  21.0%  2837 1071s
  2609  1717  489.44280   94  779  595.00000  470.94839  20.8%  2834 1075s
  2610  1718  519.41322  271  754  595.00000  474.83876  20.2%  2833 1080s
  2611  1719  565.38984  479  733  595.00000  475.96389  20.0%  2832 1085s
  2613  1720  507.96771  183  787  595.00000  476.50154  19.9%  2830 1090s
  2614  1721  519.32817  269  790  595.00000  476.63853  19.9%  2828 1095s
H 2614  1634                     589.0000000  480.19008  18.5%  2828 1102s
  2616  1635  491.08320  108  754  589.00000  481.21237  18.3%  2826 1108s
  2617  1636  541.08514  330  798  589.00000  481.67273  18.2%  2825 1113s
  2618  1636  549.87812  334  837  589.00000  482.04454  18.2%  2824 1117s
  2620  1638  534.10628  313  796  589.00000  484.33416  17.8%  2822 1124s
  2621  1638  493.31024  109  833  589.00000  484.61898  17.7%  2821 1128s
  2622  1639  552.87051  447  848  589.00000  484.80825  17.7%  2820 1134s
H 2622  1557                     588.0000000  486.29588  17.3%  2820 1140s
  2623  1558  565.08106  482  819  588.00000  486.29588  17.3%  2819 1165s
  2626  1560  536.33441  310  816  588.00000  488.24250  17.0%  2816 1172s
  2627  1560  588.00000  770  769  588.00000  488.33300  17.0%  2814 1187s
  2628  1561  496.94752  134  769  588.00000  488.33300  17.0%  2813 1203s
H 2628  1484                     587.0000000  488.33300  16.8%  3007 1212s
  2629  1485  489.69098   15  720  587.00000  488.33300  16.8%  3008 1224s
  2630  1487  492.73384   16  724  587.00000  488.33300  16.8%  3014 1244s
  2633  1490  495.63643   17  703  587.00000  492.09039  16.2%  3028 1259s
  2637  1494  496.41650   18  722  587.00000  492.75101  16.1%  3046 1275s
  2642  1506  497.32725   19  707  587.00000  492.75101  16.1%  3081 1292s
  2656  1506  499.43230   21  718  587.00000  492.75101  16.1%  3245 1301s
  2660  1517  501.27809   22  698  587.00000  492.75101  16.1%  3263 1310s
  2673  1516  503.68935   23  690  587.00000  492.75101  16.1%  3418 1318s
  2676  1519  504.90141   24  667  587.00000  492.75101  16.1%  3431 1325s
  2680  1527  505.07061   25  646  587.00000  492.75101  16.1%  3440 1335s
  2689  1530  506.83682   26  619  587.00000  492.75101  16.1%  3563 1343s
  2695  1537  510.21504   27  610  587.00000  492.75101  16.1%  3578 1351s
  2704  1539  513.73847   28  590  587.00000  492.75101  16.1%  3666 1359s
  2709  1547  515.38933   29  568  587.00000  492.75101  16.1%  3672 1367s
  2719  1548  517.43661   30  577  587.00000  492.75101  16.1%  3763 1374s
  2723  1551  517.54025   31  545  587.00000  492.75101  16.1%  3775 1381s
H 2725  1476                     586.0000000  492.75101  15.9%  3778 1381s
  2728  1480  517.98069   32  551  586.00000  492.75101  15.9%  3840 1388s
  2733  1483  526.00340   32  512  586.00000  492.75101  15.9%  3853 1395s
  2738  1487  519.40816   33  538  586.00000  492.75101  15.9%  3858 1403s
  2744  1493  522.28085   34  533  586.00000  492.75101  15.9%  3898 1413s
  2752  1496  523.72947   35  505  586.00000  492.75101  15.9%  3951 1422s
  2757  1498  525.19555   36  493  586.00000  492.75101  15.9%  3957 1429s
  2761  1502  531.37128   36  495  586.00000  492.75101  15.9%  3970 1437s
  2766  1505  525.89770   37  502  586.00000  492.75101  15.9%  3979 1444s
  2771  1510  526.81333   37  524  586.00000  492.75101  15.9%  3991 1453s
  2778  1516  526.44085   38  497  586.00000  492.75101  15.9%  4010 1462s
  2786  1524  528.72112   38  483  586.00000  492.75101  15.9%  4038 1471s
  2797  1533  528.40232   39  492  586.00000  492.75101  15.9%  4062 1480s
  2809  1543  528.25497   39  496  586.00000  492.75101  15.9%  4091 1491s
  2823  1559  534.46524   41  489  586.00000  492.75101  15.9%  4129 1501s
  2844  1572  543.56970   43  409  586.00000  492.75101  15.9%  4160 1510s
  2864  1591  536.97243   44  490  586.00000  492.75101  15.9%  4181 1522s
  2890  1594  533.50705   47  512  586.00000  492.75101  15.9%  4226 1538s
  2901  1614  534.63205   47  473  586.00000  492.75101  15.9%  4229 1548s
  2927  1630  540.07086   49  478  586.00000  492.75101  15.9%  4256 1558s
  2956  1636  543.77121   52  441  586.00000  492.75101  15.9%  4282 1571s
  2981  1640  537.87924   53  437  586.00000  492.75101  15.9%  4287 1589s
  3009  1660  541.44759   55  360  586.00000  493.33610  15.8%  4393 1604s
  3038  1676  544.81949   57  413  586.00000  493.33610  15.8%  4707 1618s
  3064  1693  543.71114   60  396  586.00000  493.33610  15.8%  4845 1632s
  3089  1715  549.42950   62  396  586.00000  493.33610  15.8%  4922 1645s
  3120  1738  546.27223   66  349  586.00000  493.33610  15.8%  4966 1659s
  3155  1774  547.16917   69  410  586.00000  493.33610  15.8%  5012 1673s
  3207  1800  567.24649   71  242  586.00000  493.33610  15.8%  5033 1686s
  3276  1811  561.32800   74  260  586.00000  493.33610  15.8%  5003 1708s
  3330  1841  558.69768   79  340  586.00000  494.80862  15.6%  5036 1727s
  3393  1867  567.11704   95  376  586.00000  495.01158  15.5%  5380 1749s
  3469  1880  506.92849   21  684  586.00000  495.01158  15.5%  5697 1768s
  3509  1929  515.91020   26  599  586.00000  495.01158  15.5%  6051 1787s
  3577  1938  522.33021   30  565  586.00000  495.01158  15.5%  6293 1810s
  3641  1954  526.62345   35  548  586.00000  495.01158  15.5%  6371 1830s
  3679  1974  530.20061   39  515  586.00000  495.01158  15.5%  6692 1849s
  3711  1993  536.74054   43  443  586.00000  495.01158  15.5%  6764 1867s
  3743  2039  542.37423   44  436  586.00000  495.01158  15.5%  6790 1884s
  3823  2054  542.73098   48  486  586.00000  495.01158  15.5%  6753 1903s
  3873  2131  551.08970   62  424  586.00000  497.93613  15.0%  6782 1925s
  3973  2191  561.39036   79  339  586.00000  497.93613  15.0%  6824 1956s
  4153  2165  512.41514   23  664  586.00000  497.93613  15.0%  6875 1980s
  4187  2194  523.52704   27  579  586.00000  497.93613  15.0%  7166 2007s
  4228  2226  531.65193   31  524  586.00000  497.93613  15.0%  7284 2036s
  4273  2282  530.46536   31  540  586.00000  497.93613  15.0%  7412 2069s
  4370  2327  536.67202   37  514  586.00000  497.93613  15.0%  7434 2099s
  4449  2384  548.08223   46  453  586.00000  497.93613  15.0%  7565 2135s
  4561  2452  561.26023   53  349  586.00000  500.14352  14.7%  7577 2170s
  4700  2431  525.59967   29  616  586.00000  500.14352  14.7%  7677 2201s
  4726  2488  544.10294   36  528  586.00000  500.22620  14.6%  7733 2235s
  4798  2585  506.16202   22  703  586.00000  500.22620  14.6%  7748 2274s
  4947  2614  530.25741   28  479  586.00000  500.22620  14.6%  7988 2312s
  5058  2662  551.74279   39  365  586.00000  500.82275  14.5%  8099 2347s
  5157  2698  515.59647   29  617  586.00000  500.82275  14.5%  8151 2390s
  5226  2786  525.58386   37  582  586.00000  500.82275  14.5%  8374 2434s
  5360  2898  537.48375   52  499  586.00000  500.82275  14.5%  8418 2488s
  5559  2961  563.09834   92  416  586.00000  500.82275  14.5%  8593 2539s
H 5774  2892                     585.0000000  502.05688  14.2%  8730 2619s
  5889  2934  539.79812   30  536  585.00000  502.05688  14.2%  8764 2677s
  6001  2982  520.77066   31  609  585.00000  502.05688  14.2%  8891 2724s
  6086  3124  552.55806   64  439  585.00000  502.07326  14.2%  9104 2780s
  6284  3208  528.47860   33  604  585.00000  502.23984  14.1%  9168 2836s
  6458  3314  563.43918   73  422  585.00000  502.31440  14.1%  9382 2890s
  6696  3405  531.33008   41  534  585.00000  503.31632  14.0%  9395 2943s
  6898  3498  513.13270   26  678  585.00000  503.31632  14.0%  9319 3010s
  7029  3689  523.60604   30  626  585.00000  503.31632  14.0%  9467 3083s
  7281  3883  538.00915   37  504  585.00000  503.71571  13.9%  9615 3153s
  7528  4070  561.97163   31  373  585.00000  503.71571  13.9%  9774 3219s
  7761  4242  540.04973   54  448  585.00000  503.94522  13.9%  9858 3280s
  7948  4279  533.23573   26  538  585.00000  503.94522  13.9%  9895 3352s
  7995  4407  541.88879   30  483  585.00000  504.25839  13.8%  9948 3430s
  8228  4678  524.81475   29  672  585.00000  504.29227  13.8%  9989 3512s
  8605  4930  528.27813   33  541  585.00000  504.29227  13.8% 10036 3589s
  8940  5157  520.51078   24  676  585.00000  505.29742  13.6% 10009 3676s
  9223  5354  513.05540   23  702  585.00000  505.60148  13.6% 10099 3765s
  9495  5634  543.52646   38  541  585.00000  505.60148  13.6% 10294 3853s
  9832  5928  545.21476   47  493  585.00000  505.87050  13.5% 10272 3950s
 10296  6309  549.35560   45  565  585.00000  506.94297  13.3% 10308 4074s
 10884  6472  551.14227   45  565  585.00000  507.29327  13.3% 10292 4169s
 11120  6685  548.86143   50  464  585.00000  507.29327  13.3% 10304 4249s
 11425  7065  545.23099   44  500  585.00000  507.85058  13.2% 10339 4343s
 12010  7300  523.41710   23  782  585.00000  508.33937  13.1% 10340 4427s
 12347  7580  536.53392   31  634  585.00000  508.46933  13.1% 10412 4510s
 12743  7709  521.56216   24  750  585.00000  508.63558  13.1% 10525 4593s
 12928  8014  541.88513   34  512  585.00000  508.94023  13.0% 10620 4681s
 13416  8264  572.86237   51  440  585.00000  509.45362  12.9% 10587 4770s
 13789  8514  536.78507   43  563  585.00000  509.58419  12.9% 10588 4854s
 14134  8752  535.23887   28  618  585.00000  509.76145  12.9% 10583 4941s
 14441  8984  568.95501   46  480  585.00000  509.87857  12.8% 10574 5034s
 14742  9393  567.70715   76  392  585.00000  510.11426  12.8% 10625 5131s
 15298  9728  536.11273   34  572  585.00000  510.27451  12.8% 10606 5223s
 15821 10020  529.59618   35  533  585.00000  510.27451  12.8% 10621 5318s
 16254 10307  520.07852   29  656  585.00000  510.95071  12.7% 10625 5407s
 16649 10540  527.65052   36  572  585.00000  510.98602  12.7% 10657 5486s
 16934 10746  542.06865   40  524  585.00000  511.47870  12.6% 10709 5562s
 17199 11070  529.96381   24  619  585.00000  511.51610  12.6% 10655 5649s
 17621 11445  541.06542   48  522  585.00000  511.65717  12.5% 10658 5742s
 18115 11786  544.56833   26  605  585.00000  511.95376  12.5% 10649 5839s
 18579 12043  522.98065   29  688  585.00000  512.07935  12.5% 10659 5935s
 18942 12119  535.72771   23  719  585.00000  512.07935  12.5% 10772 6034s
 19019 12520  548.56162   32  593  585.00000  512.07935  12.5% 10813 6128s
 19589 12804  562.97665   41  505  585.00000  512.46027  12.4% 10830 6216s
 20018 13039  549.85743   31  491  585.00000  512.54706  12.4% 10810 6305s
 20298 13475  559.86249   45  402  585.00000  512.72477  12.4% 10928 6397s
 20888 13476  559.90419   67  417  585.00000  513.05889  12.3% 10906 6989s
 20890 13477  556.00735   36  485  585.00000  513.05889  12.3% 10905 7001s
 20891 13478  579.48186  115  567  585.00000  513.05889  12.3% 10904 7027s
 20892 13479  546.56516   45  512  585.00000  513.05889  12.3% 10903 7032s
 20893 13479  548.33275   57  585  585.00000  513.05889  12.3% 10903 7038s
 20894 13480  535.07141   35  629  585.00000  513.05889  12.3% 10902 7045s
 20895 13481  526.18692   30  661  585.00000  513.05889  12.3% 10902 7052s
 20896 13481  541.57075   41  653  585.00000  513.05889  12.3% 10901 7060s
 20897 13482  542.83965   37  683  585.00000  513.05889  12.3% 10901 7068s
 20898 13483  552.01635   49  714  585.00000  513.05889  12.3% 10900 7074s
 20899 13483  542.85236   41  707  585.00000  513.05889  12.3% 10900 7078s
 20900 13484  580.52467  111  726  585.00000  513.05889  12.3% 10899 7082s
 20901 13485  549.89421   49  728  585.00000  513.05889  12.3% 10899 7087s
 20902 13485  542.73098   49  750  585.00000  513.20842  12.3% 10898 7090s
 20904 13487  559.00940   47  747  585.00000  514.40191  12.1% 10897 7102s
 20905 13487  573.75140   92  733  585.00000  514.88543  12.0% 10897 7106s
 20906 13488  544.90275   36  761  585.00000  515.54653  11.9% 10896 7110s
 20907 13489  549.67263   50  760  585.00000  516.32984  11.7% 10896 7115s
 20909 13490  534.29613   33  786  585.00000  517.18834  11.6% 10895 7124s
 20910 13491  528.17016   32  799  585.00000  517.64639  11.5% 10894 7128s
 20911 13491  545.15292   23  832  585.00000  518.00589  11.5% 10894 7133s
 20912 13492  538.25015   27  824  585.00000  518.28304  11.4% 10893 7138s
 20913 13493  573.31179   85  842  585.00000  518.42920  11.4% 10893 7144s
 20914 13493  566.40936   45  765  585.00000  520.61129  11.0% 10892 7150s
 20916 13495  521.48245   31  822  585.00000  521.48245  10.9% 10891 7183s
 20917 13495  557.55382   51  796  585.00000  522.79923  10.6% 10890 7187s
 20919 13497  523.47773   26  842  585.00000  523.47773  10.5% 10889 7191s
 20920 13497  540.11174   28  824  585.00000  523.65195  10.5% 10889 7224s
 20921 13498  566.14862   50  808  585.00000  524.52663  10.3% 10888 7230s
 20922 13499  554.58745   40  862  585.00000  524.54151  10.3% 10888 7265s
 20923 13499  573.36331   56  845  585.00000  525.01674  10.3% 10887 7275s
 20924 13500  545.09874   45  870  585.00000  525.04687  10.2% 10887 7304s
 20925 13501  539.79551   36  822  585.00000  526.48214  10.0% 10886 7348s
 20926 13501  526.48214   26  923  585.00000  526.48214  10.0% 10886 7383s
 20927 13502  568.13074   63  884  585.00000  526.79771  9.95% 10885 7393s
 20928 13503  526.79771   28  866  585.00000  526.79771  9.95% 10885 7424s
 20929 13503  533.65654   27  848  585.00000  527.70941  9.79% 10884 7431s
 20930 13504  548.37869   35  844  585.00000  527.92858  9.76% 10884 7436s
 20931 13505  571.14286   69  896  585.00000  528.04291  9.74% 10883 7472s
 20932 13505  559.40964   51  855  585.00000  528.30988  9.69% 10883 7499s
 20933 13506  575.31455   75  885  585.00000  528.30988  9.69% 10882 7524s
 20934 13507  564.44732   72  866  585.00000  529.33497  9.52% 10882 7531s
 20936 13508  580.14459   94  906  585.00000  529.76540  9.44% 10881 7566s
 20937 13509  530.64101   20  845  585.00000  530.64101  9.29% 10880 7570s
 20939 13510  561.74996   71  883  585.00000  530.64101  9.29% 10879 7600s
 20941 13511  563.53076   51  880  585.00000  530.97039  9.24% 10878 7633s
 20942 13512  544.01449   53  872  585.00000  531.73759  9.10% 10877 7637s
 20943 13513  579.75517   46  895  585.00000  531.76309  9.10% 10877 7670s
 20945 13514  536.53660   36  923  585.00000  532.11698  9.04% 10876 7700s
 20946 13515  540.85925   36  917  585.00000  532.43337  8.99% 10875 7711s
 20947 13515  553.74772   50  898  585.00000  532.44446  8.98% 10875 7735s
 20949 13517  548.54919   46  925  585.00000  533.08638  8.87% 10874 7767s
 20950 13517  557.57826   55  885  585.00000  533.57987  8.79% 10873 7775s
 20952 13519  565.66671   70  916  585.00000  534.00910  8.72% 10872 7801s
 20954 13520  561.53199   70  928  585.00000  534.22641  8.68% 10871 7830s
 20955 13521  544.18753   40  916  585.00000  534.43361  8.64% 10871 7844s
 20956 13521  536.42540   32  920  585.00000  534.43361  8.64% 10870 7870s
 20958 13523  575.51142   79  860  585.00000  534.91368  8.56% 10869 7877s
 20959 13523  580.49183   59  915  585.00000  535.00251  8.55% 10869 7900s
 20961 13525  552.01523   62  945  585.00000  535.15847  8.52% 10868 7930s
 20963 13526  580.02716   85  925  585.00000  535.60744  8.44% 10867 7966s
 20964 13527  543.45321   33  916  585.00000  535.82094  8.41% 10866 7971s
 20966 13528  536.11931   31  914  585.00000  536.11931  8.36% 10865 8002s
 20967 13529  573.61343   53  912  585.00000  536.61964  8.27% 10864 8006s
 20968 13529  536.64391   28  937  585.00000  536.64391  8.27% 10864 8036s
 20969 13530  562.62157   33  928  585.00000  536.74130  8.25% 10863 8040s
 20970 13531  546.24515   39  940  585.00000  536.74130  8.25% 10863 8069s
 20971 13531  538.78202   37  953  585.00000  536.98128  8.21% 10862 8073s
 20972 13532  547.31980   24  969  585.00000  536.98128  8.21% 10862 8100s
 20974 13533  559.02543   36  949  585.00000  536.98409  8.21% 10861 8128s
 20975 13534  579.87358   72  944  585.00000  537.26471  8.16% 10860 8132s
 20976 13535  537.26471   40  967  585.00000  537.26471  8.16% 10860 8156s
 20978 13536  567.68900   52 1010  585.00000  537.46506  8.13% 10859 8185s
 20980 13537  547.65934   30 1000  585.00000  537.46506  8.13% 10858 8212s
 20981 13538  538.97169   34  975  585.00000  537.46506  8.13% 10857 8217s
 20982 13539  537.49889   42  988  585.00000  537.49889  8.12% 10857 8245s
 20984 13540  543.34063   56 1038  585.00000  537.59597  8.10% 10856 8269s
 20985 13541  537.74802   41 1033  585.00000  537.74802  8.08% 10855 8272s
 20986 13541  537.74802   26 1069  585.00000  537.74802  8.08% 10855 8300s
 20988 13543  559.90419   67 1055  585.00000  537.74802  8.08% 10854 8329s
 20989 13543  552.30305   46 1049  585.00000  537.77416  8.07% 10853 8332s
 20990 13544  556.00735   36 1052  585.00000  537.77416  8.07% 10853 8363s
 20991 13545  579.48186  115 1058  585.00000  537.90436  8.05% 10852 8369s
 20992 13545  546.56516   45 1066  585.00000  537.90436  8.05% 10852 8396s
 20994 13547  537.90436   35 1053  585.00000  537.90436  8.05% 10851 8424s
 20995 13547  537.90436   30 1038  585.00000  537.90436  8.05% 10850 8471s
 20996 13548  541.57075   41 1048  585.00000  537.90436  8.05% 10849 8496s
 20997 13549  542.83965   37 1047  585.00000  537.90436  8.05% 10849 8501s
 20998 13549  552.01635   49 1048  585.00000  537.90436  8.05% 10848 8526s
 21000 13551  580.52467  111 1049  585.00000  537.90436  8.05% 10847 8555s
 21002 13552  542.73098   49 1049  585.00000  537.90436  8.05% 10846 8585s
 21003 13553  537.90436   34  943  585.00000  537.90436  8.05% 10846 8611s
 21004 13553  559.00940   47 1030  585.00000  537.90436  8.05% 10845 8637s
 21005 13554  573.75140   92 1028  585.00000  537.90436  8.05% 10845 8668s
 21006 13555  544.90275   36 1059  585.00000  537.90436  8.05% 10844 8695s
 21007 13555  549.67263   50 1034  585.00000  537.90436  8.05% 10844 8718s
 21008 13556  563.22352   64 1055  585.00000  537.90436  8.05% 10843 8744s
 21009 13557  537.90436   33 1056  585.00000  537.90436  8.05% 10843 8747s
 21010 13557  537.90436   32 1061  585.00000  537.90436  8.05% 10842 8769s
 21011 13558  545.15292   23 1061  585.00000  537.90436  8.05% 10842 8797s
 21012 13559  538.25015   27  951  585.00000  537.90436  8.05% 10841 8834s
 21013 13559  573.31179   85 1032  585.00000  537.90436  8.05% 10841 8857s
 21015 13561  567.19475   84 1051  585.00000  537.90436  8.05% 10840 8882s
 21016 13561  537.90436   31 1061  585.00000  537.90436  8.05% 10839 8885s
 21017 13562  557.55382   51 1076  585.00000  537.90436  8.05% 10839 8908s
 21018 13563  550.06640   45 1043  585.00000  537.90436  8.05% 10838 8910s
 21019 13563  537.90436   26 1041  585.00000  537.90436  8.05% 10838 8936s
 21021 13565  566.14862   50 1055  585.00000  537.96058  8.04% 10837 8966s
 21023 13566  573.36331   56 1064  585.00000  538.09181  8.02% 10836 8993s
 21024 13567  545.09874   45 1069  585.00000  538.09181  8.02% 10835 8996s
 21025 13567  539.79551   36 1071  585.00000  538.09181  8.02% 10835 9011s
 21026 13568  538.09181   26 1070  585.00000  538.09181  8.02% 10834 9017s
 21027 13569  568.13074   63 1071  585.00000  538.09181  8.02% 10833 9040s
 21029 13570  538.09181   27 1071  585.00000  538.09181  8.02% 10832 9069s
 21030 13571  548.37869   35  972  585.00000  538.09181  8.02% 10832 9093s
 21031 13571  571.14286   69 1076  585.00000  538.09181  8.02% 10831 9115s
 21032 13572  559.40964   51 1041  585.00000  538.09181  8.02% 10831 9137s
 21033 13573  575.31455   75 1063  585.00000  538.09181  8.02% 10830 9162s
 21034 13573  564.44732   72 1052  585.00000  538.09181  8.02% 10830 9165s
 21035 13574  551.51882   64 1039  585.00000  538.09181  8.02% 10829 9187s
 21036 13575  580.14459   94 1043  585.00000  538.09181  8.02% 10829 9191s
 21037 13575  538.09181   20 1066  585.00000  538.09181  8.02% 10828 9214s
 21038 13576  577.43189   78  995  585.00000  538.09181  8.02% 10828 9217s
 21039 13577  561.74996   71  994  585.00000  538.09181  8.02% 10827 9241s
 21040 13577  551.83004   42 1003  585.00000  538.11703  8.01% 10827 9245s
 21041 13578  563.53076   51 1015  585.00000  538.11703  8.01% 10826 9272s
 21043 13579  579.75517   46 1039  585.00000  538.11703  8.01% 10825 9301s
 21045 13581  538.22253   36 1085  585.00000  538.22253  8.00% 10824 9326s
 21046 13581  540.85925   36 1082  585.00000  538.22253  8.00% 10824 9332s
 21047 13582  553.74772   50 1100  585.00000  538.22253  8.00% 10823 9353s
 21048 13583  538.22880   23 1104  585.00000  538.22880  8.00% 10823 9356s
 21049 13583  548.54919   46 1113  585.00000  538.22880  8.00% 10822 9376s
 21051 13585  538.59175   24 1015  585.00000  538.59175  7.93% 10821 9411s
 21052 13585  565.66671   70 1011  585.00000  538.76351  7.90% 10821 9415s
 21053 13586  554.58745   40 1028  585.00000  538.76351  7.90% 10820 9440s
 21055 13587  544.18753   40 1008  585.00000  538.80015  7.90% 10819 9468s
 21056 13588  538.81396   32 1044  585.00000  538.81396  7.90% 10819 9471s
 21057 13589  538.81396   31 1043  585.00000  538.81396  7.90% 10818 9500s
 21059 13590  580.49183   59 1038  585.00000  538.88015  7.88% 10817 9522s
 21060 13591  573.80705   50 1045  585.00000  539.00978  7.86% 10816 9526s
 21061 13591  552.01523   62 1060  585.00000  539.00978  7.86% 10816 9555s
 21063 13593  580.02716   85 1070  585.00000  539.00978  7.86% 10815 9587s
 21064 13593  543.45321   33 1024  585.00000  539.00978  7.86% 10814 9590s
 21065 13594  561.07969   83 1045  585.00000  539.00978  7.86% 10814 9613s
 21066 13595  539.49537   31  968  585.00000  539.49537  7.78% 10813 9615s
 21067 13595  573.61343   53  983  585.00000  539.49537  7.78% 10813 9648s
 21068 13596  539.49537   28  997  585.00000  539.49537  7.78% 10812 9651s
 21069 13597  562.62157   33  979  585.00000  539.49537  7.78% 10812 9674s
 21070 13597  546.24515   39 1021  585.00000  539.49537  7.78% 10811 9677s
 21071 13598  539.49537   37 1035  585.00000  539.49537  7.78% 10811 9698s
 21072 13599  547.31980   24  979  585.00000  539.54648  7.77% 10810 9701s
 21073 13599  540.00669   32  993  585.00000  539.56831  7.77% 10810 9727s
 21075 13601  579.87358   72 1012  585.00000  539.69056  7.75% 10809 9751s
 21077 13602  564.14408   60 1034  585.00000  539.77589  7.73% 10808 9783s
 21078 13603  567.68900   52 1009  585.00000  539.77589  7.73% 10807 9785s
 21079 13603  546.04249   34 1013  585.00000  539.77589  7.73% 10807 9810s
 21081 13605  539.77589   34 1050  585.00000  539.77589  7.73% 10806 9846s
 21082 13605  539.77589   42 1050  585.00000  539.77589  7.73% 10805 9867s
 21083 13606  562.62157   33 1038  585.00000  539.77589  7.73% 10805 9891s
 21084 13607  543.34063   56  942  585.00000  539.77589  7.73% 10804 9923s
 21085 13607  539.77589   41 1037  585.00000  539.77589  7.73% 10804 9952s
 21086 13608  539.83998   26 1027  585.00000  539.83998  7.72% 10803 9955s
 21087 13609  552.68294   40 1009  585.00000  539.83998  7.72% 10803 9978s
 21088 13609  559.90419   67 1007  585.00000  539.89313  7.71% 10802 9982s
 21089 13610  552.30305   46 1027  585.00000  539.89313  7.71% 10802 10007s
 21091 13611  579.48186  115 1037  585.00000  539.90451  7.71% 10801 10036s
 21093 13613  548.33275   57 1011  585.00000  539.97952  7.70% 10800 10063s
 21094 13613  540.03115   35 1008  585.00000  540.03115  7.69% 10799 10065s
 21095 13614  540.03115   30 1014  585.00000  540.03115  7.69% 10799 10099s
 21096 13615  541.57075   41  988  585.00000  540.15783  7.67% 10798 10101s
 21097 13615  542.83965   37  997  585.00000  540.20819  7.66% 10798 10121s
 21099 13617  542.85236   41  999  585.00000  540.27407  7.65% 10797 10155s
 21101 13618  549.89421   49 1000  585.00000  540.29984  7.64% 10795 10186s
 21103 13619  540.40033   34 1008  585.00000  540.40033  7.62% 10794 10213s
 21104 13620  559.00940   47  970  585.00000  540.59162  7.59% 10794 10215s
 21105 13621  573.75140   92 1001  585.00000  540.59162  7.59% 10793 10240s
 21107 13622  549.67263   50  963  585.00000  540.81602  7.55% 10792 10264s
 21108 13623  563.22352   64  950  585.00000  540.94660  7.53% 10792 10266s
 21109 13623  540.98995   33  949  585.00000  540.98995  7.52% 10791 10294s
 21110 13624  541.04714   32  940  585.00000  541.04714  7.51% 10791 10297s
 21111 13625  545.15292   23  949  585.00000  541.08963  7.51% 10790 10326s
 21112 13625  541.25105   27  964  585.00000  541.25105  7.48% 10790 10330s
 21113 13626  573.31179   85  972  585.00000  541.25105  7.48% 10789 10353s
 21114 13627  566.40936   45  986  585.00000  541.25105  7.48% 10789 10355s
 21115 13627  567.19475   84  985  585.00000  541.25105  7.48% 10788 10385s
 21117 13629  557.55382   51  958  585.00000  541.25105  7.48% 10787 10413s
 21118 13629  550.06640   45  864  585.00000  541.25105  7.48% 10787 10441s
 21119 13630  545.57382   26  864  585.00000  545.57382  6.74% 10786 10484s
 21120 13633  545.57382   29  763  585.00000  545.57382  6.74% 10844 10498s
 21121 13635  550.88251   30  670  585.00000  545.57382  6.74% 10844 10507s
 21124 13638  551.46204   31  665  585.00000  545.57382  6.74% 10844 10517s
 21128 13647  552.49287   32  605  585.00000  545.57382  6.74% 10844 10527s
 21138 13657  559.32472   34  620  585.00000  545.57382  6.74% 10847 10533s
 21151 13657  570.29715   37  396  585.00000  545.57382  6.74% 10859 10538s
 21157 13662  571.29005   38  364  585.00000  545.57382  6.74% 10865 10543s
 21166 13665  580.63857   40  274  585.00000  545.57382  6.74% 10872 10547s
 21177 13668  577.92422   45  323  585.00000  545.57382  6.74% 10874 10550s
 21187 13667  578.75068   49  311  585.00000  545.57382  6.74% 10877 10567s
 21193 13671  545.57382   33  703  585.00000  545.57382  6.74% 10879 10570s
 21202 13679  545.57382   34  681  585.00000  545.57382  6.74% 10884 10578s
 21210 13683  546.34440   38  707  585.00000  545.57382  6.74% 10889 10582s
 21216 13684  566.53321   49  444  585.00000  545.57382  6.74% 10887 10587s
 21220 13690  546.62471   39  731  585.00000  545.57382  6.74% 10886 10591s
 21228 13694  570.44998   54  469  585.00000  545.57382  6.74% 10883 10596s
 21234 13698  580.47086   57  399  585.00000  545.57382  6.74% 10880 10600s
 21247 13693  581.26558   63  398  585.00000  545.57382  6.74% 10874 10606s
 21260 13692  549.36778   40  759  585.00000  545.57382  6.74% 10869 10623s
 21266 13694  551.38924   41  734  585.00000  545.57382  6.74% 10867 10632s
 21270 13701  557.61438   41  602  585.00000  545.57382  6.74% 10867 10637s
 21278 13706  562.35251   34  605  585.00000  545.57382  6.74% 10867 10642s
 21286 13730  560.53499   42  610  585.00000  545.57382  6.74% 10868 10647s
 21315 13734  563.33532   44  557  585.00000  545.57382  6.74% 10868 10652s
 21338 13738  566.46881   46  504  585.00000  545.57382  6.74% 10863 10656s
 21378 13724  580.33239   49  415  585.00000  545.57382  6.74% 10851 10662s
 21405 13719  581.73676   58  328  585.00000  545.57382  6.74% 10839 10675s
 21415 13745  568.30984   38  597  585.00000  545.57382  6.74% 10839 10681s
 21456 13740  575.73161   47  489  585.00000  545.57382  6.74% 10827 10687s
 21491 13726  580.00598   63  414  585.00000  545.57382  6.74% 10813 10695s
 21503 13728     cutoff   61       585.00000  545.57382  6.74% 10808 10701s
 21513 13735  547.77855   32  747  585.00000  545.57382  6.74% 10809 10708s
 21549 13726  583.10324   42  561  585.00000  545.57382  6.74% 10797 10726s
 21574 13718     cutoff   48       585.00000  546.25609  6.62% 10785 10744s
 21582 13724  547.33747   36  745  585.00000  546.25609  6.62% 10784 10753s
 21602 13724  551.87894   37  657  585.00000  546.25609  6.62% 10782 10760s
 21619 13740  569.12575   38  592  585.00000  546.25609  6.62% 10779 10770s
 21656 13740  552.16889   38  649  585.00000  546.25609  6.62% 10773 10779s
 21685 13762  578.51659   39  505  585.00000  546.25609  6.62% 10767 10787s
 21741 13755  575.26271   47  532  585.00000  546.35068  6.61% 10759 10796s
 21784 13751  581.09292   71  495  585.00000  546.39329  6.60% 10749 10815s
 21809 13759  549.07676   40  755  585.00000  546.39329  6.60% 10746 10825s
 21825 13781  549.07676   41  753  585.00000  546.39329  6.60% 10746 10835s
 21863 13797  560.84229   42  424  585.00000  546.39329  6.60% 10740 10845s
 21933 13800  563.43370   43  476  585.00000  546.39329  6.60% 10719 10857s
 21974 13798  575.60232   44  528  585.00000  546.96981  6.50% 10714 10869s
 22025 13797  571.96015   48  597  585.00000  546.96981  6.50% 10697 10882s
 22058 13826  579.97827   62  478  585.00000  546.96981  6.50% 10688 10895s
 22150 13844  556.27351   39  777  585.00000  547.24102  6.45% 10663 10908s
 22208 13830  558.41730   44  751  585.00000  547.24102  6.45% 10650 10928s
 22215 13842  569.10453   45  735  585.00000  547.24975  6.45% 10652 10942s
 22251 13849  580.85057   46  630  585.00000  547.24975  6.45% 10641 10956s
 22279 13879  576.41750   58  322  585.00000  547.24975  6.45% 10641 10973s
 22361 13873  574.11461   46  441  585.00000  547.25024  6.45% 10618 10989s
 22451 13867  556.90387   37  707  585.00000  547.25024  6.45% 10589 11005s
 22499 13894  562.37497   39  651  585.00000  547.25024  6.45% 10577 11022s
 22582 13907  566.75725   58  640  585.00000  547.34070  6.44% 10554 11047s
 22680 13901  556.71069   38  609  585.00000  547.34070  6.44% 10521 11065s
 22735 13946  559.06799   40  642  585.00000  547.34070  6.44% 10507 11087s
 22850 13981  569.17557   57  652  585.00000  547.34070  6.44% 10481 11111s
 22996 13957  569.32786   37  739  585.00000  547.51668  6.41% 10441 11134s
 23073 14014  553.84473   38  713  585.00000  547.65387  6.38% 10423 11155s
 23172 14017  558.75012   42  622  585.00000  547.65387  6.38% 10405 11175s
 23254 14072  569.00134   56  602  585.00000  547.65387  6.38% 10386 11210s
 23383 14055  566.18914   37  701  585.00000  547.80117  6.36% 10356 11236s
 23444 14056  558.73210   40  726  585.00000  547.80117  6.36% 10345 11262s
 23495 14055  577.17509   44  601  585.00000  547.80117  6.36% 10338 11287s
 23540 14098  557.42327   41  771  585.00000  548.20889  6.29% 10331 11318s
 23661 14082  549.81949   34  767  585.00000  548.20889  6.29% 10307 11346s
 23711 14114  554.70831   35  710  585.00000  548.20889  6.29% 10297 11378s
 23794 14111  555.65259   37  704  585.00000  548.20889  6.29% 10286 11407s
 23834 14120  557.66692   40  697  585.00000  548.20889  6.29% 10282 11438s
 23863 14145  576.98558   54  527  585.00000  548.20889  6.29% 10284 11475s
 23944 14178  565.79864   37  744  585.00000  548.68963  6.21% 10268 11506s
 24015 14175  561.80300   37  813  585.00000  548.68963  6.21% 10267 11543s
 24057 14200  565.43983   43  679  585.00000  548.68963  6.21% 10263 11584s
 24120 14256  564.46874   37  738  585.00000  549.06262  6.14% 10269 11625s
 24252 14267  563.50606   39  393  585.00000  549.07676  6.14% 10250 11664s
 24338 14286  566.28863   43  476  585.00000  549.08008  6.14% 10237 11704s
 24422 14322  555.94066   44  670  585.00000  549.08008  6.14% 10230 11750s
 24562 14341  566.68657   43  631  585.00000  549.17120  6.12% 10206 11795s
 24666 14405  568.33495   45  749  585.00000  549.32012  6.10% 10192 11850s
 24779 14421  553.22595   37  743  585.00000  549.32012  6.10% 10187 11897s
 24887 14430  554.11188   40  708  585.00000  549.32012  6.10% 10172 11948s
 24945 14448  560.08703   44  636  585.00000  549.32012  6.10% 10174 11996s
 24996 14557  562.69763   38  630  585.00000  549.32012  6.10% 10188 12053s
 25178 14568  553.51288   37  729  585.00000  550.04540  5.98% 10168 12110s
 25325 14589  564.60696   40  480  585.00000  550.56943  5.89% 10144 12170s
 25430 14629  551.83349   39  849  585.00000  550.62638  5.88% 10145 12233s
 25574 14668  557.91615   42  761  585.00000  550.62638  5.88% 10137 12305s
 25744 14656  566.95944   57  615  585.00000  551.10492  5.79% 10120 12375s
 25809 14730  553.69380   41  835  585.00000  551.10492  5.79% 10137 12445s
 25999 14800  558.93016   45  735  585.00000  551.11189  5.79% 10116 12517s
 26183 14901  566.24448   37  827  585.00000  551.46804  5.73% 10104 12592s
 26440 14939  566.13212   42  744  585.00000  551.59116  5.71% 10070 12667s
 26643 15033  559.54902   42  703  585.00000  551.68255  5.70% 10044 12748s
 26853 15216  565.43053   40  693  585.00000  551.94651  5.65% 10029 12836s
 27218 15226  566.14697   42  783  585.00000  552.30086  5.59%  9973 12921s
 27454 15269  573.07746   40  490  585.00000  552.60136  5.54%  9941 13013s
 27660 15412  565.51547   41  685  585.00000  552.80922  5.50%  9937 13109s
 27961 15482  561.18696   42  863  585.00000  552.91436  5.48%  9934 13208s
 28194 15597  566.09455   44  731  585.00000  553.05934  5.46%  9927 13315s
 28528 15577  558.04953   46  683  585.00000  553.20413  5.44%  9904 13412s
 28759 15583  566.99553   39  613  585.00000  553.24108  5.43%  9875 13520s
 28937 15654     cutoff   51       585.00000  553.24108  5.43%  9854 13627s
 29141 15838  564.72066   45  695  585.00000  553.62036  5.36%  9856 13741s
 29504 15862  579.71913   47  616  585.00000  553.69380  5.35%  9827 13863s
 29803 16044  563.93732   53  532  585.00000  554.11196  5.28%  9798 13997s
 30250 16101  559.61212   45  707  585.00000  554.40318  5.23%  9777 14131s
 30606 16257  564.37025   47  626  585.00000  554.64726  5.19%  9751 14267s
 31112 16375  563.06935   38  740  585.00000  555.00739  5.13%  9684 14425s
 31584 16388  558.15326   46  709  585.00000  555.27353  5.08%  9656 14559s
 31871 16487  565.49848   44  637  585.00000  555.37699  5.06%  9646 14712s
 32193 16779  567.08471   48  676  585.00000  555.48187  5.05%  9640 14880s
 32780 16872  559.00605   49  674  585.00000  555.74572  5.00%  9602 15042s
 33285 16967     cutoff   60       585.00000  555.82765  4.99%  9564 15183s
 33711 17076  575.58302   43  577  585.00000  556.15346  4.93%  9540 15342s
 34105 17252  566.73121   41  659  585.00000  556.28717  4.91%  9519 15495s
 34605 17383  560.08938   50  722  585.00000  556.43050  4.88%  9479 15647s
 35169 17511  572.47740   44  733  585.00000  556.71123  4.84%  9443 15781s
 35734 17590  565.10722   46  755  585.00000  556.86544  4.81%  9399 15914s
 36211 17720  560.69221   50  689  585.00000  557.29467  4.74%  9363 16049s
 36728 17868  572.35079   47  691  585.00000  557.42652  4.71%  9321 16190s
 37261 17962  568.43022   49  687  585.00000  557.58071  4.69%  9293 16321s
 37746 18182  568.90307   47  714  585.00000  557.76288  4.66%  9270 16454s
 38338 18308  577.44183   49  682  585.00000  557.84682  4.64%  9233 16586s
 38848 18416  567.56464   45  765  585.00000  558.08983  4.60%  9210 16717s
 39313 18520  562.54886   50  682  585.00000  558.22890  4.58%  9188 16840s
 39733 18753  564.16320   61  619  585.00000  558.32869  4.56%  9177 16967s
 40311 18862  571.60646   42  697  585.00000  558.45713  4.54%  9131 17093s
 40826 18945  569.12278   52  666  585.00000  558.59743  4.51%  9095 17221s
 41278 19053  575.99219   46  770  585.00000  558.75534  4.49%  9068 17347s
 41752 19200  576.44770   49  618  585.00000  558.88312  4.46%  9040 17487s
 42285 19272  568.66435   50  576  585.00000  559.01246  4.44%  9011 17593s
 42681 19439  572.18150   39  549  585.00000  559.10519  4.43%  8999 17698s
 43121 19544  575.23989   55  492  585.00000  559.18035  4.41%  8976 17802s
 43568 19703  567.69836   50  688  585.00000  559.29966  4.39%  8949 17912s
 44049 19785  562.96307   44  738  585.00000  559.36065  4.38%  8923 18011s
 44476 19876  566.43826   45  683  585.00000  559.50521  4.36%  8901 18117s
 44852 20083  575.45319   67  635  585.00000  559.54980  4.35%  8891 18225s
 45378 20143  574.93606   46  691  585.00000  559.68733  4.33%  8856 18329s
 45823 20214  574.30889   63  612  585.00000  559.74010  4.32%  8826 18423s
 46218 20422  568.97774   52  528  585.00000  559.82461  4.30%  8805 18528s
 46734 20506  579.49949   49  608  585.00000  559.92950  4.29%  8770 18629s
 47269 20553  567.67673   41  821  585.00000  560.04611  4.27%  8733 18729s
 47629 20739  565.28816   52  703  585.00000  560.14271  4.25%  8710 18833s
 48137 20820  575.66613   54  464  585.00000  560.21794  4.24%  8680 18934s
 48588 20909  563.52624   45  830  585.00000  560.29209  4.22%  8652 19037s
 49013 21060  565.81960   42  678  585.00000  560.36095  4.21%  8637 19140s
 49465 21197  565.60775   54  494  585.00000  560.42341  4.20%  8615 19240s
 49964 21297  580.43398   51  615  585.00000  560.48514  4.19%  8581 19335s
 50462 21413  563.85454   46  730  585.00000  560.54183  4.18%  8553 19433s
 50903 21623  566.67657   40  641  585.00000  560.62245  4.17%  8529 19534s
 51440 21667  569.29691   43  795  585.00000  560.66107  4.16%  8500 19630s
 51912 21684  579.26952   51  443  585.00000  560.71813  4.15%  8484 19725s
 52289 21851  566.42404   50  781  585.00000  560.80611  4.14%  8467 19854s
 52787 22118  567.86167   35  702  585.00000  560.91312  4.12%  8445 19961s
 53394 22181  573.92381   48  607  585.00000  560.98133  4.11%  8411 20051s
 53815 22268  567.40107   50  648  585.00000  561.02472  4.10%  8393 20144s
 54192 22412  579.62466   52  505  585.00000  561.07946  4.09%  8377 20241s
 54672 22564  571.41653   46  589  585.00000  561.15089  4.08%  8353 20334s
 55235 22620  571.39603   46  793  585.00000  561.19251  4.07%  8316 20417s
 55633 22725  581.01982   56  334  585.00000  561.25689  4.06%  8299 20508s
 56085 22822  570.53841   48  760  585.00000  561.29700  4.05%  8277 20595s
 56507 22895  566.89519   42  829  585.00000  561.37724  4.04%  8258 20681s
 56894 22990  567.35822   45  702  585.00000  561.44181  4.03%  8239 20766s
 57273 23148  563.99271   48  649  585.00000  561.47676  4.02%  8222 20858s
 57740 23281  567.53139   44  760  585.00000  561.54989  4.01%  8203 20941s
 58205 23335  578.68100   60  457  585.00000  561.59203  4.00%  8179 21026s
 58593 23485  572.95745   49  625  585.00000  561.64476  3.99%  8160 21114s
 59027 23589  573.72539   45  639  585.00000  561.68571  3.99%  8143 21203s
 59479 23709  567.76556   43  787  585.00000  561.73070  3.98%  8120 21285s
 59892 23789  569.91250   59  587  585.00000  561.79927  3.97%  8111 21376s
 60237 23939  575.87325   43  569  585.00000  561.85583  3.96%  8103 21459s
 60660 24032  578.45666   60  624  585.00000  561.90015  3.95%  8089 21543s
 61103 24137     cutoff   55       585.00000  561.99230  3.93%  8070 21631s
 61504 24203  574.92156   39  717  585.00000  562.04743  3.92%  8056 21714s
 61866 24320  567.07178   50  602  585.00000  562.08545  3.92%  8043 21804s
 62275 24538  565.09344   54  646  585.00000  562.11732  3.91%  8032 21891s
 62707 24844  570.87860   46  554  585.00000  562.18007  3.90%  8019 22003s
 63301 25095  566.66277   44  685  585.00000  562.24867  3.89%  7993 22082s
 63711 25357  571.25061   52  692  585.00000  562.29429  3.88%  7980 22161s
 64125 25528  567.71613   50  673  585.00000  562.32554  3.88%  7968 22241s
 64480 25775  578.63560   42  669  585.00000  562.39793  3.86%  7959 22323s
 64945 26056     cutoff   46       585.00000  562.45873  3.85%  7942 22409s
 65440 26240  574.83002   70  573  585.00000  562.51133  3.84%  7927 22490s
 65791 26423     cutoff   46       585.00000  562.56920  3.83%  7917 22575s
 66204 26673  572.79224   49  538  585.00000  562.59575  3.83%  7899 22657s
 66652 26916  568.39181   53  624  585.00000  562.66183  3.82%  7880 22743s
 67087 27142  580.82106   43  431  585.00000  562.70889  3.81%  7866 22828s
 67488 27325  572.50989   41  673  585.00000  562.77868  3.80%  7855 22910s
 67843 27578  578.82991   47  796  585.00000  562.81650  3.79%  7846 22992s
 68313 27767  568.40543   47  716  585.00000  562.87545  3.78%  7827 23074s
 68665 28007  568.19990   44  687  585.00000  562.91272  3.78%  7815 23162s
 69100 28259  564.89995   56  689  585.00000  562.95525  3.77%  7800 23251s
 69505 28465  572.39551   46  680  585.00000  562.99101  3.76%  7788 23336s
 69892 28771  567.35213   48  748  585.00000  563.04315  3.75%  7776 23422s
 70413 28973  572.43130   44  703  585.00000  563.10008  3.74%  7757 23501s
 70914 29151  577.30703   63  482  585.00000  563.14063  3.74%  7738 23580s
 71327 29362  567.88900   56  641  585.00000  563.16705  3.73%  7723 23665s
 71721 29579  583.49564   51  553  585.00000  563.19076  3.73%  7717 23742s
 72101 29787  570.68871   46  679  585.00000  563.23131  3.72%  7704 23819s
 72561 30022  571.42757   54  512  585.00000  563.30539  3.71%  7687 23901s
 72985 30265  570.87718   55  564  585.00000  563.33989  3.70%  7675 24016s
 73508 30525  566.14204   50  735  585.00000  563.38732  3.69%  7662 24104s
 74014 30782  567.77372   50  763  585.00000  563.44945  3.68%  7646 24189s
 74522 30971  579.74100   66  531  585.00000  563.48408  3.68%  7630 24261s
 74878 31220  566.29474   43  722  585.00000  563.54110  3.67%  7621 24344s
 75371 31441  569.94164   44  683  585.00000  563.58132  3.66%  7609 24422s
 75758 31632  577.95641   48  643  585.00000  563.60344  3.66%  7601 24502s
 76151 31788  571.78925   43  821  585.00000  563.68586  3.64%  7593 24585s
 76463 31992  568.20781   46  761  585.00000  563.71889  3.64%  7586 24668s
 76916 32200  583.73992   61  494  585.00000  563.75752  3.63%  7570 24751s
 77309 32435  574.11166   47  782  585.00000  563.78199  3.63%  7563 24833s
 77738 32631  571.74386   36  606  585.00000  563.84426  3.62%  7549 24917s
 78138 32873  571.37184   52  631  585.00000  563.89554  3.61%  7542 25000s
 78576 33095  569.46372   52  667  585.00000  563.94467  3.60%  7532 25088s
 79028 33347  576.80636   57  636  585.00000  563.98441  3.59%  7521 25168s
 79483 33571  572.67497   45  549  585.00000  564.01336  3.59%  7508 25248s
 79922 33774  570.11314   48  627  585.00000  564.05987  3.58%  7495 25326s
 80383 33951  575.04620   56  711  585.00000  564.09849  3.57%  7483 25408s
 80821 34177  581.42716   82  572  585.00000  564.15722  3.56%  7470 25487s
 81221 34427  578.62817   57  548  585.00000  564.19792  3.56%  7462 25570s
 81682 34676  572.38535   56  628  585.00000  564.24362  3.55%  7450 25648s
 82182 34888  573.29816   51  615  585.00000  564.29493  3.54%  7436 25727s
 82618 35126  572.72662   42  758  585.00000  564.34286  3.53%  7423 25809s
 83095 35356  573.29650   47  727  585.00000  564.37491  3.53%  7408 25887s
 83553 35676  583.61623   65  475  585.00000  564.41579  3.52%  7395 25982s
 84153 35871  571.55702   44  790  585.00000  564.46598  3.51%  7375 26057s
 84596 36092  571.07059   58  721  585.00000  564.51203  3.50%  7362 26130s
 85010 36283  572.13461   51  669  585.00000  564.53597  3.50%  7355 26205s
 85384 36533  572.33425   52  715  585.00000  564.56535  3.49%  7346 26286s
 85872 36724  575.24161   53  665  585.00000  564.60500  3.49%  7334 26361s
 86326 36898  573.14391   48  752  585.00000  564.63130  3.48%  7321 26432s
 86655 37125  570.47640   47  659  585.00000  564.64462  3.48%  7313 26503s
 87102 37324  579.77572   48  431  585.00000  564.67693  3.47%  7299 26573s
 87505 37565  570.65349   51  733  585.00000  564.73415  3.46%  7290 26649s
 87960 37805  565.66099   39  885  585.00000  564.78266  3.46%  7277 26721s
 88379 38004  573.22302   49  537  585.00000  564.80679  3.45%  7267 26792s
 88728 38208  572.70769   45  668  585.00000  564.82803  3.45%  7260 26867s
 89100 38348  578.07821   47  659  585.00000  564.86081  3.44%  7254 26944s
 89475 38571  574.53401   39  769  585.00000  564.89569  3.44%  7250 27022s
 89942 38829  575.48704   64  540  585.00000  564.91775  3.43%  7239 27099s
 90443 39031  577.09880   58  723  585.00000  564.95665  3.43%  7226 27177s
 90788 39178  569.46854   51  753  585.00000  564.97741  3.42%  7220 27254s
 91142 39362  573.62450   50  684  585.00000  565.00825  3.42%  7214 27328s
 91522 39557  580.83532   61  550  585.00000  565.03771  3.41%  7206 27413s
 91934 39776  573.20162   45  743  585.00000  565.08632  3.40%  7199 27493s
 92343 39985  573.82672   61  697  585.00000  565.11514  3.40%  7189 27572s
 92768 40178  575.94020   69  575  585.00000  565.15008  3.39%  7179 27649s
 93246 40394  577.28545   43  633  585.00000  565.19083  3.39%  7166 27726s
 93708 40618  572.70522   62  588  585.00000  565.21254  3.38%  7156 27799s
 94170 40825     cutoff   45       585.00000  565.24369  3.38%  7145 27899s
 94673 41048  579.44860   55  696  585.00000  565.28075  3.37%  7136 27979s
 95095 41279  567.09769   66  751  585.00000  565.31021  3.37%  7128 28055s
 95590 41529  575.59617   52  619  585.00000  565.35167  3.36%  7117 28133s
 96056 41763  579.05931   68  553  585.00000  565.37401  3.35%  7107 28210s
 96525 41947  569.24227   51  644  585.00000  565.40976  3.35%  7097 28278s
 96932 42162  576.65567   50  711  585.00000  565.45074  3.34%  7088 28352s
 97392 42427  569.17797   55  613  585.00000  565.48289  3.34%  7077 28429s
 97895 42607  572.44305   53  757  585.00000  565.52132  3.33%  7064 28498s
 98286 42821  570.55619   50  599  585.00000  565.54655  3.33%  7056 28570s
 98727 43055  580.81689   51  540  585.00000  565.58493  3.32%  7047 28640s
 99239 43238  579.42023   51  738  585.00000  565.61816  3.31%  7034 28711s
 99626 43398     cutoff   52       585.00000  565.62708  3.31%  7027 28780s
 99992 43661  569.91973   49  649  585.00000  565.66212  3.31%  7020 28854s
 100526 43900  578.43313   64  505  585.00000  565.69404  3.30%  7008 28926s
 101067 44089  578.09960   70  642  585.00000  565.74740  3.29%  6995 28995s
 101496 44303  575.22172   55  683  585.00000  565.78169  3.29%  6988 29066s
 101909 44423  582.04754   42  470  585.00000  565.81971  3.28%  6980 29128s
 102218 44640  570.29379   45  696  585.00000  565.85667  3.27%  6977 29199s
 102656 44791  573.72842   58  513  585.00000  565.88106  3.27%  6966 29269s
 103052 44918  571.97428   52  698  585.00000  565.91356  3.26%  6958 29339s
 103292 45047  572.74964   47  704  585.00000  565.91984  3.26%  6953 29407s
 103659 45208  569.16282   36  626  585.00000  565.95077  3.26%  6946 29477s
 104046 45323  572.23140   52  541  585.00000  565.97553  3.25%  6937 29549s
 104401 45592  575.72913   56  677  585.00000  565.99856  3.25%  6931 29643s
 104981 45752  583.16200   87  500  585.00000  566.03294  3.24%  6922 29714s
 105359 45898  572.37180   52  674  585.00000  566.05703  3.24%  6916 29779s
 105768 46040  575.32228   53  664  585.00000  566.08199  3.23%  6909 29847s
 106105 46234  572.86220   42  632  585.00000  566.10544  3.23%  6904 29923s
 106536 46379  576.95724   41  560  585.00000  566.12096  3.23%  6896 29996s
 106957 46547     cutoff   57       585.00000  566.14674  3.22%  6888 30067s
 107426 46697     cutoff   72       585.00000  566.18261  3.22%  6878 30145s
 107849 46861  578.78878   51  478  585.00000  566.20527  3.21%  6872 30217s
 108277 47062  572.48144   49  652  585.00000  566.21867  3.21%  6862 30290s
 108710 47234  574.02036   45  691  585.00000  566.25912  3.20%  6853 30361s
 109120 47334  577.13289   43  603  585.00000  566.28700  3.20%  6847 30434s
 109536 47518  571.52671   51  689  585.00000  566.31269  3.19%  6838 30508s
 110004 47668  576.09225   57  457  585.00000  566.33336  3.19%  6827 30581s
 110373 47800     cutoff   55       585.00000  566.36075  3.19%  6820 30652s
 110698 47975  575.49821   69  726  585.00000  566.38306  3.18%  6814 30728s
 111095 48122  573.49922   63  641  585.00000  566.41068  3.18%  6809 30798s
 111478 48317  574.35064   62  594  585.00000  566.44934  3.17%  6803 30866s
 111926 48437     cutoff   70       585.00000  566.47312  3.17%  6795 30936s
 112264 48601  576.02188   48  534  585.00000  566.50623  3.16%  6791 31008s
 112707 48766  570.81575   48  663  585.00000  566.52977  3.16%  6784 31082s
 113147 48891  575.52726   49  791  585.00000  566.54194  3.16%  6778 31150s
 113520 49046  573.45597   47  608  585.00000  566.55672  3.15%  6773 31221s
 114029 49178     cutoff   61       585.00000  566.57549  3.15%  6761 31291s
 114325 49345  574.62048   58  634  585.00000  566.58953  3.15%  6757 31365s
 114761 49558  569.89449   48  687  585.00000  566.62917  3.14%  6749 31454s
 115253 49740  572.35145   56  687  585.00000  566.65454  3.14%  6744 31529s
 115672 49912  581.24819   43  695  585.00000  566.67975  3.13%  6738 31605s
 116101 50034  572.92467   49  791  585.00000  566.70267  3.13%  6732 31680s
 116554 50246  582.21797   52  606  585.00000  566.72132  3.12%  6724 31757s
 116959 50316  577.26174   58  534  585.00000  566.75208  3.12%  6719 31834s
 117122 50473  574.40389   52  715  585.00000  566.76367  3.12%  6717 31912s
 117598 50648  573.43509   42  687  585.00000  566.78378  3.11%  6710 31988s
 118053 50854  574.35709   55  819  585.00000  566.80877  3.11%  6704 32065s
 118480 50999  573.56435   56  732  585.00000  566.83106  3.11%  6698 32139s
 118877 51133  570.44145   45  749  585.00000  566.86222  3.10%  6693 32217s
 119278 51265  577.95202   52  578  585.00000  566.88728  3.10%  6688 32291s
 119689 51432  579.06717   53  474  585.00000  566.91977  3.09%  6684 32365s
 120064 51525  577.59423   44  744  585.00000  566.93786  3.09%  6679 32445s
 120415 51699  574.67832   51  710  585.00000  566.95659  3.08%  6673 32526s
 120849 51832  578.26495   45  660  585.00000  566.98180  3.08%  6667 32604s
 121160 51991  579.51271   54  599  585.00000  566.99695  3.08%  6663 32683s
 121560 52170  574.49841   52  611  585.00000  567.01288  3.07%  6656 32761s
 122037 52341  575.23843   53  638  585.00000  567.04752  3.07%  6650 32840s
 122491 52513  572.83998   45  790  585.00000  567.07223  3.06%  6644 32920s
 122923 52666  570.98222   55  634  585.00000  567.09068  3.06%  6638 32996s
 123318 52913  574.79242   61  456  585.00000  567.11893  3.06%  6634 33076s
 123804 53032  581.44516   53  430  585.00000  567.15473  3.05%  6627 33156s
 124081 53158  582.55699   54  630  585.00000  567.16261  3.05%  6623 33235s
 124480 53365  571.83218   46  636  585.00000  567.18177  3.05%  6620 33316s
 124983 53594  581.89718   66  569  585.00000  567.20372  3.04%  6612 33406s
 125523 53726  578.72146   52  657  585.00000  567.23464  3.04%  6604 33472s
 125850 53919  574.22428   51  663  585.00000  567.24765  3.03%  6602 33547s
 126335 54137  573.77125   51  687  585.00000  567.27368  3.03%  6596 33622s
 126930 54320  571.21003   62  564  585.00000  567.29150  3.03%  6585 33690s
 127343 54356  582.59043   63  574  585.00000  567.31463  3.02%  6579 33755s
 127413 54453  583.32322   64  573  585.00000  567.31633  3.02%  6578 33824s
 127735 54594  576.68671   48  614  585.00000  567.34891  3.02%  6575 33896s
 128140 54785  579.36000   48  824  585.00000  567.37094  3.01%  6571 33966s
 128516 54945  569.57628   54  643  585.00000  567.38816  3.01%  6566 34033s
 128926 55113  583.25734   44  600  585.00000  567.40604  3.01%  6561 34107s
 129352 55275  579.90554   47  622  585.00000  567.42981  3.00%  6555 34176s
 129790 55433  577.21532   50  693  585.00000  567.44486  3.00%  6548 34245s
 130168 55579  579.55735   39  655  585.00000  567.47350  3.00%  6544 34319s
 130617 55736  572.74289   45  618  585.00000  567.50009  2.99%  6538 34392s
 131058 55875  580.24401   53  672  585.00000  567.51373  2.99%  6533 34458s
 131435 56003  581.29291   56  674  585.00000  567.53647  2.99%  6529 34529s
 131882 56179  581.98842   53  555  585.00000  567.55745  2.98%  6522 34602s
 132374 56339  576.07007   53  636  585.00000  567.57376  2.98%  6516 34671s
 132703 56443  571.62825   53  672  585.00000  567.58961  2.98%  6514 34743s
 133037 56662  577.89710   45  729  585.00000  567.61306  2.97%  6512 34816s
 133520 56831  580.66545   49  555  585.00000  567.63119  2.97%  6506 34889s
 133990 56961  581.47336   45  715  585.00000  567.65874  2.96%  6499 34956s
 134357 57110  576.29001   42  693  585.00000  567.68596  2.96%  6495 35024s
 134742 57242     cutoff   60       585.00000  567.70192  2.96%  6491 35094s
 135178 57390  572.52663   61  633  585.00000  567.71929  2.95%  6486 35162s
 135582 57606  574.72690   55  625  585.00000  567.74041  2.95%  6482 35247s
 136173 57695  582.85500   69  604  585.00000  567.76688  2.95%  6473 35308s
 136460 57844  576.39966   55  717  585.00000  567.77840  2.94%  6472 35379s
 136878 57981  576.15315   50  616  585.00000  567.80014  2.94%  6468 35449s
 137252 58153  575.28849   54  766  585.00000  567.81505  2.94%  6465 35520s
 137695 58332  580.10483   62  627  585.00000  567.82766  2.94%  6459 35591s
 138175 58521  578.87770   64  638  585.00000  567.84987  2.93%  6453 35662s
 138724 58641     cutoff   62       585.00000  567.87187  2.93%  6444 35729s
 139060 58813  574.00276   53  605  585.00000  567.89348  2.92%  6440 35796s
 139520 58997  577.59064   63  578  585.00000  567.91851  2.92%  6435 35863s
 139946 59147  581.36587   86  475  585.00000  567.94116  2.92%  6429 35929s
 140349 59276  574.54133   46  687  585.00000  567.96295  2.91%  6425 35995s
 140803 59370  582.24854   55  518  585.00000  567.97856  2.91%  6418 36062s
 141152 59527  577.13498   69  699  585.00000  568.00186  2.91%  6416 36124s
 141533 59679  574.49015   45  645  585.00000  568.02152  2.90%  6412 36191s
 141930 59862  571.55303   54  696  585.00000  568.04085  2.90%  6407 36258s
 142369 59966  575.78587   67  630  585.00000  568.05502  2.90%  6402 36326s
 142731 60164  571.70803   51  698  585.00000  568.07427  2.89%  6398 36395s
 143229 60323  582.07857   45  586  585.00000  568.09737  2.89%  6392 36462s
 143711 60508  575.79892   47  719  585.00000  568.11712  2.89%  6386 36530s
 144122 60695  583.46575   66  543  585.00000  568.13719  2.88%  6382 36601s
 144582 60890  571.65620   50  725  585.00000  568.16418  2.88%  6377 36670s
 145108 61012  573.14175   50  763  585.00000  568.17880  2.88%  6369 36736s
 145465 61175  577.56649   41  725  585.00000  568.19338  2.87%  6367 36801s
 145841 61352  579.97612   61  562  585.00000  568.20698  2.87%  6363 36885s
 146313 61468  580.58689   55  758  585.00000  568.23964  2.87%  6359 36959s
 146743 61633     cutoff   59       585.00000  568.26817  2.86%  6355 37035s
 147224 61772  581.75009   79  576  585.00000  568.28557  2.86%  6349 37107s
 147665 61872  572.77780   50  733  585.00000  568.30235  2.85%  6343 37173s
 148069 62001  579.73847   68  342  585.00000  568.32718  2.85%  6339 37244s
 148520 62121  574.40750   45  649  585.00000  568.35199  2.85%  6335 37311s
 149003 62238  573.31068   62  584  585.00000  568.37682  2.84%  6329 37376s
 149361 62328  578.46182   58  684  585.00000  568.39709  2.84%  6327 37445s
 149720 62491  581.45583   54  625  585.00000  568.41631  2.83%  6323 37509s
 150130 62636  579.55618   39  563  585.00000  568.43786  2.83%  6319 37577s
 150571 62744  583.45319   55  565  585.00000  568.45613  2.83%  6315 37643s
 150950 62903     cutoff   65       585.00000  568.47610  2.82%  6311 37715s
 151462 63060  582.03356   69  603  585.00000  568.50456  2.82%  6305 37783s
 151963 63184     cutoff   66       585.00000  568.51671  2.82%  6299 37850s
 152382 63321  573.48588   48  805  585.00000  568.54151  2.81%  6295 37918s
 152745 63416  573.39946   45  727  585.00000  568.55768  2.81%  6293 37982s
 153092 63557  575.15132   50  604  585.00000  568.57509  2.81%  6291 38050s
 153559 63721  576.82806   54  673  585.00000  568.59562  2.80%  6285 38118s
 154007 63827     cutoff   69       585.00000  568.61663  2.80%  6281 38187s
 154403 63981  579.20721   63  568  585.00000  568.64048  2.80%  6277 38253s
 154892 64088  578.81069   48  681  585.00000  568.66077  2.79%  6271 38317s
 155267 64217  576.31593   53  693  585.00000  568.68216  2.79%  6268 38388s
 155648 64317  582.22348   48  701  585.00000  568.69895  2.79%  6265 38453s
 156003 64442  580.88712   53  628  585.00000  568.71974  2.78%  6262 38523s
 156454 64570  579.44765   52  642  585.00000  568.74133  2.78%  6258 38611s
 156892 64733  581.94901   56  595  585.00000  568.76156  2.78%  6253 38690s
 157388 64891  578.63688   59  526  585.00000  568.77860  2.77%  6249 38762s
 157897 65005     cutoff   59       585.00000  568.80293  2.77%  6243 38829s
 158290 65143     cutoff   64       585.00000  568.82502  2.76%  6241 38903s
 158744 65262  582.56779   57  644  585.00000  568.83634  2.76%  6236 38973s
 159134 65337  578.58455   63  500  585.00000  568.85808  2.76%  6233 39044s
 159485 65407     cutoff   57       585.00000  568.86601  2.76%  6229 39115s
 159830 65590  580.06973   70  582  585.00000  568.89094  2.75%  6226 39187s
 160300 65719  576.98438   52  623  585.00000  568.91386  2.75%  6223 39259s
 160881 65865  579.23144   67  620  585.00000  568.92957  2.75%  6214 39327s
 161315 65957  579.53237   44  691  585.00000  568.95399  2.74%  6211 39393s
 161693 66089  581.53317   47  702  585.00000  568.96699  2.74%  6208 39462s
 162143 66255  575.29588   51  707  585.00000  568.98947  2.74%  6204 39534s
 162584 66357  582.60809   58  561  585.00000  569.00860  2.73%  6199 39598s
 163000 66467  580.28865   47  578  585.00000  569.03065  2.73%  6195 39664s
 163442 66541  578.52832   66  613  585.00000  569.06110  2.72%  6191 39729s
 163761 66662  575.00130   54  652  585.00000  569.07732  2.72%  6190 39799s
 164197 66748  581.98969   48  571  585.00000  569.09362  2.72%  6187 39866s
 164576 66871  579.16353   46  716  585.00000  569.11481  2.72%  6184 39931s
 164982 66950  581.80157   64  601  585.00000  569.13666  2.71%  6181 39996s
 165371 67033  581.33172   50  645  585.00000  569.15489  2.71%  6178 40063s
 165755 67149  582.41832   59  616  585.00000  569.17548  2.71%  6175 40136s
 166174 67278  582.47290   57  650  585.00000  569.19044  2.70%  6172 40203s
 166634 67399  578.85562   54  691  585.00000  569.21074  2.70%  6168 40274s
 167042 67403  576.24767   53  554  585.00000  569.22655  2.70%  6163 40346s
 167046 67869  576.97557   54  543  585.00000  569.22752  2.70%  6163 40795s
 168874 67994  583.14273   50  431  585.00000  569.30344  2.68%  6148 40887s
 169391 68098  576.84294   51  647  585.00000  569.33430  2.68%  6145 40975s
 169893 68264  583.48623   49  578  585.00000  569.35799  2.67%  6141 41058s
 170427 68407  577.48750   46  873  585.00000  569.38047  2.67%  6137 41139s
 170922 68558  577.97465   62  649  585.00000  569.39571  2.67%  6132 41220s
 171494 68643     cutoff   52       585.00000  569.41986  2.66%  6126 41297s
 171849 68755  583.30143   46  723  585.00000  569.44567  2.66%  6125 41375s
 172346 68851  576.36434   42  619  585.00000  569.47691  2.65%  6121 41450s
 172872 68955  578.05487   54  633  585.00000  569.49793  2.65%  6117 41526s
 173318 69131  577.46021   51  732  585.00000  569.52358  2.65%  6115 41598s
 173880 69254  577.94797   49  520  585.00000  569.53914  2.64%  6109 41676s
 174344 69425  581.42296   65  609  585.00000  569.56208  2.64%  6105 41748s
 174855 69523  580.38069   65  593  585.00000  569.58818  2.63%  6100 41820s
 175272 69631  581.11633   55  630  585.00000  569.60689  2.63%  6099 41890s
 175647 69779  583.99375   70  477  585.00000  569.62462  2.63%  6098 41960s
 176118 69861     cutoff   60       585.00000  569.64754  2.62%  6093 42030s
 176568 69993  579.49155   46  570  585.00000  569.67086  2.62%  6090 42101s
 177051 70106     cutoff   45       585.00000  569.69189  2.62%  6086 42172s
 177478 70202     cutoff   54       585.00000  569.70618  2.61%  6083 42251s
 177946 70287  582.02175   57  581  585.00000  569.73364  2.61%  6080 42323s
 178343 70413  583.54177   55  696  585.00000  569.75044  2.61%  6078 42394s
 178839 70457     cutoff   49       585.00000  569.78671  2.60%  6074 42465s
 179144 70518  581.97290   54  593  585.00000  569.80058  2.60%  6072 42533s
 179482 70665  580.69827   57  624  585.00000  569.80615  2.60%  6070 42607s
 179914 70780  578.63500   52  636  585.00000  569.83060  2.59%  6068 42686s
 180435 70899     cutoff   53       585.00000  569.85524  2.59%  6064 42759s
 180852 71004  575.60565   45  659  585.00000  569.87111  2.59%  6062 42829s
 181273 71062  579.66046   49  701  585.00000  569.89243  2.58%  6059 42900s
 181634 71140  581.47076   62  548  585.00000  569.91153  2.58%  6057 42972s
 182087 71266     cutoff   57       585.00000  569.92568  2.58%  6054 43043s
 182605 71361  580.08194   44  544  585.00000  569.95028  2.57%  6050 43113s
 183009 71443  575.59078   52  704  585.00000  569.97097  2.57%  6047 43180s
 183314 71502  581.02681   41  623  585.00000  569.98312  2.57%  6046 43200s

Cutting planes:
  Learned: 3
  Gomory: 1
  Cover: 287
  Implied bound: 389
  Projected implied bound: 6
  Clique: 7
  MIR: 115
  StrongCG: 4
  Flow cover: 2542
  GUB cover: 17
  Inf proof: 10
  Zero half: 66
  Mod-K: 6
  Network: 76
  RLT: 4
  Relax-and-lift: 10

Explored 183479 nodes (1109258324 simplex iterations) in 43200.03 seconds (221024.88 work units)
Thread count was 4 (of 32 available processors)

Solution count 10: 585 586 587 ... 605

Time limit reached
Best objective 5.850000000000e+02, best bound 5.700000000000e+02, gap 2.5641%

Wrote result file '/Users/takafumi/Dropbox/2_Study/cspns_gurobi/sol_recomputed_4threads/E150_1000.6_R100.sol'

