
Gurobi 13.0.2 (mac64[arm], gurobi_cl) logging started Wed Jul  1 18:47:04 2026

Set parameter TokenServer to value "10.8.80.200"
Set parameter TimeLimit to value 43200
Set parameter LogFile to value "./log/E150_1000.7_R100.log"
Set parameter Threads to value 4
Using license file /Library/gurobi1302/gurobi.lic

Gurobi Optimizer version 13.0.2 build v13.0.2rc1 (mac64[arm] - Darwin 24.6.0 24G517)
Copyright (c) 2026, Gurobi Optimization, LLC

Read LP format model from file ./lp/E150_1000.7_R100.lp
Reading time = 0.14 seconds
root: 46208 rows, 45753 columns, 635179 nonzeros

Using Gurobi shared library /Library/gurobi1302/macos_universal2/lib/libgurobi130.dylib

CPU model: Apple M3 Ultra
Thread count: 32 physical cores, 32 logical processors, using up to 4 threads

Non-default parameters:
TimeLimit  43200
Threads  4

Optimize a model with 46208 rows, 45753 columns and 635179 nonzeros (Min)
Model fingerprint: 0xf308543a
Model has 22650 linear objective coefficients
Variable types: 0 continuous, 45753 integer (0 binary)
Coefficient statistics:
  Matrix range     [1e+00, 2e+02]
  Objective range  [1e+00, 2e+02]
  Bounds range     [1e+00, 1e+00]
  RHS range        [1e+00, 1e+00]

Presolve removed 23118 rows and 303 columns
Presolve time: 3.42s
Presolved: 23090 rows, 45450 columns, 356200 nonzeros
Variable types: 0 continuous, 45450 integer (22950 binary)
Deterministic concurrent LP optimizer: primal and dual simplex
Showing primal log only...


Root simplex log...

Iteration    Objective       Primal Inf.    Dual Inf.      Time
   43807    1.9621953e+01   0.000000e+00   2.552191e+03      5s
   68540    2.9925828e+01   0.000000e+00   0.000000e+00      8s
Concurrent spin time: 0.33s

Solved with primal simplex

Root relaxation: objective 2.992583e+01, 68540 iterations, 4.80 seconds (14.10 work units)

    Nodes    |    Current Node    |     Objective Bounds      |     Work
 Expl Unexpl |  Obj  Depth IntInf | Incumbent    BestBd   Gap | It/Node Time

     0     0   29.92583    0  195          -   29.92583      -     -    8s
     0     0   95.99268    0  257          -   95.99268      -     -   13s
H    0     0                    2102.0000000   95.99268  95.4%     -   13s
H    0     0                    1113.0000000   95.99268  91.4%     -   17s
H    0     0                    1080.0000000   95.99268  91.1%     -   17s
H    0     0                    1021.0000000   95.99268  90.6%     -   18s
H    0     0                     983.0000000   95.99268  90.2%     -   18s
H    0     0                     963.0000000   95.99268  90.0%     -   19s
H    0     0                     907.0000000   95.99268  89.4%     -   19s
H    0     0                     893.0000000   95.99268  89.3%     -   19s
H    0     0                     887.0000000   95.99268  89.2%     -   20s
H    0     0                     877.0000000   95.99268  89.1%     -   20s
H    0     0                     869.0000000   95.99268  89.0%     -   21s
H    0     0                     863.0000000   95.99268  88.9%     -   23s
H    0     0                     861.0000000   95.99268  88.9%     -   23s
H    0     0                     859.0000000   95.99268  88.8%     -   23s
H    0     0                     836.0000000   95.99268  88.5%     -   23s
H    0     0                     824.0000000   95.99268  88.4%     -   23s
H    0     0                     822.0000000   95.99268  88.3%     -   23s
H    0     0                     810.0000000   95.99268  88.1%     -   23s
H    0     0                     808.0000000   95.99268  88.1%     -   23s
     0     0  210.69805    0  387  808.00000  210.69805  73.9%     -   26s
     0     0  265.98040    0  412  808.00000  265.98040  67.1%     -   42s
H    0     0                     793.0000000  265.98040  66.5%     -   42s
H    0     0                     766.0000000  265.98040  65.3%     -   43s
H    0     0                     748.0000000  265.98040  64.4%     -   43s
H    0     0                     728.0000000  265.98040  63.5%     -   46s
H    0     0                     723.0000000  265.98040  63.2%     -   47s
H    0     0                     722.0000000  265.98040  63.2%     -   49s
H    0     0                     720.0000000  265.98040  63.1%     -   50s
H    0     0                     718.0000000  265.98040  63.0%     -   55s
H    0     0                     717.0000000  265.98040  62.9%     -   55s
H    0     0                     713.0000000  265.98040  62.7%     -   55s
H    0     0                     707.0000000  265.98040  62.4%     -   55s
H    0     0                     706.0000000  265.98040  62.3%     -   55s
H    0     0                     704.0000000  265.98040  62.2%     -   55s
H    0     0                     692.0000000  265.98040  61.6%     -   55s
H    0     0                     675.0000000  310.68914  54.0%     -   63s
H    0     0                     669.0000000  310.68914  53.6%     -   63s
H    0     0                     668.0000000  310.68914  53.5%     -   63s
     0     0  310.68914    0  529  668.00000  310.68914  53.5%     -   63s
H    0     0                     663.0000000  310.82549  53.1%     -   64s
H    0     0                     661.0000000  310.82549  53.0%     -   64s
H    0     0                     656.0000000  310.82549  52.6%     -   66s
     0     0  311.66842    0  503  656.00000  311.66842  52.5%     -   70s
     0     0  311.66842    0  503  656.00000  311.66842  52.5%     -   70s
     0     0  332.17778    0  577  656.00000  332.17778  49.4%     -   74s
     0     0  336.07205    0  554  656.00000  336.07205  48.8%     -   77s
     0     0  336.12894    0  555  656.00000  336.12894  48.8%     -   77s
     0     0  336.12894    0  557  656.00000  336.12894  48.8%     -   77s
     0     0  352.53255    0  559  656.00000  352.53255  46.3%     -   84s
     0     0  362.78353    0  546  656.00000  362.78353  44.7%     -   89s
     0     0  366.39831    0  552  656.00000  366.39831  44.1%     -   91s
     0     0  366.40508    0  570  656.00000  366.40508  44.1%     -   91s
     0     0  375.59769    0  614  656.00000  375.59769  42.7%     -   97s
     0     0  383.30027    0  611  656.00000  383.30027  41.6%     -  103s
     0     0  386.04895    0  649  656.00000  386.04895  41.2%     -  109s
H    0     0                     652.0000000  386.61417  40.7%     -  111s
     0     0  386.61417    0  652  652.00000  386.61417  40.7%     -  111s
     0     0  386.65291    0  649  652.00000  386.65291  40.7%     -  112s
     0     0  386.66395    0  666  652.00000  386.66395  40.7%     -  112s
     0     0  390.82907    0  618  652.00000  390.82907  40.1%     -  120s
H    0     0                     651.0000000  390.84291  40.0%     -  120s
H    0     0                     647.0000000  390.84291  39.6%     -  121s
H    0     0                     644.0000000  390.84291  39.3%     -  122s
     0     0  391.28649    0  633  644.00000  391.28649  39.2%     -  128s
     0     0  392.09902    0  647  644.00000  392.09902  39.1%     -  133s
     0     0  392.20597    0  646  644.00000  392.20597  39.1%     -  134s
     0     0  392.20827    0  656  644.00000  392.20827  39.1%     -  134s
     0     0  396.62973    0  666  644.00000  396.62973  38.4%     -  141s
     0     0  398.95830    0  716  644.00000  398.95830  38.0%     -  149s
     0     0  399.40071    0  745  644.00000  399.40071  38.0%     -  155s
     0     0  399.49856    0  752  644.00000  399.49856  38.0%     -  156s
     0     0  399.51802    0  761  644.00000  399.51802  38.0%     -  157s
     0     0  406.33840    0  708  644.00000  406.33840  36.9%     -  161s
     0     0  407.46141    0  748  644.00000  407.46141  36.7%     -  164s
     0     0  407.53276    0  768  644.00000  407.53276  36.7%     -  165s
     0     0  407.53578    0  775  644.00000  407.53578  36.7%     -  166s
     0     0  410.80120    0  735  644.00000  410.80120  36.2%     -  171s
     0     0  411.15232    0  762  644.00000  411.15232  36.2%     -  173s
     0     0  411.21836    0  768  644.00000  411.21836  36.1%     -  173s
     0     0  411.23359    0  786  644.00000  411.23359  36.1%     -  174s
     0     0  411.75068    0  777  644.00000  411.75068  36.1%     -  179s
H    0     0                     640.0000000  411.75657  35.7%     -  182s
H    0     0                     639.0000000  411.75657  35.6%     -  183s
H    0     0                     636.0000000  411.78495  35.3%     -  220s
H    0     0                     631.0000000  411.78495  34.7%     -  220s
H    0     0                     627.0000000  411.78495  34.3%     -  220s
     0     0  411.78495    0  814  627.00000  411.78495  34.3%     -  220s
     0     0  414.21416    0  747  627.00000  414.21416  33.9%     -  228s
     0     0  414.68481    0  726  627.00000  414.68481  33.9%     -  232s
     0     0  414.95127    0  775  627.00000  414.95127  33.8%     -  233s
     0     0  414.97319    0  787  627.00000  414.97319  33.8%     -  234s
     0     0  416.23207    0  752  627.00000  416.23207  33.6%     -  237s
     0     0  417.85056    0  787  627.00000  417.85056  33.4%     -  242s
     0     0  418.38563    0  773  627.00000  418.38563  33.3%     -  246s
H    0     0                     626.0000000  418.53013  33.1%     -  248s
H    0     0                     623.0000000  418.53013  32.8%     -  248s
     0     0  418.53013    0  790  623.00000  418.53013  32.8%     -  248s
H    0     0                     614.0000000  418.57214  31.8%     -  250s
     0     0  418.57214    0  822  614.00000  418.57214  31.8%     -  250s
H    0     0                     608.0000000  419.42430  31.0%     -  256s
     0     0  419.42430    0  802  608.00000  419.42430  31.0%     -  256s
     0     0  419.48447    0  802  608.00000  419.48447  31.0%     -  258s
     0     0  419.51945    0  814  608.00000  419.51945  31.0%     -  260s
     0     0  419.89676    0  759  608.00000  419.89676  30.9%     -  265s
     0     0  420.23320    0  809  608.00000  420.23320  30.9%     -  269s
     0     0  420.25606    0  839  608.00000  420.25606  30.9%     -  273s
     0     0  420.84242    0  804  608.00000  420.84242  30.8%     -  281s
     0     0  420.88208    0  837  608.00000  420.88208  30.8%     -  285s
     0     0  421.15788    0  814  608.00000  421.15788  30.7%     -  290s
     0     0  421.45278    0  803  608.00000  421.45278  30.7%     -  295s
     0     0  421.45665    0  813  608.00000  421.45665  30.7%     -  296s
     0     0  421.46301    0  803  608.00000  421.46301  30.7%     -  300s
     0     0  421.46620    0  803  608.00000  421.46620  30.7%     -  300s
     0     0  421.46620    0  745  608.00000  421.46620  30.7%     -  306s
     0     2  421.46683    0  740  608.00000  421.46683  30.7%     -  333s
     1     3  423.20432    1  714  608.00000  421.48363  30.7% 19283  343s
     2     6  430.49481    2  755  608.00000  421.48363  30.7% 14798  349s
     5    10  430.71889    3  761  608.00000  422.32464  30.5% 10074  352s
H    6    10                     595.0000000  422.32464  29.0%  8395  352s
     9    14  432.03155    4  747  595.00000  423.84416  28.8%  8311  359s
H   10    14                     594.0000000  423.84416  28.6%  7480  359s
    13    16  440.98802    5  730  594.00000  423.89421  28.6%  7732  368s
    15    20  434.39741    5  730  594.00000  423.89421  28.6%  9865  374s
H   17    20                     590.0000000  423.89421  28.2%  9964  374s
    19    23  434.87507    6  708  590.00000  423.89421  28.2% 14299  386s
H   22    34                     589.0000000  423.89421  28.0% 13701  398s
H   25    34                     586.0000000  423.89421  27.7% 13435  398s
    33    41  435.42684   10  694  586.00000  423.89421  27.7% 16349  406s
H   35    41                     584.0000000  423.89421  27.4% 15562  406s
    40    44  435.69445   11  717  584.00000  423.89421  27.4% 14362  414s
H   42    44                     583.0000000  423.89421  27.3% 13903  414s
    43    47  436.58330   12  666  583.00000  423.89421  27.3% 13873  420s
    50    55  440.74104   13  632  583.00000  423.89421  27.3% 14026  431s
    54    61  440.90667   14  642  583.00000  423.89421  27.3% 13724  439s
    60    65  441.29075   15  642  583.00000  423.89421  27.3% 13722  447s
H   63    65                     580.0000000  423.89421  26.9% 13318  447s
H   64    69                     579.0000000  423.89421  26.8% 13211  455s
    68    77  441.75456   13  643  579.00000  423.89421  26.8% 12929  463s
    76    85  463.14807   16  600  579.00000  423.89421  26.8% 12175  471s
H   77    85                     578.0000000  423.89421  26.7% 12017  471s
    84    92  443.43703   16  604  578.00000  423.89421  26.7% 11564  480s
    91    99  463.21964   17  601  578.00000  423.89421  26.7% 10949  489s
    98   103  464.21820   19  612  578.00000  423.89421  26.7% 10718  497s
   102   108  465.87432   19  619  578.00000  423.89421  26.7% 10592  504s
   107   112  468.66929   20  616  578.00000  423.89421  26.7% 10536  508s
   111   116  466.10593   21  597  578.00000  423.89421  26.7% 10381  514s
   115   122  466.52170   22  599  578.00000  423.89421  26.7% 10238  522s
   121   129  467.10696   25  588  578.00000  423.89421  26.7%  9927  529s
   128   133  470.13709   28  569  578.00000  423.89421  26.7%  9698  537s
   132   137  468.75946   29  582  578.00000  423.89421  26.7%  9684  545s
   136   142  469.32938   30  587  578.00000  423.89421  26.7%  9531  554s
   141   152  473.06588   30  545  578.00000  423.89421  26.7%  9551  563s
   151   162  469.35395   31  580  578.00000  423.89421  26.7%  9148  576s
   161   172  469.94936   33  588  578.00000  423.89421  26.7%  8776  587s
   171   182  470.80652   36  586  578.00000  423.89421  26.7%  8669  597s
   181   196  471.52074   38  579  578.00000  423.89421  26.7%  8661  605s
   195   215  473.19463   40  582  578.00000  423.89421  26.7%  8443  615s
   214   228  481.64671   40  534  578.00000  423.89421  26.7%  8031  625s
   227   239  473.42769   41  582  578.00000  423.89421  26.7%  7830  638s
   238   260  474.21289   44  540  578.00000  423.89421  26.7%  7773  649s
   259   272  474.74836   48  535  578.00000  423.89421  26.7%  7480  663s
   271   289  479.60337   50  578  578.00000  423.89421  26.7%  7502  677s
   288   295  476.62447   50  533  578.00000  423.89421  26.7%  7260  689s
   294   316  477.36953   53  521  578.00000  423.89421  26.7%  7195  702s
   315   334  479.06452   67  521  578.00000  423.89421  26.7%  6926  718s
   333   357  506.61333   74  467  578.00000  423.89421  26.7%  6858  732s
   356   378  481.54657   77  508  578.00000  423.89421  26.7%  6668  745s
   377   390  486.36387   84  546  578.00000  423.89421  26.7%  6558  761s
   389   424  486.87882   87  548  578.00000  423.89421  26.7%  6524  779s
   423   459  487.38798   92  554  578.00000  423.89421  26.7%  6239  797s
   458   463  491.20563  100  541  578.00000  423.89421  26.7%  6020  814s
H  461   463                     577.0000000  423.89421  26.5%  6006  814s
   462   487  492.18685  101  578  577.00000  423.89421  26.5%  6027  833s
   486   491  492.40496  106  578  577.00000  423.89421  26.5%  5999  852s
H  487   491                     576.0000000  423.89421  26.4%  5986  852s
   490   526  493.39939  107  528  576.00000  423.89421  26.4%  5992  875s
   525   571  496.20494  111  524  576.00000  423.89421  26.4%  5849  898s
   570   593  500.63333  114  513  576.00000  423.89421  26.4%  5610  918s
   592   623  502.47979  121  518  576.00000  423.89421  26.4%  5580  939s
   622   668  503.89089  128  505  576.00000  423.89421  26.4%  5559  963s
   667   703  505.54552  135  538  576.00000  423.89421  26.4%  5445  988s
   702   750  506.94192  142  536  576.00000  423.89421  26.4%  5423 1018s
H  749   786                     575.0000000  423.89421  26.3%  5320 1041s
   785   855  509.26160  154  534  575.00000  423.89421  26.3%  5235 1066s
   854   931  511.10288  166  477  575.00000  423.89421  26.3%  5052 1092s
   930  1035  514.19787  178  450  575.00000  423.89421  26.3%  4863 1119s
  1036  1139  520.07143  197  435  575.00000  423.89421  26.3%  4588 1148s
  1140  1241  522.11969  216  445  575.00000  423.89421  26.3%  4323 1170s
  1242  1358  525.19982  232  445  575.00000  423.89421  26.3%  4131 1195s
  1359  1406  541.15533  246  387  575.00000  423.89421  26.3%  3909 1227s
  1421  1493  535.64485  267  411  575.00000  423.89421  26.3%  3869 1260s
  1508  1539  538.61382  303  389  575.00000  423.89421  26.3%  3840 1290s
H 1554  1605                     573.0000000  423.89421  26.0%  3838 1320s
  1620  1726  545.27681  343  407  573.00000  423.89421  26.0%  3817 1357s
  1741  1850  554.86606  419  338  573.00000  423.89421  26.0%  3753 1393s
  1883  1987  439.98210    5  683  573.00000  423.89421  26.0%  3647 1433s
  2025  1988  480.26796   39  387  573.00000  423.89421  26.0%  3531 1458s
  2027  1989  493.77083  140  424  573.00000  423.89421  26.0%  3527 1479s
  2028  1990  532.40547  281  487  573.00000  423.89421  26.0%  3526 1509s
H 2028  1890                     572.0000000  423.89421  25.9%  3526 1518s
H 2028  1795                     570.0000000  423.89421  25.6%  3526 1518s
  2029  1796  497.35485  193  547  570.00000  423.89421  25.6%  3524 1520s
H 2029  1706                     569.0000000  423.89421  25.5%  3524 1531s
  2031  1707  474.31955   56  601  569.00000  423.89421  25.5%  3520 1541s
  2032  1708  568.64255  493  650  569.00000  425.08815  25.3%  3519 1547s
  2033  1708  560.35536  451  670  569.00000  428.95692  24.6%  3517 1556s
  2034  1709  550.25936  366  670  569.00000  434.06138  23.7%  3515 1565s
  2035  1710  477.34211   52  664  569.00000  436.52164  23.3%  3513 1572s
  2036  1710  508.31572  151  706  569.00000  438.95678  22.9%  3512 1577s
  2037  1711  537.00541  286  736  569.00000  439.89985  22.7%  3510 1581s
  2038  1712  537.09232  288  752  569.00000  441.38810  22.4%  3508 1587s
  2040  1713  494.32318  143  751  569.00000  442.63372  22.2%  3505 1591s
  2041  1714  557.12782  438  773  569.00000  443.07178  22.1%  3503 1597s
  2042  1714  555.22153  366  797  569.00000  443.71883  22.0%  3501 1601s
  2044  1716  505.99310  164  805  569.00000  444.71185  21.8%  3498 1609s
  2045  1716  551.97120  334  795  569.00000  444.94476  21.8%  3496 1611s
  2046  1717  505.00387  193  802  569.00000  445.07444  21.8%  3495 1615s
  2051  1720  474.96709   48  770  569.00000  450.75890  20.8%  3486 1628s
  2052  1721  558.23567  354  798  569.00000  450.90942  20.8%  3484 1632s
  2053  1722  553.68343  375  807  569.00000  451.56392  20.6%  3483 1643s
  2054  1722  467.01860   87  839  569.00000  451.76970  20.6%  3481 1649s
  2055  1723  471.09504   38  847  569.00000  451.80789  20.6%  3479 1656s
  2058  1725  515.63312  269  852  569.00000  451.85663  20.6%  3474 1661s
  2060  1726  508.46235  248  844  569.00000  456.82932  19.7%  3471 1678s
  2061  1727  562.91518  380  823  569.00000  457.41502  19.6%  3469 1689s
  2062  1728  527.03581  263  879  569.00000  457.68424  19.6%  3467 1693s
  2063  1728  499.85216  201  891  569.00000  457.73710  19.6%  3466 1697s
  2066  1730  521.23861  216  891  569.00000  457.82911  19.5%  3461 1702s
  2070  1733  463.22540   57  911  569.00000  457.83476  19.5%  3454 1706s
  2071  1734  565.65035  393  818  569.00000  461.44727  18.9%  3452 1721s
  2072  1734  532.41335  331  835  569.00000  463.35187  18.6%  3451 1731s
  2073  1735  463.81970   17  854  569.00000  463.81970  18.5%  3449 1736s
  2075  1736  551.84306  338  880  569.00000  464.05913  18.4%  3446 1741s
  2080  1740  495.21203  148  912  569.00000  464.15916  18.4%  3437 1746s
  2081  1740  534.95300  302  841  569.00000  466.10748  18.1%  3436 1750s
  2084  1742  536.83438  281  895  569.00000  466.10748  18.1%  3431 1755s
  2089  1746  551.83136  396  819  569.00000  468.59056  17.6%  3423 1763s
  2090  1746  468.61076   17  830  569.00000  468.61076  17.6%  3421 1766s
  2092  1748  511.61523  170  856  569.00000  468.78970  17.6%  3418 1770s
  2096  1750  483.99425  139  903  569.00000  468.88051  17.6%  3411 1775s
  2100  1753  539.65103  332  858  569.00000  469.92448  17.4%  3405 1789s
  2101  1754  558.23567  354  874  569.00000  470.30375  17.3%  3403 1797s
  2102  1754  517.96671  225  887  569.00000  470.47060  17.3%  3401 1801s
  2107  1758  560.16825  365  933  569.00000  470.50221  17.3%  3393 1806s
  2108  1758  520.87226  305  839  569.00000  471.92297  17.1%  3392 1819s
  2109  1759  545.49070  337  867  569.00000  471.92297  17.1%  3390 1822s
  2111  1760  471.92297   61  872  569.00000  471.92297  17.1%  3387 1826s
  2116  1764  536.77139  282  923  569.00000  471.92297  17.1%  3379 1830s
  2117  1764  494.13653  185  843  569.00000  472.95704  16.9%  3377 1836s
  2118  1765  480.84667  128  862  569.00000  473.17106  16.8%  3376 1840s
  2120  1766  474.32601   76  891  569.00000  473.42503  16.8%  3373 1846s
  2121  1767  482.82821   99  908  569.00000  473.47389  16.8%  3371 1850s
  2124  1769  541.15674  324  923  569.00000  473.50578  16.8%  3366 1855s
  2126  1770  483.30347  106  810  569.00000  475.81571  16.4%  3363 1870s
  2127  1771  493.77083  140  832  569.00000  475.83763  16.4%  3362 1875s
  2132  1774  568.64255  493  899  569.00000  475.99085  16.3%  3354 1880s
  2134  1776  550.25936  366  851  569.00000  476.94123  16.2%  3350 1988s
  2135  1776  477.34211   52  812  569.00000  477.03550  16.2%  3349 1999s
  2136  1777  508.31572  151  878  569.00000  477.27647  16.1%  3347 2003s
  2137  1778  537.00541  286  834  569.00000  477.37443  16.1%  3346 2007s
  2142  1781  555.22153  366  925  569.00000  477.49421  16.1%  3338 2010s
  2144  1782  505.99310  164  854  569.00000  478.51648  15.9%  3335 2021s
  2146  1784  505.00387  193  930  569.00000  478.86796  15.8%  3332 2028s
  2148  1785  501.16350  174  931  569.00000  478.94614  15.8%  3329 2030s
  2152  1788  558.23567  354  872  569.00000  480.04499  15.6%  3322 2038s
  2153  1788  553.68343  375  915  569.00000  480.52624  15.5%  3321 2041s
  2155  1790  481.01977   38  934  569.00000  481.01977  15.5%  3318 2047s
  2156  1790  531.55452  309  938  569.00000  481.13068  15.4%  3316 2051s
  2159  1792  563.88677  471  952  569.00000  481.21965  15.4%  3312 2056s
  2162  1794  527.03581  263  924  569.00000  481.93259  15.3%  3307 2065s
  2165  1796  546.54625  345  950  569.00000  482.34425  15.2%  3303 2071s
  2171  1800  565.65035  393  878  569.00000  483.51020  15.0%  3293 2077s
  2173  1802  483.51020   17  948  569.00000  483.51020  15.0%  3290 2081s
  2178  1805  553.92635  376  956  569.00000  483.51020  15.0%  3283 2085s
  2183  1808  505.77500  235  925  569.00000  483.77700  15.0%  3275 2104s
  2184  1809  536.83438  281  912  569.00000  483.88680  15.0%  3274 2106s
  2192  1814  511.61523  170  906  569.00000  484.89519  14.8%  3262 2113s
  2193  1815  539.36275  309  941  569.00000  484.95536  14.8%  3260 2115s
  2199  1819  510.49780  219 1005  569.00000  485.04120  14.8%  3251 2121s
  2200  1820  539.65103  332  914  569.00000  486.35191  14.5%  3250 2128s
  2202  1821  517.96671  225  956  569.00000  486.35191  14.5%  3247 2131s
  2206  1824  505.00579  192  983  569.00000  486.35191  14.5%  3241 2136s
  2212  1828  492.42085  107  957  569.00000  486.77162  14.5%  3232 2143s
  2213  1828  545.90723  290  974  569.00000  486.77162  14.5%  3231 2146s
  2218  1832  486.77162  128 1017  569.00000  486.77162  14.5%  3224 2150s
  2223  1835  514.48331  231 1027  569.00000  486.79080  14.4%  3216 2159s
  2228  1838  532.40547  281 1039  569.00000  486.79369  14.4%  3209 2160s
  2234  1842  550.25936  366 1005  569.00000  486.85460  14.4%  3201 2167s
  2238  1845  537.09232  288 1020  569.00000  486.88516  14.4%  3195 2171s
  2243  1848  513.33050  232  986  569.00000  487.35013  14.3%  3188 2178s
  2245  1850  551.97120  334  998  569.00000  487.35013  14.3%  3185 2180s
  2249  1852  513.55950  196 1041  569.00000  487.35013  14.3%  3179 2188s
  2250  1853  546.78363  359 1042  569.00000  487.35013  14.3%  3178 2190s
  2255  1856  487.54592   38 1018  569.00000  487.54592  14.3%  3171 2196s
  2259  1859  563.88677  471 1003  569.00000  487.54592  14.3%  3165 2201s
  2262  1861  527.03581  263 1006  569.00000  487.54592  14.3%  3161 2205s
  2268  1866  564.32847  478  424  569.00000  487.54592  14.3%  3473 2227s
  2269  1867  530.52399  320  535  569.00000  487.54592  14.3%  3471 2240s
  2270  1868  487.54592   57  534  569.00000  487.54592  14.3%  3470 2248s
  2271  1868  565.65035  393  572  569.00000  487.54592  14.3%  3468 2259s
  2272  1869  532.41335  331  530  569.00000  487.54592  14.3%  3467 2269s
  2273  1870  487.54592   17  576  569.00000  487.54592  14.3%  3465 2279s
  2274  1870  519.99239  302  607  569.00000  487.54592  14.3%  3464 2290s
  2275  1871  551.84306  338  621  569.00000  487.54592  14.3%  3462 2300s
  2276  1872  487.54592  108  657  569.00000  487.54592  14.3%  3461 2308s
  2277  1872  510.70854  220  685  569.00000  487.54592  14.3%  3459 2321s
  2278  1873  553.92635  376  681  569.00000  487.54592  14.3%  3458 2329s
  2279  1874  501.52842  119  737  569.00000  487.54592  14.3%  3456 2339s
  2280  1874  495.21203  148  735  569.00000  487.54592  14.3%  3455 2346s
  2281  1875  534.95300  302  719  569.00000  487.91707  14.3%  3453 2358s
  2282  1876  526.78027  260  738  569.00000  487.91707  14.3%  3452 2366s
  2283  1876  505.77500  235  731  569.00000  487.91707  14.3%  3450 2372s
  2284  1877  536.83438  281  782  569.00000  488.44595  14.2%  3449 2381s
  2285  1878  503.16183  160  794  569.00000  488.44595  14.2%  3447 2391s
  2286  1878  534.41198  296  802  569.00000  488.44595  14.2%  3446 2400s
  2287  1879  549.30226  353  818  569.00000  488.44595  14.2%  3444 2406s
  2288  1880  556.61994  431  835  569.00000  488.44595  14.2%  3443 2412s
  2289  1880  551.83136  396  849  569.00000  488.44595  14.2%  3441 2416s
  2291  1882  530.29993  216  873  569.00000  488.44595  14.2%  3438 2424s
  2292  1882  511.61523  170  878  569.00000  488.44595  14.2%  3437 2430s
  2299  1887  510.49780  219  911  569.00000  489.42164  14.0%  3426 2437s
  2301  1888  558.23567  354  956  569.00000  489.60204  14.0%  3423 2441s
  2307  1892  560.16825  365  983  569.00000  489.98643  13.9%  3414 2450s
  2311  1895  489.98643   61  999  569.00000  489.98643  13.9%  3408 2455s
  2312  1896  492.42085  107  925  569.00000  490.19197  13.9%  3407 2473s
  2313  1896  545.90723  290  944  569.00000  490.19840  13.8%  3405 2476s
  2317  1899  494.13653  185  987  569.00000  490.33521  13.8%  3400 2487s
  2319  1900  517.98970  284  998  569.00000  490.33521  13.8%  3397 2490s
  2321  1902  490.85466   99  925  569.00000  490.85466  13.7%  3394 2496s
  2323  1903  514.48331  231  979  569.00000  490.85466  13.7%  3391 2500s
  2327  1906  493.77083  140  978  569.00000  490.96649  13.7%  3385 2529s
  2330  1908  559.84596  331 1002  569.00000  490.96649  13.7%  3381 2530s
  2333  1910  560.35536  451  964  569.00000  491.27390  13.7%  3376 2535s
  2341  1915  557.12782  438  976  569.00000  491.84629  13.6%  3365 2543s
  2345  1918  551.97120  334  972  569.00000  491.84629  13.6%  3359 2545s
  2349  1920  513.55950  196  940  569.00000  491.84629  13.6%  3353 2552s
  2352  1922  558.23567  354  998  569.00000  491.84629  13.6%  3349 2555s
  2357  1926  513.60182  197 1011  569.00000  491.86779  13.6%  3342 2560s
  2363  1930  499.85216  201 1019  569.00000  491.89684  13.6%  3333 2565s
  2365  1931  546.54625  345 1020  569.00000  491.90626  13.5%  3331 2570s
  2366  1932  521.23861  216  921  569.00000  492.80989  13.4%  3329 2575s
  2368  1933  564.32847  478  998  569.00000  493.12286  13.3%  3326 2580s
  2373  1936  493.18185   17 1011  569.00000  493.18185  13.3%  3319 2585s
  2374  1937  519.99239  302  970  569.00000  493.86673  13.2%  3318 2592s
  2377  1939  510.70854  220  999  569.00000  493.86673  13.2%  3314 2596s
  2382  1942  526.78027  260  962  569.00000  494.18716  13.1%  3307 2601s
  2385  1944  503.16183  160  997  569.00000  494.22185  13.1%  3303 2606s
  2390  1948  494.39812   17  988  569.00000  494.39812  13.1%  3296 2610s
  2395  1951  494.65199   61  979  569.00000  494.65199  13.1%  3289 2615s
  2402  1956  517.96671  225 1008  569.00000  494.65199  13.1%  3279 2620s
  2409  1960  545.49070  337 1022  569.00000  494.90748  13.0%  3270 2625s
  2416  1965  536.77139  282 1026  569.00000  494.99496  13.0%  3260 2630s
  2419  1967  517.98970  284 1016  569.00000  495.05104  13.0%  3256 2635s
  2425  1971  495.73684   39  959  569.00000  495.73684  12.9%  3248 2642s
  2429  1974  497.35485  193 1036  569.00000  495.73684  12.9%  3243 2645s
  2433  1976  560.35536  451 1002  569.00000  495.80426  12.9%  3237 2650s
  2438  1980  537.09232  288 1020  569.00000  495.84708  12.9%  3231 2655s
  2447  1986  521.42153  259 1026  569.00000  495.90087  12.8%  3219 2660s
  2458  1993  515.63312  269 1015  569.00000  495.95450  12.8%  3205 2666s
  2467  1999  532.44431  280 1036  569.00000  495.99921  12.8%  3193 2674s
  2471  2002  565.65035  393 1036  569.00000  495.99921  12.8%  3188 2675s
  2476  2005  496.02096  108 1023  569.00000  496.02096  12.8%  3181 2680s
  2480  2008  496.17060  148  945  569.00000  496.17060  12.8%  3176 2688s
  2483  2010  505.77500  235 1042  569.00000  496.17060  12.8%  3172 2690s
  2486  2012  534.41198  296  991  569.00000  496.17060  12.8%  3168 2696s
  2492  2016  511.61523  170  964  569.00000  496.43805  12.8%  3161 2701s
  2498  2020  496.78805   11  962  569.00000  496.78805  12.7%  3153 2707s
  2503  2023  508.74476  234  990  569.00000  496.96284  12.7%  3147 2711s
  2508  2026  520.87226  305 1014  569.00000  496.96295  12.7%  3141 2717s
  2516  2032  536.77139  282 1011  569.00000  497.00115  12.7%  3131 2724s
  2519  2034  517.98970  284 1037  569.00000  497.00115  12.7%  3127 2725s
  2524  2037  541.15674  324 1025  569.00000  497.02482  12.6%  3121 2730s
  2530  2041  559.84596  331 1005  569.00000  497.19895  12.6%  3113 2735s
  2536  2045  508.31572  151 1003  569.00000  497.32421  12.6%  3106 2740s
  2541  2048  557.12782  438  992  569.00000  497.50668  12.6%  3100 2746s
  2546  2052  505.00387  193  988  569.00000  497.50668  12.6%  3094 2750s
  2550  2054  546.78363  359 1010  569.00000  497.70006  12.5%  3089 2755s
  2552  2056  558.23567  354  975  569.00000  497.70006  12.5%  3086 2761s
  2559  2060  563.88677  471 1043  569.00000  497.70006  12.5%  3078 2765s
  2562  2062  527.03581  263 1051  569.00000  497.70006  12.5%  3074 2770s
  2567  2066  532.44431  280 1032  569.00000  497.70006  12.5%  3068 2778s
  2572  2069  532.41335  331 1037  569.00000  497.70550  12.5%  3062 2780s
  2581  2075  534.95300  302 1052  569.00000  497.86472  12.5%  3052 2785s
  2584  2077  536.83438  281 1027  569.00000  498.02345  12.5%  3048 2790s
  2587  2079  549.30226  353 1017  569.00000  498.13768  12.5%  3045 2795s
  2591  2082  530.29993  216 1042  569.00000  498.13768  12.5%  3040 2801s
  2595  2084  498.13768   61  935  569.00000  498.13768  12.5%  3035 2807s
  2597  2086  540.50810  312  983  569.00000  498.39150  12.4%  3033 2813s
  2598  2086  498.39150   11  948  569.00000  498.39150  12.4%  3032 2824s
  2599  2087  510.49780  219  948  569.00000  498.39150  12.4%  3031 2836s
H 2599  1979                     568.0000000  498.39150  12.3%  3348 2841s
  2600  1980  498.74642   21  847  568.00000  498.39150  12.3%  3350 2851s
  2601  1982  501.43589   22  851  568.00000  498.39150  12.3%  3353 2866s
  2604  1985  506.72412   23  823  568.00000  498.39150  12.3%  3360 2880s
  2608  1988  507.43629   24  805  568.00000  499.27953  12.1%  3368 2893s
  2612  1996  507.63325   25  751  568.00000  499.27953  12.1%  3396 2906s
  2621  2002  509.25368   26  725  568.00000  499.27953  12.1%  3530 2917s
  2630  2005  509.64128   27  712  568.00000  499.27953  12.1%  3643 2926s
  2636  2007  510.57449   28  730  568.00000  499.27953  12.1%  3654 2935s
  2640  2015  511.69585   28  713  568.00000  499.27953  12.1%  3693 2944s
  2650  2017  514.56128   30  665  568.00000  499.27953  12.1%  3802 2953s
  2655  2025  514.68109   30  662  568.00000  499.27953  12.1%  3823 2962s
  2665  2026  515.90108   31  660  568.00000  499.27953  12.1%  3928 2970s
  2669  2037  516.04247   32  611  568.00000  499.27953  12.1%  3942 2979s
  2681  2043  516.95134   34  609  568.00000  499.27953  12.1%  4035 2988s
  2691  2046  517.24245   36  591  568.00000  499.27953  12.1%  4138 2998s
  2698  2052  530.31875   37  527  568.00000  499.27953  12.1%  4209 3011s
  2706  2053  517.94401   39  597  568.00000  499.27953  12.1%  4277 3023s
  2710  2059  518.34506   40  600  568.00000  499.27953  12.1%  4280 3033s
  2717  2062  520.51797   40  583  568.00000  499.27953  12.1%  4327 3046s
  2722  2066  518.61748   42  579  568.00000  499.27953  12.1%  4362 3057s
  2728  2070  519.08784   43  583  568.00000  499.27953  12.1%  4364 3068s
  2734  2075  520.15867   44  550  568.00000  499.27953  12.1%  4369 3078s
  2741  2078  520.80425   45  583  568.00000  499.27953  12.1%  4414 3093s
  2746  2081  525.14815   45  546  568.00000  499.27953  12.1%  4419 3107s
  2751  2088  521.07950   46  573  568.00000  499.27953  12.1%  4427 3117s
  2760  2089  521.29856   47  558  568.00000  499.27953  12.1%  4479 3126s
  2764  2092  521.57283   48  564  568.00000  499.27953  12.1%  4488 3136s
  2768  2103  521.99896   49  584  568.00000  499.27953  12.1%  4492 3147s
  2780  2107  522.69950   51  574  568.00000  499.27953  12.1%  4546 3160s
  2788  2117  524.48203   52  569  568.00000  499.27953  12.1%  4555 3170s
  2801  2123  524.86276   54  553  568.00000  499.27953  12.1%  4614 3177s
  2811  2126  525.14053   55  564  568.00000  499.27953  12.1%  4618 3189s
H 2816  2020                     566.0000000  499.27953  11.8%  4625 3189s
H 2818  1950                     565.0000000  499.27953  11.6%  4626 3202s
H 2833  1851                     564.0000000  499.27953  11.5%  4734 3202s
  2848  1879  526.51403   60  574  564.00000  499.27953  11.5%  4837 3214s
  2883  1897  538.17414   64  516  564.00000  499.27953  11.5%  5080 3226s
H 2900  1802                     561.0000000  499.27953  11.0%  5187 3226s
  2914  1825  528.32884   70  489  561.00000  499.27953  11.0%  5345 3238s
  2946  1852  534.19386   74  486  561.00000  499.27953  11.0%  5564 3252s
  2987  1852  532.85582   79  514  561.00000  499.27953  11.0%  5780 3266s
  3003  1889  540.20780   81  482  561.00000  499.27953  11.0%  5842 3279s
  3053  1932  535.84495   87  492  561.00000  499.27953  11.0%  6042 3294s
  3119  1972  537.64457   95  455  561.00000  499.27953  11.0%  6217 3308s
  3202  1948  544.15201  104  398  561.00000  499.27953  11.0%  6344 3319s
H 3203  1863                     560.0000000  499.27953  10.8%  6342 3319s
  3206  1916  542.86825  105  414  560.00000  499.27953  10.8%  6353 3331s
  3319  1903  548.60512  126  351  560.00000  499.27953  10.8%  6352 3344s
  3409  1900 infeasible  147       560.00000  500.00697  10.7%  6341 3360s
  3449  1911  508.45885   25  760  560.00000  501.43613  10.5%  6471 3373s
  3502  1908  509.97267   26  721  560.00000  501.43613  10.5%  6584 3388s
  3543  1914  511.01339   29  702  560.00000  502.36761  10.3%  6744 3401s
  3563  1933  512.82261   31  666  560.00000  502.36761  10.3%  6913 3415s
  3588  1951  515.46755   34  623  560.00000  502.36761  10.3%  7084 3428s
  3615  1972  520.11740   38  572  560.00000  502.36761  10.3%  7281 3441s
  3645  2001  523.53455   42  577  560.00000  502.36761  10.3%  7441 3457s
  3684  2034  531.96740   46  547  560.00000  502.36761  10.3%  7636 3473s
  3730  2073  532.41461   53  487  560.00000  502.36761  10.3%  7815 3490s
  3786  2124  536.13796   61  499  560.00000  502.36761  10.3%  8007 3508s
  3859  2184  539.35930   72  451  560.00000  502.36761  10.3%  8161 3526s
  3951  2262  543.28929   83  427  560.00000  502.36761  10.3%  8302 3544s
  4114  2260  557.46643  108  291  560.00000  502.36761  10.3%  8295 3566s
  4269  2244  509.83861   29  705  560.00000  502.84749  10.2%  8268 3589s
  4358  2274  511.48899   30  663  560.00000  502.84749  10.2%  8305 3608s
  4417  2352  513.93407   36  666  560.00000  502.84749  10.2%  8408 3628s
  4518  2391  519.74949   46  606  560.00000  502.84749  10.2%  8477 3652s
  4605  2430  523.76545   54  552  560.00000  502.84749  10.2%  8536 3677s
  4700  2455  528.02302   62  510  560.00000  502.84749  10.2%  8511 3699s
  4756  2516  532.31215   72  522  560.00000  502.84749  10.2%  8693 3722s
  4837  2592  544.14938   96  500  560.00000  502.84749  10.2%  8851 3748s
  4969  2639  507.85251   28  713  560.00000  502.84749  10.2%  8937 3778s
  5099  2707  525.15508   38  588  560.00000  502.84749  10.2%  9007 3807s
  5231  2772  509.74875   27  670  560.00000  502.84749  10.2%  9086 3839s
  5371  2826  525.57000   32  570  560.00000  502.84749  10.2%  9128 3868s
  5500  2870  515.45236   40  610  560.00000  502.84749  10.2%  9203 3898s
  5609  2934  517.21847   47  615  560.00000  502.84749  10.2%  9328 3929s
  5712  2995  533.19148   54  583  560.00000  502.84749  10.2%  9426 3962s
  5838  3056  522.38843   62  577  560.00000  505.12175  9.80%  9440 4007s
  5949  3055  526.55896   71  566  560.00000  505.37275  9.75%  9624 4040s
  5985  3160  530.78603   71  516  560.00000  505.37275  9.75%  9643 4087s
  6188  3196  530.13342   79  525  560.00000  505.68485  9.70%  9620 4134s
  6308  3280  543.79551   95  482  560.00000  505.68485  9.70%  9792 4178s
  6476  3397  545.54998  116  473  560.00000  506.58001  9.54%  9868 4227s
  6713  3382  513.76502   27  775  560.00000  506.72056  9.51%  9884 4305s
  6801  3503  515.36956   30  717  560.00000  506.72056  9.51%  9890 4349s
  6954  3585  540.54316   68  474  560.00000  506.89749  9.48% 10046 4399s
  7189  3614  518.15040   29  651  560.00000  507.26618  9.42% 10032 4448s
  7367  3736  523.95826   36  614  560.00000  507.26618  9.42% 10102 4499s
  7524  3880  512.88323   30  728  560.00000  507.26618  9.42% 10202 4555s
  7733  4017  525.87238   61  585  560.00000  507.26618  9.42% 10264 4612s
  7878  4187  552.07504  135  389  560.00000  507.71613  9.34% 10365 4683s
  8099  4413  530.35374   48  603  560.00000  507.88433  9.31% 10433 4761s
  8392  4500  521.67315   28  699  560.00000  508.01685  9.28% 10472 4828s
  8503  4704  541.03950   43  256  560.00000  508.01685  9.28% 10522 4898s
  8855  4882  548.54946   55  486  560.00000  508.17023  9.26% 10428 4972s
  9136  5075  542.70947   48  535  560.00000  508.43472  9.21% 10410 5050s
  9456  5351  544.42607   68  449  560.00000  508.64519  9.17% 10375 5133s
  9854  5609  520.53195   32  689  560.00000  508.73605  9.15% 10303 5219s
 10194  5783  539.15295   37  567  560.00000  508.73605  9.15% 10347 5318s
 10467  6003  517.57196   36  661  560.00000  509.03106  9.10% 10371 5445s
 10770  6070  524.27962   34  535  560.00000  509.03106  9.10% 10344 5555s
 10862  6334  538.63775   40  514  560.00000  509.03106  9.10% 10359 5721s
 11359  6707  538.96549   50  588  560.00000  509.55075  9.01% 10309 5881s
 11933  7052  531.73041   32  675  560.00000  509.81369  8.96% 10267 6033s
 12456  7294  515.59907   36  655  560.00000  509.98155  8.93% 10228 6176s
 12886  7523  521.50195   26  826  560.00000  510.08034  8.91% 10135 6345s
 13186  7837  532.83618   43  535  560.00000  510.16469  8.90% 10215 6501s
 13663  8093  522.71084   34  566  560.00000  510.30734  8.87% 10196 6660s
 14082  8332  518.61591   30  797  560.00000  510.55258  8.83% 10220 6794s
 14479  8693  527.15876   44  588  560.00000  510.69146  8.81% 10243 6925s
 14972  9082  514.59572   33  760  560.00000  510.89758  8.77% 10223 7080s
 15500  9490  537.66350   34  536  560.00000  510.95368  8.76% 10206 7211s
 16053  9815  526.70038   30  595  560.00000  511.12487  8.73% 10122 7355s
 16509 10070  527.69888   39  554  560.00000  511.17208  8.72% 10157 7502s
 16901 10182  521.97534   33  684  560.00000  511.17208  8.72% 10169 7643s
 17049 10508  531.62894   53  567  560.00000  511.24446  8.71% 10176 7777s
 17456 10724  533.46585   54  460  560.00000  511.44106  8.67% 10158 7912s
 17813 10992  525.16810   28  726  560.00000  511.58793  8.65% 10183 8058s
 18173 11254  531.97469   41  525  560.00000  511.68059  8.63% 10305 8186s
 18603 11482  557.76606   77  568  560.00000  511.74652  8.62% 10341 8313s
 18919 11767  547.07540   52  502  560.00000  511.84401  8.60% 10355 8470s
 19305 12057  532.21000   59  546  560.00000  511.87274  8.59% 10323 8619s
 19673 12351  555.12799   87  464  560.00000  511.96258  8.58% 10363 8761s
 20094 12808  531.56467   44  601  560.00000  512.01639  8.57% 10384 8912s
 20624 13164  528.94755   33  679  560.00000  512.13566  8.55% 10416 9051s
 21128 13165  533.60200   36  387  560.00000  512.27928  8.52% 10431 10312s
 21130 13166  521.62447   49  429  560.00000  512.27928  8.52% 10430 10330s
 21131 13167  539.90641   41  519  560.00000  512.27928  8.52% 10430 10360s
 21132 13168  540.45905   66  496  560.00000  512.27928  8.52% 10429 10367s
 21133 13168  525.09817   49  572  560.00000  512.27928  8.52% 10429 10374s
 21134 13169  533.57344   40  584  560.00000  512.27928  8.52% 10428 10384s
 21135 13170  550.04355   44  586  560.00000  512.27928  8.52% 10428 10394s
 21136 13170  555.13641  133  608  560.00000  512.27928  8.52% 10428 10400s
 21137 13171  545.72389   84  646  560.00000  512.27928  8.52% 10427 10411s
 21138 13172  529.20795   37  649  560.00000  512.27928  8.52% 10427 10421s
 21139 13172  551.70483   59  648  560.00000  512.27928  8.52% 10426 10429s
 21140 13173  518.99770   37  678  560.00000  512.27928  8.52% 10426 10435s
 21141 13174  522.28907   32  722  560.00000  512.27928  8.52% 10425 10442s
 21142 13174  543.02313   60  733  560.00000  512.27928  8.52% 10425 10449s
 21143 13175  537.10316   47  727  560.00000  512.27928  8.52% 10424 10457s
 21144 13176  516.92682   36  692  560.00000  512.27928  8.52% 10424 10465s
 21145 13176  523.51962   35  787  560.00000  512.27928  8.52% 10423 10472s
 21146 13177  518.42545   37  786  560.00000  512.27928  8.52% 10423 10480s
 21148 13178  519.54507   32  761  560.00000  512.27928  8.52% 10422 10491s
 21149 13179  541.44591   53  820  560.00000  512.27928  8.52% 10421 10498s
 21150 13180  553.63550  124  782  560.00000  512.27928  8.52% 10421 10505s
 21151 13180  537.55268   62  787  560.00000  512.27928  8.52% 10420 10514s
 21152 13181  553.53532   62  798  560.00000  512.27928  8.52% 10420 10525s
 21153 13182  545.46984   43  821  560.00000  512.27928  8.52% 10419 10531s
 21154 13182  555.92538   82  838  560.00000  512.27928  8.52% 10419 10536s
 21155 13183  551.58574   59  825  560.00000  512.27928  8.52% 10418 10541s
 21157 13184  538.79487   68  854  560.00000  512.27928  8.52% 10417 10550s
 21158 13185  547.03558   73  854  560.00000  512.27928  8.52% 10417 10556s
 21159 13186  550.08331   44  864  560.00000  512.27928  8.52% 10416 10563s
 21160 13186  546.81662   45  872  560.00000  512.27928  8.52% 10416 10569s
 21161 13187  530.60522   39  884  560.00000  512.27928  8.52% 10415 10571s
 21162 13188  530.48629   53  865  560.00000  512.27928  8.52% 10415 10575s
 21166 13190  534.95617   47  856  560.00000  512.27928  8.52% 10413 10580s
 21170 13193  532.66881   40  858  560.00000  512.27928  8.52% 10411 10593s
 21171 13194  545.97763   61  878  560.00000  512.27928  8.52% 10410 10603s
 21172 13194  541.35215   52  895  560.00000  512.27928  8.52% 10410 10605s
 21175 13196  541.52290   43  920  560.00000  512.27928  8.52% 10408 10610s
 21180 13200  542.04859   84  910  560.00000  512.27928  8.52% 10406 10645s
 21181 13200  537.38104   40  804  560.00000  512.27928  8.52% 10405 10656s
 21183 13202  546.63825   54  925  560.00000  512.27928  8.52% 10404 10662s
 21185 13203  528.65513   51  884  560.00000  512.27928  8.52% 10403 10666s
 21188 13205  515.98735   28  951  560.00000  512.27928  8.52% 10402 10698s
 21189 13206  522.53195   37  879  560.00000  512.27928  8.52% 10401 10701s
 21192 13208  544.72122  100  896  560.00000  512.27928  8.52% 10400 10706s
 21195 13210  556.05179   84  939  560.00000  512.27928  8.52% 10398 10734s
 21196 13210  536.61601   51  942  560.00000  512.27928  8.52% 10398 10740s
 21200 13213  520.17215   48  989  560.00000  512.27928  8.52% 10396 10765s
 21201 13214  546.71981   64  961  560.00000  512.27928  8.52% 10396 10790s
 21205 13216  555.03143   59 1002  560.00000  512.27928  8.52% 10394 10838s
 21206 13217  543.86520   47  987  560.00000  512.27928  8.52% 10393 10844s
 21207 13218  536.98270   79 1009  560.00000  512.27928  8.52% 10393 10846s
 21209 13219  556.63728   51 1003  560.00000  512.27928  8.52% 10392 10893s
 21210 13220  538.13262   60  901  560.00000  512.92126  8.41% 10391 10901s
 21212 13221  533.57344   40  977  560.00000  513.04351  8.39% 10390 10906s
 21214 13222  553.49599  107  982  560.00000  513.16253  8.36% 10389 10910s
 21215 13223  517.24597   32  990  560.00000  513.16775  8.36% 10389 10957s
 21216 13224  542.33827   60  945  560.00000  513.87807  8.24% 10388 10984s
 21217 13224  543.67273   78  960  560.00000  513.87807  8.24% 10388 10988s
 21218 13225  544.74087   41  970  560.00000  513.87807  8.24% 10387 10990s
 21220 13226  545.14624   81  990  560.00000  513.88056  8.24% 10386 11035s
 21222 13228  545.44742   53  989  560.00000  514.30273  8.16% 10385 11040s
 21223 13228  554.77311  121 1000  560.00000  514.30273  8.16% 10385 11080s
 21224 13229  521.46546   54  971  560.00000  514.37273  8.15% 10384 11086s
 21227 13231  541.01790   90  997  560.00000  514.37273  8.15% 10383 11091s
 21228 13232  533.60200   36 1002  560.00000  514.37273  8.15% 10382 11142s
 21229 13232  532.08255   33  925  560.00000  514.63828  8.10% 10382 11147s
 21231 13234  539.90641   41  986  560.00000  514.65772  8.10% 10381 11151s
 21232 13234  540.45905   66  993  560.00000  514.66197  8.10% 10380 11182s
 21233 13235  525.09817   49  888  560.00000  515.03284  8.03% 10380 11194s
 21234 13236  533.57344   40  895  560.00000  515.03284  8.03% 10379 11197s
 21236 13237  555.13641  133  959  560.00000  515.03284  8.03% 10378 11242s
 21237 13238  545.72389   84  876  560.00000  515.22529  8.00% 10378 11246s
 21239 13239  551.70483   59  895  560.00000  515.22529  8.00% 10377 11280s
 21240 13240  518.99770   37  886  560.00000  515.22529  8.00% 10376 11287s
 21243 13242  537.10316   47  926  560.00000  515.22529  8.00% 10375 11337s
 21244 13242  516.92682   36  832  560.00000  516.09768  7.84% 10374 11342s
 21246 13244  518.42545   37  904  560.00000  516.18788  7.82% 10374 11346s
 21249 13246  541.44591   53  951  560.00000  516.28255  7.81% 10372 11350s
 21251 13247  537.55268   62  991  560.00000  516.29209  7.80% 10371 11395s
 21252 13248  553.53532   62  979  560.00000  516.67719  7.74% 10371 11401s
 21256 13250  533.49255   55 1018  560.00000  516.67719  7.74% 10369 11405s
 21260 13253  546.81662   45 1031  560.00000  516.69346  7.73% 10367 11438s
 21261 13254  530.60522   39 1035  560.00000  516.86680  7.70% 10366 11461s
 21262 13254  530.48629   53 1019  560.00000  516.86680  7.70% 10366 11493s
 21263 13255  533.90833   76 1000  560.00000  516.89700  7.70% 10365 11497s
 21265 13256  552.52664   84 1028  560.00000  516.89700  7.70% 10364 11541s
 21266 13257  534.95617   47  970  560.00000  517.11805  7.66% 10364 11546s
 21267 13258  533.68391   84  991  560.00000  517.22476  7.64% 10363 11552s
 21269 13259  520.70215   56 1010  560.00000  517.26607  7.63% 10362 11555s
 21271 13260  545.97763   61 1031  560.00000  517.27300  7.63% 10361 11597s
 21272 13261  541.35215   52 1024  560.00000  517.36819  7.61% 10361 11601s
 21273 13262  536.85952   52 1030  560.00000  517.36819  7.61% 10360 11632s
 21274 13262  530.11277   49 1029  560.00000  517.45773  7.60% 10360 11635s
 21275 13263  541.52290   43 1049  560.00000  517.45773  7.60% 10359 11672s
 21276 13264  525.85668   57 1020  560.00000  517.45773  7.60% 10359 11675s
 21278 13265  550.85418   58 1044  560.00000  517.45773  7.60% 10358 11720s
 21281 13267  537.38104   40 1023  560.00000  517.45773  7.60% 10356 11755s
 21284 13269  533.57672   57 1001  560.00000  517.49989  7.59% 10355 11797s
 21285 13270  528.65513   51 1002  560.00000  517.49989  7.59% 10355 11800s
 21288 13272  517.49989   28 1021  560.00000  517.49989  7.59% 10353 11839s
 21289 13272  522.53195   37  971  560.00000  517.64893  7.56% 10353 11842s
 21291 13274  554.75169  149 1010  560.00000  517.64893  7.56% 10352 11873s
 21292 13274  544.72122  100  938  560.00000  517.88682  7.52% 10351 11875s
 21296 13277  536.61601   51  971  560.00000  517.88682  7.52% 10349 11912s
 21298 13278  541.90006   49  954  560.00000  517.99157  7.50% 10348 11915s
 21299 13279  550.07902  123  987  560.00000  517.99157  7.50% 10348 11947s
 21300 13280  520.17215   48  960  560.00000  518.14110  7.47% 10347 11972s
 21303 13282  549.57064   51 1003  560.00000  518.14110  7.47% 10346 12009s
 21304 13282  545.97546   85  975  560.00000  518.26865  7.45% 10345 12013s
 21305 13283  555.03143   59  995  560.00000  518.26865  7.45% 10345 12042s
 21306 13284  543.86520   47  971  560.00000  518.26865  7.45% 10344 12045s
 21313 13288  522.46145   33 1002  560.00000  518.34971  7.44% 10341 12071s
 21316 13290  542.33827   60 1006  560.00000  518.43446  7.42% 10339 12075s
 21319 13292  540.48053   57 1019  560.00000  518.45601  7.42% 10338 12102s
 21320 13293  545.14624   81  977  560.00000  518.58905  7.39% 10338 12107s
 21321 13294  522.14788   43 1014  560.00000  518.58905  7.39% 10337 12140s
 21323 13295  554.77311  121 1019  560.00000  518.58905  7.39% 10336 12170s
 21325 13296  537.40344   53 1018  560.00000  518.73635  7.37% 10335 12199s
 21326 13297  552.06331   66 1005  560.00000  518.73635  7.37% 10335 12204s
 21327 13298  541.01790   90 1009  560.00000  518.73635  7.37% 10334 12232s
 21329 13299  532.08255   33 1034  560.00000  518.73635  7.37% 10333 12264s
 21330 13300  521.62447   49  953  560.00000  518.73635  7.37% 10333 12270s
 21332 13301  540.45905   66 1017  560.00000  518.73635  7.37% 10332 12305s
 21335 13303  550.04355   44 1045  560.00000  518.73635  7.37% 10330 12338s
 21336 13304  555.13641  133 1022  560.00000  518.93821  7.33% 10330 12343s
 21339 13306  551.70483   59 1044  560.00000  518.93821  7.33% 10328 12369s
 21340 13306  518.99770   37 1045  560.00000  518.93821  7.33% 10328 12372s
 21341 13307  522.28907   32 1058  560.00000  518.93821  7.33% 10327 12400s
 21343 13308  537.10316   47 1059  560.00000  518.93821  7.33% 10326 12438s
 21345 13310  523.51962   35 1059  560.00000  518.93821  7.33% 10325 12472s
 21346 13310  518.99657   37  943  560.00000  518.99657  7.32% 10325 12508s
 21347 13311  547.33473   51 1048  560.00000  518.99657  7.32% 10324 12550s
 21349 13312  541.44591   53 1062  560.00000  518.99657  7.32% 10323 12580s
 21350 13313  553.63550  124  999  560.00000  518.99657  7.32% 10323 12609s
 21351 13314  537.55268   62 1056  560.00000  518.99657  7.32% 10323 12637s
 21352 13314  553.53532   62 1040  560.00000  518.99657  7.32% 10322 12666s
 21354 13316  555.92538   82 1070  560.00000  518.99657  7.32% 10321 12697s
 21355 13316  551.58574   59 1075  560.00000  519.02733  7.32% 10321 12702s
 21356 13317  533.49255   55 1076  560.00000  519.02733  7.32% 10320 12738s
 21357 13318  538.79487   68 1075  560.00000  519.05522  7.31% 10320 12807s
 21358 13318  547.03558   73  991  560.00000  519.06374  7.31% 10319 12836s
 21359 13319  550.08331   44 1070  560.00000  519.06374  7.31% 10319 12862s
 21360 13320  546.81662   45 1054  560.00000  519.06374  7.31% 10318 12899s
 21361 13320  530.60522   39 1054  560.00000  519.06374  7.31% 10318 12935s
 21362 13321  530.48629   53 1054  560.00000  519.06374  7.31% 10317 12955s
 21363 13324  520.41174   36  847  560.00000  519.06374  7.31% 10360 12978s
 21364 13325  521.58657   37  846  560.00000  519.06374  7.31% 10360 12996s
 21366 13329  520.58454   37  890  560.00000  519.79093  7.18% 10360 13009s
 21370 13331  521.18131   38  800  560.00000  520.41816  7.07% 10359 13020s
 21374 13336  523.35699   39  736  560.00000  520.41816  7.07% 10363 13034s
 21380 13342  523.79742   40  676  560.00000  520.41816  7.07% 10370 13046s
 21388 13348  524.21107   41  700  560.00000  520.41816  7.07% 10378 13053s
 21397 13355  526.21194   42  683  560.00000  520.41816  7.07% 10377 13059s
 21407 13365  527.96418   42  624  560.00000  520.41816  7.07% 10373 13069s
 21420 13373  526.54389   43  657  560.00000  520.41816  7.07% 10370 13077s
 21432 13377     cutoff   52       560.00000  520.41816  7.07% 10365 13084s
 21443 13383  544.59767   44  608  560.00000  520.41816  7.07% 10362 13090s
 21456 13386  527.68003   44  654  560.00000  520.41816  7.07% 10357 13096s
 21467 13385  556.32228   63  227  560.00000  520.41816  7.07% 10353 13102s
 21477 13390  545.49940   45  626  560.00000  520.41816  7.07% 10349 13106s
 21488 13398  546.60921   46  520  560.00000  520.60166  7.04% 10346 13112s
 21503 13402     cutoff   47       560.00000  520.60166  7.04% 10341 13116s
 21514 13413  552.59930   49  416  560.00000  520.60166  7.04% 10337 13121s
 21539 13406  554.85670   53  332  560.00000  520.60166  7.04% 10327 13130s
 21560 13401  557.09032   62  329  560.00000  521.19507  6.93% 10318 13137s
 21567 13409  551.67672   39  487  560.00000  521.19507  6.93% 10317 13144s
 21584 13408  555.00585   41  424  560.00000  521.19507  6.93% 10311 13154s
 21597 13413  534.64635   40  579  560.00000  521.19507  6.93% 10307 13164s
 21608 13415  535.00411   41  580  560.00000  521.19507  6.93% 10304 13172s
 21626 13414  540.35330   41  529  560.00000  521.98727  6.79% 10297 13179s
 21635 13414  537.46109   42  567  560.00000  521.98727  6.79% 10296 13186s
 21638 13418  538.18292   43  600  560.00000  521.98727  6.79% 10295 13194s
 21643 13419  541.30957   42  524  560.00000  521.98727  6.79% 10295 13204s
 21648 13425  542.74070   42  516  560.00000  521.98727  6.79% 10294 13211s
 21656 13433  538.42676   44  566  560.00000  521.98727  6.79% 10292 13222s
 21687 13424  538.65184   45  534  560.00000  521.98727  6.79% 10280 13237s
 21708 13425  539.54675   47  551  560.00000  521.98727  6.79% 10272 13250s
 21716 13438  540.54371   49  555  560.00000  521.98727  6.79% 10270 13262s
 21740 13436  545.31005   49  480  560.00000  521.98727  6.79% 10262 13275s
 21750 13447  546.14050   51  485  560.00000  521.98727  6.79% 10260 13289s
 21768 13454  550.66227   57  453  560.00000  523.47620  6.52% 10255 13304s
 21789 13463  553.80472   46  349  560.00000  523.47620  6.52% 10248 13316s
 21832 13456  530.49813   42  642  560.00000  523.57332  6.50% 10232 13349s
 21853 13454  532.01168   43  643  560.00000  523.57332  6.50% 10225 13363s
 21860 13466  533.35399   43  665  560.00000  523.57332  6.50% 10224 13380s
 21880 13465  532.01205   45  639  560.00000  523.57332  6.50% 10217 13410s
 21895 13469  534.77584   47  652  560.00000  523.57332  6.50% 10212 13430s
 21904 13472  538.77850   50  604  560.00000  523.57332  6.50% 10212 13447s
 21910 13480  542.18530   52  590  560.00000  523.57332  6.50% 10213 13462s
 21931 13487  553.21423   59  367  560.00000  523.89625  6.45% 10208 13480s
 21963 13490  526.93460   42  566  560.00000  523.89625  6.45% 10199 13495s
 21985 13508  530.69182   43  558  560.00000  523.89625  6.45% 10195 13521s
 22042 13497  533.88495   45  506  560.00000  523.89625  6.45% 10176 13540s
 22050 13511  536.73373   47  547  560.00000  523.89625  6.45% 10175 13556s
 22066 13538  537.78232   52  553  560.00000  523.89625  6.45% 10173 13578s
 22109 13551  543.06557   58  530  560.00000  523.89625  6.45% 10160 13607s
 22156 13556  529.98006   43  639  560.00000  523.89625  6.45% 10147 13628s
 22192 13577  534.91349   44  624  560.00000  526.47789  5.99% 10138 13648s
 22232 13578  536.94238   46  589  560.00000  526.47789  5.99% 10127 13673s
 22268 13583  538.60556   49  553  560.00000  526.47789  5.99% 10116 13695s
 22286 13599  542.43656   55  574  560.00000  526.47789  5.99% 10116 13714s
 22317 13613  547.39787   70  527  560.00000  526.47789  5.99% 10110 13739s
 22376 13619  537.49729   46  646  560.00000  526.47789  5.99% 10094 13764s
 22403 13634  539.62497   48  601  560.00000  526.47789  5.99% 10092 13806s
 22479 13640  541.99827   52  555  560.00000  526.47789  5.99% 10067 13832s
 22519 13668  546.03551   65  455  560.00000  527.39503  5.82% 10059 13868s
 22588 13678  543.70077   45  669  560.00000  527.39503  5.82% 10040 13900s
 22639 13698  546.58950   51  629  560.00000  527.39503  5.82% 10026 13932s
 22687 13698  538.46439   47  647  560.00000  527.39503  5.82% 10019 13975s
 22729 13719  541.45754   51  611  560.00000  527.39503  5.82% 10009 14008s
 22777 13760  549.93712   46  664  560.00000  527.91720  5.73% 10001 14045s
 22866 13785  536.15699   45  667  560.00000  527.91720  5.73%  9975 14082s
 22940 13805  541.67367   53  593  560.00000  527.91720  5.73%  9954 14123s
 23012 13826  545.09202   63  611  560.00000  528.06127  5.70%  9936 14159s
 23058 13841  552.20112   97  485  560.00000  528.06127  5.70%  9927 14198s
 23113 13880  545.84696   52  627  560.00000  528.06127  5.70%  9913 14249s
 23229 13896  557.46960   91  474  560.00000  528.08784  5.70%  9876 14291s
 23299 13907  537.72493   41  641  560.00000  528.08784  5.70%  9857 14331s
 23347 13950  547.50518   50  531  560.00000  528.49148  5.63%  9852 14385s
 23438 13958  549.02267   48  379  560.00000  528.72754  5.58%  9830 14436s
 23515 14011  542.28266   50  676  560.00000  528.72754  5.58%  9813 14483s
 23630 14004  541.43029   48  614  560.00000  529.10390  5.52%  9783 14536s
 23689 14001  538.55881   45  659  560.00000  529.19562  5.50%  9777 14585s
H23691 13318                     559.0000000  529.19562  5.33%  9777 14585s
 23713 13377  540.96993   46  619  559.00000  529.19562  5.33%  9776 14648s
 23857 13374  544.53668   54  649  559.00000  529.35207  5.30%  9738 14705s
 23930 13403  533.19675   45  656  559.00000  529.35207  5.30%  9725 14776s
 24031 13431  537.90873   52  593  559.00000  529.35207  5.30%  9698 14840s
 24117 13500  545.96639   67  557  559.00000  529.41707  5.29%  9684 14913s
 24322 13501  545.17089   48  584  559.00000  529.63911  5.25%  9627 14972s
 24460 13514  536.63576   49  660  559.00000  530.00973  5.19%  9597 15033s
 24573 13569  539.21306   48  471  559.00000  530.16071  5.16%  9576 15093s
H24644 12886                     558.0000000  530.25389  4.97%  9558 15093s
 24779 12956  543.27831   49  833  558.00000  530.48929  4.93%  9526 15157s
 24975 12986  547.29207   50  514  558.00000  530.54018  4.92%  9478 15221s
 25148 12999  537.67488   42  810  558.00000  530.62575  4.91%  9441 15282s
 25268 13041  552.86299   45  323  558.00000  530.88940  4.86%  9427 15355s
 25420 13119  538.03484   44  812  558.00000  530.93474  4.85%  9401 15429s
 25642 13182  546.72450   59  435  558.00000  530.98995  4.84%  9353 15510s
 25845 13236  536.38129   46  705  558.00000  531.07577  4.83%  9310 15593s
 26051 13264  538.78354   53  633  558.00000  531.41551  4.76%  9269 15670s
 26241 13326  538.28174   44  710  558.00000  532.01168  4.66%  9241 15758s
 26465 13342  535.84348   52  648  558.00000  532.27309  4.61%  9198 15840s
 26591 13426  555.27516   44  795  558.00000  532.43587  4.58%  9191 15925s
 26831 13478  536.63472   45  716  558.00000  532.87789  4.50%  9148 16014s
 27048 13581  553.96711   52  623  558.00000  533.04497  4.47%  9112 16118s
 27373 13646  540.52504   48  620  558.00000  533.22868  4.44%  9050 16220s
 27692 13696  546.84092   60  455  558.00000  533.41577  4.41%  8992 16325s
 28009 13674  543.47491   55  609  558.00000  533.73536  4.35%  8935 16439s
 28258 13712  541.66774   53  670  558.00000  534.06263  4.29%  8900 16541s
 28465 13911 infeasible   57       558.00000  534.18810  4.27%  8871 16662s
 29006 13942  541.03792   54  648  558.00000  534.40584  4.23%  8763 16786s
 29410 14002  536.66745   44  720  558.00000  534.81800  4.15%  8701 16913s
 29777 14161  544.47018   57  567  558.00000  535.08629  4.11%  8648 17062s
 30321 14269  542.26646   50  645  558.00000  535.30033  4.07%  8554 17201s
 30842 14340  545.11751   44  596  558.00000  535.61057  4.01%  8477 17350s
 31304 14414  537.49032   48  736  558.00000  535.79325  3.98%  8413 17498s
 31858 14486  544.19380   53  605  558.00000  536.13326  3.92%  8336 17654s
 32434 14469  554.25930   62  617  558.00000  536.29152  3.89%  8253 17782s
 32786 14578  545.17373   54  726  558.00000  536.47814  3.86%  8205 17905s
 33172 14676  547.20039   59  559  558.00000  536.58179  3.84%  8160 18034s
 33562 14752  547.28788   69  568  558.00000  536.70121  3.82%  8115 18166s
 34030 14842  543.68277   52  674  558.00000  536.95796  3.77%  8060 18292s
 34466 14915  545.22551   56  623  558.00000  537.37264  3.70%  8012 18412s
 34991 15025  549.73938   47  644  558.00000  537.57596  3.66%  7947 18529s
 35557 15058  550.03301   74  524  558.00000  537.69520  3.64%  7871 18648s
 35980 15179  542.68587   49  757  558.00000  537.87603  3.61%  7829 18767s
 36459 15273  545.02038   57  382  558.00000  538.04292  3.58%  7775 18875s
 36958 15363  548.66928   58  488  558.00000  538.19405  3.55%  7718 18985s
 37458 15421  547.63587   50  681  558.00000  538.32698  3.53%  7661 19091s
 37910 15324  546.16879   46  692  558.00000  538.50802  3.49%  7620 19208s
 38073 15502  552.34790   55  619  558.00000  538.55205  3.49%  7599 19312s
 38519 15525  551.35118   52  681  558.00000  538.69910  3.46%  7558 19420s
 38918 15594  545.37488   49  597  558.00000  538.80586  3.44%  7525 19527s
 39426 15623  553.88219   67  524  558.00000  538.90755  3.42%  7476 19640s
 39908 15659  545.71788   48  688  558.00000  539.01549  3.40%  7430 19757s
 40390 15721  542.89463   50  780  558.00000  539.13209  3.38%  7385 19857s
 40868 15784  543.09870   53  707  558.00000  539.21138  3.37%  7342 19967s
 41324 15883     cutoff   54       558.00000  539.34191  3.34%  7303 20074s
 41769 16022  548.59350   63  634  558.00000  539.44310  3.33%  7268 20184s
 42294 16150  547.79893   50  631  558.00000  539.59438  3.30%  7219 20304s
 42864 16146  549.04650   57  410  558.00000  539.69299  3.28%  7173 20397s
 43333 16179  550.71922   54  638  558.00000  539.76617  3.27%  7131 20489s
 43761 16205  545.76173   46  676  558.00000  539.85184  3.25%  7097 20570s
 44113 16320  555.61509   58  582  558.00000  539.97344  3.23%  7076 20660s
 44550 16422  554.37121   54  639  558.00000  540.08017  3.21%  7041 20740s
 45022 16447  554.27537   57  581  558.00000  540.19186  3.19%  7004 20832s
 45443 16555  555.00194   48  707  558.00000  540.29134  3.17%  6974 20919s
 45923 16577  543.62029   51  663  558.00000  540.39133  3.16%  6933 21006s
 46327 16709  547.48215   57  724  558.00000  540.51882  3.13%  6908 21089s
 46849 16737  552.86205   55  612  558.00000  540.60597  3.12%  6864 21173s
 47216 16818  546.53874   57  515  558.00000  540.69115  3.10%  6839 21252s
 47734 16890  546.30401   55  616  558.00000  540.80856  3.08%  6798 21336s
 48229 16853  546.96015   56  600  558.00000  540.86565  3.07%  6764 21418s
 48560 16968  547.33582   55  554  558.00000  540.97930  3.05%  6742 21498s
 49011 17015  546.05009   52  756  558.00000  541.04238  3.04%  6712 21579s
 49561 17022  545.87661   48  700  558.00000  541.14483  3.02%  6671 21663s
 49975 17097  552.63992   51  629  558.00000  541.21436  3.01%  6645 21747s
 50536 17082  550.61625   58  563  558.00000  541.31653  2.99%  6605 21821s
 50900 17079  548.81301   66  397  558.00000  541.43614  2.97%  6585 21896s
 51296 17198  554.49479   49  600  558.00000  541.53489  2.95%  6565 21972s
 51826 17238  554.45443   48  481  558.00000  541.61424  2.94%  6528 22049s
 52308 17222  550.68962   45  342  558.00000  541.69177  2.92%  6497 22124s
 52718 17303  549.44657   55  681  558.00000  541.77273  2.91%  6476 22234s
 53379 17118  546.74026   48  411  558.00000  541.93152  2.88%  6438 22304s
 53522 17192  548.49761   50  491  558.00000  541.93258  2.88%  6431 22382s
 53965 17197  555.53033   50  365  558.00000  542.04058  2.86%  6406 22466s
 54407 17193  549.87252   56  703  558.00000  542.12473  2.85%  6385 22550s
 54851 17256  549.38753   57  639  558.00000  542.19577  2.83%  6363 22632s
 55402 17259  551.07279   56  593  558.00000  542.28765  2.82%  6329 22707s
 55879 17225  547.73731   47  562  558.00000  542.37693  2.80%  6303 22778s
 56264 17260  548.96114   52  689  558.00000  542.43553  2.79%  6285 22852s
 56778 17303  551.92734   59  697  558.00000  542.53410  2.77%  6254 22921s
 57238 17305  548.45330   50  749  558.00000  542.58578  2.76%  6229 22990s
 57642 17404  555.54222   55  676  558.00000  542.66468  2.75%  6211 23060s
 58025 17558  547.58727   56  703  558.00000  542.70493  2.74%  6195 23127s
 58464 17690  555.17421   53  626  558.00000  542.77063  2.73%  6175 23192s
 58849 17781  556.79255   69  529  558.00000  542.82719  2.72%  6159 23260s
 59162 17945  550.96586   48  779  558.00000  542.86426  2.71%  6148 23331s
 59627 18095  548.00270   52  738  558.00000  542.95989  2.70%  6124 23402s
 60089 18228  550.28079   58  657  558.00000  543.05164  2.68%  6104 23470s
 60602 18339  547.79381   50  659  558.00000  543.12094  2.67%  6079 23534s
 60985 18450  548.15406   58  602  558.00000  543.19955  2.65%  6065 23601s
 61400 18532  556.87318   48  401  558.00000  543.25628  2.64%  6049 23669s
 61826 18636  549.08649   56  736  558.00000  543.35552  2.62%  6034 23736s
 62244 18769  549.86195   50  627  558.00000  543.42305  2.61%  6018 23807s
 62704 18887     cutoff   61       558.00000  543.49536  2.60%  6000 23875s
 63108 19045  549.90538   53  690  558.00000  543.56687  2.59%  5985 23970s
 63684 19137     cutoff   56       558.00000  543.66833  2.57%  5965 24036s
 64052 19255  552.41233   49  463  558.00000  543.71217  2.56%  5955 24107s
 64523 19355  555.26460   56  661  558.00000  543.78037  2.55%  5937 24174s
 64970 19486  554.12144   46  667  558.00000  543.87461  2.53%  5920 24242s
 65406 19614  548.29279   49  669  558.00000  543.95459  2.52%  5905 24306s
 65907 19725  554.06058   50  429  558.00000  544.01986  2.51%  5885 24369s
 66360 19855  553.88407   60  538  558.00000  544.10147  2.49%  5867 24433s
 66779 19921  554.25801   59  654  558.00000  544.17757  2.48%  5854 24495s
 67070 19990     cutoff   57       558.00000  544.23864  2.47%  5845 24560s
 67420 20127  550.22692   54  728  558.00000  544.29632  2.46%  5834 24625s
 67886 20207  550.31462   57  591  558.00000  544.39528  2.44%  5818 24689s
 68288 20302  556.31918   51  536  558.00000  544.45829  2.43%  5807 24752s
 68790 20418  548.57361   44  702  558.00000  544.52229  2.42%  5789 24821s
 69202 20533  552.49767   51  641  558.00000  544.57985  2.41%  5775 24884s
 69611 20623     cutoff   50       558.00000  544.63591  2.39%  5764 24948s
 70049 20696  556.30130   54  552  558.00000  544.72679  2.38%  5752 25015s
 70440 20809  551.66747   52  622  558.00000  544.79856  2.37%  5742 25080s
 70846 20907  551.41603   68  695  558.00000  544.85675  2.36%  5732 25140s
 71268 20968  551.24962   62  681  558.00000  544.94768  2.34%  5720 25201s
 71679 21040  552.80423   59  626  558.00000  545.01707  2.33%  5710 25268s
 72123 21153     cutoff   54       558.00000  545.07873  2.32%  5694 25330s
 72623 21194     cutoff   49       558.00000  545.15365  2.30%  5677 25391s
 73034 21299  548.47477   50  642  558.00000  545.21309  2.29%  5667 25453s
 73537 21412  552.10657   52  326  558.00000  545.30639  2.27%  5652 25541s
 74167 21452  550.61950   60  496  558.00000  545.39046  2.26%  5635 25598s
 74517 21517  555.18313   52  680  558.00000  545.45494  2.25%  5628 25659s
 74928 21561     cutoff   61       558.00000  545.52643  2.24%  5619 25716s
 75297 21653  550.49939   60  721  558.00000  545.58612  2.22%  5612 25776s
 75831 21687  552.95542   57  653  558.00000  545.65050  2.21%  5595 25834s
 76214 21719  553.26776   55  717  558.00000  545.74295  2.20%  5589 25890s
 76589 21819  553.85017   57  452  558.00000  545.80732  2.19%  5582 25950s
 77000 21848     cutoff   49       558.00000  545.85529  2.18%  5569 26008s
 77314 21902  551.02805   67  593  558.00000  545.89966  2.17%  5563 26065s
 77750 21957  554.85765   53  689  558.00000  545.97807  2.15%  5553 26126s
 78188 22082  555.13634   59  561  558.00000  546.04130  2.14%  5543 26188s
 78799 22077     cutoff   51       558.00000  546.09457  2.13%  5523 26244s
 79127 22144  555.48776   53  519  558.00000  546.15034  2.12%  5520 26306s
 79533 22159     cutoff   52       558.00000  546.20784  2.11%  5512 26362s
 79876 22236  551.25341   57  550  558.00000  546.27867  2.10%  5507 26420s
 80380 22298  550.03533   56  474  558.00000  546.33927  2.09%  5493 26479s
 80887 22346     cutoff   51       558.00000  546.40384  2.08%  5479 26534s
 81300 22393  552.21901   59  423  558.00000  546.46042  2.07%  5471 26593s
 81681 22457  553.29766   47  746  558.00000  546.51701  2.06%  5464 26651s
 82114 22480  551.68850   82  556  558.00000  546.56444  2.05%  5455 26711s
 82525 22543     cutoff   62       558.00000  546.62081  2.04%  5447 26770s
 83060 22600  553.93818   48  783  558.00000  546.67704  2.03%  5431 26827s
 83602 22682  551.53165   50  720  558.00000  546.75644  2.01%  5416 26886s
 84145 22757     cutoff   53       558.00000  546.80285  2.01%  5400 26969s
 84832 22757  554.02334   57  564  558.00000  546.91439  1.99%  5386 27016s
 85135 22824     cutoff   48       558.00000  546.98751  1.97%  5382 27068s
 85570 22835     cutoff   56       558.00000  547.06380  1.96%  5374 27121s
 85932 22842  554.78464   58  779  558.00000  547.10781  1.95%  5369 27173s
 86313 22889  554.25847   53  681  558.00000  547.15009  1.94%  5363 27232s
 86695 22889  554.75847   61  552  558.00000  547.21034  1.93%  5358 27288s
 87038 22853  554.50110   72  673  558.00000  547.28243  1.92%  5357 27341s
 87334 22819  552.84024   52  789  558.00000  547.34613  1.91%  5357 27394s
 87642 22809     cutoff   52       558.00000  547.42407  1.90%  5358 27453s
 87707 22757  552.67490   55  474  558.00000  547.43021  1.89%  5358 27509s
 87970 22695  556.70411   66  556  558.00000  547.49880  1.88%  5362 27572s
 88339 22649  552.64659   56  471  558.00000  547.57388  1.87%  5362 27633s
 88680 22606  556.57635   56  656  558.00000  547.66362  1.85%  5363 27695s
 89083 22514     cutoff   62       558.00000  547.73553  1.84%  5361 27757s
 89330 22443     cutoff   52       558.00000  547.81540  1.83%  5370 27821s
 89669 22386     cutoff   53       558.00000  547.88460  1.81%  5372 27881s
 90055 22313  552.52054   60  615  558.00000  547.96887  1.80%  5373 27943s
 90481 22230     cutoff   53       558.00000  548.03232  1.79%  5372 28002s
 90852 22147     cutoff   55       558.00000  548.11146  1.77%  5376 28067s
 91242 22064  555.12063   51  709  558.00000  548.18609  1.76%  5377 28130s
 91648 21966  553.96526   59  359  558.00000  548.26806  1.74%  5379 28193s
 92016 21877     cutoff   53       558.00000  548.34718  1.73%  5382 28255s
 92416 21772  555.35370   58  448  558.00000  548.43125  1.71%  5385 28322s
 92785 21664     cutoff   58       558.00000  548.51034  1.70%  5390 28388s
 93194 21559     cutoff   59       558.00000  548.58852  1.69%  5392 28453s
 93573 21446  554.82389   61  408  558.00000  548.67794  1.67%  5398 28520s
 93987 21345  555.80801   48  738  558.00000  548.75701  1.66%  5400 28582s
 94402 21229  554.05098   48  676  558.00000  548.84557  1.64%  5403 28648s
 94812 21116     cutoff   55       558.00000  548.94355  1.62%  5406 28713s
 95301 21008  555.19061   56  607  558.00000  549.02967  1.61%  5405 28778s
 95827 20887     cutoff   61       558.00000  549.12324  1.59%  5402 28843s
 96340 20761  551.71939   53  701  558.00000  549.20655  1.58%  5400 28908s
 96743 20643     cutoff   67       558.00000  549.30105  1.56%  5404 28969s
 97296 20507     cutoff   55       558.00000  549.39774  1.54%  5400 29035s
 97736 20361     cutoff   52       558.00000  549.48715  1.53%  5403 29099s
 98202 20194  551.78541   54  534  558.00000  549.59127  1.51%  5404 29160s
 98677 20028  555.76190   56  275  558.00000  549.70021  1.49%  5405 29223s
 99152 19838     cutoff   59       558.00000  549.79765  1.47%  5407 29284s
 99646 19665  554.17613   58  346  558.00000  549.89348  1.45%  5407 29341s
 100123 19468     cutoff   54       558.00000  549.99083  1.44%  5409 29403s
 100639 19271  556.45188   68  630  558.00000  550.08704  1.42%  5408 29460s
 101112 19075     cutoff   51       558.00000  550.18377  1.40%  5411 29518s
 101604 18862     cutoff   53       558.00000  550.28380  1.38%  5412 29576s
 102055 18637  553.79412   66  729  558.00000  550.37388  1.37%  5415 29635s
 102532 18402     cutoff   75       558.00000  550.47115  1.35%  5417 29689s
 102999 18189  556.27693   67  552  558.00000  550.56236  1.33%  5419 29750s
 103455 17948     cutoff   82       558.00000  550.64343  1.32%  5420 29810s
 103930 17718  555.52594   57  482  558.00000  550.75309  1.30%  5422 29864s
 104389 17437  556.10143   51  445  558.00000  550.83001  1.28%  5423 29922s
 104909 17194     cutoff   47       558.00000  550.95011  1.26%  5425 29981s
 105461 16932  556.57365   50  679  558.00000  551.04174  1.25%  5422 30036s
 105965 16641     cutoff   48       558.00000  551.15094  1.23%  5423 30090s
 106477 16326     cutoff   56       558.00000  551.24902  1.21%  5424 30145s
 106976 16019     cutoff   52       558.00000  551.36728  1.19%  5425 30201s
 107529 15726     cutoff   65       558.00000  551.47350  1.17%  5424 30256s
 107948 15412     cutoff   57       558.00000  551.56803  1.15%  5426 30310s
 108420 15027     cutoff   63       558.00000  551.68340  1.13%  5427 30362s
 109026 14647     cutoff   58       558.00000  551.80952  1.11%  5423 30414s
 109546 14240     cutoff   53       558.00000  551.93054  1.09%  5424 30465s
 110145 13816     cutoff   55       558.00000  552.05050  1.07%  5421 30513s
 110658 13380     cutoff   54       558.00000  552.16940  1.04%  5421 30563s
 111265 12935     cutoff   61       558.00000  552.29619  1.02%  5418 30612s
 111916 12495     cutoff   59       558.00000  552.41739  1.00%  5411 30659s
 112564 12014     cutoff   63       558.00000  552.53561  0.98%  5404 30704s
 113223 11502     cutoff   58       558.00000  552.67732  0.95%  5397 30751s
 113921 10994     cutoff   56       558.00000  552.81145  0.93%  5387 30795s
 114564 10445     cutoff   58       558.00000  552.94351  0.91%  5380 30838s
 115196  9874     cutoff   72       558.00000  553.07704  0.88%  5372 30883s
 115871  9268     cutoff   73       558.00000  553.22053  0.86%  5361 30924s
 116563  8607     cutoff   56       558.00000  553.35229  0.83%  5351 30966s
 117308  7913     cutoff   69       558.00000  553.51499  0.80%  5337 31002s
 118104  7147     cutoff   61       558.00000  553.67952  0.77%  5320 31038s
 118952  6394     cutoff   63       558.00000  553.85854  0.74%  5301 31074s
 119772  5485     cutoff   57       558.00000  554.04030  0.71%  5282 31108s
 120779  4527     cutoff   74       558.00000  554.27393  0.67%  5254 31140s
 121827  3458     cutoff   60       558.00000  554.49870  0.63%  5225 31169s
 122946  2262     cutoff   59       558.00000  554.79918  0.57%  5190 31191s
 124198   947     cutoff   65       558.00000  555.15528  0.51%  5148 31210s
 125554     0     cutoff   54       558.00000  555.69009  0.41%  5099 31218s

Cutting planes:
  Learned: 4
  Gomory: 3
  Cover: 213
  Implied bound: 418
  Projected implied bound: 2
  Clique: 4
  MIR: 105
  StrongCG: 2
  Flow cover: 1921
  GUB cover: 18
  Inf proof: 7
  Zero half: 52
  Mod-K: 1
  Network: 35
  Relax-and-lift: 9

Explored 126505 nodes (641105050 simplex iterations) in 31219.03 seconds (122165.30 work units)
Thread count was 4 (of 32 available processors)

Solution count 10: 558 559 560 ... 570

Optimal solution found (tolerance 1.00e-04)
Best objective 5.580000000000e+02, best bound 5.580000000000e+02, gap 0.0000%

Wrote result file './sol/E150_1000.7_R100.sol'

