
Gurobi 13.0.2 (mac64[arm], gurobi_cl) logging started Wed Jul  1 17:18:53 2026

Set parameter TokenServer to value "10.8.80.200"
Set parameter TimeLimit to value 43200
Set parameter LogFile to value "./log/E150_1000.9_R50.log"
Set parameter Threads to value 4
Using license file /Library/gurobi1302/gurobi.lic

Gurobi Optimizer version 13.0.2 build v13.0.2rc1 (mac64[arm] - Darwin 24.6.0 24G517)
Copyright (c) 2026, Gurobi Optimization, LLC

Read LP format model from file ./lp/E150_1000.9_R50.lp
Reading time = 0.11 seconds
root: 46208 rows, 45753 columns, 412706 nonzeros

Using Gurobi shared library /Library/gurobi1302/macos_universal2/lib/libgurobi130.dylib

CPU model: Apple M3 Ultra
Thread count: 32 physical cores, 32 logical processors, using up to 4 threads

Non-default parameters:
TimeLimit  43200
Threads  4

Optimize a model with 46208 rows, 45753 columns and 412706 nonzeros (Min)
Model fingerprint: 0xc14a3f8e
Model has 22650 linear objective coefficients
Variable types: 0 continuous, 45753 integer (0 binary)
Coefficient statistics:
  Matrix range     [1e+00, 2e+02]
  Objective range  [1e+00, 1e+02]
  Bounds range     [1e+00, 1e+00]
  RHS range        [1e+00, 1e+00]

Presolve removed 23117 rows and 309 columns
Presolve time: 1.30s
Presolved: 23091 rows, 45444 columns, 283690 nonzeros
Variable types: 0 continuous, 45444 integer (22944 binary)
Found heuristic solution: objective 8937.0000000
Deterministic concurrent LP optimizer: primal and dual simplex
Showing primal log only...

Concurrent spin time: 0.00s

Solved with primal simplex

Root relaxation: objective 1.304251e+02, 78273 iterations, 1.83 seconds (4.00 work units)

    Nodes    |    Current Node    |     Objective Bounds      |     Work
 Expl Unexpl |  Obj  Depth IntInf | Incumbent    BestBd   Gap | It/Node Time

     0     0  130.42509    0  387 8937.00000  130.42509  98.5%     -    3s
     0     0  556.02649    0  416 8937.00000  556.02649  93.8%     -    9s
H    0     0                    2623.0000000  556.02649  78.8%     -    9s
H    0     0                    2425.0000000  556.02649  77.1%     -    9s
H    0     0                    2324.0000000  556.02649  76.1%     -    9s
H    0     0                    2320.0000000  556.02649  76.0%     -    9s
H    0     0                    2316.0000000  556.02649  76.0%     -    9s
H    0     0                    2297.0000000  556.02649  75.8%     -   10s
H    0     0                    1747.0000000  556.02649  68.2%     -   10s
H    0     0                    1743.0000000  556.02649  68.1%     -   10s
H    0     0                    1718.0000000  556.02649  67.6%     -   11s
H    0     0                    1575.0000000  556.02649  64.7%     -   13s
H    0     0                    1543.0000000  556.02649  64.0%     -   13s
H    0     0                    1524.0000000  556.02649  63.5%     -   13s
H    0     0                    1507.0000000  556.02649  63.1%     -   13s
H    0     0                    1434.0000000  556.02649  61.2%     -   17s
H    0     0                    1432.0000000  556.02649  61.2%     -   18s
H    0     0                    1416.0000000  556.02649  60.7%     -   19s
H    0     0                    1367.0000000  556.02649  59.3%     -   21s
H    0     0                    1329.0000000  556.02649  58.2%     -   21s
H    0     0                    1300.0000000  556.02649  57.2%     -   21s
H    0     0                    1237.0000000  556.02649  55.1%     -   21s
H    0     0                    1232.0000000  556.02649  54.9%     -   21s
     0     0  692.89895    0  500 1232.00000  692.89895  43.8%     -   26s
     0     0  708.03133    0  511 1232.00000  708.03133  42.5%     -   35s
H    0     0                    1210.0000000  708.03133  41.5%     -   36s
H    0     0                    1203.0000000  708.03133  41.1%     -   36s
H    0     0                    1177.0000000  708.03133  39.8%     -   37s
H    0     0                    1126.0000000  708.03133  37.1%     -   39s
H    0     0                    1110.0000000  708.03133  36.2%     -   39s
H    0     0                    1108.0000000  708.03133  36.1%     -   41s
H    0     0                    1104.0000000  708.03133  35.9%     -   42s
H    0     0                    1098.0000000  708.03133  35.5%     -   42s
H    0     0                    1097.0000000  708.03133  35.5%     -   43s
H    0     0                    1096.0000000  708.03133  35.4%     -   47s
H    0     0                    1091.0000000  708.03133  35.1%     -   47s
H    0     0                    1062.0000000  708.03133  33.3%     -   47s
H    0     0                    1053.0000000  708.03133  32.8%     -   47s
H    0     0                    1052.0000000  708.03133  32.7%     -   47s
H    0     0                    1048.0000000  708.03133  32.4%     -   47s
H    0     0                    1046.0000000  708.03133  32.3%     -   47s
H    0     0                    1039.0000000  708.03133  31.9%     -   47s
H    0     0                    1038.0000000  708.03133  31.8%     -   47s
H    0     0                    1037.0000000  708.03133  31.7%     -   47s
H    0     0                    1029.0000000  708.03133  31.2%     -   47s
H    0     0                    1026.0000000  708.03133  31.0%     -   47s
H    0     0                    1008.0000000  708.03133  29.8%     -   47s
H    0     0                    1000.0000000  708.03133  29.2%     -   47s
H    0     0                     997.0000000  708.03133  29.0%     -   47s
H    0     0                     991.0000000  708.03133  28.6%     -   47s
H    0     0                     975.0000000  708.03133  27.4%     -   47s
     0     0  744.77516    0  530  975.00000  744.77516  23.6%     -   55s
H    0     0                     974.0000000  744.80102  23.5%     -   57s
H    0     0                     967.0000000  744.80102  23.0%     -   68s
H    0     0                     966.0000000  744.80102  22.9%     -   70s
H    0     0                     965.0000000  744.80102  22.8%     -   76s
H    0     0                     963.0000000  744.80102  22.7%     -   78s
H    0     0                     961.0000000  749.86044  22.0%     -   86s
H    0     0                     957.0000000  749.86044  21.6%     -   86s
     0     0  749.86044    0  535  957.00000  749.86044  21.6%     -   86s
     0     0  750.38183    0  540  957.00000  750.38183  21.6%     -   91s
H    0     0                     953.0000000  750.41976  21.3%     -   93s
H    0     0                     930.0000000  750.41976  19.3%     -   93s
     0     0  750.41976    0  539  930.00000  750.41976  19.3%     -   93s
H    0     0                     928.0000000  762.54797  17.8%     -  104s
H    0     0                     918.0000000  762.54797  16.9%     -  104s
H    0     0                     917.0000000  762.54797  16.8%     -  104s
H    0     0                     914.0000000  762.54797  16.6%     -  104s
     0     0  762.54797    0  601  914.00000  762.54797  16.6%     -  104s
     0     0  768.65589    0  596  914.00000  768.65589  15.9%     -  109s
     0     0  768.72180    0  599  914.00000  768.72180  15.9%     -  110s
     0     0  779.41175    0  633  914.00000  779.41175  14.7%     -  120s
     0     0  789.80232    0  652  914.00000  789.80232  13.6%     -  130s
     0     0  792.03190    0  664  914.00000  792.03190  13.3%     -  141s
     0     0  792.93145    0  693  914.00000  792.93145  13.2%     -  142s
     0     0  792.98997    0  699  914.00000  792.98997  13.2%     -  144s
     0     0  800.26447    0  659  914.00000  800.26447  12.4%     -  158s
     0     0  803.07687    0  704  914.00000  803.07687  12.1%     -  164s
     0     0  803.42424    0  727  914.00000  803.42424  12.1%     -  166s
     0     0  803.53576    0  732  914.00000  803.53576  12.1%     -  167s
     0     0  805.10030    0  713  914.00000  805.10030  11.9%     -  171s
     0     0  805.26224    0  770  914.00000  805.26224  11.9%     -  174s
     0     0  805.37352    0  757  914.00000  805.37352  11.9%     -  176s
     0     0  806.89770    0  777  914.00000  806.89770  11.7%     -  181s
     0     0  807.68531    0  794  914.00000  807.68531  11.6%     -  184s
     0     0  807.69414    0  817  914.00000  807.69414  11.6%     -  185s
     0     0  808.01954    0  758  914.00000  808.01954  11.6%     -  188s
     0     0  808.07538    0  753  914.00000  808.07538  11.6%     -  190s
     0     0  809.00384    0  762  914.00000  809.00384  11.5%     -  194s
     0     0  809.01778    0  762  914.00000  809.01778  11.5%     -  194s
     0     0  809.01778    0  701  914.00000  809.01778  11.5%     -  197s
     0     2  809.02667    0  683  914.00000  809.02667  11.5%     -  219s
     1     4  809.18442    1  675  914.00000  809.10642  11.5%  3759  229s
H    3     8                     913.0000000  809.18442  11.4%  9553  238s
     7    11  809.44712    3  741  913.00000  809.23072  11.4%  9713  245s
H   10    15                     909.0000000  809.23072  11.0%  8734  251s
H   12    15                     903.0000000  809.23072  10.4%  7584  251s
H   14    19                     902.0000000  809.23072  10.3%  7533  255s
    18    22  825.77368    7  638  902.00000  809.23072  10.3% 12219  262s
    21    26  809.75711    6  770  902.00000  809.23072  10.3% 11916  267s
H   22    26                     897.0000000  809.23072  9.78% 11375  267s
H   24    26                     896.0000000  809.23072  9.68% 11654  267s
H   25    30                     895.0000000  809.23072  9.58% 11239  271s
    29    50  810.58755    7  727  895.00000  809.23072  9.58% 12740  275s
    66    70  828.58428   17  614  895.00000  809.23072  9.58% 12001  283s
    69    74  812.61855   16  751  895.00000  809.23072  9.58% 11723  285s
    77    82  813.65388   18  730  895.00000  809.23072  9.58% 11730  290s
H   86    90                     889.0000000  809.23072  8.97% 11768  293s
    89    94  814.55261   21  722  889.00000  809.23072  8.97% 11686  295s
H   93    98                     881.0000000  809.23072  8.15% 11474  297s
   113   132  815.66437   26  707  881.00000  809.23072  8.15% 11040  300s
   165   181  819.53463   33  664  881.00000  809.23072  8.15%  9911  306s
   196   222  820.65193   38  638  881.00000  809.23072  8.15%  9955  310s
H  262   267                     879.0000000  809.23072  7.94%  9132  316s
H  263   267                     877.0000000  809.23072  7.73%  9114  316s
   298   332  822.71015   47  581  877.00000  809.23072  7.73%  8633  320s
   367   401  823.91405   54  636  877.00000  809.23072  7.73%  8025  326s
H  433   438                     875.0000000  809.23072  7.52%  7630  330s
   480   499  826.35977   62  586  875.00000  809.23072  7.52%  7318  335s
   557   593  830.30939   65  534  875.00000  809.45701  7.49%  7040  341s
   661   650  830.89927   68  603  875.00000  809.45701  7.49%  6493  347s
   665   653  831.02280   68  550  875.00000  809.45701  7.49%  6501  350s
H  670   610                     869.0000000  809.45701  6.85%  6523  353s
   675   637  831.81424   70  603  869.00000  809.45701  6.85%  6572  356s
   734   665  832.95668   79  579  869.00000  809.62807  6.83%  6499  363s
   752   677  834.58475   85  560  869.00000  809.62807  6.83%  6669  369s
   764   688  834.84922   89  545  869.00000  809.62807  6.83%  6756  376s
   775   706  835.07990   93  500  869.00000  809.62807  6.83%  6894  380s
   814   747  836.64148  100  498  869.00000  809.62807  6.83%  7135  387s
   834   770  837.16333  103  484  869.00000  809.62807  6.83%  7280  392s
   857   793  837.62800  107  508  869.00000  809.62807  6.83%  7397  396s
   892   809  838.64880  115  534  869.00000  809.62807  6.83%  7598  402s
   896   813  838.65911  116  523  869.00000  809.62807  6.83%  7624  405s
   908   859  839.01014  120  535  869.00000  809.62807  6.83%  7653  412s
   946   900  840.49556  128  538  869.00000  809.62807  6.83%  7589  416s
   987   971  841.80327  139  569  869.00000  809.62807  6.83%  7570  423s
  1059   972  835.44521   85  500  869.00000  809.62807  6.83%  7279  438s
H 1060   924                     867.0000000  809.62807  6.62%  7272  448s
  1061   924  855.30706   73  510  867.00000  809.62807  6.62%  7265  450s
  1062   925  857.17765  102  562  867.00000  809.62807  6.62%  7258  486s
  1063   926  867.00000  159  615  867.00000  809.62807  6.62%  7251  497s
  1064   926  841.81397   82  616  867.00000  809.62807  6.62%  7244  506s
  1065   927  821.05544   43  665  867.00000  809.62807  6.62%  7238  514s
  1066   928  855.28852   60  687  867.00000  809.62807  6.62%  7231  519s
  1067   928  840.42472   55  693  867.00000  809.62807  6.62%  7224  523s
  1068   929  859.30783  118  749  867.00000  809.62807  6.62%  7217  528s
  1069   930  857.60708  105  769  867.00000  809.89745  6.59%  7211  535s
  1071   931  842.35389  145  733  867.00000  814.44371  6.06%  7197  544s
  1072   932  853.82387   55  706  867.00000  818.04494  5.65%  7190  550s
  1073   932  857.45737   75  746  867.00000  819.38242  5.49%  7184  557s
  1074   933  863.46601  140  735  867.00000  819.77421  5.45%  7177  561s
  1076   934  856.60164   70  762  867.00000  820.38892  5.38%  7164  567s
  1078   936  831.64481   70  759  867.00000  821.71399  5.22%  7150  571s
  1079   936  834.84922   89  742  867.00000  822.90027  5.09%  7144  577s
  1080   937  836.17041   36  753  867.00000  823.43168  5.03%  7137  580s
  1082   938  825.43728    5  763  867.00000  823.74443  4.99%  7124  586s
H 1083   891                     861.0000000  825.04851  4.18%  7117  590s
  1086   893  832.20973   20  792  861.00000  826.14848  4.05%  7098  596s
  1089   895  861.00000  138  833  861.00000  826.52492  4.00%  7078  600s
  1093   899  852.81864   49  511  861.00000  826.52492  4.00%  7371  609s
H 1093   854                     858.0000000  826.52492  3.67%  7371  614s
  1094   855  856.50431   91  537  858.00000  826.52492  3.67%  7364  623s
  1095   856  826.52492    9  577  858.00000  826.52492  3.67%  7357  627s
  1096   856  849.26477   35  568  858.00000  826.52492  3.67%  7351  631s
  1097   857  848.65270   81  634  858.00000  826.52492  3.67%  7344  636s
  1098   858  858.00000  148  613  858.00000  826.52492  3.67%  7337  642s
  1099   858  857.51423  100  659  858.00000  826.52492  3.67%  7331  646s
  1100   859  837.51379  107  669  858.00000  826.52492  3.67%  7324  650s
  1102   860  854.25812  100  692  858.00000  826.52492  3.67%  7311  657s
  1104   862  831.86154   22  754  858.00000  826.52492  3.67%  7297  661s
  1105   862  849.26477   35  772  858.00000  827.98309  3.50%  7291  665s
  1107   864  842.16481   22  801  858.00000  828.26866  3.47%  7278  670s
  1109   865  857.02908   99  743  858.00000  829.05889  3.37%  7265  676s
  1110   866  840.71968   58  711  858.00000  829.05889  3.37%  7258  686s
  1111   866  837.51379  107  711  858.00000  831.10370  3.13%  7251  705s
  1114   869  837.22990   42  511  858.00000  831.10370  3.13%  7434  713s
  1115   870  834.56347   37  537  858.00000  831.10370  3.13%  7427  724s
  1116   871  858.00000  152  541  858.00000  831.10370  3.13%  7421  729s
  1117   871  842.33423   92  582  858.00000  831.10370  3.13%  7414  734s
  1118   872  831.10370    9  629  858.00000  831.10370  3.13%  7407  737s
  1119   873  858.00000   75  553  858.00000  831.10370  3.13%  7401  741s
  1121   874  858.00000  153  660  858.00000  831.10370  3.13%  7388  748s
  1122   875  848.65270   81  625  858.00000  831.10370  3.13%  7381  751s
  1124   876  831.10370   51  708  858.00000  831.10370  3.13%  7368  755s
  1129   879  857.28183   71  813  858.00000  831.10370  3.13%  7335  761s
  1132   881  840.51512   57  818  858.00000  831.10370  3.13%  7316  766s
  1133   882  848.14558   31  754  858.00000  831.10370  3.13%  7309  773s
  1134   883  858.00000  132  754  858.00000  832.52278  2.97%  7303  788s
  1135   886  832.52278   33  697  858.00000  832.52278  2.97%  7499  795s
  1141   892  832.52278   35  691  858.00000  832.52278  2.97%  7497  800s
  1160   903  836.91036   37  643  858.00000  832.52278  2.97%  7548  805s
  1171   909  832.52278   39  679  858.00000  832.52278  2.97%  7595  811s
  1186   917  833.99212   40  686  858.00000  832.52278  2.97%  7658  816s
  1211   926  833.75705   42  598  858.00000  832.52278  2.97%  7555  821s
  1232   930  833.88451   43  603  858.00000  832.52278  2.97%  7461  825s
  1250   936  834.28489   44  606  858.00000  832.52278  2.97%  7390  830s
  1266   950  834.68518   45  593  858.00000  832.52278  2.97%  7344  835s
  1299   969  835.53598   47  594  858.00000  832.52278  2.97%  7223  840s
  1332   973  837.19278   48  622  858.00000  832.52278  2.97%  7089  847s
  1359   970  837.60505   49  632  858.00000  833.83746  2.82%  6983  850s
  1363   971  844.60792   49  622  858.00000  833.83746  2.82%  6971  855s
  1379   978  839.54638   50  590  858.00000  833.85334  2.81%  6927  860s
  1405   995  839.61137   52  594  858.00000  833.85334  2.81%  6846  868s
  1428  1005  846.83621   52  523  858.00000  833.85334  2.81%  6769  870s
  1472  1014  841.08222   53  613  858.00000  833.99247  2.80%  6617  875s
  1505  1044  840.60785   57  607  858.00000  833.99247  2.80%  6526  880s
  1568  1071  841.92050   62  590  858.00000  833.99247  2.80%  6334  886s
  1607  1071  845.16545   64  608  858.00000  833.99247  2.80%  6213  891s
  1662  1065  843.26359   67  548  858.00000  833.99751  2.80%  6038  896s
  1700  1071  844.82277   69  515  858.00000  833.99751  2.80%  5936  900s
  1746  1095  847.63507   78  489  858.00000  834.34025  2.76%  5844  908s
  1789  1092  852.09408   88  486  858.00000  834.34025  2.76%  5743  915s
  1824  1094  837.43453   41  607  858.00000  835.02353  2.68%  5674  920s
  1860  1110  839.00168   44  649  858.00000  835.02353  2.68%  5641  929s
  1873  1117  839.14470   44  639  858.00000  835.02353  2.68%  5618  934s
  1892  1126  839.97965   46  606  858.00000  835.07488  2.67%  5595  940s
  1923  1151  843.28098   59  564  858.00000  835.07488  2.67%  5572  949s
  1947  1173  844.44316   65  516  858.00000  835.07488  2.67%  5531  954s
  1981  1194  847.18049   81  487  858.00000  835.07488  2.67%  5470  958s
  2021  1211  850.63824   92  439  858.00000  835.07488  2.67%  5396  963s
  2086  1204  836.85981   46  589  858.00000  835.07488  2.67%  5261  968s
  2102  1223  837.47553   49  582  858.00000  835.07488  2.67%  5253  974s
  2126  1234  839.29859   50  587  858.00000  835.07488  2.67%  5226  981s
  2146  1245  844.34238   52  550  858.00000  835.07488  2.67%  5208  987s
  2180  1249  840.28173   58  574  858.00000  835.07488  2.67%  5158  994s
  2196  1258  841.82242   62  577  858.00000  835.07488  2.67%  5158 1001s
  2212  1275  842.12429   66  556  858.00000  835.07488  2.67%  5148 1008s
  2274  1289  846.26103   72  521  858.00000  835.50695  2.62%  5056 1014s
  2309  1313     cutoff   81       858.00000  835.50695  2.62%  5027 1021s
  2358  1328  852.50240   94  434  858.00000  835.50695  2.62%  4962 1030s
  2442  1341  838.45412   52  597  858.00000  835.84842  2.58%  4846 1038s
  2489  1366  840.48733   60  599  858.00000  835.84842  2.58%  4813 1046s
  2564  1400  848.41282   69  525  858.00000  835.84842  2.58%  4726 1055s
  2662  1395  845.98443   48  555  858.00000  835.84842  2.58%  4617 1065s
  2699  1418  852.76941   54  565  858.00000  835.84842  2.58%  4595 1073s
  2783  1443  844.29042   48  659  858.00000  836.44189  2.51%  4514 1082s
  2845  1492  839.71370   46  679  858.00000  836.44189  2.51%  4479 1091s
  2960  1531  845.37389   56  608  858.00000  836.44189  2.51%  4369 1103s
  3057  1548  855.81371   77  539  858.00000  837.13591  2.43%  4286 1115s
  3150  1562  842.33469   46  546  858.00000  837.17833  2.43%  4218 1128s
  3214  1589  844.61257   52  535  858.00000  837.17833  2.43%  4174 1142s
  3304  1611  840.17500   39  694  858.00000  837.17833  2.43%  4122 1155s
  3394  1645  851.57311   48  468  858.00000  837.48994  2.39%  4070 1170s
  3508  1664  841.99630   50  609  858.00000  837.49800  2.39%  3996 1186s
  3577  1696  853.87680   66  609  858.00000  837.50775  2.39%  3963 1202s
  3646  1781  843.59689   61  488  858.00000  837.52126  2.39%  3946 1218s
  3820  1779  842.04212   47  595  858.00000  837.52126  2.39%  3837 1232s
  3900  1849  840.73407   42  613  858.00000  837.64549  2.37%  3805 1247s
  4028  1912  849.55807   38  587  858.00000  837.81599  2.35%  3742 1264s
  4134  1996  841.31087   52  633  858.00000  837.86600  2.35%  3705 1282s
  4262  2082  846.31880   46  496  858.00000  837.90217  2.34%  3661 1298s
  4440  2185  841.81564   53  573  858.00000  838.13512  2.32%  3572 1314s
  4623  2288  844.77641   42  631  858.00000  838.27089  2.30%  3496 1332s
  4776  2374  847.94890   67  404  858.00000  838.40043  2.28%  3452 1352s
  4952  2496  849.87670   68  538  858.00000  838.57225  2.26%  3389 1370s
  5179  2638  842.81579   54  628  858.00000  838.61030  2.26%  3311 1391s
  5412  2774  853.68197   65  568  858.00000  838.68436  2.25%  3225 1411s
  5682  2924  854.50020   67  425  858.00000  838.81885  2.24%  3136 1432s
  5977  3100  848.68674   51  516  858.00000  838.96967  2.22%  3054 1454s
  6326  3280  842.62083   61  539  858.00000  839.04596  2.21%  2954 1476s
  6624  3506  848.83960   50  685  858.00000  839.10126  2.20%  2881 1500s
  7020  3670  849.04171   53  554  858.00000  839.29579  2.18%  2791 1524s
  7314  3859  842.44050   57  592  858.00000  839.39876  2.17%  2742 1554s
  7700  4001  849.52139   46  667  858.00000  839.49087  2.16%  2684 1589s
  8101  4225  848.98325   59  599  858.00000  839.69385  2.13%  2608 1625s
  8512  4229  841.85194   53  706  858.00000  839.80928  2.12%  2556 1659s
  8516  4233  841.85309   54  707  858.00000  839.80928  2.12%  2556 1692s
  8520  4299  841.97206   55  683  858.00000  839.80928  2.12%  2556 1729s
  8629  4565  842.28923   56  658  858.00000  839.80928  2.12%  2543 1767s
  9040  4909  845.70831   57  672  858.00000  839.95389  2.10%  2492 1805s
  9676  5200  849.08513   52  606  858.00000  840.12085  2.08%  2401 1846s
 10220  5596  851.43896   73  561  858.00000  840.28259  2.06%  2346 1894s
 10908  5786  853.69311   72  608  858.00000  840.60156  2.03%  2285 1921s
 11279  5999  854.86412   68  486  858.00000  840.69631  2.02%  2254 1953s
 11704  6239  848.87289   54  620  858.00000  840.84734  2.00%  2219 1984s
 12090  6404  848.70796   67  436  858.00000  840.94589  1.99%  2192 2018s
 12467  6668  844.26201   57  466  858.00000  840.97791  1.98%  2160 2051s
 12985  6920  850.13714   54  588  858.00000  841.08209  1.97%  2118 2079s
 13460  7173  844.50462   55  603  858.00000  841.10400  1.97%  2084 2105s
 13921  7396  844.73482   58  609  858.00000  841.20243  1.96%  2056 2137s
 14256  7604  856.34272   76  496  858.00000  841.21063  1.96%  2037 2169s
 14589  7789  853.87975   44  665  858.00000  841.27611  1.95%  2018 2202s
 14885  8030  844.18527   60  686  858.00000  841.33604  1.94%  2012 2239s
 15279  8291  846.60365   52  606  858.00000  841.42878  1.93%  1994 2271s
 15757  8553  850.33216   64  472  858.00000  841.52047  1.92%  1970 2306s
 16242  8804  851.62202   57  551  858.00000  841.60949  1.91%  1949 2335s
 16734  9009  844.93832   57  654  858.00000  841.68870  1.90%  1928 2369s
 17076  9288  851.23589   79  502  858.00000  841.74826  1.89%  1919 2399s
 17554  9517  848.73045   63  598  858.00000  841.81655  1.89%  1900 2430s
 17961  9658  849.98932   66  670  858.00000  841.85487  1.88%  1887 2450s
 18231  9921  848.61596   79  496  858.00000  841.90038  1.88%  1880 2472s
 18768 10174  848.41869   51  596  858.00000  841.96373  1.87%  1857 2492s
 19212 10427  848.88711   75  583  858.00000  841.97098  1.87%  1842 2513s
 19736 10685  849.82027   59  579  858.00000  842.06469  1.86%  1823 2533s
 20172 10974  845.98963   67  609  858.00000  842.10280  1.85%  1811 2553s
 20637 10975  849.46425   69  500  858.00000  842.16498  1.85%  1798 2898s
 20639 10976  847.25448   68  511  858.00000  842.16498  1.85%  1798 2903s
 20640 10977  850.12017   70  550  858.00000  842.16498  1.85%  1798 2913s
 20641 10978  855.95945   64  614  858.00000  842.16498  1.85%  1797 2917s
 20643 10979  851.21198   68  632  858.00000  842.16498  1.85%  1797 2922s
 20644 10980  855.47753   77  684  858.00000  842.16498  1.85%  1797 2926s
 20646 10981  855.17051   83  617  858.00000  842.16498  1.85%  1797 2931s
 20648 10982  851.95895   65  689  858.00000  842.16498  1.85%  1797 2935s
 20652 10985  844.92250   61  770  858.00000  842.16498  1.85%  1796 2940s
 20657 10988  854.49077   84  863  858.00000  842.16498  1.85%  1796 2956s
 20662 10993  849.75039   81  509  858.00000  842.16498  1.85%  1804 2961s
 20663 10994  851.97959   80  544  858.00000  842.16498  1.85%  1804 2968s
 20664 10995  849.06672   75  615  858.00000  842.16498  1.85%  1804 2971s
 20667 10997  848.52265   83  676  858.00000  842.16498  1.85%  1803 2977s
 20669 10998  856.59581   95  590  858.00000  842.16498  1.85%  1803 2980s
 20674 11001  845.60046   65  852  858.00000  842.16498  1.85%  1803 2985s
 20675 11002  853.49158   70  809  858.00000  842.16498  1.85%  1803 2997s
 20678 11004  854.99003   98  823  858.00000  842.16498  1.85%  1802 3008s
 20680 11005  850.46903   80  863  858.00000  842.16498  1.85%  1802 3019s
 20681 11006  850.22868   71  861  858.00000  842.16498  1.85%  1802 3020s
 20682 11007  851.92311   64  846  858.00000  842.16498  1.85%  1802 3027s
 20683 11007  847.86965   71  794  858.00000  842.16498  1.85%  1802 3040s
 20684 11008  849.03788   60  819  858.00000  842.16498  1.85%  1802 3048s
 20685 11009  849.23867   58  827  858.00000  842.16498  1.85%  1802 3052s
 20687 11010  847.29844   56  847  858.00000  842.16498  1.85%  1802 3062s
 20689 11011  851.70397   70  891  858.00000  842.16498  1.85%  1801 3071s
 20690 11012  849.06412   63  888  858.00000  842.16498  1.85%  1801 3081s
 20691 11013  846.97674   56  930  858.00000  842.16498  1.85%  1801 3087s
 20693 11014  852.71412   62  936  858.00000  842.16498  1.85%  1801 3096s
 20695 11015  845.51531   64  817  858.00000  842.16498  1.85%  1801 3104s
 20696 11016  855.22679   85  863  858.00000  842.16498  1.85%  1801 3105s
 20697 11017  847.31817   67  919  858.00000  842.16498  1.85%  1801 3112s
 20699 11018  849.74011   75  898  858.00000  842.19037  1.84%  1801 3121s
 20701 11019  854.05499   87  839  858.00000  842.72161  1.78%  1800 3128s
 20703 11021  846.79134   63  853  858.00000  842.97058  1.75%  1800 3136s
 20705 11022  853.05816   75  945  858.00000  843.25064  1.72%  1800 3144s
 20708 11025  855.64720   75  500  858.00000  843.28396  1.72%  1809 3145s
 20711 11027  845.16768   75  501  858.00000  843.28396  1.72%  1808 3151s
 20713 11028  851.21267   71  612  858.00000  843.28396  1.72%  1808 3156s
 20715 11030  843.51562   64  659  858.00000  843.28396  1.72%  1808 3161s
 20718 11032  852.49180   85  688  858.00000  843.28396  1.72%  1808 3165s
 20722 11034  843.38920   38  913  858.00000  843.38920  1.70%  1807 3174s
 20723 11035  848.51573   64  922  858.00000  843.45821  1.69%  1807 3176s
 20724 11036  853.72897   98  925  858.00000  843.46973  1.69%  1807 3182s
 20726 11037  845.58217   58  882  858.00000  843.48977  1.69%  1807 3188s
 20727 11038  856.11437   84  927  858.00000  843.56309  1.68%  1807 3191s
 20728 11038  843.56309   43  913  858.00000  843.56309  1.68%  1807 3198s
 20729 11039  848.26940   85  923  858.00000  843.60618  1.68%  1807 3204s
 20730 11040  846.30025   52  962  858.00000  843.60618  1.68%  1807 3209s
 20732 11041  853.30427   59  912  858.00000  843.67574  1.67%  1807 3215s
 20734 11042  846.68657   51  785  858.00000  843.85529  1.65%  1806 3222s
 20736 11044  849.64176   53  896  858.00000  843.96017  1.64%  1806 3231s
 20738 11045  847.00206   52  890  858.00000  843.96017  1.64%  1806 3236s
 20740 11046  850.12017   70  896  858.00000  844.13494  1.62%  1806 3243s
 20742 11048  847.85709   75  828  858.00000  844.13494  1.62%  1806 3249s
 20743 11048  851.21198   68  805  858.00000  844.21075  1.61%  1806 3250s
 20744 11049  855.47753   77  834  858.00000  844.21075  1.61%  1806 3256s
 20746 11050  855.17051   83  851  858.00000  844.28987  1.60%  1805 3261s
 20748 11052  851.95895   65  904  858.00000  844.42095  1.58%  1805 3268s
 20750 11053  854.48877   70  951  858.00000  844.58184  1.56%  1805 3274s
 20752 11054  844.92250   61  954  858.00000  844.73756  1.55%  1805 3279s
 20754 11056  850.65956   53  977  858.00000  844.73756  1.55%  1805 3285s
 20756 11057  849.66904   72  996  858.00000  844.73756  1.55%  1805 3290s
 20758 11058  847.89284   53  981  858.00000  844.73756  1.55%  1804 3295s
 20760 11060  846.09964   51 1017  858.00000  844.73756  1.55%  1804 3300s
 20762 11061  849.75039   81 1018  858.00000  844.76809  1.54%  1804 3306s
 20764 11062  849.06672   75 1018  858.00000  844.77954  1.54%  1804 3312s
 20765 11063  848.94179   62  930  858.00000  844.77954  1.54%  1804 3317s
 20766 11064  854.80054   97 1022  858.00000  844.77954  1.54%  1804 3322s
 20768 11065  848.53039   59 1030  858.00000  844.77954  1.54%  1803 3327s
 20770 11066  851.68032   86 1005  858.00000  844.77954  1.54%  1803 3332s
 20772 11068  854.64719   81  971  858.00000  844.77954  1.54%  1803 3338s
 20774 11069  845.60046   65  998  858.00000  844.77954  1.54%  1803 3343s
 20776 11070  846.18126   58 1010  858.00000  844.85640  1.53%  1803 3348s
 20778 11072  854.99003   98 1023  858.00000  844.85640  1.53%  1803 3354s
 20779 11072  852.82900   63 1025  858.00000  844.85640  1.53%  1803 3355s
 20780 11073  850.46903   80 1029  858.00000  844.85640  1.53%  1802 3360s
 20781 11074  850.22868   71 1033  858.00000  844.85640  1.53%  1802 3370s
 20782 11074  851.92311   64 1033  858.00000  844.85640  1.53%  1802 3375s
 20784 11076  849.03788   60 1023  858.00000  844.85640  1.53%  1802 3381s
 20786 11077  848.27144   55  998  858.00000  844.85640  1.53%  1802 3385s
 20788 11078  855.41291   88  998  858.00000  844.85640  1.53%  1802 3392s
 20790 11080  849.06412   63  985  858.00000  844.85640  1.53%  1802 3397s
 20792 11081  849.24049   57 1013  858.00000  844.90158  1.53%  1801 3402s
 20794 11082  846.13266   60 1019  858.00000  844.90158  1.53%  1801 3407s
 20795 11083  845.51531   64  936  858.00000  844.90158  1.53%  1801 3413s
 20796 11084  855.22679   85 1027  858.00000  844.90158  1.53%  1801 3418s
 20798 11085  849.28595   56  983  858.00000  844.90158  1.53%  1801 3423s
 20800 11086  855.55564   72  970  858.00000  844.90158  1.53%  1801 3429s
 20802 11088  846.89474   56  989  858.00000  844.93326  1.52%  1801 3435s
 20804 11089  856.24712   94 1000  858.00000  844.93326  1.52%  1800 3440s
 20806 11090  848.40288   68 1005  858.00000  844.93326  1.52%  1800 3445s
 20808 11092  855.64720   75 1017  858.00000  844.93326  1.52%  1800 3450s
 20811 11094  845.16768   75  927  858.00000  844.93326  1.52%  1800 3459s
 20812 11094  855.08616   77  987  858.00000  844.93326  1.52%  1800 3465s
 20813 11095  851.21267   71  938  858.00000  844.93326  1.52%  1800 3470s
 20816 11097  845.03745   42  956  858.00000  844.93326  1.52%  1799 3479s
 20818 11098  852.49180   85  958  858.00000  844.93326  1.52%  1799 3484s
 20820 11100  847.89284   60  986  858.00000  844.93326  1.52%  1799 3489s
 20822 11101  844.93326   38 1001  858.00000  844.93326  1.52%  1799 3494s
 20824 11102  853.72897   98 1003  858.00000  844.93326  1.52%  1799 3498s
 20825 11103  845.53330   55  903  858.00000  844.93326  1.52%  1799 3503s
 20826 11104  845.58217   58  986  858.00000  844.93326  1.52%  1798 3508s
 20827 11104  856.11437   84  986  858.00000  844.93326  1.52%  1798 3514s
 20828 11105  844.93326   43 1001  858.00000  844.93326  1.52%  1798 3520s
 20831 11107  853.11186   60  998  858.00000  844.96192  1.52%  1798 3525s
 20833 11108  847.08757   57  955  858.00000  844.96192  1.52%  1798 3530s
 20836 11110  849.64176   53  978  858.00000  844.96192  1.52%  1798 3540s
 20839 11112  847.25448   68  998  858.00000  844.96192  1.52%  1797 3545s
 20840 11113  850.12017   70 1001  858.00000  844.96192  1.52%  1797 3551s
 20841 11114  855.95945   64 1001  858.00000  844.96192  1.52%  1797 3556s
 20842 11114  847.85709   75  914  858.00000  844.96192  1.52%  1797 3562s
 20843 11115  851.21198   68  992  858.00000  844.96192  1.52%  1797 3568s
 20844 11116  855.47753   77 1001  858.00000  844.96192  1.52%  1797 3573s
 20845 11116  845.01909   51 1016  858.00000  844.96192  1.52%  1797 3578s
 20847 11118  844.96192   53  996  858.00000  844.96192  1.52%  1797 3584s
 20849 11119  850.10206   65 1000  858.00000  844.96192  1.52%  1796 3589s
 20850 11120  854.48877   70 1004  858.00000  844.96192  1.52%  1796 3590s
 20851 11120  847.99703   52 1004  858.00000  844.96192  1.52%  1796 3596s
 20852 11121  844.96192   61  929  858.00000  844.96192  1.52%  1796 3601s
 20853 11122  844.96192   49 1007  858.00000  844.96192  1.52%  1796 3606s
 20854 11122  850.65956   53  993  858.00000  844.96192  1.52%  1796 3612s
 20855 11123  845.96138   56 1030  858.00000  844.96192  1.52%  1796 3617s
 20857 11124  854.49077   84 1012  858.00000  844.96192  1.52%  1796 3623s
 20859 11126  852.98400   83  992  858.00000  844.96192  1.52%  1796 3630s
 20861 11127  851.05324   64  999  858.00000  844.96192  1.52%  1795 3635s
 20865 11130  848.94179   62 1005  858.00000  844.96192  1.52%  1795 3644s
 20866 11130  854.80054   97  928  858.00000  844.96192  1.52%  1795 3649s
 20867 11131  848.52265   83  991  858.00000  844.96192  1.52%  1795 3653s
 20868 11132  848.53039   59  994  858.00000  844.96192  1.52%  1795 3659s
 20869 11132  856.59581   95  994  858.00000  844.96192  1.52%  1795 3669s
 20870 11133  851.68032   86  994  858.00000  844.96192  1.52%  1795 3673s
 20873 11136  851.24398   56  509  858.00000  844.96192  1.52%  1810 3675s
 20876 11138  846.18126   58  571  858.00000  844.96192  1.52%  1810 3681s
 20879 11140  852.82900   63  727  858.00000  844.96192  1.52%  1809 3685s
 20883 11143  847.86965   71  808  858.00000  844.96192  1.52%  1809 3690s
 20886 11145  848.27144   55  930  858.00000  844.96192  1.52%  1809 3696s
 20888 11146  855.41291   88  965  858.00000  844.97646  1.52%  1809 3704s
 20890 11148  849.06412   63  991  858.00000  844.97646  1.52%  1808 3709s
 20891 11148  846.97674   56  970  858.00000  844.99278  1.52%  1808 3711s
 20892 11149  849.24049   57  992  858.00000  844.99278  1.52%  1808 3716s
 20893 11150  852.71412   62  857  858.00000  845.34366  1.48%  1808 3725s
 20895 11151  845.51531   64  975  858.00000  845.34366  1.48%  1808 3731s
 20896 11152  855.22679   85  994  858.00000  845.34366  1.48%  1808 3736s
 20898 11153  849.28595   56  934  858.00000  845.37392  1.47%  1808 3741s
 20900 11154  855.55564   72  927  858.00000  845.57816  1.45%  1808 3746s
 20902 11156  846.89474   56  932  858.00000  845.69835  1.43%  1807 3750s
 20904 11157  856.24712   94  974  858.00000  845.69835  1.43%  1807 3755s
 20906 11158  848.40288   68  966  858.00000  845.69835  1.43%  1807 3760s
 20908 11160  855.64720   75  955  858.00000  845.69835  1.43%  1807 3766s
 20910 11161  852.47693   55  967  858.00000  845.72028  1.43%  1807 3771s
 20912 11162  855.08616   77  937  858.00000  845.75782  1.43%  1806 3776s
 20914 11164  846.95226   50  938  858.00000  845.80635  1.42%  1806 3781s
 20916 11165  845.88347   42  960  858.00000  845.88347  1.41%  1806 3786s
 20919 11167  845.91996   62  996  858.00000  845.91996  1.41%  1806 3790s
 20922 11169  845.91996   38 1017  858.00000  845.91996  1.41%  1806 3798s
 20924 11170  853.72897   98 1048  858.00000  845.91996  1.41%  1805 3803s
 20925 11171  845.92399   55 1049  858.00000  845.92399  1.41%  1805 3807s
 20926 11172  845.92399   58  963  858.00000  845.92399  1.41%  1805 3812s
 20927 11172  856.11437   84 1063  858.00000  845.92399  1.41%  1805 3817s
 20928 11173  845.92399   43 1072  858.00000  845.92399  1.41%  1805 3823s
 20929 11174  848.26940   85 1082  858.00000  845.92399  1.41%  1805 3828s
 20931 11175  853.11186   60 1035  858.00000  845.92399  1.41%  1805 3833s
 20933 11176  847.08757   57 1046  858.00000  845.92399  1.41%  1805 3838s
 20935 11178  848.16508   57 1047  858.00000  845.92399  1.41%  1805 3843s
 20937 11179  849.46425   69 1047  858.00000  845.92399  1.41%  1804 3847s
 20938 11180  847.00206   52  961  858.00000  845.92399  1.41%  1804 3853s
 20939 11180  847.25448   68 1054  858.00000  845.92399  1.41%  1804 3857s
 20940 11181  850.12017   70 1028  858.00000  845.92399  1.41%  1804 3863s
 20941 11182  855.95945   64 1061  858.00000  845.95107  1.40%  1804 3868s
 20942 11182  847.85709   75  997  858.00000  846.02552  1.40%  1804 3870s
 20943 11183  851.21198   68  997  858.00000  846.02552  1.40%  1804 3875s
 20945 11184  846.07859   51  994  858.00000  846.07859  1.39%  1804 3881s
 20947 11186  846.07859   53  988  858.00000  846.07859  1.39%  1803 3887s
 20949 11187  850.10206   65 1019  858.00000  846.07859  1.39%  1803 3891s
 20951 11188  847.99703   52 1015  858.00000  846.07859  1.39%  1803 3896s
 20953 11190  846.07859   49 1039  858.00000  846.07859  1.39%  1803 3901s
 20955 11191  846.07859   56 1039  858.00000  846.07859  1.39%  1803 3905s
 20956 11192  849.66904   72  928  858.00000  846.07859  1.39%  1803 3911s
 20957 11192  854.49077   84 1023  858.00000  846.07859  1.39%  1803 3918s
 20959 11194  852.98400   83 1028  858.00000  846.08191  1.39%  1802 3923s
 20961 11195  851.05324   64 1033  858.00000  846.10697  1.39%  1802 3927s
 20962 11196  849.75039   81  965  858.00000  846.10697  1.39%  1802 3932s
 20963 11196  851.97959   80 1031  858.00000  846.10697  1.39%  1802 3937s
 20964 11197  849.06672   75 1024  858.00000  846.10697  1.39%  1802 3942s
 20965 11198  848.94179   62 1018  858.00000  846.10697  1.39%  1802 3948s
 20966 11198  854.80054   97 1018  858.00000  846.10697  1.39%  1802 3951s
 20967 11202  846.10697   75  892  858.00000  846.10697  1.39%  1814 3955s
 20977 11209  846.35723   78  803  858.00000  846.21166  1.37%  1816 3960s
 20995 11220  846.35957   80  804  858.00000  846.21166  1.37%  1820 3967s
 21022 11223  846.70127   82  741  858.00000  846.21166  1.37%  1823 3970s
 21066 11237  846.98343   86  767  858.00000  846.21166  1.37%  1822 3975s
 21128 11252  847.61479   89  743  858.00000  847.59118  1.21%  1822 3981s
 21158 11253  847.79674   91  736  858.00000  847.59932  1.21%  1822 3985s
 21204 11277  848.58907   96  674  858.00000  847.80802  1.19%  1823 3991s
 21255 11301  849.63223   99  656  858.00000  847.80802  1.19%  1823 3995s
 21395 11298  855.10507  119  413  858.00000  847.87519  1.18%  1817 4000s
 21454 11325  848.89369   95  689  858.00000  847.89675  1.18%  1817 4006s
*21485 10744             112     856.0000000  847.89675  0.95%  1817 4008s
 21518 10732  849.63103   96  697  856.00000  847.89675  0.95%  1816 4011s
 21561 10752  852.47082  107  384  856.00000  848.30264  0.90%  1816 4016s
 21648 10730  854.73173   92  500  856.00000  848.59623  0.86%  1813 4022s
 21651 10732  850.13024   87  569  856.00000  848.59623  0.86%  1813 4025s
 21655 10735  852.33667  104  806  856.00000  848.59623  0.86%  1812 4030s
 21660 10738  852.06235  104  933  856.00000  848.59623  0.86%  1812 4038s
 21661 10739  853.57932  100  962  856.00000  848.59623  0.86%  1812 4040s
 21664 10741  850.89622   90 1012  856.00000  848.59623  0.86%  1812 4048s
 21666 10742  852.21704   93 1009  856.00000  848.59623  0.86%  1812 4052s
 21667 10743  852.09144  104 1042  856.00000  848.59623  0.86%  1811 4056s
 21670 10745  850.87455   91 1021  856.00000  848.59623  0.86%  1811 4063s
 21672 10746  849.39454   87 1003  856.00000  848.59623  0.86%  1811 4067s
 21674 10747  854.26257  103  924  856.00000  848.59623  0.86%  1811 4072s
 21676 10749  849.60175   89  998  856.00000  848.59623  0.86%  1811 4076s
 21678 10750  851.01839   97  996  856.00000  848.59623  0.86%  1811 4081s
 21680 10751  851.50762  102  958  856.00000  848.59623  0.86%  1810 4085s
 21684 10754  850.00604   89  962  856.00000  848.59623  0.86%  1810 4091s
 21687 10756  850.00604   89  972  856.00000  848.59623  0.86%  1810 4095s
 21690 10758  850.24307   89  987  856.00000  848.59623  0.86%  1810 4101s
 21693 10760  852.05743   98  991  856.00000  848.59623  0.86%  1809 4107s
 21694 10761  854.76445  102  911  856.00000  848.59623  0.86%  1809 4110s
 21696 10762  848.95908   88 1002  856.00000  848.59623  0.86%  1809 4118s
 21697 10763  849.75592   99 1011  856.00000  848.59623  0.86%  1809 4121s
 21699 10764  851.96105   92 1013  856.00000  848.59623  0.86%  1809 4125s
 21703 10767  851.28665   83  966  856.00000  848.59623  0.86%  1808 4133s
 21705 10768  852.53260   86  967  856.00000  848.59623  0.86%  1808 4137s
 21707 10769  851.65284  104 1008  856.00000  848.59623  0.86%  1808 4140s
 21711 10772  851.81315  110 1032  856.00000  848.59623  0.86%  1808 4149s
 21712 10773  853.75908  107  999  856.00000  848.59623  0.86%  1808 4150s
 21715 10775  854.31079   98  958  856.00000  848.59623  0.86%  1807 4158s
 21716 10775  850.42330   82  983  856.00000  848.59623  0.86%  1807 4160s
 21719 10777  851.55082  108  997  856.00000  848.59623  0.86%  1807 4166s
 21721 10779  853.15053   90  976  856.00000  848.59623  0.86%  1807 4171s
 21723 10780  852.03042   97  984  856.00000  848.59623  0.86%  1807 4175s
 21727 10783  849.29305   97  998  856.00000  848.59623  0.86%  1806 4181s
 21728 10783  852.12679   93  926  856.00000  848.59623  0.86%  1806 4185s
 21730 10785  852.60761   91 1023  856.00000  848.59623  0.86%  1806 4193s
 21731 10785  848.90786   97 1087  856.00000  848.59623  0.86%  1806 4196s
 21733 10787  850.13024   87 1020  856.00000  848.59623  0.86%  1806 4201s
 21735 10788  851.86302  101 1015  856.00000  848.59623  0.86%  1806 4205s
 21739 10791  851.71193   86 1008  856.00000  848.59623  0.86%  1805 4212s
 21741 10792  854.95370   92 1008  856.00000  848.59623  0.86%  1805 4216s
 21743 10793  851.50765   97 1020  856.00000  848.59623  0.86%  1805 4220s
 21747 10796  850.73127   90 1026  856.00000  848.59623  0.86%  1805 4226s
 21749 10797  850.70762   89 1031  856.00000  848.59623  0.86%  1805 4232s
 21751 10799  850.13024   87 1020  856.00000  848.59623  0.86%  1804 4236s
 21753 10800  849.55272   97 1013  856.00000  848.59623  0.86%  1804 4240s
 21757 10803  850.60283  104 1020  856.00000  848.59623  0.86%  1804 4247s
 21759 10804  853.91381   93 1026  856.00000  848.59623  0.86%  1804 4250s
 21763 10807  854.65648   81 1032  856.00000  848.59623  0.86%  1803 4257s
 21765 10808  849.55341   97 1039  856.00000  848.59623  0.86%  1803 4262s
 21767 10809  852.09144  104 1045  856.00000  848.59623  0.86%  1803 4266s
 21768 10810  849.10566   78  962  856.00000  848.59623  0.86%  1803 4270s
 21770 10811  850.87455   91 1051  856.00000  848.59623  0.86%  1803 4277s
 21771 10812  848.63963   86 1062  856.00000  848.59623  0.86%  1803 4280s
 21774 10814  854.26257  103 1045  856.00000  848.59623  0.86%  1803 4286s
 21776 10815  849.60175   89  957  856.00000  848.59623  0.86%  1802 4293s
 21777 10816  851.55118  106 1039  856.00000  848.59623  0.86%  1802 4296s
 21779 10817  853.06813   90 1033  856.00000  848.59623  0.86%  1802 4302s
 21781 10819  854.00015  109 1024  856.00000  848.59623  0.86%  1802 4306s
 21784 10821  850.00604   89 1003  856.00000  848.59623  0.86%  1802 4310s
 21787 10823  850.00604   89  954  856.00000  848.59623  0.86%  1802 4317s
 21789 10824  849.39454   87  971  856.00000  848.59623  0.86%  1801 4320s
 21793 10827  852.05743   98  986  856.00000  848.59623  0.86%  1801 4325s
 21797 10829  849.75592   99  986  856.00000  848.59623  0.86%  1801 4332s
 21799 10831  851.96105   92  986  856.00000  848.59623  0.86%  1801 4336s
 21803 10833  851.28665   83 1021  856.00000  848.59623  0.86%  1800 4342s
 21805 10835  852.53260   86 1047  856.00000  848.59623  0.86%  1800 4345s
 21809 10837  849.87049   95 1052  856.00000  848.59623  0.86%  1800 4351s
 21811 10839  851.81315  110 1046  856.00000  848.59623  0.86%  1800 4355s
 21813 10840  849.39454   87 1055  856.00000  848.59623  0.86%  1799 4360s
 21817 10843  851.28665   83 1058  856.00000  848.59623  0.86%  1799 4366s
 21819 10844  851.55082  108 1058  856.00000  848.59623  0.86%  1799 4370s
 21823 10847  852.03042   97  981  856.00000  848.59623  0.86%  1799 4377s
 21825 10848  850.24896   87 1038  856.00000  848.59623  0.86%  1798 4380s
 21829 10851  850.70762   89 1013  856.00000  848.59623  0.86%  1798 4386s
 21833 10853  850.13024   87  987  856.00000  848.59623  0.86%  1798 4392s
 21835 10855  851.86302  101 1006  856.00000  848.59623  0.86%  1798 4395s
 21839 10857  851.71193   86 1031  856.00000  848.59623  0.86%  1797 4401s
 21843 10860  851.50765   97 1031  856.00000  848.59623  0.86%  1797 4408s
 21844 10861  850.18597   89 1031  856.00000  848.59623  0.86%  1797 4414s
 21845 10861  851.40042  105 1030  856.00000  848.59623  0.86%  1797 4417s
 21846 10862  850.24931   87 1030  856.00000  848.59623  0.86%  1797 4420s
 21848 10863  854.73173   92 1031  856.00000  848.59623  0.86%  1796 4427s
 21849 10864  850.70762   89 1031  856.00000  848.59623  0.86%  1796 4430s
 21855 10869  852.33667  104  658  856.00000  848.59623  0.86%  1807 4435s
 21862 10874  851.86566   88  925  856.00000  848.59623  0.86%  1806 4442s
 21864 10875  850.89622   90  986  856.00000  848.59623  0.86%  1806 4446s
 21868 10878  849.10566   78 1010  856.00000  848.59623  0.86%  1806 4451s
 21869 10879  854.95370   92  991  856.00000  848.59623  0.86%  1806 4456s
 21871 10880  848.63963   86  984  856.00000  848.59623  0.86%  1806 4460s
 21874 10882  854.26257  103  987  856.00000  848.59623  0.86%  1805 4466s
 21876 10883  849.60175   89 1021  856.00000  848.59623  0.86%  1805 4470s
 21880 10886  851.50762  102 1001  856.00000  848.59623  0.86%  1805 4476s
 21883 10888  848.63963   86  995  856.00000  848.59623  0.86%  1805 4481s
 21886 10890  851.40042  105 1044  856.00000  848.59623  0.86%  1804 4487s
 21888 10891  850.73127   90 1006  856.00000  848.59623  0.86%  1804 4492s
 21890 10893  850.24307   89 1029  856.00000  848.59623  0.86%  1804 4495s
 21894 10895  854.76445  102 1047  856.00000  848.59623  0.86%  1804 4500s
 21898 10898  852.12679   93 1013  856.00000  848.59623  0.86%  1803 4508s
 21900 10899  854.95370   92 1046  856.00000  848.59623  0.86%  1803 4512s
 21902 10901  849.51044   93 1050  856.00000  848.59623  0.86%  1803 4515s
 21906 10903  850.42330   82 1028  856.00000  848.59623  0.86%  1803 4521s
 21909 10905  849.87049   95  933  856.00000  848.59623  0.86%  1802 4527s
 21910 10906  849.02453   99 1057  856.00000  848.59623  0.86%  1802 4531s
 21911 10907  851.81315  110 1059  856.00000  848.59623  0.86%  1802 4535s
 21914 10909  852.33667  104 1063  856.00000  848.59623  0.86%  1802 4541s
 21917 10911  851.28665   83  916  856.00000  848.59623  0.86%  1802 4547s
 21918 10911  850.15465   88  974  856.00000  848.59623  0.86%  1802 4550s
 21920 10913  852.33297  104  985  856.00000  848.59623  0.86%  1802 4555s
 21924 10915  850.71428   98  987  856.00000  848.59623  0.86%  1801 4560s
 21928 10918  852.12679   93 1009  856.00000  848.59623  0.86%  1801 4567s
 21930 10919  852.60761   91 1013  856.00000  848.59623  0.86%  1801 4570s
 21934 10922  851.26729   97 1010  856.00000  848.59623  0.86%  1800 4575s
 21936 10923  853.48613  114 1013  856.00000  848.59623  0.86%  1800 4581s
 21937 10924  850.58400  104 1023  856.00000  848.59623  0.86%  1800 4585s
 21939 10925  851.71193   86 1025  856.00000  848.59623  0.86%  1800 4592s
 21940 10926  852.23813  102 1058  856.00000  848.59623  0.86%  1800 4595s
 21944 10929  850.18597   89 1084  856.00000  848.62255  0.86%  1800 4600s
 21948 10931  854.73173   92 1108  856.00000  848.62255  0.86%  1799 4605s
 21951 10933  850.13024   87 1008  856.00000  848.62255  0.86%  1799 4612s
 21952 10934  851.82362   84 1110  856.00000  848.62255  0.86%  1799 4615s
 21954 10935  851.26729   97 1051  856.00000  848.62255  0.86%  1799 4622s
 21956 10937  850.59575   92 1056  856.00000  848.62255  0.86%  1799 4626s
 21959 10939  853.91381   93 1049  856.00000  848.64784  0.86%  1798 4630s
 21962 10941  851.86566   88 1062  856.00000  848.64784  0.86%  1798 4636s
 21965 10943  849.55341   97  965  856.00000  848.65429  0.86%  1798 4642s
 21966 10943  852.21704   93 1053  856.00000  848.65429  0.86%  1798 4645s
 21968 10945  849.10566   78 1070  856.00000  848.65429  0.86%  1798 4652s
 21972 10947  849.39454   87 1060  856.00000  848.66477  0.86%  1797 4657s
 21976 10950  849.60175   89 1058  856.00000  848.66873  0.86%  1797 4661s
 21979 10952  853.06813   90  956  856.00000  848.66873  0.86%  1797 4666s
 21982 10954  852.09144  104 1049  856.00000  848.67360  0.86%  1796 4672s
 21985 10956  849.04622   89 1017  856.00000  848.70317  0.85%  1796 4675s
 21988 10958  850.73127   90 1014  856.00000  848.71455  0.85%  1796 4680s
 21992 10961  854.42122  102 1019  856.00000  848.76554  0.85%  1796 4685s
 21994 10962  854.76445  102 1036  856.00000  848.76554  0.85%  1795 4690s
 21996 10963  848.95908   88 1035  856.00000  848.76554  0.85%  1795 4695s
 21998 10965  852.12679   93 1048  856.00000  848.76554  0.85%  1795 4701s
 22002 10967  849.51044   93  994  856.00000  848.87006  0.83%  1795 4706s
 22006 10970  850.42330   82 1056  856.00000  848.90450  0.83%  1794 4712s
 22008 10971  850.29657   99 1057  856.00000  848.92951  0.83%  1794 4715s
 22011 10973  851.81315  110  967  856.00000  848.92951  0.83%  1794 4721s
 22013 10975  849.39454   87 1049  856.00000  848.92951  0.83%  1794 4726s
 22016 10977  850.42330   82 1033  856.00000  848.92951  0.83%  1794 4731s
 22019 10979  851.55082  108 1047  856.00000  848.93262  0.83%  1793 4735s
 22022 10981  849.72531   80 1046  856.00000  848.93262  0.83%  1793 4742s
 22023 10981  852.03042   97 1047  856.00000  848.93262  0.83%  1793 4745s
 22026 10983  853.36047   92 1029  856.00000  848.93262  0.83%  1793 4750s
 22029 10985  850.70762   89  980  856.00000  848.94241  0.82%  1793 4757s
 22032 10987  853.65706   95 1006  856.00000  848.94241  0.82%  1792 4762s
 22033 10988  850.13024   87  947  856.00000  848.96976  0.82%  1792 4765s
 22035 10989  851.86302  101 1020  856.00000  848.96976  0.82%  1792 4770s
 22037 10991  850.58400  104 1015  856.00000  848.96976  0.82%  1792 4775s
 22040 10993  852.23813  102  987  856.00000  848.96976  0.82%  1792 4780s
 22044 10995  850.18597   89 1041  856.00000  848.96976  0.82%  1791 4785s
 22049 10999  850.70762   89  949  856.00000  848.96976  0.82%  1791 4792s
 22051 11000  850.13024   87 1001  856.00000  848.99385  0.82%  1791 4797s
 22054 11002  851.26729   97  922  856.00000  849.03644  0.81%  1791 4802s
 22057 11004  850.60283  104 1005  856.00000  849.08415  0.81%  1790 4806s
 22063 11010  854.65648   81  596  856.00000  849.08415  0.81%  1802 4810s
 22069 11014  854.95370   92  801  856.00000  849.08415  0.81%  1802 4815s
 22073 11016  849.85670  102  965  856.00000  849.08415  0.81%  1801 4821s
 22077 11019  851.55118  106  970  856.00000  849.10102  0.81%  1801 4826s
 22078 11020  851.01839   97  986  856.00000  849.13926  0.80%  1801 4831s
 22081 11022  854.00015  109  989  856.00000  849.13926  0.80%  1801 4837s
 22083 11023  849.13926   86  975  856.00000  849.13926  0.80%  1801 4840s
 22087 11026  850.00604   89 1043  856.00000  849.13926  0.80%  1800 4845s
 22091 11028  849.92000   97 1063  856.00000  849.15272  0.80%  1800 4851s
 22095 11031  850.88566   95 1068  856.00000  849.17526  0.80%  1800 4856s
 22097 11032  849.75592   99 1053  856.00000  849.17526  0.80%  1799 4861s
 22101 11035  850.13024   87  991  856.00000  849.24073  0.79%  1799 4866s
 22105 11038  852.53260   86 1013  856.00000  849.25652  0.79%  1799 4871s
 22108 11040  850.29657   99  995  856.00000  849.30494  0.78%  1798 4875s
 22111 11042  851.81315  110 1024  856.00000  849.31334  0.78%  1798 4880s
 22115 11044  854.31079   98  973  856.00000  849.47122  0.76%  1798 4887s
 22117 11046  851.28665   83  959  856.00000  849.50483  0.76%  1798 4890s
 22121 11048  853.15053   90  915  856.00000  849.66892  0.74%  1797 4896s
 22124 11050  850.71428   98  901  856.00000  849.70317  0.74%  1797 4900s
 22128 11053  852.12679   93  892  856.00000  849.78830  0.73%  1797 4905s
 22133 11056  850.13024   87 1010  856.00000  849.78830  0.73%  1796 4911s
 22136 11058  853.48613  114 1008  856.00000  849.79074  0.73%  1796 4916s
 22138 11060  851.71056  100 1015  856.00000  849.79074  0.73%  1796 4921s
 22141 11062  854.95370   92 1017  856.00000  849.79074  0.73%  1796 4926s
 22143 11063  851.50765   97 1018  856.00000  849.79074  0.73%  1796 4931s
 22145 11064  851.40042  105  875  856.00000  849.80054  0.72%  1795 4936s
 22149 11067  850.70762   89  905  856.00000  849.84301  0.72%  1795 4941s
 22153 11070  849.84301   97  941  856.00000  849.84301  0.72%  1795 4946s
 22157 11072  850.60283  104  978  856.00000  849.88710  0.71%  1794 4950s
 22162 11076  851.86566   88  898  856.00000  849.89548  0.71%  1794 4955s
 22165 11078  849.89860   97  971  856.00000  849.89860  0.71%  1794 4960s
 22169 11080  854.95370   92  939  856.00000  849.91993  0.71%  1794 4965s
 22173 11083  849.93695  102  962  856.00000  849.93695  0.71%  1793 4970s
 22177 11086  851.55118  106 1016  856.00000  849.96319  0.71%  1793 4975s
 22181 11088  854.00015  109 1001  856.00000  849.96319  0.71%  1793 4981s
 22183 11090  849.96319   86 1004  856.00000  849.96319  0.71%  1792 4986s
 22185 11091  849.96319   89 1019  856.00000  849.96319  0.71%  1792 4990s
 22191 11095  849.98705   97 1012  856.00000  849.98705  0.70%  1792 4995s
 22194 11097  854.76445  102  915  856.00000  849.98705  0.70%  1791 5001s
 22196 11098  849.98705   88  992  856.00000  849.98705  0.70%  1791 5007s
 22198 11100  852.12679   93 1007  856.00000  849.98705  0.70%  1791 5010s
 22202 11102  849.98987   93 1015  856.00000  849.98987  0.70%  1791 5015s
 22207 11106  851.65284  104 1003  856.00000  849.98987  0.70%  1790 5021s
 22209 11107  849.99563   95  997  856.00000  849.99563  0.70%  1790 5025s
 22212 11109  853.75908  107 1008  856.00000  849.99563  0.70%  1790 5031s
 22213 11110  849.99563   87 1000  856.00000  849.99563  0.70%  1790 5035s
 22220 11115  852.33297  104  636  856.00000  850.00537  0.70%  1796 5040s
 22226 11119  853.36047   92  895  856.00000  850.00537  0.70%  1796 5047s
 22230 11122  852.60761   91 1000  856.00000  850.00537  0.70%  1796 5051s
 22233 11124  850.13024   87 1011  856.00000  850.00537  0.70%  1795 5057s
 22234 11125  851.26729   97  990  856.00000  850.00537  0.70%  1795 5060s
 22239 11128  851.71193   86  944  856.00000  850.04106  0.70%  1795 5065s
 22244 11131  850.18597   89  934  856.00000  850.06179  0.69%  1794 5071s
 22247 11133  850.73127   90  929  856.00000  850.06437  0.69%  1794 5075s
 22252 11137  851.82362   84  909  856.00000  850.10782  0.69%  1794 5080s
 22256 11139  850.59575   92  942  856.00000  850.17739  0.68%  1793 5085s
 22260 11142  852.06235  104  987  856.00000  850.21074  0.68%  1793 5091s
 22264 11145  850.89622   90  998  856.00000  850.21074  0.68%  1793 5096s
 22268 11147  850.21074   78  999  856.00000  850.21074  0.68%  1792 5101s
 22270 11149  850.87455   91 1009  856.00000  850.21150  0.68%  1792 5106s
 22274 11151  854.26257  103 1008  856.00000  850.25592  0.67%  1792 5111s
 22278 11154  851.01839   97 1016  856.00000  850.29582  0.67%  1792 5115s
 22283 11157  850.29582   86 1015  856.00000  850.29582  0.67%  1791 5120s
 22287 11160  850.29582   89 1014  856.00000  850.29582  0.67%  1791 5125s
 22290 11162  850.30138   89 1012  856.00000  850.30138  0.67%  1791 5131s
 22292 11163  854.42122  102 1014  856.00000  850.30138  0.67%  1791 5136s
 22293 11164  852.05743   98 1014  856.00000  850.30138  0.67%  1790 5141s
 22297 11168  850.30138  127  967  856.00000  850.30138  0.67%  1795 5145s
 22361 11163  852.98050  133  636  856.00000  850.92978  0.59%  1793 5150s
 22414 11160  852.79885  133  667  856.00000  851.17291  0.56%  1792 5155s
 22483 11161  854.62793  138  618  856.00000  851.31082  0.55%  1791 5160s
 22607 11150  853.19135  142  625  856.00000  851.80569  0.49%  1785 5165s
 22744 11130  854.46170  142  592  856.00000  851.89574  0.48%  1778 5170s
 22875 11123  853.16064  137  733  856.00000  851.99834  0.47%  1772 5175s
 22989 11094  854.48300  144  556  856.00000  852.05593  0.46%  1767 5180s
 23147 11057  853.87383  141  684  856.00000  852.18427  0.45%  1759 5186s
 23281 11018  854.09552  161  603  856.00000  852.58023  0.40%  1753 5190s
 23481 10933  854.94742  153  676  856.00000  852.79938  0.37%  1743 5195s
 23671 10829  854.72061  150  533  856.00000  853.36416  0.31%  1735 5201s
 23845 10685     cutoff  144       856.00000  853.67665  0.27%  1726 5205s

Cutting planes:
  Learned: 2
  Gomory: 3
  Cover: 86
  Implied bound: 174
  Projected implied bound: 17
  Clique: 5
  MIR: 58
  Flow cover: 883
  GUB cover: 12
  Zero half: 140
  Network: 2
  RLT: 10
  Relax-and-lift: 92

Explored 23989 nodes (41731467 simplex iterations) in 5206.75 seconds (15031.26 work units)
Thread count was 4 (of 32 available processors)

Solution count 10: 856 858 861 ... 889

Optimal solution found (tolerance 1.00e-04)
Best objective 8.560000000000e+02, best bound 8.560000000000e+02, gap 0.0000%

Wrote result file './sol/E150_1000.9_R50.sol'

