
Gurobi 13.0.2 (mac64[arm], gurobi_cl) logging started Fri Jun 26 09:27:49 2026

Set parameter TokenServer to value "10.8.80.200"
Set parameter TimeLimit to value 43200
Set parameter LogFile to value "./log/E150_1000.3_R50.log"
Set parameter Threads to value 4
Using license file /Library/gurobi1302/gurobi.lic

Gurobi Optimizer version 13.0.2 build v13.0.2rc1 (mac64[arm] - Darwin 24.6.0 24G517)
Copyright (c) 2026, Gurobi Optimization, LLC

Read LP format model from file ./lp/E150_1000.3_R50.lp
Reading time = 0.11 seconds
root: 46208 rows, 45753 columns, 398053 nonzeros

Using Gurobi shared library /Library/gurobi1302/macos_universal2/lib/libgurobi130.dylib

CPU model: Apple M3 Ultra
Thread count: 32 physical cores, 32 logical processors, using up to 4 threads

Non-default parameters:
TimeLimit  43200
Threads  4

Optimize a model with 46208 rows, 45753 columns and 398053 nonzeros (Min)
Model fingerprint: 0xdd4f674f
Model has 22650 linear objective coefficients
Variable types: 0 continuous, 45753 integer (0 binary)
Coefficient statistics:
  Matrix range     [1e+00, 2e+02]
  Objective range  [2e+00, 2e+02]
  Bounds range     [1e+00, 1e+00]
  RHS range        [1e+00, 1e+00]

Presolve removed 23111 rows and 305 columns
Presolve time: 1.00s
Presolved: 23097 rows, 45448 columns, 278196 nonzeros
Variable types: 0 continuous, 45448 integer (22948 binary)
Found heuristic solution: objective 8370.0000000
Deterministic concurrent LP optimizer: primal and dual simplex
Showing primal log only...

Concurrent spin time: 0.00s

Solved with primal simplex

Root relaxation: objective 9.763987e+01, 67314 iterations, 2.12 seconds (3.91 work units)

    Nodes    |    Current Node    |     Objective Bounds      |     Work
 Expl Unexpl |  Obj  Depth IntInf | Incumbent    BestBd   Gap | It/Node Time

     0     0   97.63987    0  409 8370.00000   97.63987  98.8%     -    3s
     0     0  491.78110    0  443 8370.00000  491.78110  94.1%     -    7s
H    0     0                    7523.0000000  491.78110  93.5%     -   14s
H    0     0                    2716.0000000  491.78110  81.9%     -   15s
H    0     0                    1666.0000000  491.78110  70.5%     -   15s
H    0     0                    1477.0000000  491.78110  66.7%     -   15s
H    0     0                    1288.0000000  491.78110  61.8%     -   15s
H    0     0                    1286.0000000  491.78110  61.8%     -   16s
     0     0  650.50104    0  539 1286.00000  650.50104  49.4%     -   21s
     0     0  668.92024    0  516 1286.00000  668.92024  48.0%     -   31s
H    0     0                    1236.0000000  668.92024  45.9%     -   32s
H    0     0                    1159.0000000  668.92024  42.3%     -   32s
H    0     0                    1157.0000000  668.92024  42.2%     -   34s
H    0     0                    1139.0000000  668.92024  41.3%     -   35s
H    0     0                    1133.0000000  668.92024  41.0%     -   36s
H    0     0                    1129.0000000  668.92024  40.8%     -   38s
H    0     0                    1125.0000000  668.92024  40.5%     -   42s
H    0     0                    1118.0000000  668.92024  40.2%     -   42s
H    0     0                    1100.0000000  668.92024  39.2%     -   42s
H    0     0                    1089.0000000  668.92024  38.6%     -   42s
H    0     0                    1074.0000000  668.92024  37.7%     -   42s
H    0     0                    1022.0000000  668.92024  34.5%     -   42s
H    0     0                    1014.0000000  668.92024  34.0%     -   42s
H    0     0                    1007.0000000  668.92024  33.6%     -   42s
H    0     0                    1000.0000000  668.92024  33.1%     -   42s
H    0     0                     986.0000000  668.92024  32.2%     -   42s
H    0     0                     984.0000000  668.92024  32.0%     -   42s
H    0     0                     983.0000000  668.92024  32.0%     -   42s
H    0     0                     956.0000000  668.92024  30.0%     -   42s
     0     0  714.28215    0  564  956.00000  714.28215  25.3%     -   46s
H    0     0                     953.0000000  714.32461  25.0%     -   49s
H    0     0                     950.0000000  714.32461  24.8%     -   50s
H    0     0                     946.0000000  714.32461  24.5%     -   57s
H    0     0                     930.0000000  714.32461  23.2%     -   59s
H    0     0                     922.0000000  714.32461  22.5%     -   61s
     0     0  714.81110    0  560  922.00000  714.81110  22.5%     -   66s
     0     0  714.81179    0  561  922.00000  714.81179  22.5%     -   67s
     0     0  744.82392    0  596  922.00000  744.82392  19.2%     -   75s
     0     0  746.00917    0  578  922.00000  746.00917  19.1%     -   79s
     0     0  746.01032    0  591  922.00000  746.01032  19.1%     -   80s
H    0     0                     908.0000000  769.02360  15.3%     -   94s
     0     0  769.02360    0  596  908.00000  769.02360  15.3%     -   94s
     0     0  778.35431    0  652  908.00000  778.35431  14.3%     -  100s
     0     0  779.58040    0  629  908.00000  779.58040  14.1%     -  103s
     0     0  780.23713    0  677  908.00000  780.23713  14.1%     -  105s
     0     0  780.26790    0  658  908.00000  780.26790  14.1%     -  106s
     0     0  789.57809    0  638  908.00000  789.57809  13.0%     -  115s
     0     0  793.71932    0  622  908.00000  793.71932  12.6%     -  118s
     0     0  795.16424    0  683  908.00000  795.16424  12.4%     -  122s
     0     0  795.33466    0  694  908.00000  795.33466  12.4%     -  123s
     0     0  795.34052    0  708  908.00000  795.34052  12.4%     -  124s
     0     0  800.27770    0  712  908.00000  800.27770  11.9%     -  130s
     0     0  800.74223    0  720  908.00000  800.74223  11.8%     -  132s
     0     0  800.86289    0  731  908.00000  800.86289  11.8%     -  133s
     0     0  802.59183    0  739  908.00000  802.59183  11.6%     -  138s
     0     0  802.78209    0  773  908.00000  802.78209  11.6%     -  142s
     0     0  802.84770    0  781  908.00000  802.84770  11.6%     -  143s
     0     0  804.50114    0  747  908.00000  804.50114  11.4%     -  147s
     0     0  804.73459    0  787  908.00000  804.73459  11.4%     -  150s
     0     0  804.75450    0  803  908.00000  804.75450  11.4%     -  152s
     0     0  806.30470    0  759  908.00000  806.30470  11.2%     -  155s
     0     0  806.53126    0  782  908.00000  806.53126  11.2%     -  157s
     0     0  806.54112    0  791  908.00000  806.54112  11.2%     -  158s
     0     0  806.94854    0  766  908.00000  806.94854  11.1%     -  160s
     0     0  806.99412    0  798  908.00000  806.99412  11.1%     -  161s
     0     0  807.54648    0  731  908.00000  807.54648  11.1%     -  163s
     0     0  807.55169    0  731  908.00000  807.55169  11.1%     -  164s
     0     0  807.55169    0  697  908.00000  807.55169  11.1%     -  167s
H    0     0                     905.0000000  807.55169  10.8%     -  176s
H    0     0                     901.0000000  807.55169  10.4%     -  177s
     0     2  807.55169    0  682  901.00000  807.55169  10.4%     -  184s
     1     4  807.61405    1  660  901.00000  807.55169  10.4%  3172  191s
     3     8  807.97360    2  715  901.00000  807.66422  10.4%  8241  197s
     7    12  808.25437    3  718  901.00000  808.00560  10.3%  9877  201s
    11    16  808.43144    4  732  901.00000  808.00560  10.3% 10595  205s
H   12    16                     900.0000000  808.00560  10.2%  9712  205s
H   13    16                     889.0000000  808.00560  9.11% 10901  205s
H   15    20                     888.0000000  808.00560  9.01% 11816  208s
    19    40  809.11528    6  709  888.00000  808.00560  9.01% 14612  211s
H   34    40                     887.0000000  808.00560  8.91% 11239  211s
H   41    44                     883.0000000  808.00560  8.49% 10781  213s
H   43    48                     881.0000000  808.00560  8.29% 10721  215s
    58    62  810.07607   14  708  881.00000  808.00560  8.29% 10709  223s
H   61    66                     877.0000000  808.00560  7.87% 10407  228s
H   65    73                     876.0000000  808.00560  7.76% 10616  230s
    76    80  810.61306   19  691  876.00000  808.00560  7.76% 11087  237s
    83    88  810.99555   21  698  876.00000  808.00560  7.76% 11560  241s
H   84    88                     875.0000000  808.00560  7.66% 11422  241s
   103   116  811.40014   26  686  875.00000  808.00560  7.66% 11180  247s
   128   144  812.41535   29  637  875.00000  808.00560  7.66% 10905  251s
   158   163  813.55929   34  656  875.00000  808.00560  7.66% 10442  255s
   170   175  816.59838   36  629  875.00000  808.00560  7.66% 10557  261s
   183   193  814.89653   38  670  875.00000  808.00560  7.66% 10343  265s
   200   210  815.64096   40  624  875.00000  808.00560  7.66% 10520  271s
   220   238  819.44191   44  616  875.00000  808.00560  7.66% 10445  275s
   255   277  818.75665   52  626  875.00000  808.00560  7.66%  9822  280s
   312   339  821.21828   68  525  875.00000  808.00560  7.66%  8904  287s
   338   375  825.11295   77  454  875.00000  808.00560  7.66%  8849  290s
   418   461  824.89796   92  511  875.00000  808.00560  7.66%  7910  296s
   502   549  829.29372   97  507  875.00000  808.00560  7.66%  7276  302s
   548   554  831.53944  102  526  875.00000  808.00560  7.66%  6982  305s
   592   653  831.61633  104  508  875.00000  808.00560  7.66%  6681  312s
   652   708  833.48486  115  535  875.00000  808.00560  7.66%  6339  315s
   753   787  835.35005  129  537  875.00000  808.00560  7.66%  5872  323s
   812   854  837.33668  140  509  875.00000  808.00560  7.66%  5780  327s
   879   869  838.96244  156  546  875.00000  808.00560  7.66%  5617  330s
   894   876  839.98091  159  547  875.00000  808.00560  7.66%  5665  335s
   907   891  840.32114  161  514  875.00000  808.00560  7.66%  5719  343s
   916   899  840.32245  162  529  875.00000  808.00560  7.66%  5779  347s
   924   906  841.36586  163  544  875.00000  808.00560  7.66%  5805  351s
H  931   915                     874.0000000  808.00560  7.55%  5874  355s
   940   989  841.51942  164  542  874.00000  808.00560  7.55%  5908  360s
H 1014  1009                     873.0000000  808.00560  7.44%  5662  366s
  1048  1036  843.43898  188  539  873.00000  808.00560  7.44%  5571  372s
  1075  1087  844.52265  197  509  873.00000  808.00560  7.44%  5656  377s
  1126  1141  846.09420  223  500  873.00000  808.00560  7.44%  5697  383s
  1180  1203  854.20564  246  504  873.00000  808.00560  7.44%  5685  389s
  1244  1210  859.26118  279  425  873.00000  808.00560  7.44%  5595  394s
  1251  1269  859.26540  280  442  873.00000  808.00560  7.44%  5592  400s
  1312  1322  867.31669  318  397  873.00000  808.00560  7.44%  5480  406s
  1379  1418  815.23693   11  588  873.00000  808.00560  7.44%  5435  413s
  1475  1503  819.94007   17  503  873.00000  808.00560  7.44%  5409  420s
  1576  1549  826.08366   28  385  873.00000  808.00560  7.44%  5416  426s
  1623  1550  842.44214   94  539  873.00000  808.00560  7.44%  5596  441s
  1625  1551  836.26997   80  516  873.00000  808.00560  7.44%  5589  454s
  1626  1552  838.07880   61  559  873.00000  808.00560  7.44%  5586  473s
  1627  1553  847.28088  151  565  873.00000  808.00560  7.44%  5582  482s
  1628  1553  860.35394  179  614  873.00000  808.00560  7.44%  5579  490s
  1629  1554  852.23448  111  601  873.00000  808.00560  7.44%  5575  498s
  1630  1555  866.17319  232  668  873.00000  808.00560  7.44%  5572  504s
  1631  1555  835.00566   62  689  873.00000  808.00560  7.44%  5569  510s
  1633  1557  838.07880   61  734  873.00000  808.43124  7.40%  5562  517s
  1635  1558  820.02229   18  682  873.00000  813.63085  6.80%  5555  526s
  1637  1559  862.69519  311  664  873.00000  814.92057  6.65%  5548  532s
  1639  1561  868.08394  245  654  873.00000  815.61511  6.57%  5541  536s
  1641  1562  820.79969   34  618  873.00000  819.57150  6.12%  5535  544s
  1642  1563  834.24965   47  683  873.00000  820.27893  6.04%  5531  549s
  1643  1563  850.62220  183  739  873.00000  820.50292  6.01%  5528  550s
  1645  1565  847.65651   62  763  873.00000  822.12913  5.83%  5521  556s
  1648  1567  854.73126  228  767  873.00000  823.65897  5.65%  5511  563s
  1649  1567  851.98082  179  797  873.00000  823.69179  5.65%  5508  565s
  1650  1568  854.25614  222  792  873.00000  824.85464  5.51%  5505  571s
  1651  1569  844.32340  192  779  873.00000  824.89193  5.51%  5501  586s
  1652  1569  827.94740   23  779  873.00000  824.89193  5.51%  5498  614s
  1653  1572  825.79847   15  598  873.00000  824.89193  5.51%  5694  627s
  1654  1575  827.19239   16  579  873.00000  824.89193  5.51%  5696  635s
  1657  1578  828.99426   17  578  873.00000  825.24052  5.47%  5699  646s
H 1658  1498                     866.0000000  825.24052  4.71%  5696  646s
H 1661  1427                     862.0000000  825.56235  4.23%  5704  654s
  1666  1434  830.14975   19  566  862.00000  825.56235  4.23%  5782  664s
  1675  1432  837.18866   84  539  862.00000  825.56235  4.23%  5794  689s
  1677  1433  826.14857   44  516  862.00000  825.56235  4.23%  5787  697s
  1678  1434  854.91154  229  554  862.00000  825.56235  4.23%  5783  711s
  1679  1435  825.56356   26  573  862.00000  825.56235  4.23%  5780  716s
  1680  1435  845.88061  214  554  862.00000  825.56235  4.23%  5776  721s
  1681  1436  852.68194  257  531  862.00000  825.56235  4.23%  5773  725s
  1683  1437  834.42237   48  649  862.00000  825.56235  4.23%  5766  733s
  1684  1438  836.31391   87  671  862.00000  825.56235  4.23%  5763  737s
  1685  1439  833.42557   52  715  862.00000  825.56235  4.23%  5759  740s
  1687  1440  836.86694   88  754  862.00000  825.56235  4.23%  5752  745s
  1690  1442  857.09817  229  732  862.00000  827.13295  4.04%  5742  751s
  1694  1445  854.73126  228  672  862.00000  827.77992  3.97%  5729  755s
  1697  1447  828.31916   15  701  862.00000  828.31916  3.91%  5719  760s
  1698  1447  840.88668   72  640  862.00000  828.31916  3.91%  5715  768s
  1699  1448  854.18585  146  640  862.00000  828.31916  3.91%  5712  785s
  1700  1451  828.81804   24  636  862.00000  828.31916  3.91%  5845  790s
  1704  1456  830.56368   26  645  862.00000  828.65508  3.87%  5842  797s
  1708  1461  831.15837   27  648  862.00000  829.24719  3.80%  5856  801s
  1714  1463  839.27926   28  587  862.00000  829.24719  3.80%  5898  805s
  1729  1475  835.22910   30  612  862.00000  829.24719  3.80%  6015  813s
  1735  1484  832.97240   31  620  862.00000  829.24719  3.80%  6029  816s
  1755  1490  832.89791   33  615  862.00000  829.24719  3.80%  6061  820s
  1764  1500  839.00485   34  581  862.00000  829.24719  3.80%  6054  826s
  1772  1505  833.40109   35  579  862.00000  829.24719  3.80%  6041  830s
  1795  1521  835.32905   36  581  862.00000  829.24719  3.80%  6010  836s
  1812  1533  837.26946   37  536  862.00000  829.24719  3.80%  5989  842s
  1826  1539  834.66353   38  475  862.00000  829.24719  3.80%  5965  846s
  1832  1547  835.35500   39  484  862.00000  829.24719  3.80%  5963  850s
  1853  1565  836.13589   40  486  862.00000  829.24719  3.80%  5935  857s
  1869  1577  836.38524   41  475  862.00000  829.24719  3.80%  5904  860s
  1933  1613  846.35344   44  415  862.00000  829.24719  3.80%  5770  866s
  1989  1634  839.76222   47  413  862.00000  829.62993  3.76%  5645  872s
  2024  1645  839.97722   49  420  862.00000  829.62993  3.76%  5567  876s
  2094  1636  840.72840   54  424  862.00000  829.78420  3.74%  5420  884s
  2102  1645  841.29431   56  444  862.00000  830.57458  3.65%  5414  887s
  2114  1657  842.05309   59  421  862.00000  830.57458  3.65%  5401  890s
  2152  1679  842.91256   65  440  862.00000  830.57458  3.65%  5349  898s
  2171  1699  844.36316   68  436  862.00000  830.57458  3.65%  5324  901s
  2200  1710  852.30303   72  441  862.00000  830.57458  3.65%  5277  905s
  2257  1756  853.76713   85  389  862.00000  830.57458  3.65%  5196  913s
  2314  1767  858.33807  104  323  862.00000  830.59567  3.64%  5096  919s
  2374  1778  841.28354   28  603  862.00000  831.37803  3.55%  5000  923s
  2409  1809  845.40651   28  591  862.00000  831.37803  3.55%  4958  927s
  2476  1809  844.34201   37  536  862.00000  831.37803  3.55%  4853  932s
  2530  1817  848.17253   42  490  862.00000  831.37803  3.55%  4778  938s
  2574  1818  852.88316   55  479  862.00000  831.37803  3.55%  4725  943s
  2609  1820  842.21157   29  536  862.00000  831.37803  3.55%  4690  948s
  2622  1837  840.54034   31  557  862.00000  831.37803  3.55%  4695  953s
  2644  1872  842.15495   35  542  862.00000  831.37803  3.55%  4685  958s
  2704  1897  848.52501   37  523  862.00000  831.37803  3.55%  4613  964s
  2779  1922  851.20790   45  417  862.00000  832.30207  3.45%  4523  971s
  2837  1929  854.55766   55  425  862.00000  832.30207  3.45%  4458  979s
  2896  1923  841.34930   33  578  862.00000  832.33647  3.44%  4398  989s
  2910  1938  845.38764   35  556  862.00000  832.33647  3.44%  4398  999s
  2930  1950  848.56072   41  554  862.00000  832.33647  3.44%  4395 1006s
  2948  1985  852.29315   46  479  862.00000  832.33647  3.44%  4391 1014s
  2993  2014  853.86624   59  435  862.00000  832.34919  3.44%  4359 1021s
  3070  2038  835.10355   35  462  862.00000  832.34919  3.44%  4276 1031s
  3154  2038  839.58103   41  453  862.00000  832.38309  3.44%  4204 1039s
  3203  2049  841.69270   49  469  862.00000  832.38309  3.44%  4166 1047s
  3244  2040  849.26950   66  399  862.00000  832.58975  3.41%  4145 1055s
  3249  2044  849.97630   68  430  862.00000  832.58975  3.41%  4142 1063s
  3255  2072  850.40574   69  290  862.00000  832.58975  3.41%  4142 1071s
  3309  2071  850.53483   70  444  862.00000  832.58975  3.41%  4085 1079s
  3336  2089  857.77251   85  379  862.00000  832.62159  3.41%  4068 1091s
  3394  2090  838.10882   37  568  862.00000  832.62159  3.41%  4022 1100s
  3421  2113     cutoff   38       862.00000  832.62159  3.41%  4025 1110s
  3459  2152  852.02473   42  378  862.00000  832.62159  3.41%  4011 1120s
  3559  2192  853.90412   34  540  862.00000  832.73339  3.40%  3949 1132s
  3694  2212  844.26079   41  541  862.00000  832.73339  3.40%  3847 1143s
  3819  2220  855.19397   75  489  862.00000  832.73339  3.40%  3773 1157s
  3906  2231  843.51811   39  551  862.00000  832.97817  3.37%  3729 1169s
  3963  2256  853.13298   55  424  862.00000  833.06406  3.36%  3721 1183s
  4019  2297  837.72028   33  513  862.00000  833.06406  3.36%  3714 1195s
  4112  2345  842.25158   47  310  862.00000  833.06406  3.36%  3680 1209s
  4230  2367  849.43359   78  332  862.00000  833.25952  3.33%  3623 1223s
  4327  2405  849.42984   37  559  862.00000  833.25952  3.33%  3593 1238s
  4472  2419  843.14193   35  548  862.00000  833.60040  3.29%  3530 1253s
  4584  2505  848.99119   46  502  862.00000  833.63103  3.29%  3488 1268s
  4801  2568  844.60602   56  263  862.00000  833.96761  3.25%  3383 1285s
  5014  2576  848.04965   39  418  862.00000  833.97511  3.25%  3295 1301s
  5208  2622  848.28389   38  374  862.00000  833.97511  3.25%  3220 1318s
  5489  2605  850.61424   45  509  862.00000  834.17731  3.23%  3109 1336s
  5625  2634  835.40293   40  604  862.00000  834.19795  3.23%  3075 1355s
  5761  2679  845.17006   47  456  862.00000  834.25206  3.22%  3052 1374s
  5896  2758  836.88740   42  535  862.00000  834.25206  3.22%  3028 1395s
  6119  2822  853.33019   67  323  862.00000  834.37775  3.20%  2956 1415s
  6299  2978  836.84816   35  508  862.00000  834.49616  3.19%  2923 1438s
  6677  3172  838.35335   35  446  862.00000  834.84821  3.15%  2809 1463s
* 6911  1322              37     847.0000000  834.86013  1.43%  2757 1463s
* 6918   963              40     844.0000000  834.86013  1.08%  2754 1463s
  7050   985     cutoff   37       844.00000  834.89668  1.08%  2719 1487s
  8043   986  842.09826   45  539  844.00000  835.65357  0.99%  2456 1496s
  8047   989  837.10604   43  632  844.00000  835.65357  0.99%  2455 1500s
H 8047   939                     843.0000000  835.65357  0.87%  2455 1501s
  8054   943  839.38053   43  687  843.00000  835.65357  0.87%  2453 1505s
  8065   952  842.02221   43  517  843.00000  835.65357  0.87%  2461 1510s
  8072   957  838.91162   45  648  843.00000  835.65357  0.87%  2459 1515s
  8088   969  841.18390   44  518  843.00000  835.65357  0.87%  2463 1520s
  8100   977  836.93332   41  706  843.00000  835.65357  0.87%  2459 1525s
  8109   983  839.79358   44  710  843.00000  836.17680  0.81%  2456 1530s
  8124   994  842.61251   43  711  843.00000  836.52344  0.77%  2460 1535s
  8136  1004  837.04169   39  501  843.00000  837.04169  0.71%  2464 1540s
  8151  1014  839.58103   42  749  843.00000  837.49803  0.65%  2459 1545s
  8252  1045  839.96148   96  471  843.00000  837.76148  0.62%  2446 1550s
  8524  1026     cutoff   97       843.00000  838.62164  0.52%  2384 1555s
  8906   888     cutoff   96       843.00000  839.96357  0.36%  2301 1560s

Cutting planes:
  Gomory: 7
  Cover: 80
  Implied bound: 193
  Projected implied bound: 9
  Clique: 10
  MIR: 45
  StrongCG: 2
  Flow cover: 380
  GUB cover: 7
  Zero half: 98
  Network: 3
  RLT: 14
  Relax-and-lift: 66
  BQP: 2

Explored 9167 nodes (21120212 simplex iterations) in 1563.91 seconds (5304.37 work units)
Thread count was 4 (of 32 available processors)

Solution count 10: 843 844 847 ... 877

Optimal solution found (tolerance 1.00e-04)
Best objective 8.430000000000e+02, best bound 8.430000000000e+02, gap 0.0000%

Wrote result file './sol/E150_1000.3_R50.sol'

