
Gurobi 13.0.2 (mac64[arm], gurobi_cl) logging started Wed Jul  1 17:17:38 2026

Set parameter TokenServer to value "10.8.80.200"
Set parameter TimeLimit to value 43200
Set parameter LogFile to value "./log/E150_1000.7_R0.log"
Set parameter Threads to value 4
Using license file /Library/gurobi1302/gurobi.lic

Gurobi Optimizer version 13.0.2 build v13.0.2rc1 (mac64[arm] - Darwin 24.6.0 24G517)
Copyright (c) 2026, Gurobi Optimization, LLC

Read LP format model from file ./lp/E150_1000.7_R0.lp
Reading time = 0.07 seconds
root: 46208 rows, 45753 columns, 205366 nonzeros

Using Gurobi shared library /Library/gurobi1302/macos_universal2/lib/libgurobi130.dylib

CPU model: Apple M3 Ultra
Thread count: 32 physical cores, 32 logical processors, using up to 4 threads

Non-default parameters:
TimeLimit  43200
Threads  4

Optimize a model with 46208 rows, 45753 columns and 205366 nonzeros (Min)
Model fingerprint: 0xb46421ad
Model has 22650 linear objective coefficients
Variable types: 0 continuous, 45753 integer (0 binary)
Coefficient statistics:
  Matrix range     [1e+00, 2e+02]
  Objective range  [1e+00, 2e+02]
  Bounds range     [1e+00, 1e+00]
  RHS range        [1e+00, 1e+00]

Presolve removed 23252 rows and 451 columns
Presolve time: 0.21s
Presolved: 22956 rows, 45302 columns, 135619 nonzeros
Variable types: 0 continuous, 45302 integer (22802 binary)
Found heuristic solution: objective 10557.000000
Found heuristic solution: objective 9969.0000000
Deterministic concurrent LP optimizer: primal and dual simplex
Showing primal log only...

Concurrent spin time: 0.00s

Solved with primal simplex

Root relaxation: objective 1.474800e+02, 12518 iterations, 0.07 seconds (0.12 work units)

    Nodes    |    Current Node    |     Objective Bounds      |     Work
 Expl Unexpl |  Obj  Depth IntInf | Incumbent    BestBd   Gap | It/Node Time

     0     0  147.48000    0  448 9969.00000  147.48000  98.5%     -    0s
     0     0  979.68667    0  338 9969.00000  979.68667  90.2%     -    1s
H    0     0                    2036.0000000  979.68667  51.9%     -    1s
H    0     0                    1878.0000000  979.68667  47.8%     -    1s
H    0     0                    1676.0000000  979.68667  41.5%     -    1s
H    0     0                    1632.0000000  979.68667  40.0%     -    2s
H    0     0                    1570.0000000  979.68667  37.6%     -    2s
H    0     0                    1568.0000000  979.68667  37.5%     -    2s
H    0     0                    1461.0000000  979.68667  32.9%     -    2s
H    0     0                    1430.0000000  979.68667  31.5%     -    4s
H    0     0                    1421.0000000  979.68667  31.1%     -    4s
     0     0  979.68667    0  338 1421.00000  979.68667  31.1%     -    4s
     0     0  979.68667    0  314 1421.00000  979.68667  31.1%     -    6s
H    0     0                    1416.0000000  979.68667  30.8%     -    7s
H    0     0                    1415.0000000  979.68667  30.8%     -    7s
H    0     0                    1388.0000000  979.68667  29.4%     -    7s
H    0     0                    1377.0000000  979.68667  28.9%     -    7s
H    0     0                    1352.0000000  979.68667  27.5%     -    7s
H    0     0                    1351.0000000  979.68667  27.5%     -    7s
H    0     0                    1348.0000000  979.68667  27.3%     -    7s
H    0     0                    1345.0000000  979.68667  27.2%     -    7s
H    0     0                    1344.0000000  979.68667  27.1%     -    7s
H    0     0                    1329.0000000 1072.71988  19.3%     -    9s
H    0     0                    1300.0000000 1072.71988  17.5%     -    9s
H    0     0                    1282.0000000 1072.71988  16.3%     -    9s
H    0     0                    1277.0000000 1072.71988  16.0%     -    9s
H    0     0                    1271.0000000 1072.71988  15.6%     -    9s
H    0     0                    1263.0000000 1072.71988  15.1%     -    9s
H    0     0                    1257.0000000 1072.71988  14.7%     -    9s
H    0     0                    1256.0000000 1072.71988  14.6%     -    9s
     0     0 1072.71988    0  522 1256.00000 1072.71988  14.6%     -    9s
H    0     0                    1255.0000000 1072.73664  14.5%     -    9s
H    0     0                    1251.0000000 1072.73664  14.2%     -    9s
H    0     0                    1247.0000000 1072.73664  14.0%     -    9s
H    0     0                    1240.0000000 1072.73664  13.5%     -    9s
H    0     0                    1239.0000000 1072.73664  13.4%     -   10s
H    0     0                    1236.0000000 1072.73664  13.2%     -   10s
H    0     0                    1218.0000000 1072.73664  11.9%     -   10s
     0     0 1099.87359    0  534 1218.00000 1099.87359  9.70%     -   13s
     0     0 1099.87774    0  552 1218.00000 1099.87774  9.70%     -   14s
     0     0 1135.51355    0  650 1218.00000 1135.51355  6.77%     -   15s
     0     0 1137.76995    0  636 1218.00000 1137.76995  6.59%     -   16s
     0     0 1137.88287    0  635 1218.00000 1137.88287  6.58%     -   17s
     0     0 1137.88287    0  641 1218.00000 1137.88287  6.58%     -   17s
     0     0 1141.63077    0  637 1218.00000 1141.63077  6.27%     -   18s
     0     0 1141.63077    0  304 1218.00000 1141.63077  6.27%     -   25s
H    0     0                    1214.0000000 1141.63077  5.96%     -   29s
H    0     0                    1213.0000000 1141.63077  5.88%     -   29s
     0     0 1141.63077    0  554 1213.00000 1141.63077  5.88%     -   29s
H    0     0                    1211.0000000 1141.63077  5.73%     -   33s
H    0     0                    1208.0000000 1141.63077  5.49%     -   33s
H    0     0                    1205.0000000 1141.63077  5.26%     -   33s
     0     0 1141.63077    0  605 1205.00000 1141.63077  5.26%     -   33s
     0     0 1141.66566    0  634 1205.00000 1141.66566  5.26%     -   34s
     0     0 1141.66566    0  651 1205.00000 1141.66566  5.26%     -   34s
     0     0 1151.85095    0  615 1205.00000 1151.85095  4.41%     -   35s
     0     0 1151.94185    0  668 1205.00000 1151.94185  4.40%     -   35s
     0     0 1151.94185    0  667 1205.00000 1151.94185  4.40%     -   35s
     0     0 1153.16224    0  598 1205.00000 1153.16224  4.30%     -   38s
     0     0 1153.16224    0  303 1205.00000 1153.16224  4.30%     -   40s
H    0     0                    1188.0000000 1153.16224  2.93%     -   42s
     0     0 1153.16224    0  518 1188.00000 1153.16224  2.93%     -   42s
     0     0 1153.16428    0  523 1188.00000 1153.16428  2.93%     -   43s
H    0     0                    1187.0000000 1153.17423  2.85%     -   43s
     0     0 1153.17423    0  575 1187.00000 1153.17423  2.85%     -   43s
     0     0 1153.98341    0  651 1187.00000 1153.98341  2.78%     -   43s
     0     0 1153.98341    0  311 1187.00000 1153.98341  2.78%     -   44s
H    0     0                    1185.0000000 1153.98341  2.62%     -   44s
     0     0 1153.98341    0  589 1185.00000 1153.98341  2.62%     -   44s
     0     0 1153.98341    0  553 1185.00000 1153.98341  2.62%     -   45s
H    0     0                    1184.0000000 1153.98341  2.54%     -   45s
     0     0 1153.98341    0  590 1184.00000 1153.98341  2.54%     -   45s
     0     0 1153.98342    0  628 1184.00000 1153.98342  2.54%     -   45s
     0     0 1156.57635    0  640 1184.00000 1156.57635  2.32%     -   46s
     0     0 1156.57638    0  652 1184.00000 1156.57638  2.32%     -   46s
     0     0 1160.34277    0  616 1184.00000 1160.34277  2.00%     -   46s
     0     0 1162.46277    0  615 1184.00000 1162.46277  1.82%     -   46s
     0     0 1162.49691    0  615 1184.00000 1162.49691  1.82%     -   46s
     0     0 1162.92227    0  623 1184.00000 1162.92227  1.78%     -   47s
     0     0 1162.92227    0  311 1184.00000 1162.92227  1.78%     -   47s
     0     0 1162.92227    0  613 1184.00000 1162.92227  1.78%     -   47s
     0     0 1162.92227    0  562 1184.00000 1162.92227  1.78%     -   47s
     0     0 1162.96216    0  559 1184.00000 1162.96216  1.78%     -   47s
     0     0 1162.96257    0  574 1184.00000 1162.96257  1.78%     -   48s
     0     0 1163.28217    0  579 1184.00000 1163.28217  1.75%     -   48s
     0     0 1163.28712    0  649 1184.00000 1163.28712  1.75%     -   48s
     0     0 1164.06952    0  603 1184.00000 1164.06952  1.68%     -   48s
     0     0 1164.07542    0  634 1184.00000 1164.07542  1.68%     -   48s
     0     0 1164.12178    0  651 1184.00000 1164.12178  1.68%     -   48s
     0     0 1164.12178    0  651 1184.00000 1164.12178  1.68%     -   48s
     0     0 1164.12178    0  651 1184.00000 1164.12178  1.68%     -   48s
     0     0 1164.12178    0  516 1184.00000 1164.12178  1.68%     -   48s
     0     0 1164.12183    0  311 1184.00000 1164.12183  1.68%     -   49s
     0     0 1164.12183    0  594 1184.00000 1164.12183  1.68%     -   49s
     0     0 1164.12183    0  569 1184.00000 1164.12183  1.68%     -   49s
     0     0 1164.12183    0  585 1184.00000 1164.12183  1.68%     -   49s
     0     0 1164.12435    0  607 1184.00000 1164.12435  1.68%     -   49s
     0     0 1164.12435    0  592 1184.00000 1164.12435  1.68%     -   49s
     0     0 1164.12439    0  670 1184.00000 1164.12439  1.68%     -   49s
     0     0 1164.12440    0  667 1184.00000 1164.12440  1.68%     -   49s
     0     0 1164.16172    0  638 1184.00000 1164.16172  1.68%     -   50s
     0     0 1164.16172    0  638 1184.00000 1164.16172  1.68%     -   50s
     0     0 1164.16172    0  638 1184.00000 1164.16172  1.68%     -   50s
     0     0 1164.16172    0  585 1184.00000 1164.16172  1.68%     -   50s
     0     2 1164.16467    0  544 1184.00000 1164.16467  1.68%     -   50s
H  314   352                    1181.0000000 1164.16467  1.43%   253   52s
  1191  1009 1176.16172  108  709 1181.00000 1164.86363  1.37%   151   55s
H 1229   984                    1180.0000000 1167.30323  1.08%   171   58s
H 1259   965                    1175.0000000 1167.37081  0.65%   201   59s
  1269   971 1168.70617   31  285 1175.00000 1167.37081  0.65%   201   60s
H 1543   973                    1174.0000000 1168.21795  0.49%   189   60s
H 1580   933                    1173.0000000 1168.26936  0.40%   186   60s
* 3058   521              41    1172.0000000 1169.30323  0.23%   138   63s

Cutting planes:
  Gomory: 19
  Cover: 46
  Implied bound: 54
  Projected implied bound: 4
  MIR: 44
  Mixing: 1
  Flow cover: 489
  Flow path: 91
  GUB cover: 3
  Inf proof: 5
  Zero half: 22
  Network: 18
  RLT: 1
  Relax-and-lift: 16

Explored 3819 nodes (908585 simplex iterations) in 64.35 seconds (145.52 work units)
Thread count was 4 (of 32 available processors)

Solution count 10: 1172 1173 1174 ... 1188

Optimal solution found (tolerance 1.00e-04)
Best objective 1.172000000000e+03, best bound 1.172000000000e+03, gap 0.0000%

Wrote result file './sol/E150_1000.7_R0.sol'

