
Gurobi 13.0.2 (mac64[arm], gurobi_cl) logging started Mon Sep  7 19:32:39 2026

Set parameter TokenServer to value "10.8.80.200"
Set parameter TimeLimit to value 43200
Set parameter LogFile to value "/Users/takafumi/Dropbox/2_Study/cspns_gurobi/log_recomputed_4threads/E150_1000.6_R50.log"
Set parameter Threads to value 4
Using license file /Library/gurobi1302/gurobi.lic

Gurobi Optimizer version 13.0.2 build v13.0.2rc1 (mac64[arm] - Darwin 24.6.0 24G517)
Copyright (c) 2026, Gurobi Optimization, LLC

Read LP format model from file /Users/takafumi/Dropbox/2_Study/cspns_gurobi/lp/E150_1000.6_R50.lp
Reading time = 0.11 seconds
root: 46208 rows, 45753 columns, 406504 nonzeros

Using Gurobi shared library /Library/gurobi1302/macos_universal2/lib/libgurobi130.dylib

CPU model: Apple M3 Ultra
Thread count: 32 physical cores, 32 logical processors, using up to 4 threads

Non-default parameters:
TimeLimit  43200
Threads  4

Optimize a model with 46208 rows, 45753 columns and 406504 nonzeros (Min)
Model fingerprint: 0x90c84b95
Model has 22650 linear objective coefficients
Variable types: 0 continuous, 45753 integer (0 binary)
Coefficient statistics:
  Matrix range     [1e+00, 2e+02]
  Objective range  [1e+00, 2e+02]
  Bounds range     [1e+00, 1e+00]
  RHS range        [1e+00, 1e+00]

Presolve removed 23119 rows and 305 columns
Presolve time: 1.08s
Presolved: 23089 rows, 45448 columns, 279880 nonzeros
Variable types: 0 continuous, 45448 integer (22948 binary)
Found heuristic solution: objective 6946.0000000
Deterministic concurrent LP optimizer: primal and dual simplex
Showing primal log only...

Concurrent spin time: 0.00s

Solved with primal simplex

Root relaxation: objective 9.683151e+01, 68512 iterations, 1.92 seconds (4.21 work units)

    Nodes    |    Current Node    |     Objective Bounds      |     Work
 Expl Unexpl |  Obj  Depth IntInf | Incumbent    BestBd   Gap | It/Node Time

     0     0   96.83151    0  445 6946.00000   96.83151  98.6%     -    3s
     0     0  521.06900    0  429 6946.00000  521.06900  92.5%     -    7s
H    0     0                    3115.0000000  521.06900  83.3%     -    7s
H    0     0                    2985.0000000  521.06900  82.5%     -    7s
H    0     0                    2319.0000000  521.06900  77.5%     -    8s
H    0     0                    1905.0000000  521.06900  72.6%     -    8s
H    0     0                    1678.0000000  521.06900  68.9%     -    9s
H    0     0                    1563.0000000  521.06900  66.7%     -   10s
H    0     0                    1498.0000000  521.06900  65.2%     -   10s
H    0     0                    1483.0000000  521.06900  64.9%     -   10s
H    0     0                    1449.0000000  521.06900  64.0%     -   10s
H    0     0                    1429.0000000  521.06900  63.5%     -   11s
     0     0  645.58651    0  527 1429.00000  645.58651  54.8%     -   18s
     0     0  701.60276    0  522 1429.00000  701.60276  50.9%     -   28s
H    0     0                    1422.0000000  701.60276  50.7%     -   29s
H    0     0                    1401.0000000  701.60276  49.9%     -   35s
H    0     0                    1369.0000000  701.60276  48.8%     -   36s
H    0     0                    1354.0000000  701.60276  48.2%     -   37s
H    0     0                    1335.0000000  701.60276  47.4%     -   40s
H    0     0                    1281.0000000  701.60276  45.2%     -   40s
H    0     0                    1223.0000000  701.60276  42.6%     -   40s
H    0     0                    1218.0000000  701.60276  42.4%     -   40s
H    0     0                    1165.0000000  701.60276  39.8%     -   40s
H    0     0                    1137.0000000  701.60276  38.3%     -   40s
H    0     0                    1132.0000000  701.60276  38.0%     -   40s
H    0     0                    1125.0000000  701.60276  37.6%     -   40s
H    0     0                    1123.0000000  701.60276  37.5%     -   40s
H    0     0                    1117.0000000  701.60276  37.2%     -   40s
H    0     0                    1103.0000000  701.60276  36.4%     -   40s
H    0     0                    1072.0000000  701.60276  34.6%     -   40s
H    0     0                    1070.0000000  701.60276  34.4%     -   40s
H    0     0                    1066.0000000  701.60276  34.2%     -   40s
H    0     0                    1064.0000000  732.67668  31.1%     -   43s
H    0     0                    1058.0000000  732.67668  30.7%     -   43s
H    0     0                    1053.0000000  732.67668  30.4%     -   43s
     0     0  733.46519    0  560 1053.00000  733.46519  30.3%     -   43s
H    0     0                    1046.0000000  733.46519  29.9%     -   44s
H    0     0                    1044.0000000  733.46519  29.7%     -   45s
H    0     0                    1042.0000000  733.46519  29.6%     -   46s
H    0     0                    1041.0000000  733.46519  29.5%     -   46s
H    0     0                    1039.0000000  733.46519  29.4%     -   47s
H    0     0                    1027.0000000  733.46519  28.6%     -   48s
H    0     0                    1025.0000000  733.46519  28.4%     -   48s
H    0     0                    1013.0000000  733.46519  27.6%     -   50s
H    0     0                    1004.0000000  733.46519  26.9%     -   50s
H    0     0                    1000.0000000  733.46519  26.7%     -   51s
H    0     0                     994.0000000  733.46519  26.2%     -   52s
H    0     0                     993.0000000  733.46519  26.1%     -   55s
H    0     0                     985.0000000  733.46519  25.5%     -   59s
H    0     0                     981.0000000  733.46519  25.2%     -   59s
H    0     0                     980.0000000  733.46519  25.2%     -   62s
     0     0  739.28847    0  549  980.00000  739.28847  24.6%     -   65s
     0     0  739.34570    0  558  980.00000  739.34570  24.6%     -   65s
     0     0  739.40160    0  557  980.00000  739.40160  24.6%     -   65s
     0     0  741.38339    0  552  980.00000  741.38339  24.3%     -   65s
     0     0  741.38339    0  556  980.00000  741.38339  24.3%     -   65s
     0     0  763.59613    0  613  980.00000  763.59613  22.1%     -   69s
     0     0  767.36311    0  610  980.00000  767.36311  21.7%     -   73s
     0     0  767.36311    0  615  980.00000  767.36311  21.7%     -   73s
     0     0  786.38492    0  648  980.00000  786.38492  19.8%     -   83s
     0     0  795.74875    0  617  980.00000  795.74875  18.8%     -   92s
     0     0  797.18033    0  660  980.00000  797.18033  18.7%     -   96s
     0     0  797.77164    0  664  980.00000  797.77164  18.6%     -   97s
     0     0  797.95653    0  670  980.00000  797.95653  18.6%     -   98s
     0     0  798.34642    0  658  980.00000  798.34642  18.5%     -   99s
     0     0  798.61067    0  663  980.00000  798.61067  18.5%     -   99s
     0     0  798.63160    0  657  980.00000  798.63160  18.5%     -   99s
     0     0  813.65122    0  602  980.00000  813.65122  17.0%     -  107s
     0     0  815.98217    0  692  980.00000  815.98217  16.7%     -  114s
     0     0  816.53387    0  739  980.00000  816.53387  16.7%     -  117s
     0     0  816.77683    0  720  980.00000  816.77683  16.7%     -  120s
     0     0  816.79584    0  724  980.00000  816.79584  16.7%     -  121s
     0     0  818.43301    0  791  980.00000  818.43301  16.5%     -  127s
     0     0  819.02866    0  801  980.00000  819.02866  16.4%     -  130s
     0     0  819.06668    0  828  980.00000  819.06668  16.4%     -  130s
     0     0  821.26816    0  815  980.00000  821.26816  16.2%     -  136s
     0     0  821.53388    0  820  980.00000  821.53388  16.2%     -  140s
     0     0  821.54406    0  819  980.00000  821.54406  16.2%     -  142s
     0     0  822.18726    0  833  980.00000  822.18726  16.1%     -  146s
     0     0  822.35208    0  842  980.00000  822.35208  16.1%     -  147s
     0     0  822.37683    0  856  980.00000  822.37683  16.1%     -  149s
     0     0  822.84863    0  834  980.00000  822.84863  16.0%     -  153s
     0     0  822.87418    0  869  980.00000  822.87418  16.0%     -  155s
     0     0  823.85087    0  840  980.00000  823.85087  15.9%     -  157s
     0     0  824.05668    0  861  980.00000  824.05668  15.9%     -  159s
H    0     0                     975.0000000  824.10718  15.5%     -  161s
H    0     0                     968.0000000  824.10718  14.9%     -  161s
H    0     0                     967.0000000  824.10718  14.8%     -  161s
     0     0  824.10718    0  861  967.00000  824.10718  14.8%     -  161s
H    0     0                     966.0000000  825.72739  14.5%     -  164s
H    0     0                     960.0000000  825.72739  14.0%     -  164s
H    0     0                     959.0000000  825.72739  13.9%     -  164s
H    0     0                     954.0000000  825.72739  13.4%     -  164s
H    0     0                     949.0000000  825.72739  13.0%     -  164s
     0     0  825.72739    0  856  949.00000  825.72739  13.0%     -  164s
     0     0  825.75483    0  880  949.00000  825.75483  13.0%     -  166s
     0     0  826.41122    0  877  949.00000  826.41122  12.9%     -  167s
     0     0  827.03285    0  860  949.00000  827.03285  12.9%     -  169s
     0     0  827.06541    0  884  949.00000  827.06541  12.8%     -  169s
     0     0  827.14530    0  864  949.00000  827.14530  12.8%     -  170s
     0     0  827.19466    0  906  949.00000  827.19466  12.8%     -  171s
     0     0  827.19466    0  889  949.00000  827.19466  12.8%     -  172s
     0     0  827.21424    0  889  949.00000  827.21424  12.8%     -  172s
     0     0  827.21424    0  822  949.00000  827.21424  12.8%     -  175s
     0     2  827.21424    0  809  949.00000  827.21424  12.8%     -  195s
     1     3  845.11449    1  675  949.00000  827.21424  12.8% 15547  201s
     4     8  848.66990    3  708  949.00000  827.32448  12.8%  9146  211s
H    8    12                     940.0000000  827.36233  12.0%  8751  214s
H    9    12                     932.9999990  827.36233  11.3%  8356  214s
H   11    16                     926.0000000  827.36233  10.7%  7564  218s
H   15    20                     925.0000000  827.36233  10.6%  6379  222s
H   16    20                     922.0000000  827.36233  10.3%  6744  222s
    19    38  849.76300    7  714  922.00000  827.36233  10.3%  9372  227s
    37    42  865.69641   11  671  922.00000  827.36233  10.3% 12803  232s
    41    48  854.99778   13  713  922.00000  827.36233  10.3% 11986  236s
    47    51  853.44426   13  704  922.00000  827.36233  10.3% 10577  240s
    54    59  855.97302   14  714  922.00000  827.36233  10.3% 11188  246s
H   58    63                     916.0000000  827.36233  9.68% 11075  249s
    62    67  856.05473   16  685  916.00000  827.36233  9.68% 10838  251s
H   68    71                     914.0000000  827.36233  9.48% 10732  254s
H   70    84                     913.0000000  827.36233  9.38% 10779  256s
H   83    93                     909.0000000  827.36233  8.98% 11779  261s
    92    97  858.59685   20  630  909.00000  827.36233  8.98% 12220  265s
H   94    97                     908.0000000  827.36233  8.88% 11991  265s
    96   107  858.73368   21  670  908.00000  827.36233  8.88% 11942  270s
   106   110  863.60272   22  686  908.00000  827.36233  8.88% 12118  275s
   123   128  865.86919   29  628  908.00000  827.36233  8.88% 11993  280s
   131   136  866.48911   31  585  908.00000  827.36233  8.88% 12086  285s
H  132   136                     907.0000000  827.36233  8.78% 11995  285s
   143   157  867.14377   33  661  907.00000  827.36233  8.78% 11890  291s
   156   178  867.31370   35  626  907.00000  827.36233  8.78% 12140  296s
   177   201  869.72394   42  622  907.00000  827.36233  8.78% 11644  300s
   226   253  872.26027   56  578  907.00000  827.36233  8.78% 11303  309s
   252   282  872.89823   63  578  907.00000  827.36233  8.78% 11020  313s
   281   285  874.22887   73  521  907.00000  827.36233  8.78% 10553  319s
   284   288  874.24954   74  522  907.00000  827.36233  8.78% 10482  325s
   287   291  874.29042   75  492  907.00000  827.36233  8.78% 10471  330s
   290   295  874.40848   76  488  907.00000  827.36233  8.78% 10446  335s
   294   298  874.40848   77  492  907.00000  827.36233  8.78% 10534  341s
   297   302  874.40931   78  489  907.00000  827.36233  8.78% 10453  346s
   301   307  874.43461   79  489  907.00000  827.36233  8.78% 10421  352s
   306   324  875.25265   80  483  907.00000  827.36233  8.78% 10384  356s
   323   342  878.53462   80  450  907.00000  827.36233  8.78% 10212  360s
   341   355  875.26433   81  493  907.00000  827.36233  8.78% 10029  367s
   354   368  875.28398   82  464  907.00000  827.36233  8.78%  9953  371s
   367   385  875.60623   83  490  907.00000  827.36233  8.78%  9822  376s
   384   406  875.68952   83  497  907.00000  827.36233  8.78%  9500  380s
   405   415  876.01834   84  487  907.00000  827.36233  8.78%  9132  385s
   429   456  876.31453   86  514  907.00000  827.36233  8.78%  8779  393s
   455   481  876.32662   87  503  907.00000  827.36233  8.78%  8403  398s
   482   500  876.81928   88  501  907.00000  827.36233  8.78%  8017  404s
   501   504  876.53221   88  509  907.00000  827.36233  8.78%  7771  410s
   505   535  876.81215   89  503  907.00000  827.36233  8.78%  7730  416s
   536   593  876.82393   90  497  907.00000  827.36233  8.78%  7348  421s
   594   651  878.72105   91  476  907.00000  827.36233  8.78%  6801  427s
   656   688  877.81095   91  502  907.00000  827.36233  8.78%  6246  435s
   702   724  878.47935   92  481  907.00000  827.36233  8.78%  5934  442s
   738   771  879.80960   93  489  907.00000  827.36233  8.78%  5840  448s
   785   796  880.81581   94  555  907.00000  827.36233  8.78%  5629  455s
   828   799  881.32799   94  475  907.00000  827.36233  8.78%  5445  466s
   839   845  881.99643   95  575  907.00000  829.94816  8.50%  5496  474s
   885   938  881.61987   95  446  907.00000  829.94816  8.50%  5310  481s
   992  1009  887.99283  137  496  907.00000  829.94816  8.50%  5132  491s
  1063  1091  894.58760  182  278  907.00000  829.94816  8.50%  5112  499s
  1146  1092  868.16956   18  527  907.00000  829.94816  8.50%  5056  514s
  1148  1093  853.33068   15  498  907.00000  829.94816  8.50%  5047  528s
  1149  1094  896.91048  198  569  907.00000  829.94816  8.50%  5043  558s
  1150  1095  896.99968  218  601  907.00000  829.94816  8.50%  5038  563s
  1151  1095  852.57911   11  654  907.00000  829.94816  8.50%  5034  569s
  1152  1096  881.82812   89  702  907.00000  829.94816  8.50%  5030  574s
  1153  1097  850.98716   83  679  907.00000  829.94816  8.50%  5025  580s
  1154  1097  900.16025  231  684  907.00000  829.94816  8.50%  5021  587s
  1155  1098  889.40314  137  756  907.00000  829.94816  8.50%  5017  595s
  1156  1099  844.19625   26  740  907.00000  829.94816  8.50%  5012  600s
  1158  1100  894.82762  129  762  907.00000  830.00258  8.49%  5004  610s
  1159  1101  888.91592   98  752  907.00000  831.43786  8.33%  4999  616s
  1160  1101  853.95057  105  800  907.00000  833.13913  8.14%  4995  621s
  1162  1103  834.43012   11  790  907.00000  834.43012  8.00%  4986  627s
  1164  1104  846.62349   48  832  907.00000  835.19631  7.92%  4978  631s
  1168  1107  843.04448   25  824  907.00000  840.20217  7.36%  4961  640s
  1169  1107  893.50139  187  829  907.00000  841.32974  7.24%  4957  648s
  1170  1108  896.36472  215  832  907.00000  842.01521  7.16%  4952  654s
  1171  1109  853.52259    9  877  907.00000  842.44488  7.12%  4948  660s
  1178  1113  874.06796   70  861  907.00000  844.32807  6.91%  4919  668s
  1179  1114  856.55487  128  826  907.00000  844.93902  6.84%  4914  672s
  1183  1117  866.51018   31  911  907.00000  845.06797  6.83%  4898  675s
  1189  1121  847.46292   42  894  907.00000  847.46292  6.56%  4873  681s
  1191  1122  870.65025   25  904  907.00000  847.76791  6.53%  4865  685s
  1197  1126  853.08636   97  941  907.00000  848.54427  6.44%  4841  690s
  1198  1127  850.98716   83  903  907.00000  849.48000  6.34%  4837  772s
  1200  1128  881.67578   88  959  907.00000  849.64079  6.32%  4828  775s
  1207  1133  853.52259    9  833  907.00000  851.75873  6.09%  4800  789s
  1208  1133  858.38489   21  859  907.00000  851.75873  6.09%  4796  792s
  1210  1135  889.63988  146  859  907.00000  851.76955  6.09%  4789  796s
  1216  1139  874.00766   72  916  907.00000  852.07675  6.06%  4765  800s
  1217  1139  894.57102  196  853  907.00000  853.22796  5.93%  4761  805s
  1220  1141  864.63000   26  880  907.00000  853.71045  5.88%  4749  811s
  1223  1143  891.70351  120  880  907.00000  853.85015  5.86%  4738  815s
  1228  1147  856.01568   16  908  907.00000  853.91907  5.85%  4718  820s
  1229  1147  854.57568   58  880  907.00000  854.57568  5.78%  4715  843s
  1231  1149  895.76057  208  908  907.00000  854.67276  5.77%  4707  845s
  1237  1153  889.32169  113  885  907.00000  855.61747  5.67%  4684  851s
  1239  1154  900.47977  199  927  907.00000  856.21553  5.60%  4676  855s
  1247  1159  857.07832   19  879  907.00000  857.07832  5.50%  4646  861s
  1250  1161  896.99968  218  886  907.00000  857.11793  5.50%  4635  865s
  1253  1163  857.43162   83  931  907.00000  857.43162  5.47%  4624  870s
  1263  1170  895.48284  143  996  907.00000  857.54594  5.45%  4588  875s
  1269  1174  893.50139  187  961  907.00000  858.02059  5.40%  4566  880s
  1272  1176  884.29232   98  924  907.00000  858.41323  5.36%  4555  885s
  1277  1179  858.94777   13  896  907.00000  858.94777  5.30%  4537  890s
  1283  1183  866.51018   31  883  907.00000  859.71663  5.21%  4516  898s
  1285  1185  859.84531  130  910  907.00000  859.84531  5.20%  4509  900s
  1290  1188  896.91048  198  855  907.00000  860.90210  5.08%  4492  908s
  1291  1189  870.65025   25  889  907.00000  861.11210  5.06%  4488  913s
  1292  1189  861.19889   99  859  907.00000  861.19889  5.05%  4485  915s
  1295  1191  893.50139  187  900  907.00000  861.29488  5.04%  4474  920s
  1299  1194  861.31937  111  941  907.00000  861.31937  5.04%  4460  926s
  1300  1195  881.67578   88  844  907.00000  862.00880  4.96%  4457  931s
  1302  1196  896.06352  165  900  907.00000  862.00880  4.96%  4450  935s
  1307  1199  862.00880    9  952  907.00000  862.00880  4.96%  4433  940s
  1311  1202  873.67486   68  960  907.00000  862.09655  4.95%  4420  945s
  1315  1205  889.41213  136  964  907.00000  862.17758  4.94%  4406  950s
  1319  1207  862.30062   37  956  907.00000  862.30062  4.93%  4393  955s
  1325  1211  863.03980   38  923  907.00000  863.03980  4.85%  4373  962s
  1327  1213  897.09980  212  965  907.00000  863.03980  4.85%  4366  965s
  1330  1215  863.23085   29  949  907.00000  863.23085  4.83%  4357  970s
  1336  1219  877.08660   47  961  907.00000  863.30283  4.82%  4337  975s
  1342  1223  863.43691  138  909  907.00000  863.43691  4.80%  4318  980s
  1345  1225  863.62786   22  873  907.00000  863.62786  4.78%  4308  987s
  1348  1227  863.72226   15  883  907.00000  863.72226  4.77%  4298  992s
  1351  1229  863.74239   11  888  907.00000  863.74239  4.77%  4289  995s
  1354  1231  900.16025  231  902  907.00000  863.80856  4.76%  4279 1000s
  1358  1233  894.82762  129  891  907.00000  864.04909  4.74%  4267 1005s
  1364  1237  864.22264   48  911  907.00000  864.22264  4.72%  4248 1010s
  1368  1240  864.43252   25  854  907.00000  864.43252  4.69%  4235 1015s
  1371  1242  864.47613    9  903  907.00000  864.47613  4.69%  4226 1020s
  1376  1245  864.57153   15  922  907.00000  864.57153  4.68%  4211 1025s
  1383  1250  866.51018   31  903  907.00000  864.62012  4.67%  4190 1030s
  1387  1253  894.58932  183  945  907.00000  864.76372  4.66%  4177 1035s
  1395  1258  893.50139  187  854  907.00000  864.76372  4.66%  4154 1041s
  1400  1261  881.67578   88  940  907.00000  864.76372  4.66%  4139 1045s
  1407  1266  864.94394    9  853  907.00000  864.94394  4.64%  4118 1050s
  1411  1269  873.67486   68  907  907.00000  865.55504  4.57%  4106 1055s
  1418  1273  888.39210   93  952  907.00000  865.55504  4.57%  4086 1060s
  1424  1277  890.39673  132  959  907.00000  865.83049  4.54%  4069 1065s
  1428  1280  866.45098   16  937  907.00000  866.45098  4.47%  4058 1070s
  1434  1284  867.20496   50  837  907.00000  867.20496  4.39%  4041 1078s
  1436  1285  877.08660   47  835  907.00000  867.20496  4.39%  4035 1080s
  1443  1290  867.69525  118  874  907.00000  867.69525  4.33%  4015 1085s
  1450  1295  896.99968  218  873  907.00000  867.86591  4.31%  3996 1090s
  1455  1298  889.40314  137  885  907.00000  868.19172  4.28%  3982 1095s
  1459  1301  888.91592   98  912  907.00000  868.34475  4.26%  3971 1100s
  1466  1305  876.66766   44  874  907.00000  868.66618  4.23%  3952 1105s
  1472  1309  884.29232   98  840  907.00000  868.84568  4.21%  3936 1127s
  1477  1313  868.92219   13  879  907.00000  868.92219  4.20%  3923 1130s
  1486  1319  869.23468   20  903  907.00000  868.94032  4.20%  3899 1135s
  1489  1321  869.05089   42  872  907.00000  869.05089  4.18%  3891 1140s
  1494  1324  869.05089   50  876  907.00000  869.05089  4.18%  3878 1145s
  1499  1327  869.05332  111  896  907.00000  869.05332  4.18%  3865 1151s
  1503  1330  884.34221   91  861  907.00000  869.21220  4.17%  3855 1156s
  1509  1334  869.29710   12  908  907.00000  869.29710  4.16%  3840 1161s
  1512  1336  888.36631  117  792  907.00000  870.21343  4.06%  3832 1165s
  1517  1339  894.57102  196  939  907.00000  870.30119  4.05%  3819 1170s
  1522  1343  894.69223  186  904  907.00000  870.53700  4.02%  3807 1176s
  1530  1348  870.53700   29  842  907.00000  870.53700  4.02%  3787 1180s
  1534  1351  870.53700   50  923  907.00000  870.53700  4.02%  3777 1185s
  1540  1356  900.39794  218  501  907.00000  870.53700  4.02%  4430 1198s
  1541  1357  876.49326   75  573  907.00000  870.53700  4.02%  4427 1215s
  1542  1358  870.53700  138  560  907.00000  870.53700  4.02%  4424 1224s
  1543  1358  870.53700  118  634  907.00000  870.53700  4.02%  4421 1230s
  1544  1359  870.53700   19  561  907.00000  870.53700  4.02%  4418 1238s
  1545  1360  870.53700   22  600  907.00000  870.53700  4.02%  4415 1245s
  1546  1360  870.56863   18  616  907.00000  870.56863  4.02%  4413 1251s
  1547  1361  870.56863   19  634  907.00000  870.56863  4.02%  4410 1256s
  1548  1362  870.56863   15  655  907.00000  870.56863  4.02%  4407 1260s
H 1548  1293                     906.0000000  870.56863  3.91%  4407 1265s
  1550  1294  896.99968  218  650  906.00000  870.56863  3.91%  4401 1270s
  1552  1295  881.82812   89  684  906.00000  870.56863  3.91%  4396 1278s
  1554  1297  900.16025  231  697  906.00000  870.56863  3.91%  4390 1282s
  1556  1298  870.56863   26  634  906.00000  870.56863  3.91%  4384 1286s
  1558  1299  894.82762  129  717  906.00000  870.56863  3.91%  4379 1291s
  1560  1301  870.56863  105  782  906.00000  870.56863  3.91%  4373 1295s
  1566  1305  876.66766   44  854  906.00000  870.63905  3.90%  4356 1300s
  1570  1307  896.36472  215  849  906.00000  870.72817  3.89%  4345 1305s
  1576  1311  870.72817   15  820  906.00000  870.72817  3.89%  4329 1321s
H 1576  1245                     905.0000000  870.72817  3.79%  4329 1322s
  1581  1249  886.38497  105  852  905.00000  870.77542  3.78%  4315 1325s
  1586  1252  871.08162   20  778  905.00000  871.08162  3.75%  4301 1330s
  1592  1256  871.19720   99  824  905.00000  871.19720  3.74%  4285 1335s
  1595  1258  893.50139  187  831  905.00000  871.25704  3.73%  4277 1340s
  1598  1260  871.31697   83  866  905.00000  871.31697  3.72%  4269 1347s
  1601  1262  889.25037  117  866  905.00000  871.31697  3.72%  4261 1350s
  1603  1263  884.34221   91  857  905.00000  871.31697  3.72%  4256 1356s
  1605  1265  871.31697   43  812  905.00000  871.31697  3.72%  4250 1369s
  1606  1265  886.42731  121  812  905.00000  873.06463  3.53%  4248 1403s
  1607  1269  873.06463   21  729  905.00000  873.06463  3.53%  4571 1409s
  1609  1272  873.06463   22  730  905.00000  873.06463  3.53%  4581 1414s
  1613  1275  873.06463   23  753  905.00000  873.06463  3.53%  4582 1415s
  1627  1285  873.06463   25  747  905.00000  873.06463  3.53%  4705 1424s
  1632  1290  876.07745   26  615  905.00000  873.06463  3.53%  4716 1429s
  1638  1294  873.06463   26  633  905.00000  873.06463  3.53%  4738 1435s
  1649  1305  873.06463   27  604  905.00000  873.06463  3.53%  4774 1443s
  1659  1311  874.84383   28  424  905.00000  873.06463  3.53%  4873 1446s
  1675  1319  875.58298   30  467  905.00000  873.06463  3.53%  4870 1453s
  1682  1324  877.03960   31  400  905.00000  873.06463  3.53%  4866 1457s
  1697  1336  879.09140   33  357  905.00000  873.06463  3.53%  4876 1462s
  1716  1351  880.55727   37  278  905.00000  873.06463  3.53%  4858 1467s
  1727  1358  881.19938   40  299  905.00000  873.06463  3.53%  4846 1470s
  1742  1360  882.26763   42  330  905.00000  873.06463  3.53%  4833 1475s
  1746  1369  882.79727   43  270  905.00000  873.06463  3.53%  4831 1481s
  1771  1392  884.02075   49  289  905.00000  873.06463  3.53%  4808 1487s
  1789  1404  885.10000   52  336  905.00000  873.06463  3.53%  4782 1491s
  1830  1432  887.51307   62  343  905.00000  873.06463  3.53%  4732 1497s
  1856  1453  890.03286   68  224  905.00000  873.06463  3.53%  4691 1500s
  1931  1483  894.34743   82  251  905.00000  873.06463  3.53%  4556 1505s
  1983  1478     cutoff   92       905.00000  873.06463  3.53%  4457 1512s
  2036  1468  874.09591   28  614  905.00000  873.06463  3.53%  4371 1517s
  2064  1468  874.17251   29  596  905.00000  873.06463  3.53%  4333 1521s
  2091  1470  874.23013   30  600  905.00000  873.06463  3.53%  4297 1526s
  2102  1476  874.23013   31  598  905.00000  873.06463  3.53%  4294 1531s
  2122  1488  876.11189   32  629  905.00000  873.06463  3.53%  4302 1538s
  2131  1500  875.30624   33  592  905.00000  873.06463  3.53%  4303 1544s
  2148  1511  875.47154   34  625  905.00000  873.06463  3.53%  4290 1548s
  2172  1526  875.48505   35  619  905.00000  873.06463  3.53%  4269 1553s
  2213  1530  875.55369   36  604  905.00000  873.06463  3.53%  4214 1557s
  2257  1534  875.57347   37  634  905.00000  873.06463  3.53%  4158 1561s
  2277  1552  879.01764   38  544  905.00000  873.06463  3.53%  4148 1567s
  2306  1551  879.52437   40  523  905.00000  873.06463  3.53%  4127 1573s
  2317  1559  883.38359   40  453  905.00000  873.06463  3.53%  4114 1578s
  2359  1573  880.26426   41  540  905.00000  873.06463  3.53%  4057 1585s
  2395  1567  880.58661   42  508  905.00000  873.06463  3.53%  4020 1590s
  2414  1576  882.96102   43  519  905.00000  873.06463  3.53%  4013 1597s
  2429  1587  884.67305   45  463  905.00000  873.06463  3.53%  4016 1605s
  2446  1614  887.49934   50  459  905.00000  873.06463  3.53%  4022 1611s
  2485  1636  902.44871   61  342  905.00000  873.06463  3.53%  3997 1617s
  2548  1647  899.59877   86  301  905.00000  873.06463  3.53%  3931 1625s
  2605  1660  874.26401   27  779  905.00000  873.06463  3.53%  3886 1631s
  2650  1673  874.36859   29  730  905.00000  873.06463  3.53%  3843 1640s
  2723  1694  874.42790   31  729  905.00000  873.06463  3.53%  3775 1647s
  2773  1732  874.68974   34  564  905.00000  873.06463  3.53%  3745 1654s
  2841  1751  875.46610   35  565  905.00000  873.06463  3.53%  3695 1661s
  2892  1782  876.98434   36  664  905.00000  873.06463  3.53%  3672 1671s
  2947  1792  877.95735   39  667  905.00000  873.06463  3.53%  3638 1681s
  2981  1808  878.37779   42  633  905.00000  873.06463  3.53%  3614 1691s
  3025  1817  881.75200   41  573  905.00000  873.06463  3.53%  3589 1701s
  3071  1822  881.13654   46  577  905.00000  873.06463  3.53%  3573 1710s
  3091  1828  881.70585   51  541  905.00000  873.06463  3.53%  3585 1722s
  3104  1857  882.26267   53  572  905.00000  873.06463  3.53%  3592 1731s
  3137  1910  889.05971   59  377  905.00000  873.06463  3.53%  3595 1741s
  3201  2005  889.85450   61  368  905.00000  873.06463  3.53%  3566 1750s
  3325  2060  894.19261   78  247  905.00000  873.06463  3.53%  3477 1760s
  3482  2053  876.52441   31  475  905.00000  873.06463  3.53%  3362 1771s
  3558  2087  880.06715   38  437  905.00000  873.06463  3.53%  3331 1786s
  3624  2173  901.53417   67  404  905.00000  873.06463  3.53%  3312 1797s
  3754  2175  879.47204   33  472  905.00000  873.06463  3.53%  3249 1810s
  3849  2183  880.20906   37  501  905.00000  873.06463  3.53%  3204 1823s
  3888  2214  885.84575   53  372  905.00000  873.06463  3.53%  3213 1836s
  3965  2213  898.17806   97  421  905.00000  873.80288  3.45%  3195 1849s
  4009  2230  874.58861   32  564  905.00000  873.80288  3.45%  3191 1863s
  4041  2274  877.07896   38  525  905.00000  873.80288  3.45%  3215 1877s
  4105  2310  878.17938   42  502  905.00000  873.80288  3.45%  3220 1894s
  4204  2308  879.88452   49  597  905.00000  873.80288  3.45%  3187 1910s
  4235  2351  883.95634   56  514  905.00000  873.80288  3.45%  3213 1927s
  4291  2367  893.00197   71  510  905.00000  873.80288  3.45%  3224 1946s
  4421  2359  878.16335   31  543  905.00000  873.80288  3.45%  3177 1963s
  4456  2421  883.48028   39  403  905.00000  873.80288  3.45%  3194 1986s
  4581  2383  900.24164   86  270  905.00000  873.80288  3.45%  3151 2006s
H 4583  2175                     901.0000000  873.80288  3.02%  3150 2006s
  4586  2229     cutoff   88       901.00000  874.26544  2.97%  3152 2026s
H 4618  2020                     899.0000000  874.26544  2.75%  3142 2026s
H 4658  1956                     898.0000000  874.26544  2.64%  3157 2045s
  4765  2017  881.92143   42  713  898.00000  874.26544  2.64%  3143 2065s
  4913  1990  875.36255   25  527  898.00000  874.29105  2.64%  3106 2075s
  4915  1991  884.93054   57  498  898.00000  874.29105  2.64%  3105 2081s
H 4915  1891                     897.0000000  874.29105  2.53%  3105 2084s
  4916  1892  878.62064   45  548  897.00000  874.29105  2.53%  3104 2093s
H 4916  1797                     896.0000000  874.29105  2.42%  3104 2096s
  4918  1798  890.66465   55  564  896.00000  874.29105  2.42%  3103 2101s
  4920  1800  887.59225   36  666  896.00000  874.29105  2.42%  3102 2105s
  4923  1802  878.22592   31  689  896.00000  874.29105  2.42%  3100 2111s
  4926  1804  884.58163   44  741  896.00000  874.29105  2.42%  3098 2115s
  4928  1805  883.28096   30  720  896.00000  874.29105  2.42%  3097 2121s
  4931  1807  889.29421   56  850  896.00000  874.29105  2.42%  3095 2125s
  4938  1812  878.59777   38  850  896.00000  874.29105  2.42%  3090 2130s
  4945  1816  896.00000   84  818  896.00000  874.29105  2.42%  3086 2135s
  4952  1821  889.04419   60  837  896.00000  874.29105  2.42%  3082 2140s
  4954  1822  875.15491   31  829  896.00000  874.29105  2.42%  3080 2166s
  4960  1826  885.89106   44  809  896.00000  874.29105  2.42%  3077 2171s
  4967  1831  885.97178   49  828  896.00000  874.29105  2.42%  3072 2175s
  4973  1835  888.30862   56  851  896.00000  874.29105  2.42%  3069 2183s
  4975  1836  888.30862   56  705  896.00000  874.29105  2.42%  3067 2185s
  4979  1839  885.74124   57  899  896.00000  874.29105  2.42%  3065 2190s
  4986  1844  875.05612   31  834  896.00000  874.29105  2.42%  3061 2195s
  4995  1850  886.65130   35  842  896.00000  874.29105  2.42%  3055 2200s
  4998  1852  893.65831   67  773  896.00000  874.29105  2.42%  3053 2216s
  4999  1852  885.93885   47  773  896.00000  874.29105  2.42%  3053 2226s
  5000  1856  874.29105   32  684  896.00000  874.29105  2.42%  3111 2230s
  5005  1861  876.38192   34  416  896.00000  874.29105  2.42%  3117 2239s
  5009  1875  878.81885   35  387  896.00000  874.29105  2.42%  3123 2242s
  5031  1882  881.80231   38  505  896.00000  874.29105  2.42%  3159 2246s
  5059  1903  881.66307   41  450  896.00000  874.29105  2.42%  3156 2250s
  5092  1911  885.78076   44  440  896.00000  874.29105  2.42%  3147 2257s
  5108  1921  884.05351   46  398  896.00000  874.29105  2.42%  3144 2262s
  5127  1938  885.13060   49  418  896.00000  874.29105  2.42%  3143 2266s
  5186  1959  888.88468   56  351  896.00000  874.29105  2.42%  3120 2270s
  5254  1955  891.67178   71  342  896.00000  874.29105  2.42%  3092 2275s
  5290  1961  879.71818   37  470  896.00000  874.61570  2.39%  3084 2281s
  5311  1965  881.07611   38  371  896.00000  875.51540  2.29%  3077 2285s
  5346  1991  886.16139   46  315  896.00000  875.51540  2.29%  3073 2291s
  5362  1998  890.03556   52  366  896.00000  875.91930  2.24%  3068 2295s
H 5438  1876                     892.0000000  875.92970  1.80%  3040 2299s
  5446  1890  878.20347   39  480  892.00000  875.92970  1.80%  3039 2301s
  5491  1929  881.05543   48  506  892.00000  875.92970  1.80%  3030 2306s
  5531  1917  881.91606   44  527  892.00000  875.92970  1.80%  3014 2314s
  5533  1918  883.32654   40  495  892.00000  875.92970  1.80%  3013 2318s
  5534  1919  884.53925   60  570  892.00000  875.92970  1.80%  3012 2324s
  5535  1920  888.41334   46  566  892.00000  875.92970  1.80%  3012 2327s
  5536  1920  877.53241   37  547  892.00000  875.92970  1.80%  3011 2330s
  5538  1922  882.11164   42  654  892.00000  875.92970  1.80%  3010 2335s
  5542  1924  880.90113   44  698  892.00000  875.92970  1.80%  3008 2341s
  5544  1926  884.87521   52  701  892.00000  875.92970  1.80%  3007 2345s
  5554  1932  881.98455   50  839  892.00000  875.92970  1.80%  3001 2350s
  5562  1938  888.14584   57  882  892.00000  875.92970  1.80%  2997 2355s
  5565  1940  887.63493   41  882  892.00000  875.92970  1.80%  2996 2374s
  5566  1940  888.70937   55  882  892.00000  875.92970  1.80%  2995 2375s
  5568  1942  887.52624   46  757  892.00000  875.92970  1.80%  2994 2381s
H 5568  1844                     891.0000000  875.92970  1.69%  2994 2392s
H 5569  1753                     888.0000000  875.92970  1.36%  3036 2396s
  5576  1761  875.92970   47  674  888.00000  875.92970  1.36%  3039 2400s
  5606  1776  888.00000   44  527  888.00000  875.92970  1.36%  3038 2408s
  5608  1777  886.55270   50  499  888.00000  875.92970  1.36%  3037 2410s
  5610  1779  883.32654   40  530  888.00000  875.92970  1.36%  3036 2415s
  5612  1780  883.53407   43  584  888.00000  875.92970  1.36%  3035 2420s
  5615  1782  888.00000   60  652  888.00000  875.92970  1.36%  3033 2425s
  5623  1787  880.90774   48  755  888.00000  875.92970  1.36%  3029 2430s
  5630  1792  881.64847   46  740  888.00000  875.92970  1.36%  3025 2436s
  5637  1797  883.54922   55  798  888.00000  875.92970  1.36%  3021 2449s
  5638  1797  882.11164   42  803  888.00000  875.92970  1.36%  3021 2450s
  5645  1802  888.00000   53  709  888.00000  875.92970  1.36%  3017 2459s
  5647  1803  883.73415   46  750  888.00000  875.92970  1.36%  3016 2460s
  5659  1811  888.00000   52  813  888.00000  875.92970  1.36%  3010 2466s
H 5659  1719                     887.0000000  875.92970  1.25%  3010 2471s
H 5659  1632                     885.0000000  875.92970  1.02%  3010 2475s
  5660  1633  885.00000   53  813  885.00000  875.93050  1.02%  3009 2482s
  5664  1637  883.29551   66  529  885.00000  875.93050  1.02%  3038 2486s
  5667  1639  885.00000   47  595  885.00000  875.93050  1.02%  3036 2490s
  5679  1647  885.00000   56  791  885.00000  875.93050  1.02%  3030 2496s
  5685  1651  877.65577   35  788  885.00000  875.93050  1.02%  3026 2502s
  5688  1653  878.78512   40  762  885.00000  875.93050  1.02%  3025 2508s
  5689  1654  885.00000   42  762  885.00000  875.93050  1.02%  3024 2511s
  5700  1668  875.93050   73  698  885.00000  875.93050  1.02%  3043 2515s
  5757  1686  875.93050   77  710  885.00000  875.93050  1.02%  3034 2520s
  5831  1715  876.87921   82  615  885.00000  875.93050  1.02%  3016 2525s
  5991  1724  882.14154   98  308  885.00000  875.93050  1.02%  2954 2530s
H 6066  1651                     884.0000000  875.93050  0.91%  2937 2534s
  6069  1659  878.40168   84  629  884.00000  875.93050  0.91%  2937 2535s
  6184  1644  877.23428   76  477  884.00000  875.93050  0.91%  2903 2540s
  6307  1667  877.48192   76  404  884.00000  875.93050  0.91%  2863 2545s
  6436  1683  877.41954   79  694  884.00000  876.04976  0.90%  2829 2550s
  6540  1690  878.46017   82  638  884.00000  876.04976  0.90%  2804 2555s
  6683  1705  881.12552   88  583  884.00000  876.60247  0.84%  2765 2560s
  6879  1700  879.54317   76  487  884.00000  876.88646  0.80%  2708 2565s
  6893  1703  880.47189   79  431  884.00000  876.91044  0.80%  2705 2570s
  7024  1738  877.82016   80  588  884.00000  877.00569  0.79%  2668 2576s
  7105  1761  879.76048   90  510  884.00000  877.00569  0.79%  2651 2581s
  7268  1758  881.56777   98  463  884.00000  877.36250  0.75%  2611 2585s
  7439  1745  881.48654   77  606  884.00000  877.55956  0.73%  2573 2590s
  7617  1723  882.70705   84  565  884.00000  877.68934  0.71%  2535 2595s
  7806  1725     cutoff   81       884.00000  877.84574  0.70%  2497 2601s
  8063  1709  880.19036   81  548  884.00000  878.00732  0.68%  2441 2608s
  8188  1667  881.32201   93  562  884.00000  878.08831  0.67%  2417 2611s
  8221  1667  880.37824   82  383  884.00000  878.08831  0.67%  2411 2615s
  8506  1598  881.33141   88  610  884.00000  878.31413  0.64%  2359 2623s
  8657  1564     cutoff   93       884.00000  878.39352  0.63%  2331 2626s
  8823  1527  879.20872   84  509  884.00000  878.43246  0.63%  2300 2631s
  8977  1491  879.82631   86  642  884.00000  878.53272  0.62%  2274 2635s
  9337  1433  880.67682   89  505  884.00000  878.67218  0.60%  2213 2644s
  9498  1403  881.37930   81  569  884.00000  878.76292  0.59%  2186 2649s
  9714  1368  881.86542   76  607  884.00000  878.85091  0.58%  2152 2654s
  9969  1284  879.69868   77  579  884.00000  878.97817  0.57%  2112 2658s
 10213  1239  880.46784   86  624  884.00000  879.07508  0.56%  2077 2665s
 10781  1205  880.76285   85  604  884.00000  879.39221  0.52%  1994 2672s
 10988  1218  881.65351   93  231  884.00000  879.40106  0.52%  1965 2676s
 11228  1234  880.54156   88  564  884.00000  879.48860  0.51%  1934 2680s
 11779  1248  882.55940   92  538  884.00000  879.71568  0.48%  1866 2688s
 11951  1260  882.26837   90  697  884.00000  879.75983  0.48%  1847 2692s
 12285  1249     cutoff   86       884.00000  879.86904  0.47%  1809 2697s
 12631  1225  880.64011   89  466  884.00000  880.00650  0.45%  1774 2701s
 13036  1231  881.77582  100  313  884.00000  880.18907  0.43%  1734 2705s
 13495  1253  881.37661   83  658  884.00000  880.33653  0.41%  1690 2710s
 14603  1156     cutoff   94       884.00000  880.61069  0.38%  1591 2718s
 15219  1031     cutoff   95       884.00000  880.77867  0.36%  1540 2722s
 15920   826     cutoff   95       884.00000  881.00384  0.34%  1487 2726s
 16677   685 infeasible   90       884.00000  881.28173  0.31%  1431 2730s
 18071   169     cutoff  100       884.00000  881.81449  0.25%  1338 2735s

Cutting planes:
  Gomory: 7
  Cover: 100
  Implied bound: 240
  Projected implied bound: 10
  Clique: 1
  MIR: 69
  Flow cover: 619
  GUB cover: 5
  Inf proof: 1
  Zero half: 63
  Network: 3
  RLT: 7
  Relax-and-lift: 88
  BQP: 1

Explored 18739 nodes (24802904 simplex iterations) in 2735.94 seconds (9587.09 work units)
Thread count was 4 (of 32 available processors)

Solution count 10: 884 885 887 ... 899

Optimal solution found (tolerance 1.00e-04)
Best objective 8.840000000000e+02, best bound 8.840000000000e+02, gap 0.0000%

Wrote result file '/Users/takafumi/Dropbox/2_Study/cspns_gurobi/sol_recomputed_4threads/E150_1000.6_R50.sol'

