
Gurobi 13.0.2 (mac64[arm], gurobi_cl) logging started Wed Jul  1 17:18:39 2026

Set parameter TokenServer to value "10.8.80.200"
Set parameter TimeLimit to value 43200
Set parameter LogFile to value "./log/E150_1000.8_R50.log"
Set parameter Threads to value 4
Using license file /Library/gurobi1302/gurobi.lic

Gurobi Optimizer version 13.0.2 build v13.0.2rc1 (mac64[arm] - Darwin 24.6.0 24G517)
Copyright (c) 2026, Gurobi Optimization, LLC

Read LP format model from file ./lp/E150_1000.8_R50.lp
Reading time = 0.10 seconds
root: 46208 rows, 45753 columns, 391508 nonzeros

Using Gurobi shared library /Library/gurobi1302/macos_universal2/lib/libgurobi130.dylib

CPU model: Apple M3 Ultra
Thread count: 32 physical cores, 32 logical processors, using up to 4 threads

Non-default parameters:
TimeLimit  43200
Threads  4

Optimize a model with 46208 rows, 45753 columns and 391508 nonzeros (Min)
Model fingerprint: 0x0756a7fa
Model has 22650 linear objective coefficients
Variable types: 0 continuous, 45753 integer (0 binary)
Coefficient statistics:
  Matrix range     [1e+00, 2e+02]
  Objective range  [1e+00, 2e+02]
  Bounds range     [1e+00, 1e+00]
  RHS range        [1e+00, 1e+00]

Presolve removed 23114 rows and 307 columns
Presolve time: 0.98s
Presolved: 23094 rows, 45446 columns, 281771 nonzeros
Variable types: 0 continuous, 45446 integer (22946 binary)
Found heuristic solution: objective 8416.0000000
Deterministic concurrent LP optimizer: primal and dual simplex
Showing primal log only...

Concurrent spin time: 0.00s

Solved with primal simplex

Root relaxation: objective 1.336239e+02, 84165 iterations, 2.25 seconds (4.90 work units)

    Nodes    |    Current Node    |     Objective Bounds      |     Work
 Expl Unexpl |  Obj  Depth IntInf | Incumbent    BestBd   Gap | It/Node Time

     0     0  133.62392    0  464 8416.00000  133.62392  98.4%     -    3s
     0     0  605.03404    0  483 8416.00000  605.03404  92.8%     -    8s
H    0     0                    2587.0000000  605.03404  76.6%     -    8s
H    0     0                    2301.0000000  605.03404  73.7%     -    8s
H    0     0                    2296.0000000  605.03404  73.6%     -    8s
H    0     0                    2295.0000000  605.03404  73.6%     -    8s
H    0     0                    2292.0000000  605.03404  73.6%     -    8s
H    0     0                    2290.0000000  605.03404  73.6%     -    8s
H    0     0                    2287.0000000  605.03404  73.5%     -    8s
H    0     0                    2046.0000000  605.03404  70.4%     -    9s
H    0     0                    1609.0000000  605.03404  62.4%     -    9s
H    0     0                    1462.0000000  605.03404  58.6%     -    9s
H    0     0                    1455.0000000  605.03404  58.4%     -   10s
H    0     0                    1453.0000000  605.03404  58.4%     -   10s
H    0     0                    1399.0000000  605.03404  56.8%     -   10s
H    0     0                    1392.0000000  605.03404  56.5%     -   11s
H    0     0                    1388.0000000  605.03404  56.4%     -   13s
H    0     0                    1362.0000000  605.03404  55.6%     -   15s
H    0     0                    1360.0000000  605.03404  55.5%     -   15s
     0     0  768.85298    0  537 1360.00000  768.85298  43.5%     -   26s
     0     0  787.27875    0  506 1360.00000  787.27875  42.1%     -   36s
H    0     0                    1349.0000000  787.27875  41.6%     -   36s
H    0     0                    1335.0000000  787.27875  41.0%     -   37s
H    0     0                    1331.0000000  787.27875  40.9%     -   49s
H    0     0                    1303.0000000  787.27875  39.6%     -   49s
H    0     0                    1295.0000000  787.27875  39.2%     -   49s
H    0     0                    1200.0000000  787.27875  34.4%     -   49s
H    0     0                    1170.0000000  787.27875  32.7%     -   49s
H    0     0                    1166.0000000  787.27875  32.5%     -   49s
H    0     0                    1163.0000000  787.27875  32.3%     -   49s
H    0     0                    1160.0000000  787.27875  32.1%     -   49s
H    0     0                    1130.0000000  787.27875  30.3%     -   49s
H    0     0                    1123.0000000  787.27875  29.9%     -   49s
H    0     0                    1120.0000000  787.27875  29.7%     -   49s
H    0     0                    1087.0000000  787.27875  27.6%     -   49s
     0     0  823.16130    0  546 1087.00000  823.16130  24.3%     -   52s
H    0     0                    1084.0000000  823.17405  24.1%     -   53s
H    0     0                    1071.0000000  823.17405  23.1%     -   53s
H    0     0                    1043.0000000  823.17405  21.1%     -   53s
H    0     0                    1040.0000000  823.17405  20.8%     -   54s
H    0     0                    1038.0000000  823.17405  20.7%     -   54s
H    0     0                    1028.0000000  823.17405  19.9%     -   55s
H    0     0                    1027.0000000  823.17405  19.8%     -   56s
H    0     0                    1026.0000000  823.17405  19.8%     -   57s
H    0     0                    1025.0000000  823.17405  19.7%     -   58s
H    0     0                    1024.0000000  823.17405  19.6%     -   58s
H    0     0                    1020.0000000  823.17405  19.3%     -   58s
H    0     0                    1019.0000000  823.17405  19.2%     -   68s
H    0     0                    1018.0000000  823.17405  19.1%     -   72s
H    0     0                    1013.0000000  823.17405  18.7%     -   74s
     0     0  825.57880    0  562 1013.00000  825.57880  18.5%     -   80s
     0     0  825.59417    0  555 1013.00000  825.59417  18.5%     -   80s
     0     0  850.67869    0  611 1013.00000  850.67869  16.0%     -   91s
     0     0  852.46873    0  598 1013.00000  852.46873  15.8%     -   97s
     0     0  853.67869    0  617 1013.00000  853.67869  15.7%     -  100s
     0     0  853.68045    0  631 1013.00000  853.68045  15.7%     -  100s
     0     0  870.69195    0  624 1013.00000  870.69195  14.0%     -  112s
     0     0  874.54258    0  616 1013.00000  874.54258  13.7%     -  119s
     0     0  875.06358    0  627 1013.00000  875.06358  13.6%     -  121s
     0     0  875.14886    0  643 1013.00000  875.14886  13.6%     -  124s
     0     0  881.83732    0  684 1013.00000  881.83732  12.9%     -  133s
     0     0  884.32141    0  690 1013.00000  884.32141  12.7%     -  142s
     0     0  885.55104    0  681 1013.00000  885.55104  12.6%     -  149s
     0     0  885.76475    0  723 1013.00000  885.76475  12.6%     -  153s
     0     0  885.78231    0  725 1013.00000  885.78231  12.6%     -  154s
     0     0  889.33178    0  708 1013.00000  889.33178  12.2%     -  160s
     0     0  889.79533    0  747 1013.00000  889.79533  12.2%     -  164s
     0     0  889.91475    0  771 1013.00000  889.91475  12.2%     -  165s
     0     0  891.79813    0  777 1013.00000  891.79813  12.0%     -  169s
     0     0  892.13257    0  780 1013.00000  892.13257  11.9%     -  172s
     0     0  892.30883    0  803 1013.00000  892.30883  11.9%     -  173s
     0     0  892.31012    0  808 1013.00000  892.31012  11.9%     -  173s
     0     0  892.59273    0  820 1013.00000  892.59273  11.9%     -  175s
     0     0  892.60848    0  848 1013.00000  892.60848  11.9%     -  176s
     0     0  893.13330    0  778 1013.00000  893.13330  11.8%     -  178s
     0     0  893.21810    0  778 1013.00000  893.21810  11.8%     -  178s
     0     0  893.21810    0  714 1013.00000  893.21810  11.8%     -  182s
     0     2  893.21810    0  701 1013.00000  893.21810  11.8%     -  204s
     1     3  900.00343    1  483 1013.00000  893.21810  11.8% 24262  213s
     2     4  893.21810    1  720 1013.00000  893.21810  11.8% 17194  218s
H    3     7                     995.0000000  893.21810  10.2% 11463  224s
     6    10  895.76400    3  660  995.00000  893.24477  10.2% 10875  230s
H    7    10                     992.0000000  893.24477  10.0%  9322  230s
     9    13  895.93659    4  627  992.00000  893.24477  10.0%  8727  238s
H   12    17                     989.0000000  893.24477  9.68%  7769  243s
    16    32  896.34129    6  619  989.00000  893.24477  9.68% 12267  250s
H   21    32                     988.0000000  893.24477  9.59% 11605  250s
    31    35  902.45393    7  647  988.00000  893.24477  9.59% 13931  256s
    34    39  898.74108   11  608  988.00000  893.24477  9.59% 14193  260s
H   35    39                     987.0000000  893.24477  9.50% 13788  260s
    38    43  903.23975    9  610  987.00000  893.24477  9.50% 14572  266s
    42    47  899.08624   12  577  987.00000  893.24477  9.50% 14467  270s
    50    55  899.30413   14  574  987.00000  893.24477  9.50% 14273  277s
    54    59  899.34760   15  567  987.00000  893.24477  9.50% 15035  280s
    58    62  899.61945   16  569  987.00000  893.24477  9.50% 14858  286s
    61    66  899.85017   17  563  987.00000  893.24477  9.50% 14541  290s
H   64    66                     986.0000000  893.24477  9.41% 15189  290s
    65    67  900.09294   18  564  986.00000  893.24477  9.41% 15414  297s
H   66    80                     984.0000000  893.24477  9.22% 15181  301s
    79    84  900.57023   24  573  984.00000  893.24477  9.22% 15453  306s
    83    86  900.63842   25  571  984.00000  893.24477  9.22% 15067  313s
    85    89  900.89105   26  557  984.00000  893.24477  9.22% 15176  317s
    88    93  900.95649   27  546  984.00000  893.24477  9.22% 14919  320s
H   91    93                     948.0000000  893.24477  5.78% 14585  320s
   110   133  901.45679   30  563  948.00000  893.24477  5.78% 14786  328s
   132   149  902.76819   35  580  948.00000  893.24477  5.78% 13830  331s
H  140   149                     942.0000000  893.24477  5.18% 13262  331s
   152   157  902.84262   37  583  942.00000  893.24477  5.18% 12796  337s
   156   172  902.89628   38  558  942.00000  893.24477  5.18% 12727  340s
   193   219  905.47740   39  519  942.00000  893.24477  5.18% 11286  347s
   218   244  903.59887   40  560  942.00000  893.24477  5.18% 10366  350s
H  282   291                     940.0000000  893.56360  4.94%  9242  356s
   306   313  906.70103   53  509  940.00000  893.56360  4.94%  8831  360s
   359   370  908.78660   64  515  940.00000  893.70682  4.92%  9050  367s
   389   400  911.00889   76  486  940.00000  893.70682  4.92%  9097  371s
   419   425  911.62319   85  497  940.00000  893.70682  4.92%  9116  375s
H  482   507                     939.0000000  893.70682  4.82%  8894  383s
   532   569  913.84723   89  495  939.00000  893.70682  4.82%  8617  387s
   594   644  914.07812   98  482  939.00000  893.70682  4.82%  8266  391s
   669   732  915.98384  106  513  939.00000  893.70682  4.82%  7815  395s
   837   870  919.54158  133  446  939.00000  893.70682  4.82%  6984  403s
   921   946  924.02634  161  417  939.00000  893.70682  4.82%  6660  409s
  1020   994  931.01077  200  368  939.00000  893.70682  4.82%  6330  412s
  1078  1046  901.93442   12  646  939.00000  893.70682  4.82%  6267  416s
  1131  1047  910.88199   23  537  939.00000  893.70682  4.82%  6274  436s
  1133  1048  935.27266  271  509  939.00000  893.70682  4.82%  6263  448s
  1134  1049  926.63339  171  522  939.00000  893.70682  4.82%  6257  471s
  1135  1050  926.66730  169  574  939.00000  893.70682  4.82%  6252  477s
  1136  1050  906.78840   18  650  939.00000  893.70682  4.82%  6246  487s
  1137  1051  936.18110   48  661  939.00000  893.70682  4.82%  6241  495s
  1138  1052  921.61303  140  659  939.00000  893.70682  4.82%  6235  501s
  1139  1052  917.80596   51  708  939.00000  893.70682  4.82%  6230  506s
  1141  1054  917.89945   32  753  939.00000  894.05821  4.79%  6219  510s
  1143  1055  922.91779   46  757  939.00000  896.49070  4.53%  6208  517s
  1144  1056  927.19267  160  738  939.00000  897.17466  4.45%  6202  521s
  1145  1056  927.35762   25  716  939.00000  897.76504  4.39%  6197  525s
  1147  1058  927.84761  176  737  939.00000  899.01053  4.26%  6186  533s
  1148  1058  927.84761  176  721  939.00000  899.88066  4.17%  6181  537s
  1149  1059  925.93984   28  760  939.00000  900.50275  4.10%  6175  540s
  1151  1060  903.39160   11  737  939.00000  900.83446  4.06%  6165  545s
  1153  1062  912.05308   33  826  939.00000  901.95823  3.94%  6154  551s
  1155  1063  923.83157  157  807  939.00000  902.68896  3.87%  6143  557s
  1156  1064  913.53235   33  829  939.00000  902.68896  3.87%  6138  561s
  1158  1065  933.07770   55  734  939.00000  903.58203  3.77%  6127  578s
  1159  1066  922.11179  144  734  939.00000  903.58203  3.77%  6122  613s
  1160  1069  903.58203   10  694  939.00000  903.58203  3.77%  6476  617s
  1162  1073  903.58203   11  695  939.00000  903.58203  3.77%  6473  623s
  1166  1075  903.75584   12  722  939.00000  903.61009  3.77%  6483  626s
  1170  1078  904.17388   13  642  939.00000  903.61009  3.77%  6502  630s
  1179  1091  905.91247   14  694  939.00000  903.61009  3.77%  6637  639s
  1190  1096  904.56365   15  659  939.00000  903.61009  3.77%  6741  642s
  1199  1099  916.17821   18  555  939.00000  903.61009  3.77%  6720  647s
  1205  1106  905.01833   16  649  939.00000  903.61009  3.77%  6734  653s
  1215  1112  917.77868   19  529  939.00000  903.61009  3.77%  6805  658s
  1225  1118  905.31067   17  657  939.00000  903.61009  3.77%  6860  660s
  1234  1123  911.17589   17  567  939.00000  903.61009  3.77%  6838  665s
  1243  1123  917.97516   22  563  939.00000  903.61009  3.77%  6813  670s
  1246  1128  922.89298   22  465  939.00000  903.61009  3.77%  6808  675s
  1256  1135  913.14332   18  572  939.00000  903.61009  3.77%  6792  682s
  1264  1142  913.03904   19  617  939.00000  903.61009  3.77%  6771  685s
  1286  1156  915.09524   20  640  939.00000  903.61009  3.77%  6705  692s
  1300  1158  917.37113   20  597  939.00000  903.61009  3.77%  6656  695s
  1353  1173  915.36642   22  648  939.00000  903.61009  3.77%  6444  703s
  1378  1166  915.70948   23  615  939.00000  903.61009  3.77%  6356  709s
  1389  1173  917.21417   23  601  939.00000  903.61009  3.77%  6320  712s
  1404  1171  919.79214   24  595  939.00000  903.61009  3.77%  6280  718s
  1412  1179  917.26214   24  604  939.00000  903.61009  3.77%  6262  722s
  1423  1180  919.05639   25  600  939.00000  903.61009  3.77%  6246  725s
  1431  1185  922.52445   26  551  939.00000  903.61009  3.77%  6234  732s
  1435  1188  918.77901   27  570  939.00000  903.61009  3.77%  6225  735s
  1443  1193  919.10972   28  568  939.00000  903.61009  3.77%  6218  743s
  1447  1195  925.29486   28  528  939.00000  903.61009  3.77%  6214  746s
  1451  1197  919.32362   29  573  939.00000  903.61009  3.77%  6207  750s
  1460  1206  928.02809   30  554  939.00000  903.61009  3.77%  6200  759s
  1467  1210  928.90317   30  544  939.00000  903.61009  3.77%  6189  764s
  1474  1213  929.10611   31  560  939.00000  903.61009  3.77%  6179  768s
  1479  1216  935.08204   31  434  939.00000  903.61009  3.77%  6168  772s
  1486  1218  929.68764   32  500  939.00000  903.61009  3.77%  6150  776s
  1491  1224  929.99328   32  541  939.00000  903.61009  3.77%  6142  780s
  1523  1234  932.01383   33  514  939.00000  903.61009  3.77%  6046  793s
  1539  1232  932.02930   34  410  939.00000  903.61009  3.77%  5996  797s
  1556  1236  932.03188   35  500  939.00000  903.61009  3.77%  5940  809s
  1569  1252  932.03405   36  424  939.00000  904.56814  3.67%  5921  815s
  1604  1246  932.03820   46  493  939.00000  904.56814  3.67%  5820  821s
  1637  1243  933.86917   65  442  939.00000  905.91357  3.52%  5732  828s
  1667  1245  909.55648   17  660  939.00000  905.91357  3.52%  5671  837s
  1679  1247  912.00811   19  650  939.00000  905.91357  3.52%  5686  845s
  1685  1253  912.96930   20  597  939.00000  905.91357  3.52%  5701  854s
  1693  1262  913.49355   23  557  939.00000  905.91357  3.52%  5719  863s
  1704  1272  915.36419   26  578  939.00000  905.91357  3.52%  5730  872s
  1718  1281  917.11940   31  576  939.00000  905.91357  3.52%  5730  881s
  1732  1294  919.42502   34  514  939.00000  905.91357  3.52%  5736  888s
  1749  1311  922.33615   41  503  939.00000  905.91357  3.52%  5731  897s
  1773  1323  933.16308   43  482  939.00000  905.91357  3.52%  5718  908s
  1806  1329  908.96189   19  701  939.00000  905.91357  3.52%  5679  918s
  1823  1348  911.08015   21  685  939.00000  905.91357  3.52%  5684  928s
  1848  1374  912.24373   24  590  939.00000  905.91357  3.52%  5669  939s
  1887  1404  915.22506   27  565  939.00000  905.91357  3.52%  5628  953s
  1965  1402  916.16560   33  567  939.00000  905.91357  3.52%  5480  964s
  1996  1421  918.81231   37  615  939.00000  905.91357  3.52%  5452  975s
  2055  1423  922.39353   40  611  939.00000  906.56288  3.45%  5343  987s
  2091  1441  927.45063   45  593  939.00000  906.56288  3.45%  5320  999s
  2124  1485  928.94666   55  553  939.00000  906.68436  3.44%  5305 1011s
  2196  1494  914.91255   18  678  939.00000  906.68436  3.44%  5204 1023s
  2261  1521  916.79405   22  575  939.00000  906.68436  3.44%  5116 1035s
  2321  1540  920.58977   31  612  939.00000  908.25333  3.27%  5058 1048s
  2377  1559  923.64267   38  577  939.00000  908.25333  3.27%  5022 1066s
  2434  1573     cutoff   49       939.00000  908.40912  3.26%  4976 1082s
  2487  1584  915.08861   18  673  939.00000  908.40912  3.26%  4947 1098s
  2555  1609  917.36818   23  631  939.00000  908.40912  3.26%  4875 1118s
  2621  1619  922.10561   32  593  939.00000  908.40912  3.26%  4838 1139s
  2665  1655  918.08829   24  578  939.00000  908.74841  3.22%  4848 1163s
  2729  1682  912.47691   19  636  939.00000  908.76083  3.22%  4817 1186s
  2793  1727  915.29449   27  657  939.00000  908.76083  3.22%  4781 1213s
  2876  1762  918.57171   36  572  939.00000  908.76083  3.22%  4708 1239s
  2957  1744  935.34350   78  293  939.00000  909.11238  3.18%  4650 1259s
  2975  1766  911.18961   23  727  939.00000  909.11238  3.18%  4655 1280s
  3004  1784  914.80089   27  696  939.00000  909.11238  3.18%  4669 1311s
  3064  1792  916.12907   31  625  939.00000  909.24796  3.17%  4648 1334s
  3092  1837  918.23529   34  628  939.00000  909.24796  3.17%  4660 1357s
  3162  1873  925.51058   44  633  939.00000  909.41389  3.15%  4645 1382s
  3261  1928  918.54221   22  681  939.00000  909.41389  3.15%  4582 1406s
  3400  1971  924.81830   42  541  939.00000  909.41389  3.15%  4488 1431s
  3507  2031  911.60109   26  707  939.00000  909.41389  3.15%  4442 1455s
  3671  2052  913.96935   32  676  939.00000  909.41389  3.15%  4339 1486s
  3774  2114  916.83554   40  645  939.00000  909.41389  3.15%  4314 1516s
  3899  2203  919.36104   54  658  939.00000  909.41389  3.15%  4269 1543s
  4051  2273  932.52346   92  480  939.00000  909.41389  3.15%  4209 1580s
  4244  2268  934.39284   63  406  939.00000  910.48231  3.04%  4112 1618s
  4329  2339  923.82667   36  564  939.00000  910.48231  3.04%  4111 1661s
  4495  2464  916.50750   33  687  939.00000  910.48231  3.04%  4049 1705s
  4691  2553  928.72002   62  587  939.00000  910.58253  3.03%  3986 1751s
  4833  2694  917.80455   34  660  939.00000  910.70037  3.01%  3959 1798s
  5068  2801  922.45127   41  643  939.00000  910.81809  3.00%  3872 1845s
  5229  2937  917.47114   29  615  939.00000  910.98269  2.98%  3846 1900s
  5464  3111  918.72072   36  691  939.00000  911.22058  2.96%  3786 1953s
  5791  3271  934.78117   37  477  939.00000  911.32218  2.95%  3675 2009s
  6082  3403  919.48271   35  708  939.00000  911.45632  2.93%  3598 2072s
  6310  3547  915.89645   21  623  939.00000  911.57159  2.92%  3550 2130s
  6587  3776  924.88470   23  668  939.00000  911.68998  2.91%  3499 2195s
  6894  3978  916.23414   32  714  939.00000  911.85268  2.89%  3431 2257s
  7230  4220  918.49764   26  664  939.00000  911.89849  2.89%  3365 2333s
  7630  4447  924.81734   49  657  939.00000  911.99468  2.88%  3297 2402s
  7959  4667  919.14861   32  643  939.00000  912.29058  2.84%  3259 2464s
  8318  4918  921.93672   30  646  939.00000  912.50758  2.82%  3214 2520s
  8704  5256  920.07284   43  586  939.00000  912.62823  2.81%  3172 2577s
  9169  5527  925.42412   53  651  939.00000  912.65640  2.81%  3111 2642s
  9655  5805  918.97832   25  591  939.00000  912.89007  2.78%  3063 2709s
 10051  6040  934.14148   28  473  939.00000  913.02442  2.77%  3041 2778s
 10440  6517  932.66239   59  572  939.00000  913.18204  2.75%  2995 2854s
 11125  6784  922.15950   33  482  939.00000  913.43811  2.72%  2926 2896s
 11554  7033  921.76695   29  599  939.00000  913.50273  2.72%  2887 2937s
 11910  7319  930.64401   46  484  939.00000  913.66394  2.70%  2865 2982s
 12344  7615  927.04127   55  576  939.00000  913.86290  2.68%  2826 3024s
 12791  7877  923.45306   41  598  939.00000  913.93793  2.67%  2793 3066s
 13168  8118  920.23957   40  601  939.00000  914.02533  2.66%  2771 3108s
 13501  8164  929.20992   30  544  939.00000  914.14882  2.65%  2764 3163s
 13567  8356  936.14675   42  476  939.00000  914.14882  2.65%  2756 3213s
 13887  8605  929.94044   39  591  939.00000  914.19388  2.64%  2741 3260s
 14342  8858  922.85030   50  694  939.00000  914.33342  2.63%  2717 3306s
 14698  9126  922.72614   31  634  939.00000  914.42648  2.62%  2703 3352s
 15222  9409  921.91811   30  681  939.00000  914.54633  2.60%  2663 3397s
 15615  9765  930.13874   40  637  939.00000  914.59883  2.60%  2646 3440s
 16095 10068  923.75220   33  571  939.00000  914.66263  2.59%  2620 3485s
 16599 10347  930.73335   59  579  939.00000  914.73399  2.58%  2588 3529s
 17024 10618  924.52213   35  669  939.00000  914.82452  2.57%  2571 3571s
 17506 10898  925.16368   39  627  939.00000  914.87372  2.57%  2545 3617s
 17865 11191  925.94785   30  687  939.00000  914.93299  2.56%  2536 3662s
 18222 11531  922.14983   34  703  939.00000  914.96012  2.56%  2527 3708s
 18686 11813  922.10734   48  614  939.00000  915.04707  2.55%  2510 3753s
 19027 12182  930.05212  103  567  939.00000  915.07551  2.55%  2502 3795s
 19521 12528  924.93368   61  651  939.00000  915.14218  2.54%  2485 3840s
 20088 12791  918.83434   30  753  939.00000  915.24548  2.53%  2459 3894s
 20528 13089  925.72111   43  600  939.00000  915.35479  2.52%  2446 3945s
 20979 13090  933.81091   37  537  939.00000  915.39089  2.51%  2430 4457s
 20981 13091  922.08750   48  507  939.00000  915.39089  2.51%  2430 4467s
 20982 13092  930.95585   44  554  939.00000  915.39089  2.51%  2430 4492s
 20983 13093  931.63903   62  607  939.00000  915.39089  2.51%  2430 4498s
 20984 13093  935.74897   43  536  939.00000  915.39089  2.51%  2430 4503s
 20985 13094  934.86049   57  609  939.00000  915.39089  2.51%  2429 4510s
 20987 13095  924.37988   23  639  939.00000  915.39089  2.51%  2429 4520s
 20988 13096  931.02794   40  669  939.00000  915.39089  2.51%  2429 4525s
 20990 13097  929.18529   43  720  939.00000  915.39089  2.51%  2429 4534s
 20991 13098  932.82502   71  719  939.00000  915.39089  2.51%  2429 4539s
 20992 13099  933.38993   41  702  939.00000  915.39089  2.51%  2429 4541s
 20993 13099  918.00053   26  694  939.00000  915.39089  2.51%  2428 4545s
 20994 13100  934.04556   91  741  939.00000  915.39089  2.51%  2428 4550s
 20997 13102  934.42493   40  718  939.00000  915.54836  2.50%  2428 4557s
 20998 13103  932.15933   52  791  939.00000  916.09161  2.44%  2428 4560s
 21000 13104  934.94122   47  845  939.00000  917.24706  2.32%  2428 4585s
 21005 13108  925.98698   48  508  939.00000  917.34493  2.31%  2439 4592s
 21006 13109  929.63286  100  573  939.00000  917.34493  2.31%  2439 4605s
 21008 13110  931.72356   48  535  939.00000  917.34493  2.31%  2438 4613s
 21009 13111  927.46727   46  590  939.00000  917.34493  2.31%  2438 4615s
 21011 13112  931.97692   64  677  939.00000  917.34493  2.31%  2438 4623s
 21012 13113  921.79276   24  612  939.00000  917.34493  2.31%  2438 4627s
 21013 13114  931.52064   83  645  939.00000  917.34493  2.31%  2438 4630s
 21016 13116  926.47068   34  770  939.00000  917.34493  2.31%  2437 4635s
 21019 13118  935.89526   87  854  939.00000  917.44753  2.30%  2437 4658s
 21020 13118  922.90255   37  773  939.00000  917.98081  2.24%  2437 4661s
 21021 13119  929.37131   21  786  939.00000  917.99053  2.24%  2437 4682s
 21023 13120  918.37199   37  839  939.00000  918.37199  2.20%  2437 4707s
 21025 13122  936.03549   57  792  939.00000  918.70493  2.16%  2436 4726s
 21026 13122  919.35077   33  791  939.00000  919.35077  2.09%  2436 4749s
 21027 13123  919.55199   33  788  939.00000  919.55199  2.07%  2436 4750s
 21028 13124  928.53188   44  827  939.00000  919.65146  2.06%  2436 4768s
 21029 13124  929.51562   29  772  939.00000  919.96842  2.03%  2436 4773s
 21030 13125  919.97360   38  705  939.00000  919.97360  2.03%  2436 4787s
 21032 13126  934.32417   97  816  939.00000  920.32361  1.99%  2436 4803s
 21033 13127  927.73152   52  823  939.00000  920.45277  1.98%  2435 4814s
 21034 13128  932.54474   71  781  939.00000  920.49013  1.97%  2435 4827s
 21036 13129  929.13190   46  835  939.00000  920.71929  1.95%  2435 4841s
 21038 13130  930.22994   66  703  939.00000  921.28965  1.89%  2435 4859s
 21039 13131  931.59064   66  710  939.00000  921.44331  1.87%  2435 4860s
 21040 13132  926.02901   40  797  939.00000  921.47970  1.87%  2435 4876s
 21042 13133  931.02316   40  835  939.00000  921.72647  1.84%  2434 4888s
 21044 13134  934.86760  128  809  939.00000  921.75153  1.84%  2434 4903s
 21046 13136  929.29057   48  818  939.00000  921.80609  1.83%  2434 4919s
 21047 13136  937.11597  104  746  939.00000  921.84918  1.83%  2434 4920s
 21052 13141  922.08594   61  552  939.00000  921.84918  1.83%  2444 4932s
 21053 13142  921.84918   41  540  939.00000  921.84918  1.83%  2444 4935s
 21055 13143  932.00892   64  554  939.00000  921.84918  1.83%  2443 4941s
 21057 13144  924.46469   60  683  939.00000  921.84918  1.83%  2443 4946s
 21059 13146  929.58750   30  657  939.00000  921.84918  1.83%  2443 4951s
 21060 13146  921.84918   43  687  939.00000  921.84918  1.83%  2443 4955s
 21063 13148  921.94958   38  715  939.00000  921.94958  1.82%  2442 4972s
 21065 13150  923.42437   23  749  939.00000  922.08813  1.80%  2442 4985s
 21067 13151  925.16585   29  774  939.00000  922.15198  1.79%  2442 4996s
 21068 13152  922.50850   31  736  939.00000  922.20135  1.79%  2442 5001s
 21069 13152  922.20135   41  736  939.00000  922.20135  1.79%  2442 5009s
 21070 13153  927.82997   86  755  939.00000  922.22518  1.79%  2442 5021s
 21071 13154  922.23407   28  795  939.00000  922.23407  1.79%  2441 5037s
 21073 13155  928.05119   54  759  939.00000  922.40323  1.77%  2441 5050s
 21075 13156  933.50957   51  819  939.00000  922.65814  1.74%  2441 5061s
 21076 13157  936.56221  100  826  939.00000  922.78759  1.73%  2441 5071s
 21077 13158  933.68288   42  770  939.00000  922.84829  1.72%  2441 5083s
 21079 13159  933.81091   37  826  939.00000  923.21173  1.68%  2441 5095s
 21081 13160  923.32143   48  807  939.00000  923.32143  1.67%  2440 5110s
 21083 13162  931.63903   62  803  939.00000  923.42972  1.66%  2440 5124s
 21084 13162  935.74897   43  903  939.00000  923.44376  1.66%  2440 5125s
 21085 13163  934.86049   57  849  939.00000  923.44677  1.66%  2440 5138s
 21087 13164  924.37988   23  892  939.00000  923.53206  1.65%  2440 5154s
 21088 13165  931.02794   40  890  939.00000  923.53206  1.65%  2440 5155s
 21089 13166  923.53206   42  896  939.00000  923.53206  1.65%  2439 5166s
 21091 13167  932.82502   71  862  939.00000  923.53206  1.65%  2439 5185s
 21093 13168  923.53206   26  909  939.00000  923.53206  1.65%  2439 5199s
 21094 13169  934.04556   91  845  939.00000  923.55732  1.64%  2439 5200s
 21095 13170  923.93219   43  830  939.00000  923.55732  1.64%  2439 5214s
 21097 13171  934.42493   40  848  939.00000  923.60117  1.64%  2438 5228s
 21099 13172  935.78499   78  835  939.00000  923.67032  1.63%  2438 5239s
 21100 13173  934.94122   47  849  939.00000  923.70875  1.63%  2438 5242s
 21101 13174  923.70875   24  855  939.00000  923.70875  1.63%  2438 5251s
 21103 13175  923.71889   31  848  939.00000  923.71889  1.63%  2438 5264s
 21104 13176  924.75875   45  852  939.00000  923.73208  1.63%  2438 5267s
 21105 13176  925.98698   48  864  939.00000  923.73208  1.63%  2438 5276s
 21107 13178  928.68876   88  840  939.00000  923.73208  1.63%  2437 5289s
 21108 13178  931.72356   48  788  939.00000  923.80047  1.62%  2437 5290s
 21109 13179  927.46727   46  818  939.00000  923.80047  1.62%  2437 5302s
 21110 13180  925.56003   40  830  939.00000  923.83676  1.61%  2437 5331s
 21111 13180  931.97692   64  849  939.00000  923.84997  1.61%  2437 5344s
 21112 13181  923.94983   24  808  939.00000  923.94983  1.60%  2437 5346s
 21113 13182  931.52064   83  787  939.00000  923.94983  1.60%  2437 5359s
 21114 13182  934.88521   45  856  939.00000  923.94983  1.60%  2437 5360s
 21115 13183  929.64473   26  853  939.00000  923.94983  1.60%  2436 5376s
 21117 13184  923.94983   39  849  939.00000  923.94983  1.60%  2436 5386s
 21119 13186  935.89526   87  849  939.00000  923.95273  1.60%  2436 5400s
 21121 13187  929.37131   21  847  939.00000  924.04987  1.59%  2436 5414s
 21122 13188  924.04987   25  774  939.00000  924.04987  1.59%  2436 5428s
 21123 13188  924.04987   37  869  939.00000  924.04987  1.59%  2435 5443s
 21124 13189  924.59376   45  852  939.00000  924.04987  1.59%  2435 5460s
 21125 13190  936.03549   57  833  939.00000  924.04987  1.59%  2435 5473s
 21126 13190  924.04987   33  833  939.00000  924.04987  1.59%  2435 5480s
 21129 13193  929.51562   29  507  939.00000  924.04987  1.59%  2446 5485s
 21130 13194  924.04987   38  523  939.00000  924.04987  1.59%  2446 5495s
 21131 13195  933.32315   66  506  939.00000  924.04987  1.59%  2446 5500s
 21133 13196  927.73152   52  639  939.00000  924.04987  1.59%  2446 5508s
 21134 13197  932.54474   71  573  939.00000  924.04987  1.59%  2446 5513s
 21135 13197  931.58211   86  631  939.00000  924.04987  1.59%  2446 5517s
 21136 13198  929.13190   46  655  939.00000  924.04987  1.59%  2445 5520s
 21140 13201  926.02901   40  780  939.00000  924.04987  1.59%  2445 5525s
 21142 13202  931.02316   40  789  939.00000  924.04987  1.59%  2445 5539s
 21143 13203  935.19154   62  800  939.00000  924.04987  1.59%  2445 5540s
 21144 13203  934.86760  128  872  939.00000  924.04987  1.59%  2444 5551s
 21146 13205  929.29057   48  843  939.00000  924.04987  1.59%  2444 5564s
 21147 13205  937.11597  104  793  939.00000  924.04987  1.59%  2444 5568s
 21148 13206  930.03296   62  832  939.00000  924.04987  1.59%  2444 5581s
 21149 13207  924.41862   35  829  939.00000  924.04987  1.59%  2444 5594s
 21150 13207  924.04987   58  848  939.00000  924.04987  1.59%  2444 5606s
 21152 13209  924.04987   61  855  939.00000  924.04987  1.59%  2444 5619s
 21153 13209  924.04987   41  834  939.00000  924.04987  1.59%  2443 5621s
 21154 13210  924.04987   25  843  939.00000  924.04987  1.59%  2443 5630s
 21155 13211  932.00892   64  811  939.00000  924.04987  1.59%  2443 5636s
 21156 13211  932.46877   52  836  939.00000  924.04987  1.59%  2443 5648s
 21158 13213  932.21636   32  807  939.00000  924.18755  1.58%  2443 5658s
 21160 13214  924.25418   43  837  939.00000  924.25418  1.57%  2443 5671s
 21162 13215  931.22509   20  864  939.00000  924.25599  1.57%  2442 5684s
 21163 13216  924.25599   38  860  939.00000  924.25599  1.57%  2442 5685s
 21164 13217  924.25599   32  865  939.00000  924.25599  1.57%  2442 5694s
 21165 13217  924.26096   23  815  939.00000  924.26096  1.57%  2442 5703s
 21166 13218  936.85535   57  865  939.00000  924.26602  1.57%  2442 5712s
 21168 13219  924.27390   31  868  939.00000  924.27390  1.57%  2442 5723s
 21170 13221  927.82997   86  899  939.00000  924.27390  1.57%  2441 5733s
 21172 13222  924.27801   27  860  939.00000  924.27801  1.57%  2441 5742s
 21174 13223  934.83071   74  844  939.00000  924.28021  1.57%  2441 5756s
 21176 13225  936.56221  100  850  939.00000  924.28021  1.57%  2441 5767s
 21178 13226  924.28087   29  857  939.00000  924.28087  1.57%  2441 5778s
 21179 13227  933.81091   37  838  939.00000  924.33951  1.56%  2440 5780s
 21180 13227  929.67936   43  860  939.00000  924.33951  1.56%  2440 5790s
 21182 13229  930.95585   44  870  939.00000  924.33951  1.56%  2440 5802s
 21184 13230  935.74897   43  873  939.00000  924.42687  1.55%  2440 5812s
 21186 13231  924.95092   42  862  939.00000  924.42687  1.55%  2440 5821s
 21188 13233  931.02794   40  889  939.00000  924.42687  1.55%  2439 5831s
 21190 13234  929.18529   43  882  939.00000  924.42687  1.55%  2439 5843s
 21191 13235  932.82502   71  867  939.00000  924.42687  1.55%  2439 5845s
 21192 13235  933.38993   41  852  939.00000  924.42687  1.55%  2439 5855s
 21194 13237  934.04556   91  857  939.00000  924.42687  1.55%  2439 5866s
 21196 13238  934.49349   68  865  939.00000  924.42687  1.55%  2438 5876s
 21197 13239  934.42493   40  858  939.00000  924.42687  1.55%  2438 5886s
 21198 13239  932.15933   52  873  939.00000  924.42687  1.55%  2438 5895s
 21200 13241  934.94122   47  851  939.00000  924.45448  1.55%  2438 5904s
 21201 13241  924.56309   24  858  939.00000  924.56309  1.54%  2438 5905s
 21202 13242  924.56309   25  861  939.00000  924.56309  1.54%  2438 5913s
 21204 13243  924.75875   45  862  939.00000  924.56309  1.54%  2438 5923s
 21205 13244  925.98698   48  796  939.00000  924.56309  1.54%  2437 5933s
 21206 13245  929.63286  100  882  939.00000  924.56309  1.54%  2437 5942s
 21207 13245  928.68876   88  864  939.00000  924.56309  1.54%  2437 5953s
 21208 13246  931.72356   48  843  939.00000  924.56309  1.54%  2437 5969s
 21209 13247  927.46727   46  843  939.00000  924.56309  1.54%  2437 5974s
 21210 13250  924.56309   56  753  939.00000  924.56309  1.54%  2448 5977s
 21216 13254  924.56309   58  735  939.00000  924.56309  1.54%  2448 5981s
 21235 13266  931.07584   60  680  939.00000  924.56309  1.54%  2449 5985s
 21270 13285  931.03446   62  667  939.00000  924.56309  1.54%  2448 5991s
 21316 13287  925.57428   64  682  939.00000  925.57428  1.43%  2446 5995s
 21370 13311  928.89866   67  630  939.00000  925.57741  1.43%  2444 6000s
 21409 13325  927.72571   69  451  939.00000  925.57741  1.43%  2443 6005s
 21483 13326  931.50858   73  411  939.00000  925.57741  1.43%  2438 6011s
 21517 13341  930.67488   77  385  939.00000  926.68466  1.31%  2437 6016s
 21544 13357  933.62731   81  308  939.00000  926.68466  1.31%  2436 6020s
 21631 13384  934.43974   68  522  939.00000  926.68970  1.31%  2431 6025s
 21699 13399  928.10325   64  648  939.00000  926.74350  1.31%  2427 6030s
 21757 13425  930.51771   68  570  939.00000  926.74350  1.31%  2424 6036s
 21835 13434  934.30821   77  387  939.00000  926.74350  1.31%  2419 6041s
 21893 13464  931.15678   67  560  939.00000  927.23987  1.25%  2417 6046s
 21976 13463  929.29098   69  736  939.00000  927.23987  1.25%  2412 6052s
 21989 13481  930.76887   70  662  939.00000  927.25191  1.25%  2412 6056s
 22045 13484  932.78665   72  583  939.00000  927.25191  1.25%  2408 6060s
 22147 13497  930.35838   70  596  939.00000  927.44969  1.23%  2401 6068s
 22202 13501  932.75662   81  513  939.00000  927.49565  1.23%  2398 6072s
 22269 13502  933.19962   65  623  939.00000  927.53674  1.22%  2394 6076s
 22311 13516  933.09555   74  515  939.00000  927.53674  1.22%  2392 6080s
 22353 13527  936.70000   84  297  939.00000  927.74873  1.20%  2391 6085s
 22471 13549     cutoff   74       939.00000  927.74873  1.20%  2384 6093s
 22516 13562  934.96281   86  342  939.00000  927.96291  1.18%  2382 6097s
 22598 13572  933.91307   74  597  939.00000  928.03704  1.17%  2377 6101s
 22709 13595  933.88333   81  242  939.00000  928.05361  1.17%  2371 6108s
 22804 13611  932.15440   77  582  939.00000  928.18767  1.15%  2366 6111s
 22878 13604     cutoff   65       939.00000  928.18767  1.15%  2362 6117s
 22946 13622  931.27168   76  684  939.00000  928.48183  1.12%  2358 6124s
 23018 13628  936.97641   89  539  939.00000  928.48183  1.12%  2354 6132s
 23092 13646  936.05855   77  636  939.00000  928.57517  1.11%  2352 6141s
 23184 13662  934.70326   72  522  939.00000  928.69436  1.10%  2345 6148s
 23289 13662  932.02914   71  525  939.00000  928.79430  1.09%  2339 6157s
 23377 13681  931.86945   77  522  939.00000  928.92930  1.07%  2335 6166s
 23505 13715  937.66700   77  255  939.00000  929.00125  1.06%  2327 6177s
 23643 13725  935.91534   63  639  939.00000  929.08698  1.06%  2319 6186s
 23764 13738     cutoff   83       939.00000  929.23205  1.04%  2312 6195s
 23915 13752  930.16765   73  685  939.00000  929.28941  1.03%  2303 6203s
 24026 13761  932.87235   80  639  939.00000  929.33693  1.03%  2297 6213s
 24156 13774  937.01124   79  519  939.00000  929.45495  1.02%  2291 6220s
 24288 13797  931.66305   72  679  939.00000  929.48772  1.01%  2285 6228s
 24443 13789  931.99590   73  573  939.00000  929.49444  1.01%  2276 6239s
 24594 13803  931.40813   67  572  939.00000  929.66540  0.99%  2268 6251s
 24770 13839  935.34907   77  565  939.00000  929.74940  0.99%  2258 6265s
 25032 13783  930.32287   74  707  939.00000  929.94323  0.96%  2242 6278s
 25188 13800     cutoff   82       939.00000  929.98838  0.96%  2232 6291s
 25400 13797  937.39943   73  449  939.00000  930.04029  0.95%  2220 6304s
 25634 13804  932.28746   69  474  939.00000  930.12098  0.95%  2207 6317s
 25883 13807  937.51655   83  489  939.00000  930.32436  0.92%  2194 6333s
 26172 13816  930.72678   74  604  939.00000  930.35043  0.92%  2177 6342s
 26453 13832     cutoff   72       939.00000  930.41865  0.91%  2161 6351s
 26772 13881  934.46929   85  564  939.00000  930.46148  0.91%  2144 6365s
 27131 13892  934.70801   80  579  939.00000  930.60423  0.89%  2124 6380s
 27542 13877  933.37536   79  669  939.00000  930.68393  0.89%  2101 6397s
 27883 13867  932.83162   66  652  939.00000  930.70983  0.88%  2085 6417s
 28290 13881  933.25991   77  649  939.00000  930.83061  0.87%  2064 6436s
 28709 13899  935.69938   74  511  939.00000  930.88901  0.86%  2041 6455s
 29306 13820  937.08290   67  532  939.00000  931.02408  0.85%  2011 6469s
 29813 13862  934.03592   80  488  939.00000  931.10387  0.84%  1988 6487s
 30355 13853  936.76693   85  706  939.00000  931.14208  0.84%  1964 6508s
 30914 13846     cutoff  108       939.00000  931.23554  0.83%  1939 6529s
 31545 13870  933.76635   77  471  939.00000  931.30400  0.82%  1913 6554s
 32351 13782  935.77596   69  538  939.00000  931.43538  0.81%  1880 6566s
 32768 13722  932.75143   76  374  939.00000  931.49446  0.80%  1862 6578s
 33098 13741     cutoff   87       939.00000  931.54810  0.79%  1850 6590s
 33552 13696  933.41283   77  555  939.00000  931.59376  0.79%  1833 6599s
 33995 13652  933.59066   74  591  939.00000  931.68099  0.78%  1816 6607s
 34333 13676  937.59708  103  329  939.00000  931.70806  0.78%  1805 6618s
 34743 13641  936.29933   86  487  939.00000  931.74327  0.77%  1791 6632s
 35090 13641     cutoff   69       939.00000  931.76783  0.77%  1779 6646s
 35525 13642  935.64987   78  404  939.00000  931.83436  0.76%  1765 6660s
 35987 13656     cutoff   85       939.00000  931.89042  0.76%  1749 6674s
 36510 13667  934.70246   81  508  939.00000  931.91899  0.75%  1731 6688s
 37033 13578     cutoff   69       939.00000  931.95640  0.75%  1713 6701s
 37450 13549  937.49970   80  501  939.00000  932.02918  0.74%  1701 6714s
 37833 13528  935.62254   79  539  939.00000  932.08260  0.74%  1690 6727s
 38295 13482  937.28197   78  426  939.00000  932.14549  0.73%  1676 6739s
 38752 13457     cutoff   81       939.00000  932.17217  0.73%  1662 6746s
 39171 13440  933.04278   87  378  939.00000  932.24749  0.72%  1651 6754s
 39619 13403  937.57873   87  457  939.00000  932.30150  0.71%  1638 6765s
 40060 13327     cutoff   76       939.00000  932.34332  0.71%  1627 6778s
 40493 13269  936.35889   83  287  939.00000  932.37732  0.71%  1616 6791s
 41004 13255  933.59340   81  646  939.00000  932.41268  0.70%  1602 6804s
 41496 13253  937.31099   77  429  939.00000  932.46950  0.70%  1589 6817s
 41976 13255  936.92826   80  451  939.00000  932.52133  0.69%  1577 6836s
 42684 13108  935.16593   81  357  939.00000  932.58297  0.68%  1560 6847s
 43027 13101  935.60857   84  445  939.00000  932.62480  0.68%  1552 6858s
 43489 13015  935.42538   77  567  939.00000  932.69023  0.67%  1541 6870s
 43868 12960  934.66357   77  265  939.00000  932.74179  0.67%  1533 6880s
 44275 12911     cutoff   86       939.00000  932.77527  0.66%  1525 6891s
 44719 12865  936.47188   80  547  939.00000  932.81362  0.66%  1515 6901s
 45097 12788  936.14134   87  355  939.00000  932.83479  0.66%  1507 6907s
 45468 12723  935.28864   76  398  939.00000  932.89079  0.65%  1500 6916s
 45878 12706  935.48020   74  518  939.00000  932.91714  0.65%  1492 6927s
 46275 12652     cutoff   93       939.00000  932.95351  0.64%  1484 6940s
 46683 12636  936.00000   80  147  939.00000  933.00316  0.64%  1477 6952s
 47081 12582  937.05695  104  348  939.00000  933.02833  0.64%  1469 6963s
 47478 12544  937.35897   87  174  939.00000  933.05412  0.63%  1462 6973s
 47944 12464     cutoff   74       939.00000  933.09606  0.63%  1453 6984s
 48376 12444     cutoff   74       939.00000  933.14286  0.62%  1445 6995s
 48889 12352  937.73629   81  538  939.00000  933.18021  0.62%  1435 7004s
 49365 12286  936.07484   78  180  939.00000  933.21852  0.62%  1426 7015s
 49806 12172  934.81850   66  399  939.00000  933.27020  0.61%  1419 7026s
 50180 12152  934.82812   93  265  939.00000  933.31019  0.61%  1413 7038s
 50633 12103  935.85126   90  196  939.00000  933.34331  0.60%  1405 7050s
 51112 11971  935.27067   83  576  939.00000  933.38045  0.60%  1397 7059s
 51397 11948  935.94444   81  161  939.00000  933.40000  0.60%  1392 7065s
 51859 11915     cutoff   87       939.00000  933.44079  0.59%  1385 7072s
 52384 11812  936.57845   82  567  939.00000  933.46904  0.59%  1376 7082s
 53081 11582  934.34674   83  560  939.00000  933.52201  0.58%  1364 7091s
 53328 11562     cutoff   79       939.00000  933.56165  0.58%  1361 7102s
 53844 11494  937.38872   76  597  939.00000  933.58406  0.58%  1352 7113s
 54285 11426  935.75000   89   57  939.00000  933.62209  0.57%  1346 7123s
 54754 11364  935.28365   72  629  939.00000  933.65445  0.57%  1338 7133s
 55174 11298  937.27609   89   73  939.00000  933.66770  0.57%  1332 7142s
 55587 11283  935.06667   89  219  939.00000  933.69678  0.56%  1326 7152s
 56057 11204  935.77980   67  386  939.00000  933.72973  0.56%  1318 7162s
 56461 11113  937.13903   80  419  939.00000  933.75043  0.56%  1313 7172s
 56810 11083  935.69444   81  449  939.00000  933.77457  0.56%  1308 7183s
 57241 11003     cutoff   85       939.00000  933.80905  0.55%  1302 7192s
 57647 10908  937.51945   95  608  939.00000  933.83565  0.55%  1296 7202s
 57982 10849  935.33708   89  424  939.00000  933.85853  0.55%  1292 7212s
 58323 10765     cutoff   79       939.00000  933.88021  0.55%  1287 7222s
 58732 10721  934.64343   79  181  939.00000  933.91911  0.54%  1282 7230s
 59242 10668  936.55814   83  536  939.00000  933.94245  0.54%  1275 7237s
 59819 10512     cutoff   85       939.00000  933.97093  0.54%  1266 7242s
 60258 10380  935.00886   85  446  939.00000  934.00155  0.53%  1260 7252s
 60393 10400  936.76125  103  400  939.00000  934.02217  0.53%  1258 7261s
 60910 10246     cutoff   71       939.00000  934.04973  0.53%  1251 7271s
 61237 10281     cutoff   82       939.00000  934.08426  0.52%  1247 7281s
 61583 10346  937.45184   83  550  939.00000  934.10389  0.52%  1243 7291s
 62095 10405  934.56970   76  426  939.00000  934.13322  0.52%  1237 7301s
 62636 10456  936.50775   87  354  939.00000  934.17681  0.51%  1230 7316s
 63298 10472  937.51623   85  546  939.00000  934.21897  0.51%  1222 7325s
 63672 10535  936.07500   83  502  939.00000  934.24339  0.51%  1218 7334s
 64140 10564     cutoff   76       939.00000  934.26673  0.50%  1213 7342s
 64630 10606     cutoff   73       939.00000  934.29328  0.50%  1207 7350s
 65116 10636  935.66372   86  450  939.00000  934.32134  0.50%  1201 7358s
 65524 10687  936.91787   83  388  939.00000  934.34704  0.50%  1196 7366s
 65977 10716  936.35171   82  439  939.00000  934.38081  0.49%  1191 7373s
 66357 10739     cutoff   79       939.00000  934.39621  0.49%  1187 7379s
 66786 10717  937.73106   77  316  939.00000  934.41666  0.49%  1182 7384s
 67086 10758  935.87592   83  504  939.00000  934.44285  0.49%  1179 7388s
 67423 10819     cutoff   94       939.00000  934.46178  0.48%  1176 7393s
 67912 10807  937.49051   68  459  939.00000  934.48708  0.48%  1170 7398s
 68316 10917  935.28369   96  661  939.00000  934.51357  0.48%  1166 7403s
 68774 10942     cutoff   82       939.00000  934.53120  0.48%  1161 7408s
 69061 10956  937.46371   81  501  939.00000  934.54310  0.47%  1158 7413s
 69522 10957     cutoff   79       939.00000  934.57214  0.47%  1153 7419s
 69958 10996     cutoff   75       939.00000  934.59684  0.47%  1149 7428s
 70387 11037  936.99718   89  393  939.00000  934.61449  0.47%  1145 7437s
 70819 11071  937.13333   85  166  939.00000  934.63567  0.46%  1140 7446s
 71297 11084  936.28748   86  378  939.00000  934.67889  0.46%  1135 7454s
 71744 11085     cutoff   86       939.00000  934.69881  0.46%  1131 7463s
 72197 11120  935.67872   82  646  939.00000  934.71196  0.46%  1127 7472s
 72714 11106  936.09113   77  527  939.00000  934.74646  0.45%  1121 7480s
 73104 11156  936.28110   83  599  939.00000  934.76598  0.45%  1117 7496s
 73980 11155  937.89133   89  403  939.00000  934.81313  0.45%  1109 7503s
 74343 11143     cutoff   85       939.00000  934.83618  0.44%  1105 7510s
 74652 11144  937.60214   80  656  939.00000  934.85126  0.44%  1103 7517s
 75005 11144  936.47643   92  333  939.00000  934.87052  0.44%  1100 7523s
 75013 11152  936.56453   93  322  939.00000  934.87052  0.44%  1100 7531s
 75094 11129  937.45019   94  515  939.00000  934.87333  0.44%  1099 7539s
 75535 11114  936.92913   82  400  939.00000  934.89514  0.44%  1095 7546s
 75980 11134  935.62958   81  404  939.00000  934.92730  0.43%  1091 7552s
 76439 11137     cutoff  101       939.00000  934.95334  0.43%  1087 7557s
 76865 11114  936.12368   77  611  939.00000  934.97793  0.43%  1083 7561s
 77304 11167  937.86355   75  509  939.00000  934.99591  0.43%  1079 7565s
 77897 11155     cutoff   95       939.00000  935.00927  0.42%  1073 7572s
 78419 11186  936.60781   83  379  939.00000  935.03202  0.42%  1068 7578s
 78888 11204  937.53204   85  500  939.00000  935.05519  0.42%  1064 7585s
 79335 11187     cutoff   84       939.00000  935.07488  0.42%  1060 7592s
 79711 11204  936.93481   89  342  939.00000  935.10126  0.42%  1057 7600s
 80121 11203     cutoff   82       939.00000  935.11561  0.41%  1054 7608s
 80529 11222  937.50006   83  316  939.00000  935.13538  0.41%  1050 7616s
 80928 11190     cutoff   92       939.00000  935.15417  0.41%  1047 7623s
 81250 11159  937.39172   92  617  939.00000  935.16456  0.41%  1044 7630s
 81620 11165  936.82124   83  496  939.00000  935.18800  0.41%  1042 7638s
 82085 11113  936.81061   92  243  939.00000  935.20700  0.40%  1038 7646s
 82474 11068  936.50908   88  362  939.00000  935.22852  0.40%  1035 7653s
 82859 11029  936.09538   72  408  939.00000  935.25151  0.40%  1032 7660s
 83269 10992     cutoff   92       939.00000  935.27322  0.40%  1029 7668s
 83711 10947     cutoff   78       939.00000  935.29054  0.40%  1026 7676s
 84175 10920  937.80007   83  341  939.00000  935.30896  0.39%  1022 7684s
 84605 10879  936.47561   83  706  939.00000  935.33160  0.39%  1019 7692s
 85065 10844     cutoff   79       939.00000  935.35437  0.39%  1015 7700s
 85474 10830  937.70411   84  480  939.00000  935.37665  0.39%  1012 7706s
 85702 10752  937.45238   81  210  939.00000  935.38235  0.39%  1011 7713s
 86078 10715     cutoff   85       939.00000  935.40331  0.38%  1008 7719s
 86463 10659     cutoff   79       939.00000  935.42926  0.38%  1005 7724s
 87000 10593     cutoff  105       939.00000  935.44495  0.38%  1001 7728s
 87415 10551  935.98819   87  262  939.00000  935.47789  0.38%   998 7732s
 87855 10492  937.16455   90  566  939.00000  935.49811  0.37%   995 7737s
 88307 10460     cutoff   92       939.00000  935.51137  0.37%   992 7741s
 88883 10416  936.85789   83  360  939.00000  935.53310  0.37%   987 7745s
 89830 10334  937.45523   85  124  939.00000  935.56797  0.37%   981 7754s
 90190 10302  937.50000   84   54  939.00000  935.58851  0.36%   978 7758s
 90642 10244  937.09342   88  494  939.00000  935.60763  0.36%   975 7762s
 91059 10131     cutoff   97       939.00000  935.62522  0.36%   972 7766s
 91503 10046  936.38589   82  332  939.00000  935.65207  0.36%   969 7770s
 92318  9853  937.78686   91  607  939.00000  935.69867  0.35%   964 7778s
 92755  9770     cutoff   76       939.00000  935.72558  0.35%   961 7782s
 93217  9680     cutoff   95       939.00000  935.75171  0.35%   958 7786s
 93695  9568     cutoff   90       939.00000  935.78082  0.34%   955 7790s
 94146  9475 infeasible   85       939.00000  935.80810  0.34%   952 7795s
 95002  9278     cutoff   75       939.00000  935.84623  0.34%   947 7803s
 95444  9164     cutoff   72       939.00000  935.87842  0.33%   944 7807s
 95887  9099  936.57235   81  537  939.00000  935.90306  0.33%   942 7811s
 96325  9066  937.28571   90  170  939.00000  935.92439  0.33%   939 7815s
 97040  8868     cutoff   87       939.00000  935.95138  0.32%   934 7823s
 97596  8755  937.70925   85  378  939.00000  935.97606  0.32%   931 7828s
 98067  8643     cutoff   76       939.00000  936.00000  0.32%   928 7831s
 98499  8501 infeasible   88       939.00000  936.01210  0.32%   925 7835s
 99435  8215  937.66078   87  450  939.00000  936.06216  0.31%   920 7843s
 99864  8062  936.16539   82  517  939.00000  936.09002  0.31%   917 7847s
 100324  7897  937.55663   91  448  939.00000  936.11923  0.31%   915 7851s
 100815  7744     cutoff   71       939.00000  936.14286  0.30%   912 7855s
 101779  7423  937.47171   84  371  939.00000  936.20284  0.30%   906 7863s
 102206  7265  938.00000   83   81  939.00000  936.23072  0.29%   904 7867s
 102564  7054  936.87500   85  104  939.00000  936.25150  0.29%   902 7870s
 103582  6729  937.09741   89  136  939.00000  936.30953  0.29%   896 7878s
 104006  6537     cutoff   84       939.00000  936.32923  0.28%   893 7882s
 104493  6311     cutoff   93       939.00000  936.36681  0.28%   890 7886s
 105078  6142     cutoff   90       939.00000  936.40000  0.28%   887 7890s
 105985  5633  937.32194   93  342  939.00000  936.45747  0.27%   882 7898s
 106492  5430     cutoff   99       939.00000  936.49971  0.27%   879 7902s
 106932  5183     cutoff   86       939.00000  936.52072  0.26%   876 7906s
 107446  4968     cutoff   88       939.00000  936.55760  0.26%   873 7910s
 108457  4386     cutoff   88       939.00000  936.62500  0.25%   868 7917s
 108968  4074     cutoff   89       939.00000  936.66755  0.25%   865 7920s
 109965  3502     cutoff   89       939.00000  936.75752  0.24%   860 7927s
 110423  3139  937.37267   78  323  939.00000  936.79730  0.23%   857 7931s
 111009  2795  936.87932   82  167  939.00000  936.85895  0.23%   854 7935s
 112042  1984     cutoff   91       939.00000  936.96966  0.22%   848 7943s
 112791  1491     cutoff   74       939.00000  937.05367  0.21%   844 7946s
 113455   940     cutoff   83       939.00000  937.13378  0.20%   840 7950s
 114940    39     cutoff   95       939.00000  937.61182  0.15%   831 7955s

Cutting planes:
  Gomory: 9
  Cover: 136
  Implied bound: 280
  Projected implied bound: 15
  Clique: 3
  MIR: 186
  StrongCG: 1
  Flow cover: 2356
  GUB cover: 9
  Zero half: 95
  Mod-K: 1
  Network: 2
  RLT: 13
  Relax-and-lift: 189

Explored 115221 nodes (96033142 simplex iterations) in 7957.04 seconds (26054.14 work units)
Thread count was 4 (of 32 available processors)

Solution count 10: 939 940 942 ... 992

Optimal solution found (tolerance 1.00e-04)
Best objective 9.390000000000e+02, best bound 9.390000000000e+02, gap 0.0000%

Wrote result file './sol/E150_1000.8_R50.sol'

