
Gurobi 13.0.2 (mac64[arm], gurobi_cl) logging started Mon Sep  7 19:32:39 2026

Set parameter TokenServer to value "10.8.80.200"
Set parameter TimeLimit to value 43200
Set parameter LogFile to value "/Users/takafumi/Dropbox/2_Study/cspns_gurobi/log_recomputed_4threads/E150_1000.2_R0.log"
Set parameter Threads to value 4
Using license file /Library/gurobi1302/gurobi.lic

Gurobi Optimizer version 13.0.2 build v13.0.2rc1 (mac64[arm] - Darwin 24.6.0 24G517)
Copyright (c) 2026, Gurobi Optimization, LLC

Read LP format model from file /Users/takafumi/Dropbox/2_Study/cspns_gurobi/lp/E150_1000.2_R0.lp
Reading time = 0.08 seconds
root: 46208 rows, 45753 columns, 205370 nonzeros

Using Gurobi shared library /Library/gurobi1302/macos_universal2/lib/libgurobi130.dylib

CPU model: Apple M3 Ultra
Thread count: 32 physical cores, 32 logical processors, using up to 4 threads

Non-default parameters:
TimeLimit  43200
Threads  4

Optimize a model with 46208 rows, 45753 columns and 205370 nonzeros (Min)
Model fingerprint: 0xc660551b
Model has 22650 linear objective coefficients
Variable types: 0 continuous, 45753 integer (0 binary)
Coefficient statistics:
  Matrix range     [1e+00, 2e+02]
  Objective range  [1e+00, 2e+02]
  Bounds range     [1e+00, 1e+00]
  RHS range        [1e+00, 1e+00]

Presolve removed 23248 rows and 447 columns
Presolve time: 0.23s
Presolved: 22960 rows, 45306 columns, 135643 nonzeros
Variable types: 0 continuous, 45306 integer (22806 binary)
Found heuristic solution: objective 10230.000000
Deterministic concurrent LP optimizer: primal and dual simplex
Showing primal log only...

Concurrent spin time: 0.00s

Solved with primal simplex

Root relaxation: objective 1.639600e+02, 14292 iterations, 0.08 seconds (0.16 work units)

    Nodes    |    Current Node    |     Objective Bounds      |     Work
 Expl Unexpl |  Obj  Depth IntInf | Incumbent    BestBd   Gap | It/Node Time

     0     0  163.96000    0  448 10230.0000  163.96000  98.4%     -    0s
     0     0  976.64667    0  319 10230.0000  976.64667  90.5%     -    1s
H    0     0                    1525.0000000  976.64667  36.0%     -    2s
H    0     0                    1502.0000000  976.64667  35.0%     -    2s
H    0     0                    1494.0000000  976.64667  34.6%     -    4s
H    0     0                    1489.0000000  976.64667  34.4%     -    4s
     0     0  976.64667    0  319 1489.00000  976.64667  34.4%     -    4s
     0     0  976.64667    0  303 1489.00000  976.64667  34.4%     -    8s
H    0     0                    1487.0000000  976.64667  34.3%     -   10s
H    0     0                    1479.0000000  976.64667  34.0%     -   11s
H    0     0                    1468.0000000  976.64667  33.5%     -   12s
H    0     0                    1465.0000000  976.64667  33.3%     -   12s
H    0     0                    1433.0000000  976.64667  31.8%     -   12s
H    0     0                    1426.0000000  976.64667  31.5%     -   12s
H    0     0                    1406.0000000  976.64667  30.5%     -   12s
H    0     0                    1404.0000000  976.64667  30.4%     -   12s
H    0     0                    1341.0000000 1094.14841  18.4%     -   16s
H    0     0                    1322.0000000 1094.14841  17.2%     -   16s
H    0     0                    1306.0000000 1094.14841  16.2%     -   16s
H    0     0                    1296.0000000 1094.14841  15.6%     -   16s
H    0     0                    1290.0000000 1094.14841  15.2%     -   16s
H    0     0                    1271.0000000 1094.14841  13.9%     -   16s
     0     0 1094.14841    0  516 1271.00000 1094.14841  13.9%     -   16s
H    0     0                    1270.0000000 1094.15595  13.8%     -   16s
H    0     0                    1259.0000000 1094.15595  13.1%     -   17s
H    0     0                    1258.0000000 1094.15595  13.0%     -   17s
H    0     0                    1256.0000000 1094.15595  12.9%     -   17s
     0     0 1124.36231    0  540 1256.00000 1124.36231  10.5%     -   18s
     0     0 1124.46924    0  549 1256.00000 1124.46924  10.5%     -   18s
     0     0 1124.46924    0  548 1256.00000 1124.46924  10.5%     -   18s
     0     0 1148.09524    0  590 1256.00000 1148.09524  8.59%     -   22s
     0     0 1156.78585    0  569 1256.00000 1156.78585  7.90%     -   23s
     0     0 1156.78585    0  599 1256.00000 1156.78585  7.90%     -   23s
     0     0 1164.10000    0  542 1256.00000 1164.10000  7.32%     -   26s
H    0     0                    1242.0000000 1164.10000  6.27%     -   27s
     0     0 1171.40602    0  597 1242.00000 1171.40602  5.68%     -   30s
     0     0 1171.54027    0  582 1242.00000 1171.54027  5.67%     -   31s
     0     0 1171.54027    0  530 1242.00000 1171.54027  5.67%     -   31s
     0     0 1173.50000    0  521 1242.00000 1173.50000  5.52%     -   32s
     0     0 1173.50000    0  309 1242.00000 1173.50000  5.52%     -   36s
H    0     0                    1240.0000000 1173.50000  5.36%     -   40s
H    0     0                    1239.0000000 1173.50000  5.29%     -   40s
H    0     0                    1235.0000000 1173.50000  4.98%     -   40s
H    0     0                    1227.0000000 1173.50000  4.36%     -   40s
     0     0 1173.50000    0  525 1227.00000 1173.50000  4.36%     -   40s
     0     0 1173.50000    0  537 1227.00000 1173.50000  4.36%     -   42s
     0     0 1173.50000    0  561 1227.00000 1173.50000  4.36%     -   43s
     0     0 1173.50000    0  520 1227.00000 1173.50000  4.36%     -   43s
     0     0 1173.50000    0  546 1227.00000 1173.50000  4.36%     -   43s
     0     0 1174.55333    0  565 1227.00000 1174.55333  4.27%     -   44s
     0     0 1174.55333    0  297 1227.00000 1174.55333  4.27%     -   46s
     0     0 1174.55333    0  515 1227.00000 1174.55333  4.27%     -   48s
     0     0 1174.55333    0  564 1227.00000 1174.55333  4.27%     -   50s
     0     0 1174.55333    0  517 1227.00000 1174.55333  4.27%     -   50s
     0     0 1174.55333    0  522 1227.00000 1174.55333  4.27%     -   51s
     0     0 1177.00000    0  503 1227.00000 1177.00000  4.07%     -   51s
     0     0 1177.00000    0  526 1227.00000 1177.00000  4.07%     -   52s
H    0     0                    1226.0000000 1177.00167  4.00%     -   53s
     0     0 1177.00167    0  618 1226.00000 1177.00167  4.00%     -   53s
H    0     0                    1224.0000000 1177.00167  3.84%     -   54s
H    0     0                    1223.0000000 1177.00167  3.76%     -   54s
     0     0 1177.00167    0  626 1223.00000 1177.00167  3.76%     -   54s
     0     0 1177.00401    0  620 1223.00000 1177.00401  3.76%     -   54s
     0     0 1177.00401    0  620 1223.00000 1177.00401  3.76%     -   54s
     0     0 1177.00401    0  380 1223.00000 1177.00401  3.76%     -   55s
     0     0 1181.50000    0  311 1223.00000 1181.50000  3.39%     -   59s
H    0     0                    1221.0000000 1181.50000  3.24%     -   60s
     0     0 1181.50000    0  503 1221.00000 1181.50000  3.24%     -   61s
     0     0 1181.50000    0  541 1221.00000 1181.50000  3.24%     -   62s
     0     0 1181.50000    0  570 1221.00000 1181.50000  3.24%     -   62s
     0     0 1181.50000    0  563 1221.00000 1181.50000  3.24%     -   63s
     0     0 1181.50000    0  598 1221.00000 1181.50000  3.24%     -   64s
     0     0 1181.50000    0  639 1221.00000 1181.50000  3.24%     -   64s
     0     0 1181.50000    0  656 1221.00000 1181.50000  3.24%     -   64s
     0     0 1181.50000    0  656 1221.00000 1181.50000  3.24%     -   65s
     0     0 1181.50000    0  656 1221.00000 1181.50000  3.24%     -   65s
     0     0 1181.50000    0  445 1221.00000 1181.50000  3.24%     -   65s
     0     2 1181.50000    0  416 1221.00000 1181.50000  3.24%     -   67s
    11    16 1181.50000    4  480 1221.00000 1181.50000  3.24%  3178   70s
H   18    21                    1218.0000000 1181.50000  3.00%  2992   71s
    70    81 1181.50000   19  301 1218.00000 1181.50000  3.00%  2616   75s
   454   509 1186.41976   92  343 1218.00000 1181.50000  3.00%   706   80s
   716   672 1182.73366   12  253 1218.00000 1181.50000  3.00%   612   85s
  1057  1003 1185.55596   36  319 1218.00000 1181.50000  3.00%   571   91s
  1061  1006 1194.51509   70  579 1218.00000 1181.50000  3.00%   569   95s
  1067  1010 1186.01607   21  634 1218.00000 1181.50000  3.00%   566  100s
  1077  1016 1199.09210   85  695 1218.00000 1184.71414  2.73%   560  105s
H 1081   967                    1214.0000000 1184.82815  2.40%   558  108s
  1087   972 1192.34877  141  326 1214.00000 1185.33304  2.36%   648  110s
  1098   980 1195.09964  138  707 1214.00000 1185.82751  2.32%   642  115s
  1107   986 1199.63233  102  695 1214.00000 1187.27181  2.20%   637  120s
  1122   996 1187.56526   29  560 1214.00000 1187.56526  2.18%   628  125s
  1163  1030 1189.89189   33  482 1214.00000 1187.59823  2.17%   753  130s
H 1175   989                    1205.0000000 1187.59823  1.44%   760  131s
H 1183   949                    1201.0000000 1187.59823  1.12%   767  131s
  1432  1018 1197.34241   49  303 1201.00000 1188.10335  1.07%   700  135s
  1802  1075 1198.32341   36  621 1201.00000 1188.49512  1.04%   614  140s
H 1932  1095                    1199.0000000 1188.49512  0.88%   612  144s
  1955  1101 1191.33333   45  312 1199.00000 1188.49512  0.88%   609  145s
  2686  1187     cutoff   71      1199.00000 1189.55611  0.79%   522  150s
  3749  1229 1197.19734   67  276 1199.00000 1190.64768  0.70%   445  155s
* 5050  1163              56    1198.0000000 1191.32936  0.56%   379  158s
  5518  1325 1194.16511   46  622 1198.00000 1191.53663  0.54%   364  160s
  7508  1674 1192.67159   52  484 1198.00000 1192.27379  0.48%   313  165s
* 8894  1575              76    1197.0000000 1192.85452  0.35%   292  167s
H 9851   917                    1196.0000000 1193.28831  0.23%   281  169s
 10187   696     cutoff   57      1196.00000 1193.41961  0.22%   276  170s

Cutting planes:
  Gomory: 25
  Lift-and-project: 3
  Cover: 60
  Implied bound: 79
  Projected implied bound: 3
  MIR: 97
  Flow cover: 1094
  Flow path: 362
  GUB cover: 5
  Inf proof: 3
  Zero half: 49
  Network: 104
  RLT: 1
  Relax-and-lift: 24

Explored 11496 nodes (3457667 simplex iterations) in 171.68 seconds (427.49 work units)
Thread count was 4 (of 32 available processors)

Solution count 10: 1196 1197 1198 ... 1223

Optimal solution found (tolerance 1.00e-04)
Best objective 1.196000000000e+03, best bound 1.196000000000e+03, gap 0.0000%

Wrote result file '/Users/takafumi/Dropbox/2_Study/cspns_gurobi/sol_recomputed_4threads/E150_1000.2_R0.sol'

