
Gurobi 13.0.2 (mac64[arm], gurobi_cl) logging started Wed Jul  1 19:31:26 2026

Set parameter TokenServer to value "10.8.80.200"
Set parameter TimeLimit to value 43200
Set parameter LogFile to value "./log/E150_1000.8_R100.log"
Set parameter Threads to value 4
Using license file /Library/gurobi1302/gurobi.lic

Gurobi Optimizer version 13.0.2 build v13.0.2rc1 (mac64[arm] - Darwin 24.6.0 24G517)
Copyright (c) 2026, Gurobi Optimization, LLC

Read LP format model from file ./lp/E150_1000.8_R100.lp
Reading time = 0.14 seconds
root: 46208 rows, 45753 columns, 628086 nonzeros

Using Gurobi shared library /Library/gurobi1302/macos_universal2/lib/libgurobi130.dylib

CPU model: Apple M3 Ultra
Thread count: 32 physical cores, 32 logical processors, using up to 4 threads

Non-default parameters:
TimeLimit  43200
Threads  4

Optimize a model with 46208 rows, 45753 columns and 628086 nonzeros (Min)
Model fingerprint: 0xabeed733
Model has 22650 linear objective coefficients
Variable types: 0 continuous, 45753 integer (0 binary)
Coefficient statistics:
  Matrix range     [1e+00, 2e+02]
  Objective range  [1e+00, 2e+02]
  Bounds range     [1e+00, 1e+00]
  RHS range        [1e+00, 1e+00]

Presolve removed 23113 rows and 303 columns
Presolve time: 4.01s
Presolved: 23095 rows, 45450 columns, 377156 nonzeros
Variable types: 0 continuous, 45450 integer (22950 binary)
Deterministic concurrent LP optimizer: primal and dual simplex
Showing primal log only...


Root simplex log...

Iteration    Objective       Primal Inf.    Dual Inf.      Time
   26908    4.8327089e+01   0.000000e+00   1.045834e+04      5s
   57942    4.5047815e+01   0.000000e+00   0.000000e+00      8s
Concurrent spin time: 0.12s

Solved with primal simplex

Root relaxation: objective 4.504781e+01, 57942 iterations, 4.30 seconds (11.80 work units)

    Nodes    |    Current Node    |     Objective Bounds      |     Work
 Expl Unexpl |  Obj  Depth IntInf | Incumbent    BestBd   Gap | It/Node Time

     0     0   45.04781    0  235          -   45.04781      -     -    8s
     0     0  125.81406    0  242          -  125.81406      -     -    9s
H    0     0                    2205.0000000  125.81406  94.3%     -    9s
H    0     0                    1908.0000000  125.81406  93.4%     -   16s
H    0     0                    1193.0000000  125.81406  89.5%     -   16s
H    0     0                    1100.0000000  125.81406  88.6%     -   16s
H    0     0                     974.0000000  125.81406  87.1%     -   18s
H    0     0                     958.0000000  125.81406  86.9%     -   18s
H    0     0                     934.0000000  125.81406  86.5%     -   20s
H    0     0                     916.0000000  125.81406  86.3%     -   21s
     0     0  283.17263    0  470  916.00000  283.17263  69.1%     -   26s
     0     0  351.63192    0  466  916.00000  351.63192  61.6%     -   38s
H    0     0                     915.0000000  351.63192  61.6%     -   39s
H    0     0                     914.0000000  351.63192  61.5%     -   51s
H    0     0                     912.0000000  351.63192  61.4%     -   51s
H    0     0                     864.0000000  351.63192  59.3%     -   51s
     0     0  387.29671    0  559  864.00000  387.29671  55.2%     -   61s
H    0     0                     857.0000000  388.54671  54.7%     -   62s
H    0     0                     856.0000000  388.54671  54.6%     -   64s
H    0     0                     855.0000000  388.54671  54.6%     -   72s
H    0     0                     854.0000000  388.54671  54.5%     -   88s
H    0     0                     778.0000000  394.22117  49.3%     -   93s
H    0     0                     766.0000000  394.22117  48.5%     -   93s
H    0     0                     754.0000000  394.22117  47.7%     -   93s
H    0     0                     751.0000000  394.22117  47.5%     -   93s
H    0     0                     742.0000000  394.22117  46.9%     -   93s
H    0     0                     736.0000000  394.22117  46.4%     -   93s
H    0     0                     729.0000000  394.22117  45.9%     -   93s
H    0     0                     728.0000000  394.22117  45.8%     -   93s
H    0     0                     724.0000000  394.22117  45.5%     -   93s
H    0     0                     723.0000000  394.22117  45.5%     -   93s
     0     0  394.22117    0  569  723.00000  394.22117  45.5%     -   93s
     0     0  394.27317    0  575  723.00000  394.27317  45.5%     -   93s
     0     0  394.27317    0  576  723.00000  394.27317  45.5%     -   93s
     0     0  417.35188    0  609  723.00000  417.35188  42.3%     -   98s
     0     0  422.36682    0  589  723.00000  422.36682  41.6%     -   99s
     0     0  422.48791    0  592  723.00000  422.48791  41.6%     -  100s
     0     0  422.48791    0  599  723.00000  422.48791  41.6%     -  100s
     0     0  432.69849    0  637  723.00000  432.69849  40.2%     -  106s
     0     0  446.22366    0  654  723.00000  446.22366  38.3%     -  114s
     0     0  447.41240    0  651  723.00000  447.41240  38.1%     -  117s
     0     0  447.61123    0  667  723.00000  447.61123  38.1%     -  118s
     0     0  447.62847    0  685  723.00000  447.62847  38.1%     -  119s
     0     0  447.62847    0  689  723.00000  447.62847  38.1%     -  119s
     0     0  462.52985    0  613  723.00000  462.52985  36.0%     -  130s
     0     0  472.31087    0  629  723.00000  472.31087  34.7%     -  138s
     0     0  474.65125    0  657  723.00000  474.65125  34.3%     -  145s
H    0     0                     721.0000000  475.06112  34.1%     -  149s
H    0     0                     713.0000000  475.06112  33.4%     -  149s
H    0     0                     712.0000000  475.06112  33.3%     -  149s
     0     0  475.06112    0  683  712.00000  475.06112  33.3%     -  149s
     0     0  475.08072    0  689  712.00000  475.08072  33.3%     -  149s
     0     0  479.14771    0  710  712.00000  479.14771  32.7%     -  156s
     0     0  480.60952    0  704  712.00000  480.60952  32.5%     -  159s
     0     0  480.68815    0  726  712.00000  480.68815  32.5%     -  161s
     0     0  480.69278    0  741  712.00000  480.69278  32.5%     -  163s
     0     0  482.42248    0  719  712.00000  482.42248  32.2%     -  168s
     0     0  482.54680    0  736  712.00000  482.54680  32.2%     -  170s
     0     0  483.06666    0  757  712.00000  483.06666  32.2%     -  175s
     0     0  483.07305    0  761  712.00000  483.07305  32.2%     -  177s
     0     0  484.17681    0  732  712.00000  484.17681  32.0%     -  180s
     0     0  484.42276    0  765  712.00000  484.42276  32.0%     -  182s
     0     0  484.42590    0  777  712.00000  484.42590  32.0%     -  182s
     0     0  485.19463    0  782  712.00000  485.19463  31.9%     -  185s
     0     0  485.67699    0  784  712.00000  485.67699  31.8%     -  188s
     0     0  485.72771    0  829  712.00000  485.72771  31.8%     -  190s
     0     0  485.73553    0  832  712.00000  485.73553  31.8%     -  191s
     0     0  486.47597    0  787  712.00000  486.47597  31.7%     -  194s
     0     0  486.55037    0  826  712.00000  486.55037  31.7%     -  195s
     0     0  486.55317    0  826  712.00000  486.55317  31.7%     -  195s
     0     0  486.75383    0  820  712.00000  486.75383  31.6%     -  197s
     0     0  486.77233    0  829  712.00000  486.77233  31.6%     -  198s
     0     0  487.04736    0  806  712.00000  487.04736  31.6%     -  200s
     0     0  487.10112    0  806  712.00000  487.10112  31.6%     -  200s
     0     0  487.10112    0  761  712.00000  487.10112  31.6%     -  203s
     0     2  487.10547    0  751  712.00000  487.10547  31.6%     -  226s
     1     3  504.60700    1  579  712.00000  487.10679  31.6% 11261  231s
H    4     6                     698.0000000  487.10679  30.2%  4622  233s
     5    10  507.25437    3  655  698.00000  487.79407  30.1%  4421  236s
H    9    14                     681.0000000  487.93121  28.4%  4115  240s
H   14    18                     679.0000000  487.94498  28.1%  4595  244s
H   17    22                     672.0000000  487.94498  27.4%  4452  247s
H   20    22                     671.0000000  487.94498  27.3%  7487  247s
H   21    26                     666.0000000  487.94498  26.7%  8280  250s
H   24    26                     665.0000000  487.94498  26.6% 10314  250s
H   28    33                     664.0000000  487.94498  26.5% 10756  257s
H   31    33                     663.0000000  487.94498  26.4% 10853  257s
    32    37  511.40709    9  609  663.00000  487.94498  26.4% 10962  260s
H   33    37                     661.0000000  487.94498  26.2% 10630  260s
    36    44  516.12050    9  646  661.00000  487.94498  26.2% 10113  265s
H   43    48                     660.0000000  487.94498  26.1%  8922  269s
    47    53  513.37427   12  598  660.00000  487.94498  26.1%  9599  275s
H   54    57                     658.0000000  487.94498  25.8%  8631  279s
    58    60  528.16418   11  576  658.00000  487.94498  25.8%  9294  282s
H   63    64                     657.0000000  487.94498  25.7%  8990  286s
H   67    68                     654.0000000  487.94498  25.4%  8765  290s
    75    76  514.44610   14  611  654.00000  487.94498  25.4%  8778  299s
    79    80  518.58858   15  578  654.00000  487.94498  25.4%  8936  302s
    83    83  523.38379   15  588  654.00000  487.94498  25.4%  8977  308s
    86    87  518.60347   16  577  654.00000  487.94498  25.4%  8827  311s
    90    90  519.41522   17  575  654.00000  487.94498  25.4%  8664  322s
H   92    90                     651.0000000  487.94498  25.0%  8512  322s
    93    93  521.58365   18  547  651.00000  487.94498  25.0%  8555  328s
    96    96  521.70034   19  552  651.00000  487.94498  25.0%  8586  337s
    99    99  522.90571   20  573  651.00000  487.94498  25.0%  8536  347s
   102   102  523.55912   21  579  651.00000  487.94498  25.0%  8364  359s
   105   105  523.76583   22  571  651.00000  487.94498  25.0%  8214  365s
   108   109  524.02177   23  573  651.00000  487.94498  25.0%  8062  374s
H  111   109                     647.0000000  487.94498  24.6%  7959  374s
   112   117  524.36362   24  591  647.00000  487.94498  24.6%  7984  382s
H  113   117                     646.0000000  487.94498  24.5%  7914  382s
H  119   117                     643.0000000  487.94498  24.1%  7622  382s
   120   125  524.39710   25  588  643.00000  487.94498  24.1%  7587  392s
   128   129  529.20222   26  568  643.00000  487.94498  24.1%  7305  399s
   132   132  530.26139   27  585  643.00000  487.94498  24.1%  7226  409s
   135   136  534.06011   27  556  643.00000  487.94498  24.1%  7338  418s
H  138   136                     642.0000000  487.94498  24.0%  7505  418s
H  139   140                     641.0000000  487.94498  23.9%  7597  427s
H  140   140                     640.0000000  487.94498  23.8%  7630  427s
   143   160  532.23148   28  581  640.00000  487.94498  23.8%  7828  435s
   163   185  533.13351   31  532  640.00000  487.94498  23.8%  8843  444s
   188   189  534.28527   35  521  640.00000  487.94498  23.8%  9167  456s
   192   216  534.55191   36  533  640.00000  487.94498  23.8%  9098  463s
   219   222  535.17275   39  551  640.00000  487.94498  23.8%  9169  469s
   225   238  535.38248   40  540  640.00000  487.94498  23.8%  9153  477s
   241   260  535.71634   43  524  640.00000  487.94498  23.8%  9288  483s
   263   284  536.31512   48  539  640.00000  487.94498  23.8%  8931  488s
   287   299  537.34853   54  541  640.00000  487.94498  23.8%  8607  497s
   302   303  537.97060   58  540  640.00000  487.94498  23.8%  8484  504s
   306   308  538.19037   59  546  640.00000  487.94498  23.8%  8493  510s
   311   313  538.46986   60  550  640.00000  487.94498  23.8%  8492  517s
   316   322  538.61908   61  531  640.00000  487.94498  23.8%  8487  523s
   325   330  538.82464   62  536  640.00000  487.94498  23.8%  8418  530s
   333   340  538.82464   63  534  640.00000  487.94498  23.8%  8331  536s
   343   350  539.18215   64  534  640.00000  487.94498  23.8%  8234  544s
   353   369  539.26481   65  530  640.00000  487.94498  23.8%  8204  552s
   372   380  539.52512   66  514  640.00000  487.94498  23.8%  8072  561s
H  376   380                     639.0000000  487.94498  23.6%  8052  561s
   383   391  540.05955   67  518  639.00000  487.94498  23.6%  8059  573s
H  385   391                     638.0000000  487.94498  23.5%  8064  573s
   394   405  540.16151   69  512  638.00000  487.94498  23.5%  8045  584s
   408   410  540.86752   73  518  638.00000  487.94498  23.5%  8032  595s
   413   438  541.36796   75  517  638.00000  487.94498  23.5%  7993  603s
   441   467  542.23768   81  483  638.00000  487.94498  23.5%  7860  612s
   470   478  553.57307   89  475  638.00000  487.94498  23.5%  7788  623s
   481   508  543.39222   90  489  638.00000  487.94498  23.5%  7764  637s
   511   537  544.20138   97  485  638.00000  487.94498  23.5%  7577  648s
   540   561  544.73289  100  503  638.00000  487.94498  23.5%  7502  661s
   564   607  545.59441  109  494  638.00000  487.94498  23.5%  7429  676s
   610   638  548.61871  118  483  638.00000  487.94498  23.5%  7261  690s
   641   676  550.02325  128  462  638.00000  487.94498  23.5%  7192  702s
   679   712  552.01957  135  470  638.00000  487.94498  23.5%  7183  715s
   715   766  553.65753  143  473  638.00000  487.94498  23.5%  7114  729s
   769   808  555.77834  153  471  638.00000  487.94498  23.5%  6992  743s
   811   876  557.19033  164  476  638.00000  487.94498  23.5%  6917  758s
   879   896  570.99343  183  445  638.00000  487.94498  23.5%  6747  775s
   899   949  560.99724  185  462  638.00000  487.94498  23.5%  6724  791s
   952  1003  563.80687  199  438  638.00000  487.94498  23.5%  6681  807s
  1006  1082  566.82227  218  444  638.00000  487.94498  23.5%  6600  823s
  1086  1083  558.14387  160  470  638.00000  487.94498  23.5%  6453  850s
  1088  1084  542.37359  164  468  638.00000  487.94498  23.5%  6441  863s
  1089  1085  537.04540   34  540  638.00000  487.94498  23.5%  6435  894s
H 1089  1030                     634.0000000  487.94498  23.0%  6435  903s
  1091  1031  505.73134   20  653  634.00000  487.94498  23.0%  6423  913s
  1092  1032  507.25375   29  678  634.00000  491.95803  22.4%  6417  918s
  1093  1033  570.82807  230  704  634.00000  499.85900  21.2%  6412  927s
  1094  1033  515.02028   52  717  634.00000  503.58193  20.6%  6406  933s
H 1094   981                     632.0000000  508.49919  19.5%  6406  942s
  1096   983  566.39448  215  704  632.00000  511.01224  19.1%  6394  948s
  1097   983  540.14535   69  740  632.00000  515.52883  18.4%  6388  954s
  1098   984  576.01739  258  766  632.00000  517.53603  18.1%  6382  959s
  1099   985  557.63725  156  761  632.00000  524.31281  17.0%  6377  975s
  1100   985  568.97895  282  758  632.00000  526.57362  16.7%  6371  983s
  1101   986  531.03268   34  731  632.00000  531.03268  16.0%  6365  990s
  1102   987  531.33539   17  785  632.00000  531.33539  15.9%  6359  996s
  1103   987  558.15681  214  822  632.00000  534.00558  15.5%  6353 1001s
  1104   988  534.08718  108  850  632.00000  534.08718  15.5%  6348 1007s
  1105   989  548.55218  110  775  632.00000  536.58381  15.1%  6342 1014s
  1106   989  536.81327   30  811  632.00000  536.78293  15.1%  6336 1020s
  1107   990  545.82246  142  827  632.00000  539.02478  14.7%  6331 1026s
  1108   991  540.41265  140  821  632.00000  540.41265  14.5%  6325 1033s
  1109   991  558.47072  162  824  632.00000  541.10145  14.4%  6319 1037s
  1110   992  541.44085    9  848  632.00000  541.44085  14.3%  6313 1043s
  1111   993  541.97184   39  860  632.00000  541.97184  14.2%  6308 1046s
  1112   993  562.38276  191  851  632.00000  542.47483  14.2%  6302 1054s
  1113   994  544.38307   94  843  632.00000  544.38307  13.9%  6296 1062s
  1114   995  556.77937  163  861  632.00000  544.49452  13.8%  6291 1068s
  1115   995  545.73577   71  868  632.00000  545.73577  13.6%  6285 1073s
  1116   996  547.00389   25  826  632.00000  547.00389  13.4%  6279 1081s
  1117   997  563.90971  200  822  632.00000  548.49837  13.2%  6274 1087s
  1118   997  556.54410  203  853  632.00000  548.49837  13.2%  6268 1091s
  1119   998  555.17293  135  846  632.00000  549.45168  13.1%  6263 1098s
  1120   999  561.01799  202  866  632.00000  549.56719  13.0%  6257 1103s
  1121   999  550.42080   88  866  632.00000  550.42080  12.9%  6251 1109s
  1122  1000  550.72196  131  867  632.00000  550.72196  12.9%  6246 1113s
  1123  1001  551.24065  110  872  632.00000  551.24065  12.8%  6240 1119s
  1124  1001  551.39393   90  920  632.00000  551.39393  12.8%  6235 1123s
H 1124   951                     631.0000000  552.56586  12.4%  6235 1131s
  1126   953  552.80531   34  890  631.00000  552.80531  12.4%  6224 1137s
  1127   953  553.38466  113  906  631.00000  553.38466  12.3%  6218 1142s
  1128   954  553.38466   96  956  631.00000  553.38466  12.3%  6213 1146s
  1129   955  559.14181  181  919  631.00000  553.57143  12.3%  6207 1158s
  1130   955  553.96541   47  883  631.00000  553.96541  12.2%  6202 1163s
H 1130   906                     630.0000000  554.38288  12.0%  6202 1173s
  1131   907  554.38288   26  921  630.00000  554.38288  12.0%  6196 1245s
  1133   908  572.46408  227  916  630.00000  555.06679  11.9%  6185 1255s
  1135   910  555.55860   95  939  630.00000  555.55860  11.8%  6174 1263s
  1136   910  555.67103  141  946  630.00000  555.67103  11.8%  6169 1265s
  1137   911  556.24578  103  918  630.00000  556.24578  11.7%  6164 1271s
  1138   912  556.24578   43  937  630.00000  556.24578  11.7%  6158 1275s
H 1138   866                     628.0000000  556.38535  11.4%  6158 1277s
  1140   867  556.60822  116  942  628.00000  556.60822  11.4%  6147 1287s
  1141   868  566.01893  226  894  628.00000  557.31930  11.3%  6142 1301s
  1142   868  557.58294  163  908  628.00000  557.58294  11.2%  6137 1306s
  1144   870  574.07255  250  955  628.00000  557.99918  11.1%  6126 1312s
  1145   870  558.41614   92  938  628.00000  558.41614  11.1%  6120 1315s
  1146   871  558.41614   79  954  628.00000  558.41614  11.1%  6115 1320s
  1147   872  564.94149  249  952  628.00000  558.62657  11.0%  6110 1325s
  1149   873  559.07544   10  897  628.00000  559.07544  11.0%  6099 1334s
  1150   874  560.38559  182  874  628.00000  559.27897  10.9%  6094 1338s
  1151   874  559.62405  153  921  628.00000  559.62405  10.9%  6089 1342s
  1152   875  559.62405  109  911  628.00000  559.62405  10.9%  6083 1345s
  1154   876  573.08471  248  949  628.00000  560.03380  10.8%  6073 1352s
  1155   877  560.15326  123  964  628.00000  560.15326  10.8%  6067 1355s
  1157   878  572.49592  239  924  628.00000  560.17875  10.8%  6057 1361s
  1159   880  560.50207   47  967  628.00000  560.50207  10.7%  6047 1366s
  1161   881  560.59962  118  988  628.00000  560.59962  10.7%  6036 1375s
  1163   882  560.80451   84  914  628.00000  560.80451  10.7%  6026 1381s
  1165   884  561.77013   75  906  628.00000  561.77013  10.5%  6015 1388s
  1166   884  564.96055  174  913  628.00000  561.77013  10.5%  6010 1392s
  1167   885  564.42623  141  939  628.00000  561.95351  10.5%  6005 1397s
  1168   886  561.95351  120  962  628.00000  561.95351  10.5%  6000 1400s
  1170   887  562.56371  141  982  628.00000  562.56371  10.4%  5990 1408s
  1171   888  562.81776  186  955  628.00000  562.81776  10.4%  5985 1412s
  1173   889  563.34279  134  950  628.00000  563.34279  10.3%  5974 1425s
  1175   890  566.22582  212  928  628.00000  563.62662  10.3%  5964 1433s
  1176   891  563.69631   20  941  628.00000  563.69631  10.2%  5959 1436s
  1178   892  563.98845  168  975  628.00000  563.98845  10.2%  5949 1442s
  1179   893  564.11053   40  918  628.00000  564.11053  10.2%  5944 1446s
  1181   894  564.63715  153  937  628.00000  564.63715  10.1%  5934 1453s
  1182   895  564.63715  204  963  628.00000  564.63715  10.1%  5929 1455s
  1183   896  564.72378   74  950  628.00000  564.72378  10.1%  5924 1460s
  1185   897  564.94892   90  931  628.00000  564.94892  10.0%  5914 1467s
  1186   898  565.05139  160  945  628.00000  565.05139  10.0%  5909 1470s
  1188   899  565.54282  164  938  628.00000  565.54282  9.95%  5899 1476s
  1189   900  565.54282   34  965  628.00000  565.54282  9.95%  5894 1482s
  1191   901  566.05885   20  956  628.00000  566.05885  9.86%  5884 1489s
  1192   902  566.05885   29  973  628.00000  566.05885  9.86%  5879 1490s
  1194   903  566.05885   52  944  628.00000  566.05885  9.86%  5869 1496s
  1196   904  566.39448  215  955  628.00000  566.20189  9.84%  5859 1501s
  1197   905  566.20189   69  960  628.00000  566.20189  9.84%  5855 1505s
  1200   907  568.97895  282  967  628.00000  566.20189  9.84%  5840 1511s
  1201   908  566.26011   34  963  628.00000  566.26011  9.83%  5835 1517s
  1203   909  566.71107  214  943  628.00000  566.71107  9.76%  5825 1523s
  1204   910  566.71107  108  981  628.00000  566.71107  9.76%  5821 1525s
  1207   912  566.97985  142  954  628.00000  566.97985  9.72%  5806 1531s
  1209   913  566.97985  162  970  628.00000  566.97985  9.72%  5796 1536s
  1211   914  567.01600   39  984  628.00000  567.01600  9.71%  5787 1542s
  1213   916  567.01600   94 1002  628.00000  567.01600  9.71%  5777 1548s
  1215   917  567.14457   71  969  628.00000  567.14457  9.69%  5768 1552s
  1217   918  567.50331  200  980  628.00000  567.50331  9.63%  5758 1557s
  1219   920  567.68549  135  954  628.00000  567.68549  9.60%  5749 1562s
  1221   921  567.74748   88  979  628.00000  567.74748  9.59%  5739 1566s
  1224   923  567.76094   90  984  628.00000  567.76094  9.59%  5725 1570s
  1226   924  567.76094   34  986  628.00000  567.76094  9.59%  5716 1575s
  1229   926  567.78812  181  987  628.00000  567.78812  9.59%  5702 1581s
  1232   928  567.88528  103  987  628.00000  567.88528  9.57%  5688 1585s
  1235   930  568.01434   95  987  628.00000  568.01434  9.55%  5674 1590s
  1237   932  568.08559  103  959  628.00000  568.08559  9.54%  5665 1596s
  1239   933  568.15299   31  978  628.00000  568.15299  9.53%  5656 1601s
  1241   934  568.40439  226  949  628.00000  568.40439  9.49%  5647 1607s
  1243   936  568.58094  222  995  628.00000  568.58094  9.46%  5638 1613s
  1244   936  574.07255  250  994  628.00000  568.58094  9.46%  5633 1615s
  1246   938  569.28251   79  913  628.00000  569.28251  9.35%  5624 1622s
  1247   938  569.37408  249  926  628.00000  569.37408  9.34%  5620 1625s
  1249   940  569.49330   10  958  628.00000  569.49330  9.32%  5611 1633s
  1251   941  569.49330  153  980  628.00000  569.49330  9.32%  5602 1637s
  1253   942  569.61871  113  956  628.00000  569.61871  9.30%  5593 1641s
  1255   944  569.70115  123  963  628.00000  569.70115  9.28%  5584 1646s
  1257   945  572.49592  239  978  628.00000  569.80780  9.27%  5575 1651s
  1259   946  569.80780   47 1002  628.00000  569.80780  9.27%  5566 1655s
  1263   949  569.80780   84 1002  628.00000  569.80780  9.27%  5549 1660s
  1266   951  569.80780  174 1013  628.00000  569.80780  9.27%  5535 1665s
  1268   952  569.93322  120  991  628.00000  569.93322  9.25%  5527 1670s
  1270   954  569.93322  141  984  628.00000  569.93322  9.25%  5518 1675s
  1273   956  570.00197  134  958  628.00000  570.00197  9.24%  5505 1681s
  1275   957  570.17996  212  984  628.00000  570.17996  9.21%  5496 1686s
  1277   958  570.18872  266 1017  628.00000  570.18872  9.21%  5488 1691s
  1280   960  570.21381   21 1041  628.00000  570.21381  9.20%  5475 1695s
  1281   961  570.32246  153  985  628.00000  570.32246  9.18%  5471 1700s
  1283   962  570.33943   74 1004  628.00000  570.33943  9.18%  5462 1705s
  1286   964  570.44600  160  985  628.00000  570.44600  9.16%  5449 1711s
  1291   969  570.58390   20  468  628.00000  570.58390  9.14%  6168 1728s
  1292   970  570.58390   29  516  628.00000  570.58390  9.14%  6163 1757s
  1293   971  570.82807  230  588  628.00000  570.58390  9.14%  6158 1769s
  1294   971  570.58390   52  600  628.00000  570.58390  9.14%  6153 1778s
  1295   972  570.58390  203  602  628.00000  570.58390  9.14%  6149 1788s
  1296   973  570.59256  215  585  628.00000  570.59256  9.14%  6144 1799s
  1297   973  570.59256   69  675  628.00000  570.59256  9.14%  6139 1808s
  1298   974  576.01739  258  700  628.00000  570.59256  9.14%  6134 1819s
  1299   975  570.59256  156  681  628.00000  570.59256  9.14%  6130 1825s
  1300   975  570.59256  282  701  628.00000  570.59256  9.14%  6125 1831s
  1301   976  570.59256   34  725  628.00000  570.59256  9.14%  6120 1841s
  1302   977  570.59256   17  705  628.00000  570.59256  9.14%  6116 1919s
  1303   977  570.76253  214  734  628.00000  570.76253  9.11%  6111 1929s
H 1303   927                     627.0000000  570.76253  8.97%  6111 1935s
  1305   929  570.76253  110  776  627.00000  570.76253  8.97%  6102 1943s
  1306   929  570.76253   30  799  627.00000  570.76253  8.97%  6097 1950s
  1307   930  570.76253  142  811  627.00000  570.76253  8.97%  6092 1955s
  1308   931  570.76253  140  797  627.00000  570.76253  8.97%  6088 1963s
  1309   931  570.76253  162  793  627.00000  570.76253  8.97%  6083 1971s
  1310   932  570.76253    9  820  627.00000  570.76253  8.97%  6078 1980s
  1311   933  570.76253   39  866  627.00000  570.76253  8.97%  6074 1987s
  1312   933  570.76253  191  875  627.00000  570.76253  8.97%  6069 1993s
  1313   934  570.76253   94  914  627.00000  570.76253  8.97%  6064 1997s
  1314   935  570.76253  163  906  627.00000  570.76253  8.97%  6060 2003s
  1315   935  570.76253   71  897  627.00000  570.76253  8.97%  6055 2006s
  1316   936  571.14212   25  892  627.00000  571.14212  8.91%  6051 2012s
  1317   937  571.14212  200  900  627.00000  571.14212  8.91%  6046 2019s
  1318   937  571.54362  203  884  627.00000  571.54362  8.84%  6041 2023s
  1319   938  571.54362  135  914  627.00000  571.54362  8.84%  6037 2025s
  1320   939  572.21135  202  878  627.00000  572.21135  8.74%  6032 2039s
  1321   939  572.21135   88  880  627.00000  572.21135  8.74%  6028 2043s
  1322   940  573.13911  131  858  627.00000  573.13911  8.59%  6023 2048s
  1323   941  573.62272  110  869  627.00000  573.62272  8.51%  6019 2057s
  1324   941  574.01205   90  862  627.00000  574.01205  8.45%  6014 2064s
  1325   942  574.05255  175  909  627.00000  574.05255  8.44%  6009 2068s
  1326   943  574.37564   34  897  627.00000  574.37564  8.39%  6005 2073s
  1327   943  574.44677  113  908  627.00000  574.44677  8.38%  6000 2081s
  1328   944  574.61189   96  930  627.00000  574.61189  8.36%  5996 2085s
  1331   946  574.74725   26  940  627.00000  574.74725  8.33%  5982 2092s
  1332   947  574.96351  103  944  627.00000  574.96351  8.30%  5978 2098s
  1333   947  574.96351  227  954  627.00000  574.96351  8.30%  5973 2100s
  1335   949  575.21410   95  975  627.00000  575.21410  8.26%  5964 2106s
  1337   950  575.24442  103  974  627.00000  575.24442  8.25%  5955 2111s
  1338   951  575.83676   43  955  627.00000  575.83676  8.16%  5951 2116s
  1340   952  576.05757  116  981  627.00000  576.05757  8.12%  5942 2124s
  1341   953  576.05757  226  967  627.00000  576.05757  8.12%  5938 2126s
  1342   953  576.33768  163  951  627.00000  576.33768  8.08%  5933 2132s
  1343   954  576.33768  222  974  627.00000  576.33768  8.08%  5929 2135s
  1344   955  576.56724  250  966  627.00000  576.56724  8.04%  5924 2146s
  1345   955  576.56724   92  954  627.00000  576.56724  8.04%  5920 2150s
  1347   957  576.65347  249  937  627.00000  576.65347  8.03%  5911 2156s
  1349   958  576.94583   10  954  627.00000  576.94583  7.98%  5903 2161s
  1351   959  576.94583  153  951  627.00000  576.94583  7.98%  5894 2166s
  1352   960  577.06570  109  947  627.00000  577.06570  7.96%  5889 2170s
  1354   961  577.06570  248  989  627.00000  577.06570  7.96%  5881 2175s
  1356   963  577.17340  181  979  627.00000  577.17340  7.95%  5872 2180s
  1358   964  577.21724  275  978  627.00000  577.21724  7.94%  5863 2185s
  1360   965  577.35641  173  950  627.00000  577.35641  7.92%  5855 2190s
  1362   967  577.44673  191  986  627.00000  577.44673  7.90%  5846 2196s
  1364   968  577.53039  235  983  627.00000  577.53039  7.89%  5838 2201s
  1366   969  577.53039  174  983  627.00000  577.53039  7.89%  5829 2206s
  1368   971  577.53039  120 1004  627.00000  577.53039  7.89%  5821 2210s
  1372   973  577.59353   24  973  627.00000  577.59353  7.88%  5804 2223s
  1373   974  577.59353  134  982  627.00000  577.59353  7.88%  5799 2225s
  1375   975  577.70676  212  980  627.00000  577.70676  7.86%  5791 2230s
  1378   977  577.76632  168  989  627.00000  577.76632  7.85%  5778 2237s
  1380   979  578.02468   21  952  627.00000  578.02468  7.81%  5770 2240s
  1382   980  578.02468  204  967  627.00000  578.02468  7.81%  5762 2245s
  1384   981  578.17061   98  977  627.00000  578.17061  7.79%  5753 2253s
  1386   983  578.17061  160  987  627.00000  578.17061  7.79%  5745 2258s
  1387   983  578.17061  167  979  627.00000  578.17061  7.79%  5741 2260s
  1389   985  578.17061   34 1008  627.00000  578.17061  7.79%  5733 2265s
  1391   986  578.17061   20 1008  627.00000  578.17061  7.79%  5724 2270s
  1393   987  578.34794  230  979  627.00000  578.34794  7.76%  5716 2276s
  1394   988  578.47644   52  965  627.00000  578.47644  7.74%  5712 2280s
  1397   990  578.47644   69 1034  627.00000  578.47644  7.74%  5700 2285s
  1400   992  578.47644  282 1034  627.00000  578.47644  7.74%  5688 2299s
  1404   996  578.47644  108  470  627.00000  578.47644  7.74%  6158 2300s
  1406   997  578.47644   30  469  627.00000  578.47644  7.74%  6149 2318s
  1407   998  578.47644  142  547  627.00000  578.47644  7.74%  6144 2366s
  1408   999  578.47644  140  569  627.00000  578.47644  7.74%  6140 2373s
  1409   999  578.47644  162  652  627.00000  578.47644  7.74%  6136 2382s
  1410  1000  578.47644    9  613  627.00000  578.47644  7.74%  6131 2391s
  1411  1001  578.47644   39  619  627.00000  578.47644  7.74%  6127 2399s
  1412  1001  578.48193  191  673  627.00000  578.48193  7.74%  6123 2407s
  1413  1002  578.48193   94  672  627.00000  578.48193  7.74%  6118 2413s
  1414  1003  578.57463  163  663  627.00000  578.57463  7.72%  6114 2419s
  1415  1003  578.57463   71  657  627.00000  578.57463  7.72%  6110 2425s
  1416  1004  578.57463   25  682  627.00000  578.57463  7.72%  6105 2433s
  1417  1005  578.57463  200  695  627.00000  578.57463  7.72%  6101 2505s
  1418  1005  578.68248  203  722  627.00000  578.68248  7.71%  6097 2512s
  1419  1006  578.68248  135  760  627.00000  578.68248  7.71%  6092 2521s
  1420  1007  578.68248  202  762  627.00000  578.68248  7.71%  6088 2530s
  1422  1008  578.68248  131  807  627.00000  578.68248  7.71%  6080 2539s
  1423  1009  578.68248  110  803  627.00000  578.68248  7.71%  6075 2547s
  1424  1009  578.68248   90  819  627.00000  578.68248  7.71%  6071 2551s
  1426  1011  578.68248   34  842  627.00000  578.68248  7.71%  6063 2560s
  1428  1012  578.68248   96  893  627.00000  578.68248  7.71%  6054 2568s
  1429  1013  578.68248  181  875  627.00000  578.68248  7.71%  6050 2575s
  1430  1013  578.68248   47  896  627.00000  578.68248  7.71%  6046 2580s
  1431  1014  578.74228   26  909  627.00000  578.74228  7.70%  6041 2593s
  1432  1015  578.79059  103  899  627.00000  578.79059  7.69%  6037 2599s
  1433  1015  578.79059  227  905  627.00000  578.79059  7.69%  6033 2606s
  1434  1016  578.79059    8  906  627.00000  578.79059  7.69%  6029 2613s
  1435  1017  578.86147   95  881  627.00000  578.86147  7.68%  6025 2619s
  1436  1017  578.86147  141  908  627.00000  578.86147  7.68%  6020 2624s
  1437  1018  578.95941  103  869  627.00000  578.95941  7.66%  6016 2626s
  1438  1019  578.99566   43  937  627.00000  578.99566  7.66%  6012 2631s
  1439  1019  579.42223   31  914  627.00000  579.42223  7.59%  6008 2640s
  1441  1021  579.72669  226  944  627.00000  579.72669  7.54%  5999 2651s
  1443  1022  579.92455  222  952  627.00000  579.92455  7.51%  5991 2655s
  1445  1023  580.05317   92  945  627.00000  580.05317  7.49%  5983 2661s
  1447  1025  580.05317  249  967  627.00000  580.05317  7.49%  5975 2670s
  1449  1026  580.26888   10  987  627.00000  580.26888  7.45%  5966 2676s
  1451  1027  580.26888  153 1005  627.00000  580.26888  7.45%  5958 2688s
  1452  1028  580.26888  109 1005  627.00000  580.26888  7.45%  5954 2690s
  1454  1029  580.26888  248 1013  627.00000  580.26888  7.45%  5946 2695s
  1456  1031  580.26888  181 1006  627.00000  580.26888  7.45%  5938 2700s
  1458  1032  580.26888  275  974  627.00000  580.26888  7.45%  5930 2706s
  1459  1033  580.29819   47  989  627.00000  580.29819  7.45%  5925 2710s
  1460  1033  580.29819  173  974  627.00000  580.29819  7.45%  5921 2715s
  1461  1034  580.30159  118  995  627.00000  580.30159  7.45%  5917 2720s
  1463  1035  580.38780   84  987  627.00000  580.38780  7.43%  5909 2726s
  1465  1037  580.38780   75  999  627.00000  580.38780  7.43%  5901 2731s
  1466  1037  580.38780  174  989  627.00000  580.38780  7.43%  5897 2735s
  1468  1039  580.38780  120  999  627.00000  580.38780  7.43%  5889 2742s
  1469  1039  580.47272  148  997  627.00000  580.47272  7.42%  5885 2750s
  1471  1041  580.47272  186 1008  627.00000  580.47272  7.42%  5877 2757s
  1472  1041  580.47272   24  996  627.00000  580.47272  7.42%  5873 2760s
  1474  1043  580.66409  219 1005  627.00000  580.66409  7.39%  5865 2766s
  1476  1044  580.66409   20 1027  627.00000  580.66409  7.39%  5857 2771s
  1478  1045  580.66409  168 1026  627.00000  580.66409  7.39%  5849 2775s
  1479  1046  580.66409   40  952  627.00000  580.66409  7.39%  5845 2782s
  1481  1047  580.67134  153  975  627.00000  580.67134  7.39%  5837 2787s
  1482  1048  580.73247  204  926  627.00000  580.73247  7.38%  5833 2806s
  1483  1049  580.73247   74  926  627.00000  580.73247  7.38%  5830 2828s
  1484  1052  580.73247   34  860  627.00000  580.73247  7.38%  6291 2859s
  1486  1056  581.22578   35  807  627.00000  580.73247  7.38%  6295 2868s
  1490  1058  581.82183   36  862  627.00000  581.22780  7.30%  6299 2881s
  1494  1060  582.02675   37  823  627.00000  581.22780  7.30%  6337 2894s
  1497  1062  582.97711   38  721  627.00000  581.22780  7.30%  6363 2906s
  1500  1065  585.16484   38  738  627.00000  581.22780  7.30%  6415 2922s
  1504  1070  595.53616   40  648  627.00000  581.22780  7.30%  6470 2934s
  1510  1075  595.84237   41  599  627.00000  581.22780  7.30%  6477 2947s
  1517  1084  595.98356   42  584  627.00000  581.22780  7.30%  6487 2956s
  1529  1089  599.09411   44  543  627.00000  581.22780  7.30%  6465 2966s
  1538  1095  600.80269   46  517  627.00000  581.22780  7.30%  6457 2979s
  1547  1102  597.85196   47  503  627.00000  581.22780  7.30%  6445 2990s
  1557  1110  601.44664   49  541  627.00000  581.22780  7.30%  6439 3002s
  1568  1114  605.01354   50  541  627.00000  581.22780  7.30%  6436 3013s
  1576  1121  605.44318   52  488  627.00000  581.22780  7.30%  6442 3022s
  1585  1128  613.25983   53  484  627.00000  581.22780  7.30%  6441 3029s
  1595  1133  611.12258   55  503  627.00000  581.22780  7.30%  6435 3039s
  1606  1140  607.88114   56  495  627.00000  581.22780  7.30%  6427 3051s
  1616  1155  613.29287   58  463  627.00000  581.22780  7.30%  6420 3059s
  1635  1165  614.00039   62  459  627.00000  581.22780  7.30%  6386 3065s
  1655  1180  617.91944   66  401  627.00000  581.22780  7.30%  6358 3071s
  1681  1192  622.91362   71  380  627.00000  581.22780  7.30%  6298 3079s
  1713  1192  582.25411   39  818  627.00000  581.22780  7.30%  6215 3086s
  1740  1183  594.11372   53  664  627.00000  581.22780  7.30%  6141 3098s
  1764  1177  582.49920   40  797  627.00000  581.22780  7.30%  6081 3117s
  1771  1179  594.88466   55  662  627.00000  581.90487  7.19%  6070 3129s
  1775  1180  583.80246   41  751  627.00000  581.90487  7.19%  6078 3141s
  1778  1183  596.21806   57  632  627.00000  581.90487  7.19%  6077 3154s
  1782  1182  600.77096   58  574  627.00000  581.90487  7.19%  6082 3166s
  1784  1181  609.46620   58  526  627.00000  581.90487  7.19%  6085 3179s
  1788  1184  620.18987   67  403  627.00000  582.09482  7.16%  6075 3200s
  1807  1183  602.23219   60  580  627.00000  582.09482  7.16%  6037 3211s
  1825  1183  587.94449   37  758  627.00000  582.26346  7.14%  6006 3226s
  1831  1186  587.97832   38  755  627.00000  582.26346  7.14%  6003 3243s
  1836  1187  615.76423   63  534  627.00000  582.26346  7.14%  6016 3254s
  1839  1199  593.51332   40  648  627.00000  582.26346  7.14%  6022 3267s
  1852  1210  616.44475   69  522  627.00000  582.26346  7.14%  6016 3286s
  1873  1206  597.03850   41  585  627.00000  582.26346  7.14%  5988 3305s
  1889  1207  597.85003   42  575  627.00000  582.26346  7.14%  5960 3328s
  1896  1212  599.53218   44  588  627.00000  582.26346  7.14%  5986 3348s
  1903  1216  602.29366   52  587  627.00000  582.26346  7.14%  5999 3367s
  1909  1223  603.46603   45  518  627.00000  582.26346  7.14%  6010 3387s
  1918  1241  607.55757   47  503  627.00000  582.26346  7.14%  6045 3404s
  1939  1259  610.59308   52  464  627.00000  582.26346  7.14%  6050 3419s
  1980  1252  622.05387   75  394  627.00000  582.26346  7.14%  5977 3445s
  1995  1270  622.05392   76  397  627.00000  582.26346  7.14%  5945 3462s
  2044  1276  611.61252   58  438  627.00000  582.37068  7.12%  5839 3491s
  2100  1262  587.36050   41  798  627.00000  582.83583  7.04%  5726 3518s
  2105  1266  589.57422   42  799  627.00000  582.83583  7.04%  5749 3544s
  2111  1271  589.65405   43  775  627.00000  582.83583  7.04%  5767 3573s
  2118  1279  594.99726   44  746  627.00000  582.83583  7.04%  5799 3596s
  2128  1279  595.19328   45  754  627.00000  582.83583  7.04%  5818 3627s
  2138  1283  601.55959   46  692  627.00000  582.83583  7.04%  5820 3653s
  2146  1290  604.10099   49  669  627.00000  582.83583  7.04%  5855 3685s
  2155  1304  605.50800   51  656  627.00000  582.83583  7.04%  5896 3703s
  2172  1318  614.17338   57  603  627.00000  583.03983  7.01%  5928 3743s
  2213  1314  587.64335   38  797  627.00000  583.03983  7.01%  5891 3770s
  2223  1331  589.60210   39  748  627.00000  583.03983  7.01%  5914 3797s
  2244  1342  589.71535   40  756  627.00000  583.03983  7.01%  5922 3833s
  2279  1367  596.85879   44  679  627.00000  583.03983  7.01%  5897 3858s
  2317  1381  598.42510   49  663  627.00000  583.03983  7.01%  5874 3886s
  2352  1394  601.64429   53  616  627.00000  583.03983  7.01%  5860 3917s
  2406  1403  614.28362   61  513  627.00000  583.03983  7.01%  5805 3952s
  2454  1413  587.13274   37  848  627.00000  583.03983  7.01%  5773 3990s
  2497  1414  595.00823   41  702  627.00000  583.03983  7.01%  5754 4021s
  2512  1435  596.91627   44  655  627.00000  583.03983  7.01%  5778 4061s
  2538  1467  599.02720   49  641  627.00000  583.03983  7.01%  5816 4102s
  2591  1479  600.93788   53  585  627.00000  583.03983  7.01%  5783 4139s
  2645  1476  603.97871   57  600  627.00000  583.03983  7.01%  5748 4183s
  2660  1511  606.22482   61  569  627.00000  583.03983  7.01%  5801 4220s
  2705  1574  600.33529   44  593  627.00000  583.03983  7.01%  5844 4272s
  2813  1569  604.32914   53  514  627.00000  583.03983  7.01%  5725 4322s
  2874  1576  590.26016   43  752  627.00000  584.31447  6.81%  5710 4362s
  2901  1617  597.16449   46  645  627.00000  584.31447  6.81%  5743 4415s
  3002  1616  599.57631   50  500  627.00000  584.31447  6.81%  5647 4466s
  3035  1661  603.67341   55  442  627.00000  584.46276  6.78%  5664 4521s
  3109  1671  588.76185   39  738  627.00000  584.46276  6.78%  5643 4577s
  3143  1736  590.01704   42  703  627.00000  584.46276  6.78%  5655 4632s
  3233  1759  594.14357   46  625  627.00000  584.46276  6.78%  5610 4701s
  3298  1806  603.58415   55  524  627.00000  584.47744  6.78%  5595 4772s
  3400  1810  585.38410   42  764  627.00000  584.47744  6.78%  5522 4833s
  3449  1826  590.54654   45  662  627.00000  584.47744  6.78%  5511 4891s
  3489  1871  593.39158   52  654  627.00000  584.47744  6.78%  5537 4960s
  3566  1891  596.98701   60  612  627.00000  584.47744  6.78%  5526 5036s
  3612  1960  605.44053   75  539  627.00000  584.65920  6.75%  5559 5108s
  3709  2031  601.26363   43  582  627.00000  584.65920  6.75%  5572 5200s
  3848  2035  610.34126   57  537  627.00000  584.65920  6.75%  5514 5285s
  3910  2068  594.33319   43  647  627.00000  584.65920  6.75%  5536 5371s
  3984  2073  598.53005   50  611  627.00000  584.65920  6.75%  5563 5462s
  4034  2103  603.30993   58  610  627.00000  584.65920  6.75%  5604 5529s
  4091  2138  596.00233   49  696  627.00000  584.65920  6.75%  5633 5621s
  4165  2212  602.60116   55  617  627.00000  584.65920  6.75%  5666 5734s
  4296  2250  592.78634   44  736  627.00000  584.65920  6.75%  5618 5835s
  4422  2301  598.06527   54  583  627.00000  584.65920  6.75%  5606 5944s
  4537  2353  588.15399   40  863  627.00000  584.65920  6.75%  5582 6070s
  4670  2399  607.47283   52  543  627.00000  584.65920  6.75%  5566 6192s
  4772  2405  600.21474   48  677  627.00000  585.92906  6.55%  5582 6290s
  4779  2425  600.31015   49  646  627.00000  585.92906  6.55%  5584 6407s
  4799  2549  601.87330   51  617  627.00000  585.97655  6.54%  5615 6542s
  4951  2660  606.67047   43  687  627.00000  586.23947  6.50%  5600 6676s
  5113  2755  594.28610   53  721  627.00000  586.62383  6.44%  5555 6852s
  5230  2838  598.40557   48  635  627.00000  586.93572  6.39%  5577 6996s
  5356  2984  598.75424   42  562  627.00000  587.02274  6.38%  5601 7147s
  5530  3141  602.98535   43  605  627.00000  587.04091  6.37%  5568 7303s
  5734  3261  596.29051   46  690  627.00000  587.23125  6.34%  5541 7466s
  5906  3378  595.73550   48  712  627.00000  587.26565  6.34%  5529 7632s
  6048  3536  601.04748   44  596  627.00000  587.31258  6.33%  5551 7777s
  6266  3658  593.36763   50  759  627.00000  587.52009  6.30%  5518 7954s
  6419  3779  596.27751   49  695  627.00000  587.64577  6.28%  5526 8105s
  6575  3920  591.75579   48  640  627.00000  587.82697  6.25%  5536 8293s
  6771  4134  599.30867   53  609  627.00000  588.03511  6.21%  5526 8490s
  7019  4341  601.56058   57  628  627.00000  588.14317  6.20%  5515 8733s
  7320  4536  596.47579   50  677  627.00000  588.24994  6.18%  5467 8973s
  7574  4705  594.53966   46  655  627.00000  588.38804  6.16%  5453 9186s
  7776  4937  608.18282   63  540  627.00000  588.66928  6.11%  5485 9412s
  8082  5160  606.55793   66  567  627.00000  588.77874  6.10%  5449 9651s
  8395  5386  607.60606   48  458  627.00000  589.33504  6.01%  5407 9906s
  8722  5691  614.68214   67  468  627.00000  589.50880  5.98%  5385 10152s
  9220  5921  596.42542   44  640  627.00000  589.65897  5.96%  5279 10387s
  9509  6210  608.36152   69  520  627.00000  589.72383  5.95%  5282 10636s
  9932  6456  594.56171   45  569  627.00000  589.94806  5.91%  5252 10887s
 10318  6764  616.55800   51  587  627.00000  590.08873  5.89%  5212 11168s
 10746  7029  600.62014   44  616  627.00000  590.15112  5.88%  5177 11420s
 11141  7355  594.10929   47  811  627.00000  590.32297  5.85%  5145 11666s
 11602  7690  597.60910   41  781  627.00000  590.55654  5.81%  5082 11891s
 12062  7976  596.93433   52  636  627.00000  590.75271  5.78%  5055 12104s
 12471  8312  602.07668   52  586  627.00000  590.91116  5.76%  5035 12317s
 12949  8674  596.19811   53  701  627.00000  591.06263  5.73%  4992 12518s
 13431  8957  620.03160   72  580  627.00000  591.12882  5.72%  4942 12714s
 13866  9268  592.84058   44  700  627.00000  591.43922  5.67%  4915 12905s
 14348  9527  596.66831   51  577  627.00000  591.54252  5.66%  4875 13093s
 14687  9625  609.69021   58  592  627.00000  591.73274  5.62%  4862 13292s
 14800  9936  601.08877   51  616  627.00000  591.73274  5.62%  4872 13483s
 15242 10253  604.02476   55  559  627.00000  591.78162  5.62%  4857 13670s
 15680 10601  624.08879   87  455  627.00000  591.94956  5.59%  4841 13856s
 16132 10883  614.31547   54  542  627.00000  592.05083  5.57%  4820 14047s
 16599 11203  598.56453   52  646  627.00000  592.25209  5.54%  4803 14242s
 17002 11505  624.73480   72  355  627.00000  592.36795  5.52%  4783 14424s
 17448 11807  603.29105   44  679  627.00000  592.59063  5.49%  4773 14607s
 17908 12154  599.47178   57  489  627.00000  592.69155  5.47%  4750 14789s
 18421 12472  605.41122   56  553  627.00000  592.87847  5.44%  4732 14981s
 18866 12860  603.98770   45  588  627.00000  592.96883  5.43%  4719 15156s
 19414 13168  600.20553   49  634  627.00000  593.09533  5.41%  4691 15352s
 19875 13490  598.89876   42  729  627.00000  593.14413  5.40%  4674 15527s
 20321 13843  605.11412   63  553  627.00000  593.18866  5.39%  4653 15704s
 20801 13844  609.46355   57  470  627.00000  593.29109  5.38%  4642 16376s
 20803 13845  623.55575   68  468  627.00000  593.29109  5.38%  4641 16391s
 20804 13846  602.23561   62  564  627.00000  593.29109  5.38%  4641 16424s
 20805 13847  622.21041   74  601  627.00000  593.29109  5.38%  4641 16431s
 20806 13847  607.49166   68  610  627.00000  593.29109  5.38%  4640 16437s
 20807 13848  606.03595   44  639  627.00000  593.29109  5.38%  4640 16442s
 20808 13849  617.10844   67  626  627.00000  593.29109  5.38%  4640 16449s
 20809 13849  615.10917   63  644  627.00000  593.29109  5.38%  4640 16455s
 20810 13850  617.74278   87  644  627.00000  593.29109  5.38%  4640 16460s
 20811 13851  607.37328   49  694  627.00000  593.29109  5.38%  4639 16466s
 20812 13851  622.70084   73  731  627.00000  593.29109  5.38%  4639 16470s
 20813 13852  610.10593   60  725  627.00000  593.29109  5.38%  4639 16478s
 20814 13853  595.53117   44  718  627.00000  593.29109  5.38%  4639 16481s
 20815 13853  601.34523   42  742  627.00000  593.29109  5.38%  4638 16486s
 20816 13854  613.46763   65  784  627.00000  593.29109  5.38%  4638 16491s
 20817 13855  616.22983   76  758  627.00000  593.29109  5.38%  4638 16496s
 20819 13856  622.90441   82  790  627.00000  593.29109  5.38%  4638 16504s
 20820 13857  615.94359   66  814  627.00000  593.29109  5.38%  4637 16509s
 20821 13857  621.99938   72  813  627.00000  593.29109  5.38%  4637 16512s
 20822 13858  624.09065   49  797  627.00000  593.29109  5.38%  4637 16515s
 20824 13859  606.23094   72  802  627.00000  593.29109  5.38%  4636 16525s
 20827 13861  621.17756   97  882  627.00000  593.29109  5.38%  4636 16532s
 20829 13863  596.31166   44  906  627.00000  593.29109  5.38%  4635 16535s
 20832 13865  619.75857   73  913  627.00000  593.29109  5.38%  4635 16540s
 20833 13865  610.88952   61  871  627.00000  593.29109  5.38%  4634 16545s
 20836 13867  618.25523   87  890  627.00000  593.29109  5.38%  4634 16550s
 20843 13872  614.65044   55  946  627.00000  593.29109  5.38%  4632 16556s
 20846 13874  609.46461   50  949  627.00000  593.29109  5.38%  4632 16560s
 20849 13876  601.75956   47  956  627.00000  593.29109  5.38%  4631 16590s
 20853 13879  607.79261   52  976  627.00000  593.29109  5.38%  4630 16618s
 20854 13879  595.40525   52  954  627.00000  593.29109  5.38%  4630 16621s
 20857 13881  621.51406   68 1001  627.00000  593.29109  5.38%  4629 16644s
 20858 13882  615.79203   72  919  627.00000  593.29109  5.38%  4629 16647s
 20862 13885  604.39931   63  974  627.00000  593.29109  5.38%  4628 16650s
 20865 13887  609.75800   72  970  627.00000  593.29109  5.38%  4627 16674s
 20866 13887  610.40730   77  935  627.00000  593.29109  5.38%  4627 16710s
 20869 13889  605.69271   44  962  627.00000  593.29109  5.38%  4626 16735s
 20870 13890  595.60927   53  957  627.00000  593.29109  5.38%  4626 16743s
 20873 13892  623.61130   72  966  627.00000  593.29109  5.38%  4626 16745s
 20875 13893  603.33673   52  980  627.00000  593.29109  5.38%  4625 16770s
 20877 13895  608.37113   55  987  627.00000  593.29109  5.38%  4625 16803s
 20878 13895  614.32302   68  935  627.00000  593.29109  5.38%  4624 16827s
 20883 13899  611.17334   83  983  627.00000  593.29109  5.38%  4623 16853s
 20884 13899  618.14838   84  912  627.00000  593.29109  5.38%  4623 16857s
 20888 13902  598.16049   53  979  627.00000  593.29109  5.38%  4622 16885s
 20891 13904  605.33778   52  944  627.00000  593.29109  5.38%  4622 16910s
 20893 13905  611.88515   49  984  627.00000  593.29109  5.38%  4621 16916s
 20896 13907  615.04191   67 1030  627.00000  593.29109  5.38%  4620 16937s
 20897 13908  609.25133   68  950  627.00000  593.29109  5.38%  4620 16940s
 20900 13910  607.76655   50 1013  627.00000  593.29109  5.38%  4620 16970s
 20902 13911  619.67230   83 1017  627.00000  593.29109  5.38%  4619 16998s
 20903 13912  623.55575   68  960  627.00000  593.29109  5.38%  4619 17001s
 20905 13913  622.21041   74 1003  627.00000  593.29109  5.38%  4618 17030s
 20907 13915  606.03595   44  933  627.00000  593.29109  5.38%  4618 17035s
 20910 13917  617.74278   87  981  627.00000  593.29109  5.38%  4617 17063s
 20911 13917  607.37328   49  989  627.00000  593.29109  5.38%  4617 17070s
 20913 13919  610.10593   60  983  627.00000  593.29109  5.38%  4617 17097s
 20914 13919  595.53117   44  936  627.00000  593.29109  5.38%  4616 17100s
 20920 13923  615.94359   66 1005  627.00000  593.29109  5.38%  4615 17129s
 20921 13924  621.99938   72 1012  627.00000  593.29109  5.38%  4615 17150s
 20922 13925  624.09065   49 1009  627.00000  593.29109  5.38%  4615 17180s
 20924 13926  606.23094   72 1022  627.00000  593.29109  5.38%  4614 17206s
 20926 13927  601.68257   44 1011  627.00000  593.29109  5.38%  4614 17226s
 20928 13929  612.33502   67 1018  627.00000  593.29109  5.38%  4613 17251s
 20929 13929  596.31166   44 1018  627.00000  593.29109  5.38%  4613 17273s
 20930 13930  619.61923   75  940  627.00000  593.29109  5.38%  4613 17299s
 20931 13931  619.59918   56 1018  627.00000  593.29109  5.38%  4613 17326s
 20932 13931  619.75857   73  991  627.00000  593.29109  5.38%  4612 17356s
 20933 13932  610.88952   61 1020  627.00000  593.29109  5.38%  4612 17378s
 20934 13933  603.14344   47 1014  627.00000  593.29109  5.38%  4612 17380s
 20935 13933  618.66178   96 1013  627.00000  593.29109  5.38%  4612 17406s
 20936 13934  618.25523   87 1014  627.00000  593.29109  5.38%  4612 17430s
 20937 13935  601.98210   59  956  627.00000  593.29109  5.38%  4611 17460s
 20941 13937  612.44786   75  978  627.00000  593.29109  5.38%  4611 17465s
 20945 13940  620.36485   81  996  627.00000  593.29109  5.38%  4610 17491s
 20946 13941  609.46461   50 1002  627.00000  593.29109  5.38%  4609 17505s
 20947 13941  603.36965   56 1010  627.00000  593.29109  5.38%  4609 17533s
 20948 13942  608.12790   50  993  627.00000  593.29109  5.38%  4609 17544s
 20949 13943  601.75956   47 1014  627.00000  593.29109  5.38%  4609 17566s
 20950 13943  598.37605   52  956  627.00000  593.29109  5.38%  4609 17572s
 20952 13945  598.14891   53 1002  627.00000  593.29109  5.38%  4608 17596s
 20954 13946  595.40525   52 1022  627.00000  593.29109  5.38%  4608 17622s
 20955 13947  609.15494   56 1023  627.00000  593.29109  5.38%  4607 17626s
 20956 13947  617.16790   95 1023  627.00000  593.29109  5.38%  4607 17649s
 20957 13948  621.51406   68  926  627.00000  593.29109  5.38%  4607 17676s
 20958 13949  615.79203   72 1018  627.00000  593.29109  5.38%  4607 17703s
 20959 13949  599.77159   50 1020  627.00000  593.29109  5.38%  4607 17707s
 20960 13950  604.71333   57 1024  627.00000  593.29109  5.38%  4606 17727s
 20961 13951  619.57413   86  947  627.00000  593.29109  5.38%  4606 17843s
 20962 13951  604.39931   63 1026  627.00000  593.29109  5.38%  4606 17873s
 20963 13952  610.91411   76 1028  627.00000  593.29109  5.38%  4606 17875s
 20964 13953  624.28792   79 1030  627.00000  593.29109  5.38%  4605 17897s
 20965 13953  609.75800   72 1024  627.00000  593.29109  5.38%  4605 17900s
 20966 13954  610.40730   77 1027  627.00000  593.29109  5.38%  4605 17922s
 20967 13955  611.09007   60 1027  627.00000  593.29109  5.38%  4605 17925s
 20968 13955  618.38825   70 1028  627.00000  593.29109  5.38%  4605 17949s
 20969 13956  605.69271   44  939  627.00000  593.29109  5.38%  4604 17989s
 20970 13957  595.60927   53  939  627.00000  593.29109  5.38%  4604 18070s
 20971 13960  593.29109   47  838  627.00000  593.29109  5.38%  4638 18089s
 20973 13964  593.29109   48  857  627.00000  593.29109  5.38%  4638 18097s
 20977 13966  593.29109   49  887  627.00000  593.29109  5.38%  4639 18104s
 20981 13976  593.29109   50  868  627.00000  593.29109  5.38%  4641 18115s
 20992 13980  593.29109   52  848  627.00000  593.29109  5.38%  4658 18122s
 21000 13982  593.29109   53  850  627.00000  593.29109  5.38%  4659 18129s
 21004 13987  593.29109   54  857  627.00000  593.29109  5.38%  4659 18137s
 21011 13990  593.29109   55  827  627.00000  593.29109  5.38%  4659 18144s
 21016 13994  593.29109   56  827  627.00000  593.29109  5.38%  4659 18153s
 21022 13996  593.29109   57  847  627.00000  593.29109  5.38%  4659 18161s
 21026 14003  593.29109   58  814  627.00000  593.29109  5.38%  4659 18166s
 21034 14009  593.29109   59  743  627.00000  593.29109  5.38%  4660 18173s
 21043 14018  595.33880   59  743  627.00000  593.29109  5.38%  4661 18180s
 21055 14025  596.89424   60  675  627.00000  593.29109  5.38%  4661 18187s
 21067 14031  593.40129   61  719  627.00000  593.29109  5.38%  4660 18194s
 21077 14040  594.24449   62  716  627.00000  593.29109  5.38%  4659 18200s
 21090 14044  594.92483   63  692  627.00000  593.29109  5.38%  4658 18207s
 21103 14048  595.19245   64  708  627.00000  593.29109  5.38%  4657 18213s
 21121 14055  596.34956   65  673  627.00000  593.29109  5.38%  4655 18219s
 21134 14056  598.57507   66  644  627.00000  593.29109  5.38%  4655 18224s
 21139 14075  602.39114   66  633  627.00000  593.29109  5.38%  4655 18227s
 21164 14078  599.06665   67  634  627.00000  593.29109  5.38%  4651 18234s
 21196 14067  599.69718   68  639  627.00000  593.29109  5.38%  4646 18267s
 21220 14067  605.04677   69  624  627.00000  593.29109  5.38%  4643 18274s
 21228 14072  601.79691   70  671  627.00000  593.29109  5.38%  4644 18280s
 21235 14081  602.18666   70  645  627.00000  593.29109  5.38%  4644 18289s
 21247 14084  603.82566   71  644  627.00000  593.29109  5.38%  4644 18298s
 21260 14088  605.20943   72  637  627.00000  593.29109  5.38%  4644 18307s
 21268 14096  605.28148   74  597  627.00000  593.29109  5.38%  4644 18314s
 21279 14104  607.05382   76  630  627.00000  593.29109  5.38%  4645 18321s
 21292 14114  611.41990   78  566  627.00000  593.29109  5.38%  4645 18331s
 21314 14115  625.76429   69  292  627.00000  593.29109  5.38%  4644 18342s
 21325 14121  593.29109   51  804  627.00000  593.29109  5.38%  4645 18351s
 21335 14133  593.29109   53  794  627.00000  593.29109  5.38%  4646 18361s
 21350 14147  595.44098   55  669  627.00000  593.29109  5.38%  4647 18371s
 21382 14152  597.68181   56  621  627.00000  593.29109  5.38%  4644 18383s
 21413 14153  598.73148   58  614  627.00000  593.29109  5.38%  4642 18395s
 21446 14152  600.12925   63  620  627.00000  593.29109  5.38%  4638 18407s
 21463 14161  604.27646   62  604  627.00000  593.29109  5.38%  4639 18418s
 21478 14174  603.65404   67  595  627.00000  593.29109  5.38%  4641 18430s
 21513 14194  604.57020   68  594  627.00000  593.29109  5.38%  4638 18452s
 21554 14206  605.81497   70  582  627.00000  593.29109  5.38%  4635 18462s
 21581 14235  610.75100   77  558  627.00000  593.29109  5.38%  4637 18477s
 21637 14251  616.51041   86  456  627.00000  593.29109  5.38%  4630 18491s
 21705 14239  623.43489  108  434  627.00000  593.29109  5.38%  4621 18505s
 21723 14241  598.28147   54  580  627.00000  593.29109  5.38%  4622 18518s
 21731 14255  599.61824   56  596  627.00000  593.29109  5.38%  4624 18533s
 21748 14283  602.34931   60  572  627.00000  593.29109  5.38%  4626 18546s
 21793 14288  607.80026   66  552  627.00000  593.29109  5.38%  4624 18560s
 21826 14311  609.64019   69  515  627.00000  593.29109  5.38%  4623 18573s
 21875 14333  625.07160  106  445  627.00000  593.29109  5.38%  4618 18588s
 21917 14351  599.73671   53  633  627.00000  593.29109  5.38%  4616 18614s
 21962 14371  601.71130   57  594  627.00000  593.29109  5.38%  4614 18632s
 22018 14403  611.65392   62  591  627.00000  593.29109  5.38%  4610 18648s
 22111 14395  595.47310   52  736  627.00000  593.29109  5.38%  4599 18670s
 22134 14420  598.03962   57  613  627.00000  593.29109  5.38%  4601 18693s
 22176 14423  599.44987   61  622  627.00000  593.29109  5.38%  4600 18713s
 22193 14447  605.25413   66  565  627.00000  593.29109  5.38%  4605 18735s
 22231 14455  609.91176   78  529  627.00000  593.29109  5.38%  4606 18759s
 22267 14500  608.48818   62  595  627.00000  593.29109  5.38%  4607 18778s
 22338 14583  613.17757   73  484  627.00000  593.29109  5.38%  4602 18801s
 22462 14570  595.95399   58  641  627.00000  593.29109  5.38%  4587 18826s
 22516 14589  600.70219   61  510  627.00000  593.29109  5.38%  4585 18850s
 22568 14638  606.10468   69  422  627.00000  593.29109  5.38%  4583 18874s
 22652 14725  598.66837   54  564  627.00000  593.29109  5.38%  4578 18900s
 22776 14744  610.32765   56  521  627.00000  593.29109  5.38%  4565 18931s
 22860 14768  617.44372   60  496  627.00000  593.29109  5.38%  4560 18960s
 22933 14802  598.64726   52  623  627.00000  593.29109  5.38%  4557 18993s
 23021 14847  604.57218   61  550  627.00000  593.29109  5.38%  4552 19027s
 23109 14860  621.43550   69  458  627.00000  593.29109  5.38%  4548 19057s
 23158 14908  599.18008   64  658  627.00000  593.29109  5.38%  4550 19090s
 23238 14981  605.44539   74  574  627.00000  593.29109  5.38%  4548 19127s
 23357 15013  610.95134   98  550  627.00000  593.29109  5.38%  4539 19176s
 23486 15046  597.83601   61  750  627.00000  593.29109  5.38%  4528 19235s
 23600 15035  602.85288   67  700  627.00000  593.29109  5.38%  4520 19272s
 23627 15105  604.28736   74  670  627.00000  593.29109  5.38%  4525 19307s
 23706 15190  609.08147   92  597  627.00000  593.29109  5.38%  4528 19352s
 23859 15182  597.06282   53  637  627.00000  593.29109  5.38%  4514 19405s
 23910 15200  599.64300   56  641  627.00000  593.29109  5.38%  4519 19452s
 23963 15276  604.19651   63  573  627.00000  593.29109  5.38%  4521 19498s
 24058 15320  619.39896  108  509  627.00000  593.29109  5.38%  4522 19573s
 24184 15323  599.88963   63  669  627.00000  593.29109  5.38%  4516 19619s
 24229 15423  607.52364   75  543  627.00000  593.29109  5.38%  4525 19678s
 24372 15506  594.14873   62  689  627.00000  593.29109  5.38%  4520 19732s
 24526 15609  598.38940   67  594  627.00000  593.29109  5.38%  4509 19790s
 24706 15661  604.18139   81  570  627.00000  593.29109  5.38%  4494 19858s
 24838 15753  612.72265  112  505  627.00000  593.29109  5.38%  4492 19923s
 25083 15762  596.59952   57  710  627.00000  593.29109  5.38%  4471 19993s
 25207 15817  610.61146   75  594  627.00000  593.29109  5.38%  4468 20060s
 25345 15919  601.84976   65  575  627.00000  593.29109  5.38%  4468 20126s
 25508 16040  600.97585   54  679  627.00000  593.29109  5.38%  4462 20195s
 25740 16103  601.61585   54  711  627.00000  593.29109  5.38%  4446 20261s
 25956 16216  615.79283   62  563  627.00000  593.29109  5.38%  4438 20338s
 26224 16230  603.38718   62  559  627.00000  593.29109  5.38%  4423 20417s
 26386 16405  603.02554   57  729  627.00000  593.29109  5.38%  4419 20501s
 26678 16537  614.95641   59  597  627.00000  593.29109  5.38%  4401 20580s
 26961 16586  606.76980   73  569  627.00000  593.29109  5.38%  4389 20679s
 27156 16752  605.79525   64  694  627.00000  593.31665  5.37%  4387 20765s
 27434 16941  603.13700   63  664  627.00000  593.31665  5.37%  4376 20864s
 27813 16943  624.12833   86  504  627.00000  593.64302  5.32%  4353 20958s
 28025 17030  603.41408   54  633  627.00000  593.83362  5.29%  4355 21072s
 28277 17243  601.25934   60  644  627.00000  593.88389  5.28%  4346 21187s
 28640 17311  610.76150   58  597  627.00000  593.92972  5.27%  4326 21293s
 28917 17487  606.87471   63  622  627.00000  594.01787  5.26%  4319 21413s
 29352 17526  600.70252   64  674  627.00000  594.14646  5.24%  4293 21528s
 29629 17677  605.45705   63  495  627.00000  594.25285  5.22%  4289 21654s
 29995 17892  600.17882   58  657  627.00000  594.80322  5.14%  4281 21796s
 30465 17993  617.55810   88  472  627.00000  594.84701  5.13%  4257 21932s
 30816 18258  603.82713   62  612  627.00000  594.98164  5.11%  4243 22071s
 31364 18431  606.36442   64  653  627.00000  595.27247  5.06%  4216 22216s
 31840 18582  602.15271   60  712  627.00000  595.41840  5.04%  4200 22336s
 32290 18802  612.69435   74  579  627.00000  595.54618  5.02%  4187 22449s
 32770 18895  608.34941   70  575  627.00000  595.67541  5.00%  4165 22573s
 33099 19135  601.33535   68  636  627.00000  595.70585  4.99%  4154 22686s
 33537 19396  603.11313   63  654  627.00000  595.75964  4.98%  4143 22801s
 34056 19509  618.29771   55  690  627.00000  595.95578  4.95%  4121 22920s
 34470 19732  605.39237   77  590  627.00000  596.04493  4.94%  4108 23030s
 34916 20004  608.10981   60  490  627.00000  596.25182  4.90%  4089 23134s
 35523 20144  602.14752   56  688  627.00000  596.36516  4.89%  4061 23237s
 36135 20176  610.04817   71  599  627.00000  596.45041  4.87%  4032 23335s
 36441 20379  616.15065   70  522  627.00000  596.55977  4.85%  4026 23435s
 36891 20518  609.12474   63  676  627.00000  596.69055  4.83%  4012 23549s
 37314 20664  604.01959   59  643  627.00000  596.84816  4.81%  3998 23656s
 37710 20755  606.77005   70  508  627.00000  596.87665  4.80%  3987 23759s
 38136 20917  608.61841   66  723  627.00000  597.02804  4.78%  3972 23852s
 38568 21015  614.09389   51  563  627.00000  597.22124  4.75%  3961 23958s
 38915 21218  606.46486   66  675  627.00000  597.25754  4.74%  3957 24070s
 39323 21408  616.33026   92  492  627.00000  597.34716  4.73%  3944 24180s
 39782 21572  603.45228   62  690  627.00000  597.50317  4.70%  3929 24290s
 40181 21783  609.38144   64  684  627.00000  597.56583  4.69%  3920 24394s
 40642 21949  611.05303   68  585  627.00000  597.76111  4.66%  3909 24508s
 41028 22175  621.43908  117  488  627.00000  597.76832  4.66%  3899 24623s
 41549 22362  610.32710   66  624  627.00000  597.87625  4.64%  3883 24734s
 42044 22605  600.91376   67  675  627.00000  598.06463  4.61%  3870 24855s
 42566 22713  608.37166   67  566  627.00000  598.13312  4.60%  3859 24960s
 42960 22897  607.69802   69  618  627.00000  598.20524  4.59%  3849 25072s
 43386 23114  617.61584   75  524  627.00000  598.30307  4.58%  3838 25186s
 43906 22943  607.25148   57  661  627.00000  598.39973  4.56%  3821 25274s
 43910 23120  607.87460   58  584  627.00000  598.41085  4.56%  3822 25363s
 44162 23442  603.41021   67  713  627.00000  598.43332  4.56%  3814 25475s
 44690 23602  625.59611  169  501  627.00000  598.43332  4.56%  3795 25572s
 45211 23707  607.37186   60  606  627.00000  598.62292  4.53%  3781 25668s
 45578 23874  606.53068   56  602  627.00000  598.68447  4.52%  3774 25779s
 45943 24082  607.98417   68  582  627.00000  598.71579  4.51%  3766 25886s
 46420 24244  606.06839   58  739  627.00000  598.74197  4.51%  3754 25989s
 46911 24354  620.69183   96  548  627.00000  598.78042  4.50%  3742 26090s
 47266 24618  612.58034   88  585  627.00000  598.88624  4.48%  3735 26190s
 47774 24706  603.67730   54  684  627.00000  599.00908  4.46%  3722 26284s
 48148 24855  612.64781   82  549  627.00000  599.06625  4.46%  3716 26385s
 48557 25049  610.56588   67  604  627.00000  599.18586  4.44%  3709 26486s
 48995 25234  614.27030   85  535  627.00000  599.29369  4.42%  3700 26591s
 49446 25342  624.51265   64  343  627.00000  599.36299  4.41%  3692 26688s
 49848 25529  615.96073   58  425  627.00000  599.43304  4.40%  3686 26787s
 50327 25716  622.64255   87  457  627.00000  599.46901  4.39%  3674 26881s
 50774 25851  623.96822  154  480  627.00000  599.53111  4.38%  3666 26980s
 51182 26038  608.37307   63  651  627.00000  599.57245  4.37%  3660 27071s
 51595 26309  607.16693   74  552  627.00000  599.63339  4.36%  3653 27171s
 52135 26296  623.53908   97  250  627.00000  599.70675  4.35%  3639 27267s
 52375 26625  609.60036   70  521  627.00000  599.74963  4.35%  3640 27391s
 53057 26621  616.58205   63  554  627.00000  599.87062  4.33%  3624 27465s
 53381 26737  612.04555   74  676  627.00000  599.91989  4.32%  3619 27549s
 53759 26909  612.95263   66  500  627.00000  599.97037  4.31%  3614 27634s
 54216 27037  607.28556   61  626  627.00000  599.98701  4.31%  3604 27713s
 54601 27241  602.96297   68  644  627.00000  600.06498  4.30%  3597 27799s
 55059 27406  604.68971   61  748  627.00000  600.09474  4.29%  3588 27877s
 55489 27626  619.75024  103  504  627.00000  600.13036  4.29%  3578 27961s
 55985 27614  619.73254   66  452  627.00000  600.18966  4.28%  3565 28034s
 56234 27834  614.34683   69  589  627.00000  600.23209  4.27%  3560 28124s
 56668 28014  607.81028   59  607  627.00000  600.29159  4.26%  3548 28202s
 57111 28147  611.75822   77  587  627.00000  600.32337  4.25%  3540 28281s
 57478 28286  615.94881   99  566  627.00000  600.33522  4.25%  3535 28357s
 57847 28575  614.37228   81  545  627.00000  600.40156  4.24%  3530 28439s
 58357 28664  611.05960   73  661  627.00000  600.50087  4.23%  3519 28515s
 58718 28783  618.99662   67  505  627.00000  600.53810  4.22%  3515 28592s
 59054 28996  612.50449   81  530  627.00000  600.58157  4.21%  3512 28671s
 59500 29094  610.83903   58  666  627.00000  600.63163  4.21%  3504 28755s
 59859 29205  608.26004   67  587  627.00000  600.67577  4.20%  3500 28835s
 60275 29462  604.89882   68  663  627.00000  600.72649  4.19%  3495 28911s
 60813 29554  616.77718   74  415  627.00000  600.74304  4.19%  3483 28992s
 61257 29707  610.91956   66  578  627.00000  600.80595  4.18%  3476 29063s
 61675 29810  609.04370   72  571  627.00000  600.85235  4.17%  3469 29140s
 62047 29962  606.27361   66  685  627.00000  600.91583  4.16%  3462 29211s
 62442 30202  606.88043   61  665  627.00000  600.94967  4.15%  3457 29286s
 62949 30519  611.83461   78  569  627.00000  600.99088  4.15%  3448 29387s
 63567 30753  607.37630   62  592  627.00000  601.04401  4.14%  3438 29454s
 63904 31133  614.98999   73  605  627.00000  601.07996  4.13%  3435 29526s
 64409 31401  613.25806   75  590  627.00000  601.11218  4.13%  3424 29599s
 64782 31648  607.15056   62  766  627.00000  601.17829  4.12%  3421 29672s
 65195 31950  621.03278   67  525  627.00000  601.24562  4.11%  3414 29745s
 65653 32238  607.40102   66  625  627.00000  601.32239  4.10%  3407 29819s
 66073 32461  612.74176   59  565  627.00000  601.35385  4.09%  3400 29890s
 66502 32670  625.46547   69  297  627.00000  601.42074  4.08%  3394 29957s
 66860 32924  608.67382   59  600  627.00000  601.45606  4.07%  3391 30031s
 67333 33108  607.14973   59  645  627.00000  601.51178  4.07%  3384 30099s
 67755 33298  613.92878   60  613  627.00000  601.53617  4.06%  3378 30170s
 68081 33440  624.27333   58  609  627.00000  601.59143  4.05%  3375 30244s
 68361 33799  610.11569   63  629  627.00000  601.60267  4.05%  3373 30314s
 68889 34096  618.07364   79  503  627.00000  601.65426  4.04%  3363 30388s
 69337 34406  619.13368   62  527  627.00000  601.70481  4.03%  3356 30458s
 69815 34665  620.02354   64  518  627.00000  601.74299  4.03%  3349 30530s
 70168 34933  615.63851   56  634  627.00000  601.76781  4.02%  3346 30601s
 70577 35232  617.98983   67  651  627.00000  601.81686  4.02%  3342 30671s
 71063 35585  619.08045   68  464  627.00000  601.85400  4.01%  3334 30743s
 71640 35879  615.17205   62  649  627.00000  601.88388  4.01%  3323 30813s
 72101 36073  617.06535   68  654  627.00000  601.91152  4.00%  3316 30880s
 72436 36371  607.90734   70  657  627.00000  601.92896  4.00%  3312 30948s
 72923 36718  624.44068   67  464  627.00000  601.96063  3.99%  3304 31013s
 73396 37092  610.20007   74  641  627.00000  601.96428  3.99%  3297 31114s
 73996 37369  622.09832   74  539  627.00000  602.03094  3.98%  3291 31180s
 74409 37598  610.23838   63  640  627.00000  602.07856  3.97%  3286 31245s
 74752 37947  608.66478   64  662  627.00000  602.09775  3.97%  3284 31319s
 75220 38242  611.46944   66  542  627.00000  602.13254  3.97%  3277 31384s
 75646 38518  611.99696   62  575  627.00000  602.15846  3.96%  3273 31456s
 76068 38760  612.64586   64  556  627.00000  602.19846  3.96%  3267 31523s
 76449 39011  611.55820   70  605  627.00000  602.23217  3.95%  3264 31590s
 76841 39252  623.83870  101  567  627.00000  602.24090  3.95%  3260 31661s
 77220 39495  615.16579   73  488  627.00000  602.28174  3.94%  3257 31733s
 77604 39816  614.32135   82  485  627.00000  602.32835  3.93%  3253 31800s
 78140 40118  624.12288   89  447  627.00000  602.35854  3.93%  3244 31867s
 78581 40325  609.65987   71  703  627.00000  602.40448  3.92%  3238 31935s
 78936 40672  618.57616   90  569  627.00000  602.42165  3.92%  3237 32003s
 79428 40980  607.07980   62  753  627.00000  602.47648  3.91%  3231 32073s
 79827 41241  614.80214   90  596  627.00000  602.48666  3.91%  3227 32149s
 80287 41517  611.66082   71  549  627.00000  602.54444  3.90%  3222 32211s
 80745 41791  615.81310   75  566  627.00000  602.55750  3.90%  3215 32283s
 81222 42137  621.24728   85  600  627.00000  602.59485  3.89%  3210 32350s
 81698 42419  607.63542   67  682  627.00000  602.63319  3.89%  3205 32419s
 82133 42772  619.29617   62  614  627.00000  602.68742  3.88%  3200 32480s
 82641 43043  618.05410   71  524  627.00000  602.71402  3.87%  3193 32545s
 83054 43313  610.85217   83  499  627.00000  602.73953  3.87%  3188 32609s
 83471 43521  607.92753   66  639  627.00000  602.78205  3.86%  3184 32678s
 83865 43934  608.21922   63  649  627.00000  602.80997  3.86%  3181 32771s
 84510 44058  613.78684   70  473  627.00000  602.83242  3.85%  3173 32827s
 84662 44313  619.17545   99  506  627.00000  602.86161  3.85%  3172 32904s
 85062 44650  617.37575   66  632  627.00000  602.88642  3.85%  3167 32972s
 85522 44884  614.15561   73  563  627.00000  602.90520  3.84%  3163 33045s
 85899 45202  611.43735   72  583  627.00000  602.93711  3.84%  3160 33115s
 86369 45430  621.68274   67  554  627.00000  602.96721  3.83%  3156 33182s
 86786 45669     cutoff   68       627.00000  602.97911  3.83%  3153 33251s
 87267 45952  606.30535   60  689  627.00000  603.04149  3.82%  3149 33320s
 87708 46256  614.77172   74  538  627.00000  603.05341  3.82%  3146 33391s
 88197 46587  607.13989   67  671  627.00000  603.11892  3.81%  3140 33455s
 88627 46939  618.58729   82  534  627.00000  603.13512  3.81%  3136 33519s
 89116 47245  604.96830   60  683  627.00000  603.17539  3.80%  3130 33584s
 89573 47603  615.54263   71  708  627.00000  603.21314  3.79%  3126 33650s
 90058 47875  611.00563   73  651  627.00000  603.24687  3.79%  3120 33712s
 90433 48173  617.59165   94  528  627.00000  603.26371  3.79%  3118 33775s
 90860 48430  610.47956   60  620  627.00000  603.28608  3.78%  3113 33838s
 91344 48729  613.89780   71  596  627.00000  603.33070  3.78%  3108 33900s
 91827 48898  619.53684   61  559  627.00000  603.34509  3.77%  3102 33959s
 92135 49102  611.47682   72  499  627.00000  603.35733  3.77%  3102 34022s
 92518 49398  612.81237   67  592  627.00000  603.41304  3.76%  3098 34078s
 93063 49653  623.96827   66  471  627.00000  603.44122  3.76%  3092 34140s
 93473 49959  606.86041   65  733  627.00000  603.46589  3.75%  3088 34202s
 93936 50217  613.20990   66  564  627.00000  603.48616  3.75%  3084 34261s
 94401 50644  609.38296   65  614  627.00000  603.53172  3.74%  3079 34348s
 95054 50928  617.76485   57  406  627.00000  603.57518  3.74%  3073 34400s
 95462 51147  618.53109   70  558  627.00000  603.58071  3.74%  3069 34454s
 95898 51344  625.08071   71  503  627.00000  603.60500  3.73%  3065 34510s
 96227 51584  609.98872   79  613  627.00000  603.62253  3.73%  3063 34574s
 96612 51833  611.70948   72  539  627.00000  603.64534  3.72%  3060 34633s
 97051 51986  613.11514   61  679  627.00000  603.66087  3.72%  3056 34691s
 97418 52273  612.91487   72  537  627.00000  603.67351  3.72%  3053 34747s
 97809 52505  612.54707   74  612  627.00000  603.70063  3.72%  3050 34809s
 98214 52760  611.14749   60  506  627.00000  603.72965  3.71%  3047 34870s
 98686 53062  621.69922   82  553  627.00000  603.74901  3.71%  3042 34926s
 99100 53292  615.29879   68  579  627.00000  603.76596  3.71%  3037 34986s
 99572 53474  608.83525   61  720  627.00000  603.79489  3.70%  3033 35043s
 99977 53682  623.76912   97  485  627.00000  603.82611  3.70%  3030 35100s
 100425 53906  617.82735   65  622  627.00000  603.87344  3.69%  3026 35158s
 100874 54159  613.80808   64  597  627.00000  603.90549  3.68%  3023 35222s
 101259 54382     cutoff   65       627.00000  603.92876  3.68%  3020 35281s
 101664 54578  619.65839   54  617  627.00000  603.94513  3.68%  3017 35338s
 102039 54806  615.09903   71  551  627.00000  603.97280  3.67%  3015 35401s
 102404 55002  622.74779   61  435  627.00000  604.01760  3.67%  3013 35464s
 102803 55285  622.70024   71  570  627.00000  604.03166  3.66%  3011 35529s
 103249 55590  609.86066   62  633  627.00000  604.04142  3.66%  3006 35586s
 103668 55911  611.17458   64  588  627.00000  604.07214  3.66%  3003 35641s
 104127 56051  611.10632   68  612  627.00000  604.10533  3.65%  2998 35698s
 104488 56282  620.88494   65  467  627.00000  604.12432  3.65%  2996 35759s
 104952 56622  614.33016   76  478  627.00000  604.14052  3.65%  2992 35848s
 105641 56828  615.20337   72  617  627.00000  604.18195  3.64%  2986 35895s
 106005 56973  617.43927   73  579  627.00000  604.20612  3.64%  2984 35951s
 106271 57257  612.47437   60  685  627.00000  604.22796  3.63%  2983 36019s
 106695 57468  625.18336  107  415  627.00000  604.24272  3.63%  2981 36075s
 107111 57720  618.12143   69  553  627.00000  604.27816  3.62%  2978 36136s
 107519 57984  617.44046   72  524  627.00000  604.29888  3.62%  2975 36190s
 107933 58296  611.86128   76  737  627.00000  604.31431  3.62%  2972 36248s
 108397 58543  617.48738   64  728  627.00000  604.34547  3.61%  2969 36308s
 108909 58805     cutoff   70       627.00000  604.36397  3.61%  2964 36361s
 109320 59191  614.72079   72  549  627.00000  604.37995  3.61%  2961 36416s
 109881 59524  622.67022   86  513  627.00000  604.41145  3.60%  2955 36475s
 110450 59759  608.91599   58  617  627.00000  604.44378  3.60%  2949 36531s
 110886 59953     cutoff   70       627.00000  604.46069  3.59%  2946 36584s
 111279 60138  610.61254   59  667  627.00000  604.49940  3.59%  2943 36637s
 111553 60332  619.25216   67  342  627.00000  604.50476  3.59%  2944 36700s
 111978 60580  619.88276   86  481  627.00000  604.52282  3.58%  2941 36760s
 112414 60778     cutoff   81       627.00000  604.54414  3.58%  2937 36812s
 112809 60960  607.57472   60  671  627.00000  604.57020  3.58%  2934 36864s
 113182 61295  611.16102   72  689  627.00000  604.58922  3.57%  2932 36920s
 113688 61564  609.24486   68  593  627.00000  604.60872  3.57%  2927 36978s
 114107 61764  621.40900   81  578  627.00000  604.62344  3.57%  2924 37034s
 114505 62007  616.47299   75  549  627.00000  604.64761  3.56%  2922 37089s
 114941 62282  613.02995   72  631  627.00000  604.66236  3.56%  2919 37146s
 115378 62563  611.05879   64  747  627.00000  604.68045  3.56%  2915 37225s
 115883 62912  613.81439   63  550  627.00000  604.71101  3.55%  2914 37291s
 116422 63135  611.85900   72  582  627.00000  604.74321  3.55%  2909 37354s
 116886 63424  610.18914   72  553  627.00000  604.75866  3.55%  2907 37412s
 117328 63709  621.84057  109  492  627.00000  604.76746  3.55%  2903 37464s
 117764 64102  618.83629   67  571  627.00000  604.80228  3.54%  2900 37519s
 118289 64385  625.13931   70  562  627.00000  604.82297  3.54%  2895 37573s
 118721 64629  615.53770   68  647  627.00000  604.84268  3.53%  2892 37622s
 119165 64773  619.37384   68  573  627.00000  604.86135  3.53%  2888 37676s
 119465 64963     cutoff   70       627.00000  604.87087  3.53%  2887 37728s
 119896 65159  614.99411   68  572  627.00000  604.90310  3.52%  2884 37786s
 120263 65380     cutoff   60       627.00000  604.93357  3.52%  2882 37837s
 120647 65594  616.18355   80  586  627.00000  604.95153  3.52%  2880 37889s
 121078 65889  615.69717   69  511  627.00000  604.97541  3.51%  2878 37949s
 121545 66198  615.29269   69  648  627.00000  604.99407  3.51%  2875 38000s
 122013 66388  615.61982   59  619  627.00000  605.02062  3.51%  2872 38051s
 122391 66626  610.98680   74  543  627.00000  605.03700  3.50%  2870 38099s
 122764 66838  617.15288   63  653  627.00000  605.05446  3.50%  2869 38148s
 123118 67129  613.48971   65  478  627.00000  605.06640  3.50%  2868 38199s
 123591 67360  612.73900   69  576  627.00000  605.07560  3.50%  2864 38250s
 123949 67699  615.94739   62  547  627.00000  605.08604  3.50%  2862 38301s
 124439 67891  612.17218   72  635  627.00000  605.10373  3.49%  2859 38360s
 124850 67998  613.34988   61  536  627.00000  605.13944  3.49%  2857 38419s
 125051 68345  625.95974   60  490  627.00000  605.15059  3.48%  2855 38471s
 125601 68753  612.69508   72  619  627.00000  605.18080  3.48%  2850 38547s
 126391 68919  616.22226   78  503  627.00000  605.20271  3.48%  2844 38589s
 126750 69081  614.28580   75  643  627.00000  605.21673  3.47%  2841 38633s
 127060 69300  614.27504   64  645  627.00000  605.23535  3.47%  2839 38681s
 127445 69460     cutoff   67       627.00000  605.24870  3.47%  2836 38726s
 127842 69658  620.96585   70  536  627.00000  605.27894  3.46%  2834 38770s
 128219 69915  618.24434  108  534  627.00000  605.28557  3.46%  2832 38818s
 128659 70131  622.91182   78  511  627.00000  605.31396  3.46%  2829 38859s
 129025 70426  615.73015   73  651  627.00000  605.33246  3.46%  2827 38905s
 129445 70643  611.11698   59  663  627.00000  605.34919  3.45%  2824 38952s
 129813 70853     cutoff   63       627.00000  605.36918  3.45%  2822 38998s
 130199 71086  614.42330   62  694  627.00000  605.37836  3.45%  2820 39047s
 130574 71362  612.84499   70  612  627.00000  605.39661  3.45%  2819 39092s
 130974 71609  606.77114   64  710  627.00000  605.41225  3.44%  2816 39144s
 131400 71839  615.70054   97  535  627.00000  605.42641  3.44%  2813 39195s
 131857 72077  614.29933   68  616  627.00000  605.44747  3.44%  2810 39240s
 132255 72237  617.23409   79  585  627.00000  605.46166  3.44%  2808 39285s
 132530 72513  618.44248   78  579  627.00000  605.47413  3.43%  2807 39341s
 133064 72727  614.07286   63  650  627.00000  605.50511  3.43%  2803 39390s
 133445 72944  610.81079   70  496  627.00000  605.51303  3.43%  2801 39440s
 133931 73211  608.86368   67  672  627.00000  605.54434  3.42%  2798 39485s
 134324 73459  611.15782   73  676  627.00000  605.55702  3.42%  2796 39532s
 134720 73677  615.84395   60  655  627.00000  605.58668  3.42%  2793 39579s
 135118 74036  611.97874   64  715  627.00000  605.60991  3.41%  2792 39630s
 135625 74214 infeasible   63       627.00000  605.62282  3.41%  2788 39679s
 135912 74549  616.04806   70  535  627.00000  605.63409  3.41%  2787 39751s
 136485 74757  612.59116   81  579  627.00000  605.65746  3.40%  2783 39808s
 136900 74954  612.62595   60  647  627.00000  605.67359  3.40%  2782 39861s
 137220 75229  617.40347   96  555  627.00000  605.68866  3.40%  2781 39918s
 137694 75548  611.99458   68  793  627.00000  605.71328  3.40%  2778 39972s
 138201 75742  620.13636   83  574  627.00000  605.72946  3.39%  2775 40024s
 138606 75908  619.56935   70  521  627.00000  605.75043  3.39%  2774 40078s
 138956 76181  615.25285   77  608  627.00000  605.76071  3.39%  2772 40131s
 139416 76476  615.52394   66  688  627.00000  605.78465  3.38%  2770 40182s
 139902 76780  622.05463   62  555  627.00000  605.80669  3.38%  2767 40234s
 140438 77068  613.91215   67  639  627.00000  605.83475  3.38%  2764 40283s
 140877 77318  613.22816   72  640  627.00000  605.85003  3.37%  2761 40340s
 141316 77554  622.57418   56  692  627.00000  605.86447  3.37%  2759 40391s
 141740 77825     cutoff   71       627.00000  605.87738  3.37%  2758 40446s
 142194 78069  608.73023   67  709  627.00000  605.90166  3.36%  2755 40499s
 142631 78294  615.97119   83  609  627.00000  605.91103  3.36%  2753 40548s
 143065 78633  614.73209   77  582  627.00000  605.93492  3.36%  2751 40600s
 143549 78853  615.31028   73  610  627.00000  605.95348  3.36%  2748 40650s
 144037 79095  615.01176   58  758  627.00000  605.97758  3.35%  2745 40701s
 144449 79294  614.69305   68  553  627.00000  605.99894  3.35%  2743 40752s
 144868 79594  612.50768   82  745  627.00000  606.01311  3.35%  2741 40799s
 145358 79826  609.58026   59  581  627.00000  606.03242  3.34%  2738 40852s
 145711 79920  612.36615   67  633  627.00000  606.04245  3.34%  2737 40900s
 145891 80057  617.73423   69  574  627.00000  606.04943  3.34%  2736 40948s
 146196 80366  620.29935   77  531  627.00000  606.05952  3.34%  2735 41024s
 146826 80644  613.22096   89  609  627.00000  606.08110  3.34%  2732 41075s
 147242 80912  614.33527   75  667  627.00000  606.09970  3.33%  2730 41124s
 147623 81196  619.15718   86  624  627.00000  606.11495  3.33%  2728 41175s
 148110 81479  610.68083   64  533  627.00000  606.13206  3.33%  2725 41222s
 148631 81783  608.79155   64  596  627.00000  606.15263  3.32%  2722 41270s
 149090 81916  614.66795   57  684  627.00000  606.17322  3.32%  2720 41322s
 149341 82140  614.81133   68  560  627.00000  606.18056  3.32%  2719 41372s
 149776 82388  616.54632   79  580  627.00000  606.19269  3.32%  2716 41418s
 150176 82613  621.78623   67  596  627.00000  606.21357  3.32%  2715 41468s
 150548 82852  609.75742   62  693  627.00000  606.22595  3.31%  2714 41515s
 150944 83057  619.68627   99  566  627.00000  606.23607  3.31%  2712 41561s
 151459 83240  612.94118   64  597  627.00000  606.26130  3.31%  2709 41613s
 151847 83412  613.97385   63  722  627.00000  606.28133  3.30%  2708 41662s
 152248 83634  611.12499   87  694  627.00000  606.29114  3.30%  2706 41711s
 152637 83827  614.80661   65  689  627.00000  606.30488  3.30%  2705 41759s
 153026 84102  609.79668   70  623  627.00000  606.31323  3.30%  2704 41809s
 153464 84335  625.30816   77  610  627.00000  606.33359  3.30%  2702 41855s
 153879 84566  620.87089   70  458  627.00000  606.34813  3.29%  2700 41908s
 154350 84835  624.14967   84  429  627.00000  606.35430  3.29%  2698 41959s
 154766 85058  611.20463   73  656  627.00000  606.37569  3.29%  2695 42010s
 155138 85313  614.03603   83  649  627.00000  606.39045  3.29%  2695 42060s
 155598 85554  624.75811   61  330  627.00000  606.41088  3.28%  2692 42113s
 156008 85756  611.27794   68  663  627.00000  606.42238  3.28%  2691 42161s
 156348 85979  611.59698   64  602  627.00000  606.43937  3.28%  2690 42215s
 156792 86302  608.20231   66  719  627.00000  606.45744  3.28%  2688 42289s
 157380 86600  615.44574   65  475  627.00000  606.47320  3.27%  2686 42342s
 157939 86853  615.88269   62  657  627.00000  606.48696  3.27%  2683 42389s
 158347 87072  625.99548   61  559  627.00000  606.51082  3.27%  2681 42432s
 158836 87267  611.51132   67  513  627.00000  606.53443  3.26%  2678 42478s
 159217 87481  613.83990   60  763  627.00000  606.55410  3.26%  2677 42524s
 159605 87779  610.62017   65  680  627.00000  606.56479  3.26%  2675 42573s
 160088 88013  624.49645   89  426  627.00000  606.57170  3.26%  2672 42620s
 160429 88225  615.21616   88  517  627.00000  606.59508  3.25%  2671 42663s
 160861 88443  617.58291   71  644  627.00000  606.61032  3.25%  2669 42705s
 161259 88677  618.72540   87  647  627.00000  606.62119  3.25%  2668 42750s
 161609 88934  615.25330   93  523  627.00000  606.63130  3.25%  2667 42794s
 162040 89171  622.03391   70  431  627.00000  606.64816  3.25%  2665 42837s
 162529 89382  617.98862   59  477  627.00000  606.67054  3.24%  2662 42887s
 162902 89649  612.20271   75  643  627.00000  606.68317  3.24%  2661 42935s
 163348 89846  613.31443   64  640  627.00000  606.69846  3.24%  2659 42979s
 163733 90060  623.18431   81  497  627.00000  606.71362  3.24%  2657 43023s
 164106 90297  614.46366   80  627  627.00000  606.72856  3.23%  2656 43070s
 164502 90475  621.86538   67  366  627.00000  606.73951  3.23%  2655 43118s
 164878 90635  610.13271   84  609  627.00000  606.75134  3.23%  2653 43167s
 165198 90842  618.27020   77  502  627.00000  606.76007  3.23%  2653 43200s

Cutting planes:
  Learned: 2
  Gomory: 3
  Cover: 251
  Implied bound: 341
  Clique: 2
  MIR: 74
  StrongCG: 1
  Flow cover: 2072
  GUB cover: 11
  Zero half: 81
  Mod-K: 3
  Network: 14
  RLT: 2
  Relax-and-lift: 7

Explored 165548 nodes (439310759 simplex iterations) in 43200.03 seconds (193629.81 work units)
Thread count was 4 (of 32 available processors)

Solution count 10: 627 628 630 ... 641

Time limit reached
Best objective 6.270000000000e+02, best bound 6.070000000000e+02, gap 3.1898%

Wrote result file './sol/E150_1000.8_R100.sol'

