
Gurobi 13.0.2 (mac64[arm], gurobi_cl) logging started Wed Jul  1 21:45:57 2026

Set parameter TokenServer to value "10.8.80.200"
Set parameter TimeLimit to value 43200
Set parameter LogFile to value "./log/E150_1000.10_R100.log"
Set parameter Threads to value 4
Using license file /Library/gurobi1302/gurobi.lic

Gurobi Optimizer version 13.0.2 build v13.0.2rc1 (mac64[arm] - Darwin 24.6.0 24G517)
Copyright (c) 2026, Gurobi Optimization, LLC

Read LP format model from file ./lp/E150_1000.10_R100.lp
Reading time = 0.15 seconds
root: 46208 rows, 45753 columns, 643834 nonzeros

Using Gurobi shared library /Library/gurobi1302/macos_universal2/lib/libgurobi130.dylib

CPU model: Apple M3 Ultra
Thread count: 32 physical cores, 32 logical processors, using up to 4 threads

Non-default parameters:
TimeLimit  43200
Threads  4

Optimize a model with 46208 rows, 45753 columns and 643834 nonzeros (Min)
Model fingerprint: 0x1d352467
Model has 22650 linear objective coefficients
Variable types: 0 continuous, 45753 integer (0 binary)
Coefficient statistics:
  Matrix range     [1e+00, 2e+02]
  Objective range  [1e+00, 2e+02]
  Bounds range     [1e+00, 1e+00]
  RHS range        [1e+00, 1e+00]

Presolve removed 23122 rows and 305 columns
Presolve time: 4.00s
Presolved: 23086 rows, 45448 columns, 372909 nonzeros
Variable types: 0 continuous, 45448 integer (22948 binary)
Found heuristic solution: objective 4755.0000000
Deterministic concurrent LP optimizer: primal and dual simplex
Showing primal log only...


Root simplex log...

Iteration    Objective       Primal Inf.    Dual Inf.      Time
   16140    3.9954311e+02   0.000000e+00   9.884687e+05      5s
   63834    6.9970654e+01   2.681287e+01   0.000000e+00     10s
   72646    7.6629123e+01   0.000000e+00   0.000000e+00     14s
Concurrent spin time: 0.74s

Solved with primal simplex

Root relaxation: objective 7.662912e+01, 72646 iterations, 10.02 seconds (19.87 work units)

    Nodes    |    Current Node    |     Objective Bounds      |     Work
 Expl Unexpl |  Obj  Depth IntInf | Incumbent    BestBd   Gap | It/Node Time

     0     0   76.62912    0  237 4755.00000   76.62912  98.4%     -   14s
     0     0  124.24476    0  310 4755.00000  124.24476  97.4%     -   15s
H    0     0                    1757.0000000  124.24476  92.9%     -   19s
H    0     0                    1356.0000000  124.24476  90.8%     -   19s
H    0     0                    1072.0000000  124.24476  88.4%     -   19s
H    0     0                     921.0000000  124.24476  86.5%     -   20s
H    0     0                     920.0000000  124.24476  86.5%     -   21s
H    0     0                     917.0000000  124.24476  86.5%     -   28s
H    0     0                     909.0000000  124.31801  86.3%     -   28s
H    0     0                     902.0000000  124.31801  86.2%     -   28s
H    0     0                     900.0000000  124.31801  86.2%     -   28s
H    0     0                     897.0000000  124.31801  86.1%     -   28s
     0     0  230.84160    0  425  897.00000  230.84160  74.3%     -   35s
     0     0  287.75343    0  455  897.00000  287.75343  67.9%     -   49s
H    0     0                     894.0000000  287.75343  67.8%     -   50s
H    0     0                     890.0000000  287.75343  67.7%     -   50s
H    0     0                     889.0000000  287.75343  67.6%     -   50s
H    0     0                     881.0000000  287.75343  67.3%     -   50s
H    0     0                     852.0000000  287.75343  66.2%     -   51s
H    0     0                     839.0000000  287.75343  65.7%     -   52s
H    0     0                     832.0000000  287.75343  65.4%     -   54s
H    0     0                     828.0000000  287.75343  65.2%     -   55s
H    0     0                     825.0000000  287.75343  65.1%     -   56s
H    0     0                     820.0000000  287.75343  64.9%     -   60s
H    0     0                     801.0000000  287.75343  64.1%     -   63s
H    0     0                     799.0000000  287.75343  64.0%     -   63s
H    0     0                     793.0000000  287.75343  63.7%     -   63s
H    0     0                     781.0000000  287.75343  63.2%     -   63s
H    0     0                     780.0000000  287.75343  63.1%     -   63s
H    0     0                     779.0000000  287.75343  63.1%     -   63s
H    0     0                     771.0000000  287.75343  62.7%     -   63s
H    0     0                     757.0000000  287.75343  62.0%     -   63s
H    0     0                     751.0000000  319.79443  57.4%     -   71s
H    0     0                     744.0000000  319.79443  57.0%     -   71s
     0     0  319.79443    0  521  744.00000  319.79443  57.0%     -   72s
H    0     0                     742.0000000  319.88304  56.9%     -   73s
H    0     0                     741.0000000  319.88304  56.8%     -   74s
H    0     0                     737.0000000  319.88304  56.6%     -   75s
H    0     0                     734.0000000  319.88304  56.4%     -   82s
H    0     0                     732.0000000  319.88304  56.3%     -   89s
H    0     0                     714.0000000  324.09712  54.6%     -   96s
H    0     0                     710.0000000  324.09712  54.4%     -   96s
H    0     0                     699.0000000  324.09712  53.6%     -   96s
H    0     0                     697.0000000  324.09712  53.5%     -   96s
H    0     0                     696.0000000  324.09712  53.4%     -   96s
     0     0  324.09712    0  531  696.00000  324.09712  53.4%     -   96s
     0     0  324.09728    0  534  696.00000  324.09728  53.4%     -   96s
     0     0  345.31901    0  568  696.00000  345.31901  50.4%     -  105s
     0     0  352.37761    0  527  696.00000  352.37761  49.4%     -  107s
     0     0  353.24773    0  563  696.00000  353.24773  49.2%     -  108s
     0     0  353.24773    0  565  696.00000  353.24773  49.2%     -  108s
     0     0  368.67004    0  597  696.00000  368.67004  47.0%     -  122s
     0     0  382.90975    0  589  696.00000  382.90975  45.0%     -  129s
     0     0  387.31724    0  594  696.00000  387.31724  44.4%     -  135s
     0     0  388.03200    0  624  696.00000  388.03200  44.2%     -  138s
     0     0  388.25858    0  617  696.00000  388.25858  44.2%     -  139s
     0     0  388.26422    0  632  696.00000  388.26422  44.2%     -  140s
     0     0  390.35990    0  614  696.00000  390.35990  43.9%     -  148s
     0     0  407.35634    0  643  696.00000  407.35634  41.5%     -  158s
     0     0  410.89812    0  624  696.00000  410.89812  41.0%     -  166s
     0     0  411.74032    0  638  696.00000  411.74032  40.8%     -  170s
H    0     0                     694.0000000  412.22144  40.6%     -  173s
H    0     0                     677.0000000  412.22144  39.1%     -  173s
H    0     0                     675.0000000  412.22144  38.9%     -  173s
H    0     0                     668.0000000  412.22144  38.3%     -  173s
H    0     0                     667.0000000  412.22144  38.2%     -  173s
     0     0  412.22144    0  672  667.00000  412.22144  38.2%     -  173s
     0     0  412.30603    0  688  667.00000  412.30603  38.2%     -  175s
H    0     0                     665.0000000  412.31347  38.0%     -  176s
     0     0  412.31347    0  711  665.00000  412.31347  38.0%     -  176s
H    0     0                     662.0000000  412.31347  37.7%     -  177s
H    0     0                     660.0000000  417.02010  36.8%     -  184s
     0     0  417.02010    0  700  660.00000  417.02010  36.8%     -  185s
H    0     0                     659.0000000  419.75265  36.3%     -  192s
     0     0  419.75265    0  710  659.00000  419.75265  36.3%     -  192s
     0     0  420.02347    0  736  659.00000  420.02347  36.3%     -  194s
     0     0  420.06714    0  742  659.00000  420.06714  36.3%     -  196s
     0     0  420.18473    0  746  659.00000  420.18473  36.2%     -  198s
     0     0  420.33290    0  710  659.00000  420.33290  36.2%     -  199s
     0     0  420.37024    0  733  659.00000  420.37024  36.2%     -  200s
     0     0  422.90466    0  727  659.00000  422.90466  35.8%     -  206s
     0     0  423.61764    0  735  659.00000  423.61764  35.7%     -  209s
     0     0  423.76896    0  742  659.00000  423.76896  35.7%     -  215s
     0     0  423.76935    0  756  659.00000  423.76935  35.7%     -  215s
     0     0  427.93378    0  743  659.00000  427.93378  35.1%     -  221s
     0     0  428.45625    0  733  659.00000  428.45625  35.0%     -  224s
     0     0  428.54030    0  742  659.00000  428.54030  35.0%     -  225s
     0     0  428.55135    0  768  659.00000  428.55135  35.0%     -  226s
     0     0  429.68595    0  758  659.00000  429.68595  34.8%     -  229s
     0     0  429.77288    0  775  659.00000  429.77288  34.8%     -  231s
     0     0  430.06239    0  795  659.00000  430.06239  34.7%     -  231s
     0     0  430.06332    0  790  659.00000  430.06332  34.7%     -  231s
     0     0  431.77280    0  758  659.00000  431.77280  34.5%     -  235s
     0     0  432.10411    0  767  659.00000  432.10411  34.4%     -  237s
     0     0  432.12482    0  764  659.00000  432.12482  34.4%     -  238s
     0     0  432.38396    0  796  659.00000  432.38396  34.4%     -  241s
     0     0  432.49325    0  774  659.00000  432.49325  34.4%     -  241s
     0     0  432.50395    0  820  659.00000  432.50395  34.4%     -  242s
H    0     0                     654.0000000  433.99653  33.6%     -  248s
     0     0  433.99653    0  746  654.00000  433.99653  33.6%     -  248s
     0     0  434.06886    0  775  654.00000  434.06886  33.6%     -  250s
     0     0  434.11323    0  792  654.00000  434.11323  33.6%     -  251s
     0     0  434.16414    0  805  654.00000  434.16414  33.6%     -  251s
     0     0  434.17658    0  812  654.00000  434.17658  33.6%     -  252s
H    0     0                     652.0000000  435.40524  33.2%     -  256s
     0     0  435.40524    0  754  652.00000  435.40524  33.2%     -  256s
H    0     0                     651.0000000  435.85914  33.0%     -  259s
     0     0  435.85914    0  796  651.00000  435.85914  33.0%     -  259s
H    0     0                     650.0000000  435.91133  32.9%     -  261s
H    0     0                     644.0000000  435.91133  32.3%     -  261s
     0     0  435.91133    0  795  644.00000  435.91133  32.3%     -  261s
H    0     0                     643.0000000  435.93190  32.2%     -  262s
H    0     0                     626.0000000  435.93190  30.4%     -  262s
     0     0  435.93190    0  806  626.00000  435.93190  30.4%     -  262s
H    0     0                     623.0000000  437.89633  29.7%     -  270s
H    0     0                     621.0000000  437.89633  29.5%     -  270s
     0     0  437.89633    0  791  621.00000  437.89633  29.5%     -  270s
     0     0  438.11161    0  771  621.00000  438.11161  29.5%     -  271s
     0     0  438.17599    0  802  621.00000  438.17599  29.4%     -  271s
     0     0  438.18344    0  813  621.00000  438.18344  29.4%     -  271s
H    0     0                     620.0000000  438.18344  29.3%     -  271s
     0     0  440.43189    0  789  620.00000  440.43189  29.0%     -  277s
     0     0  440.94176    0  791  620.00000  440.94176  28.9%     -  281s
     0     0  441.23037    0  814  620.00000  441.23037  28.8%     -  284s
     0     0  441.26023    0  824  620.00000  441.26023  28.8%     -  285s
     0     0  441.69079    0  827  620.00000  441.69079  28.8%     -  288s
     0     0  442.09562    0  819  620.00000  442.09562  28.7%     -  292s
     0     0  442.10427    0  845  620.00000  442.10427  28.7%     -  293s
     0     0  442.30231    0  824  620.00000  442.30231  28.7%     -  295s
     0     0  442.41444    0  823  620.00000  442.41444  28.6%     -  297s
     0     0  442.42641    0  840  620.00000  442.42641  28.6%     -  297s
     0     0  442.67581    0  835  620.00000  442.67581  28.6%     -  300s
     0     0  442.68094    0  847  620.00000  442.68094  28.6%     -  301s
     0     0  443.76713    0  828  620.00000  443.76713  28.4%     -  304s
     0     0  444.04223    0  811  620.00000  444.04223  28.4%     -  307s
     0     0  444.07179    0  829  620.00000  444.07179  28.4%     -  310s
     0     0  444.09944    0  841  620.00000  444.09944  28.4%     -  311s
     0     0  444.10470    0  843  620.00000  444.10470  28.4%     -  312s
     0     0  446.88289    0  784  620.00000  446.88289  27.9%     -  318s
     0     0  447.15203    0  799  620.00000  447.15203  27.9%     -  320s
     0     0  447.19107    0  824  620.00000  447.19107  27.9%     -  320s
H    0     0                     619.0000000  448.92765  27.5%     -  327s
     0     0  448.92765    0  792  619.00000  448.92765  27.5%     -  327s
     0     0  449.64796    0  815  619.00000  449.64796  27.4%     -  332s
     0     0  449.69433    0  799  619.00000  449.69433  27.4%     -  333s
H    0     0                     618.0000000  453.15791  26.7%     -  338s
H    0     0                     617.0000000  453.15791  26.6%     -  338s
     0     0  453.15791    0  764  617.00000  453.15791  26.6%     -  338s
     0     0  453.20857    0  784  617.00000  453.20857  26.5%     -  340s
     0     0  454.20594    0  780  617.00000  454.20594  26.4%     -  345s
     0     0  454.48462    0  810  617.00000  454.48462  26.3%     -  357s
     0     0  454.48805    0  831  617.00000  454.48805  26.3%     -  357s
     0     0  459.30113    0  711  617.00000  459.30113  25.6%     -  363s
     0     0  459.73401    0  759  617.00000  459.73401  25.5%     -  367s
     0     0  459.77354    0  784  617.00000  459.77354  25.5%     -  368s
     0     0  459.93957    0  783  617.00000  459.93957  25.5%     -  371s
     0     0  459.99440    0  791  617.00000  459.99440  25.4%     -  373s
     0     0  460.74586    0  761  617.00000  460.74586  25.3%     -  379s
     0     0  460.78632    0  778  617.00000  460.78632  25.3%     -  386s
     0     0  461.59238    0  760  617.00000  461.59238  25.2%     -  394s
     0     0  461.65934    0  770  617.00000  461.65934  25.2%     -  397s
     0     0  461.67704    0  790  617.00000  461.67704  25.2%     -  398s
     0     0  462.05974    0  760  617.00000  462.05974  25.1%     -  403s
     0     0  462.07583    0  760  617.00000  462.07583  25.1%     -  403s
     0     0  462.07583    0  744  617.00000  462.07583  25.1%     -  408s
     0     2  462.08714    0  725  617.00000  462.08714  25.1%     -  433s
     1     4  462.62583    1  692  617.00000  462.08714  25.1%  3462  443s
     3     7  478.83938    2  670  617.00000  462.63301  25.0%  8546  450s
     6     9  465.69123    3  692  617.00000  462.65699  25.0%  8618  459s
     8    10  478.80697    4  728  617.00000  462.65699  25.0%  8766  466s
     9    13  480.00907    5  685  617.00000  462.65699  25.0%  8297  480s
    12    17  487.68788    6  700  617.00000  465.72050  24.5% 10053  492s
H   13    17                     615.0000000  465.72050  24.3%  9279  492s
    16    21  487.87342    7  682  615.00000  465.72050  24.3% 11779  502s
H   20    25                     613.0000000  465.72050  24.0% 16523  519s
    24    31  488.01179    8  675  613.00000  465.72050  24.0% 21975  530s
    30    35  488.12403    9  663  613.00000  465.72050  24.0% 21547  543s
    34    37  484.09001   12  663  613.00000  465.72050  24.0% 20259  555s
    36    47  488.28201   10  649  613.00000  465.72050  24.0% 20197  565s
    46    51  489.33224   11  650  613.00000  465.72050  24.0% 21575  579s
    50    52  489.63445   17  623  613.00000  465.72050  24.0% 20646  593s
    51    56  489.45495   12  623  613.00000  465.72050  24.0% 20286  606s
    55    60  489.55002   13  595  613.00000  465.72050  24.0% 19209  615s
    59    64  489.65323   14  588  613.00000  465.72050  24.0% 18772  626s
    63    67  493.66419   12  633  613.00000  465.72050  24.0% 18169  637s
    66    73  489.71149   15  592  613.00000  465.72050  24.0% 17841  648s
    72    78  490.28144   17  623  613.00000  465.72050  24.0% 17616  659s
    77    87  490.28651   18  623  613.00000  465.72050  24.0% 16922  669s
    86    92  496.85997   18  530  613.00000  465.72050  24.0% 17051  682s
    91   101  497.43853   17  618  613.00000  465.72050  24.0% 16582  695s
   100   109  493.08555   22  605  613.00000  465.72050  24.0% 16339  705s
   108   113  493.08803   23  602  613.00000  465.72050  24.0% 15472  718s
   112   124  494.67687   24  599  613.00000  465.72050  24.0% 15270  731s
   123   128 infeasible   23       613.00000  465.72050  24.0% 14564  747s
   129   135  495.06550   27  586  613.00000  465.72050  24.0% 14319  761s
   136   140  501.12382   29  538  613.00000  465.72050  24.0% 14121  772s
H  137   140                     610.0000000  465.72050  23.7% 14018  772s
   141   150  495.66180   31  591  610.00000  465.72050  23.7% 14038  782s
H  151   154                     609.0000000  465.72050  23.5% 13729  794s
   155   165  499.68922   33  589  609.00000  465.72050  23.5% 13695  809s
   166   173  496.48271   36  554  609.00000  465.72050  23.5% 13364  824s
   174   184  496.77304   40  560  609.00000  465.72050  23.5% 13169  840s
   185   203  498.95444   41  580  609.00000  465.72050  23.5% 13053  854s
   206   207  506.64154   43  537  609.00000  465.72050  23.5% 12571  868s
   210   219  497.46185   44  570  609.00000  465.72050  23.5% 12452  883s
   222   247  498.30595   49  542  609.00000  465.72050  23.5% 12168  896s
   250   252  500.14658   52  536  609.00000  465.72050  23.5% 11612  915s
H  251   252                     607.0000000  465.72050  23.3% 11566  915s
   255   271  516.05293   50  539  607.00000  465.72050  23.3% 11542  932s
   274   297  500.61280   55  534  607.00000  465.72050  23.3% 11421  946s
   300   315  501.71841   60  536  607.00000  465.72050  23.3% 11102  965s
   318   338  502.25748   62  524  607.00000  465.72050  23.3% 10953  982s
   341   358  503.35747   68  546  607.00000  465.72050  23.3% 10871 1004s
   361   379  504.13658   76  544  607.00000  465.72050  23.3% 10852 1020s
   382   412  505.43884   82  546  607.00000  465.72050  23.3% 10717 1037s
   417   455  506.21562   90  549  607.00000  465.72050  23.3% 10447 1052s
   460   484  507.86616  101  526  607.00000  465.72050  23.3% 10020 1070s
   491   531  514.99236  103  528  607.00000  465.72050  23.3%  9851 1089s
   538   568  517.28429  113  548  607.00000  465.72050  23.3%  9522 1109s
   575   619  517.99842  117  518  607.00000  465.72050  23.3%  9326 1129s
   626   671  518.46679  129  507  607.00000  465.72050  23.3%  9030 1146s
   678   708  519.11396  143  503  607.00000  465.72050  23.3%  8812 1168s
   715   721  521.62137  152  478  607.00000  465.72050  23.3%  8680 1191s
H  716   721                     606.0000000  465.72050  23.1%  8668 1191s
   728   771  521.49659  150  471  606.00000  465.72050  23.1%  8731 1215s
   778   823  522.74702  161  470  606.00000  465.72050  23.1%  8562 1240s
   830   877  523.74594  166  471  606.00000  465.72050  23.1%  8436 1273s
   884   956  524.40043  175  462  606.00000  465.72050  23.1%  8273 1302s
   963  1014  527.04196  191  491  606.00000  465.72050  23.1%  7993 1329s
  1021  1105  532.19091  195  407  606.00000  465.72050  23.1%  7849 1358s
  1113  1106  525.56877   82  425  606.00000  465.72050  23.1%  7584 1384s
  1115  1107  475.15732   18  458  606.00000  465.72050  23.1%  7570 1407s
  1116  1108  523.71326  180  532  606.00000  465.72050  23.1%  7564 1441s
  1117  1109  516.16638  102  506  606.00000  465.72050  23.1%  7557 1452s
  1118  1109  512.17356  166  607  606.00000  465.72050  23.1%  7550 1463s
  1119  1110  496.41265   58  652  606.00000  467.81977  22.8%  7543 1481s
  1120  1111  479.12421   30  659  606.00000  472.34549  22.1%  7537 1493s
  1121  1111  517.42702  115  696  606.00000  475.59721  21.5%  7530 1499s
  1122  1112  490.85398   29  693  606.00000  478.56363  21.0%  7523 1504s
  1123  1113  489.47877   13  717  606.00000  479.80441  20.8%  7517 1514s
  1124  1113  537.25730  193  745  606.00000  481.02061  20.6%  7510 1523s
  1125  1114  518.51695  136  760  606.00000  481.62000  20.5%  7503 1527s
  1126  1115  528.07793   92  766  606.00000  482.46831  20.4%  7497 1534s
  1127  1115  567.80116  330  767  606.00000  482.97760  20.3%  7490 1543s
  1128  1116  497.80154   47  788  606.00000  483.11354  20.3%  7483 1551s
  1131  1118  483.12820   19  814  606.00000  483.12820  20.3%  7463 1556s
  1132  1119  517.82351  108  760  606.00000  489.45111  19.2%  7457 1570s
  1133  1119  514.79491  186  779  606.00000  491.38614  18.9%  7450 1581s
  1134  1120  493.37624   15  794  606.00000  493.37624  18.6%  7444 1589s
  1135  1121  569.61587  352  778  606.00000  494.41262  18.4%  7437 1596s
  1136  1121  495.52082   18  761  606.00000  495.52082  18.2%  7431 1604s
  1137  1122  569.53441  348  810  606.00000  495.73435  18.2%  7424 1611s
  1138  1123  495.90001   30  808  606.00000  495.90001  18.2%  7417 1620s
  1139  1123  496.80076   82  812  606.00000  496.40215  18.1%  7411 1631s
  1140  1124  497.99889   44  811  606.00000  496.63971  18.0%  7404 1637s
  1141  1125  526.62443   85  781  606.00000  497.70542  17.9%  7398 1650s
  1142  1125  498.77619   85  798  606.00000  498.36312  17.8%  7391 1659s
  1143  1126  498.57288   36  815  606.00000  498.57288  17.7%  7385 1666s
  1144  1127  516.37506  201  817  606.00000  498.61730  17.7%  7379 1671s
  1145  1127  519.94694  242  821  606.00000  498.70307  17.7%  7372 1676s
  1148  1129  498.73164   54  845  606.00000  498.73164  17.7%  7353 1681s
  1149  1130  503.81992   71  756  606.00000  503.81992  16.9%  7346 1702s
  1150  1131  517.33345   52  790  606.00000  504.12354  16.8%  7340 1711s
  1151  1131  554.38891  259  799  606.00000  504.38567  16.8%  7334 1719s
  1152  1132  511.62007  103  841  606.00000  504.76980  16.7%  7327 1726s
  1153  1133  533.36233  123  831  606.00000  505.17096  16.6%  7321 1731s
  1154  1133  505.30404   39  839  606.00000  505.30404  16.6%  7315 1736s
  1156  1135  525.20040  179  872  606.00000  505.32962  16.6%  7302 1741s
  1160  1137  569.17401  342  810  606.00000  508.44582  16.1%  7277 1754s
  1161  1138  508.55812   52  805  606.00000  508.55812  16.1%  7271 1762s
  1162  1139  508.75982   94  841  606.00000  508.75982  16.0%  7264 1768s
  1163  1139  508.87493   13  852  606.00000  508.87493  16.0%  7258 1770s
  1164  1140  564.39388  295  865  606.00000  509.24449  16.0%  7252 1775s
  1167  1142  509.41659   20  889  606.00000  509.41659  15.9%  7233 1780s
  1171  1145  519.48850  183  892  606.00000  509.46493  15.9%  7208 1785s
  1174  1147  510.55736   59  866  606.00000  510.55736  15.7%  7190 1800s
  1175  1147  510.80533   20  845  606.00000  510.80533  15.7%  7184 1805s
  1176  1148  537.34491  193  872  606.00000  510.89856  15.7%  7178 1810s
  1179  1150  510.94977   47  910  606.00000  510.94977  15.7%  7160 1817s
  1183  1153  516.38189  192  922  606.00000  510.95709  15.7%  7135 1821s
  1184  1153  564.02683  292  829  606.00000  512.09728  15.5%  7129 1836s
  1185  1154  512.26796    6  869  606.00000  512.26796  15.5%  7123 1842s
  1186  1155  552.96787  248  883  606.00000  512.48953  15.4%  7117 1847s
  1189  1157  554.40098  258  920  606.00000  512.53597  15.4%  7099 1850s
  1191  1158  556.14974  246  898  606.00000  513.20926  15.3%  7087 1878s
  1192  1159  570.05632  357  915  606.00000  513.20926  15.3%  7081 1882s
  1194  1160  513.31078   72  923  606.00000  513.31078  15.3%  7070 1886s
  1197  1162  521.90197  263  927  606.00000  513.92592  15.2%  7052 1921s
  1199  1163  518.51695  136  915  606.00000  513.92592  15.2%  7040 1928s
  1200  1164  513.98085   60  928  606.00000  513.98085  15.2%  7034 1930s
  1203  1166  514.56117   15  894  606.00000  514.56117  15.1%  7017 1939s
  1204  1167  514.56117  105  936  606.00000  514.56117  15.1%  7011 1943s
  1205  1167  514.56448    8  914  606.00000  514.56448  15.1%  7005 1946s
  1207  1169  514.64579   40  947  606.00000  514.64579  15.1%  6993 1951s
  1210  1171  514.65922   22  981  606.00000  514.65922  15.1%  6976 1955s
  1211  1171  528.91284  100  897  606.00000  515.25126  15.0%  6970 1962s
  1214  1173  536.10725  144  944  606.00000  515.25126  15.0%  6953 1965s
  1217  1175  516.16638  102  936  606.00000  515.46056  14.9%  6936 1973s
  1219  1177  515.46056   58  970  606.00000  515.46056  14.9%  6925 1975s
  1222  1179  515.93848   29  946  606.00000  515.93848  14.9%  6908 1982s
  1223  1179  515.96209   13  958  606.00000  515.96209  14.9%  6902 1986s
  1224  1180  537.25730  193  971  606.00000  515.99790  14.9%  6896 1990s
  1228  1183  516.02779   47  995  606.00000  516.02779  14.8%  6874 1995s
  1230  1184  516.78707   65  919  606.00000  516.78707  14.7%  6863 2002s
  1233  1186  516.78707  186  967  606.00000  516.78707  14.7%  6846 2006s
  1236  1188  516.78707   18  990  606.00000  516.78707  14.7%  6829 2010s
  1238  1189  518.25197   30  888  606.00000  518.25197  14.5%  6818 2023s
  1239  1190  518.43928   82  919  606.00000  518.43928  14.4%  6813 2030s
  1241  1191  526.62443   85 1008  606.00000  518.60234  14.4%  6802 2036s
  1244  1193  518.62790  201  979  606.00000  518.62790  14.4%  6785 2040s
  1247  1195  519.38216   38  923  606.00000  519.38216  14.3%  6769 2052s
  1248  1196  519.64267   54  931  606.00000  519.64267  14.3%  6764 2056s
  1250  1197  519.90121   52  945  606.00000  519.90121  14.2%  6753 2061s
  1252  1199  519.94929  103  975  606.00000  519.94929  14.2%  6742 2065s
  1255  1201  520.83315   13  860  606.00000  520.83315  14.1%  6726 2075s
  1257  1202  567.88480  332  922  606.00000  520.91225  14.0%  6715 2081s
  1262  1205  520.95169   94  956  606.00000  520.95169  14.0%  6689 2085s
  1263  1206  521.33390   13  923  606.00000  521.33390  14.0%  6683 2091s
  1264  1207  564.39388  295  944  606.00000  521.33390  14.0%  6678 2095s
  1267  1209  523.15703   20  883  606.00000  523.15703  13.7%  6662 2111s
  1268  1209  528.88445  196  881  606.00000  523.26283  13.7%  6657 2117s
  1269  1210  523.36740   17  945  606.00000  523.36740  13.6%  6652 2121s
  1271  1211  523.46427  183  979  606.00000  523.46427  13.6%  6641 2125s
  1273  1213  564.92576  307  908  606.00000  524.00349  13.5%  6631 2135s
  1275  1214  524.29312   20  949  606.00000  524.29312  13.5%  6620 2142s
  1278  1216  524.33833  131  965  606.00000  524.33833  13.5%  6605 2146s
  1279  1217  524.80215   47  930  606.00000  524.80215  13.4%  6600 2153s
  1280  1217  524.80215  176  984  606.00000  524.80215  13.4%  6595 2155s
  1283  1219  524.80215  192 1002  606.00000  524.80215  13.4%  6579 2161s
  1287  1222  525.48726   45  923  606.00000  525.48726  13.3%  6559 2171s
  1288  1223  564.15694  294  936  606.00000  525.50507  13.3%  6554 2178s
  1289  1223  554.40098  258  970  606.00000  525.59259  13.3%  6549 2182s
  1290  1224  525.60653   71  986  606.00000  525.60653  13.3%  6543 2185s
  1295  1227  530.81807  118 1019  606.00000  525.62028  13.3%  6518 2190s
  1296  1228  553.06279  249  925  606.00000  526.24378  13.2%  6513 2198s
  1297  1229  526.24378  263  953  606.00000  526.24378  13.2%  6508 2200s
  1303  1233  526.26451   15  996  606.00000  526.26451  13.2%  6478 2205s
  1304  1233  527.29738  105  911  606.00000  527.29738  13.0%  6473 2210s
  1310  1237  527.52678   22  989  606.00000  527.52678  12.9%  6444 2215s
  1314  1240  536.10725  144 1017  606.00000  527.78262  12.9%  6424 2220s
  1316  1241  528.34598  180  991  606.00000  528.34598  12.8%  6414 2226s
  1320  1244  528.70770   30  949  606.00000  528.70770  12.8%  6395 2233s
  1321  1245  528.70770  115  985  606.00000  528.70770  12.8%  6390 2235s
  1325  1247  529.04150  136  974  606.00000  529.04150  12.7%  6371 2241s
  1331  1251  529.04150   19 1027  606.00000  529.04150  12.7%  6342 2246s
  1332  1252  529.27072  108  949  606.00000  529.27072  12.7%  6337 2259s
  1333  1253  529.27072  186  953  606.00000  529.27072  12.7%  6332 2262s
  1335  1254  569.61587  352  988  606.00000  529.27072  12.7%  6323 2265s
  1337  1255  569.53441  348  964  606.00000  529.47357  12.6%  6313 2277s
  1339  1257  529.59159   82  925  606.00000  529.59159  12.6%  6304 2282s
  1340  1257  529.67568   44  989  606.00000  529.67568  12.6%  6299 2285s
  1345  1261  529.76161  242 1026  606.00000  529.76161  12.6%  6276 2290s
  1350  1264  529.95952   52 1022  606.00000  529.95952  12.5%  6253 2297s
  1355  1267  529.98749   13 1045  606.00000  529.98749  12.5%  6230 2300s
  1356  1268  530.00632  179 1050  606.00000  530.00632  12.5%  6225 2306s
  1361  1271  530.02609   52 1054  606.00000  530.02609  12.5%  6202 2311s
  1368  1277  530.02682  196  425  606.00000  530.02682  12.5%  6858 2315s
  1370  1278  569.83230  358  457  606.00000  530.02682  12.5%  6848 2332s
  1371  1279  530.02682  183  508  606.00000  530.02682  12.5%  6843 2359s
  1372  1280  530.02682  131  553  606.00000  530.02682  12.5%  6838 2370s
  1373  1280  564.92576  307  566  606.00000  530.02682  12.5%  6833 2379s
  1374  1281  530.02682   59  594  606.00000  530.02682  12.5%  6828 2392s
  1375  1282  530.02682   20  629  606.00000  530.02682  12.5%  6823 2405s
  1376  1282  537.34491  193  652  606.00000  530.02682  12.5%  6818 2420s
  1377  1283  535.90667  139  697  606.00000  530.02682  12.5%  6813 2436s
  1378  1284  530.02682  131  685  606.00000  530.02682  12.5%  6808 2448s
  1379  1284  530.02682   47  689  606.00000  530.02682  12.5%  6803 2458s
  1380  1285  530.02682  176  675  606.00000  530.02682  12.5%  6798 2469s
  1381  1286  530.02682   85  705  606.00000  530.02682  12.5%  6793 2481s
  1382  1286  539.72507  174  706  606.00000  530.49825  12.5%  6788 2491s
  1383  1287  530.49825  192  709  606.00000  530.49825  12.5%  6783 2498s
  1384  1288  564.02683  292  726  606.00000  530.49825  12.5%  6778 2505s
  1385  1288  530.49825    6  732  606.00000  530.49825  12.5%  6773 2511s
  1386  1289  552.96787  248  757  606.00000  530.49825  12.5%  6768 2518s
  1387  1290  530.49825   45  774  606.00000  530.49825  12.5%  6764 2527s
  1388  1290  564.15694  294  770  606.00000  530.49825  12.5%  6759 2532s
  1389  1291  554.40098  258  804  606.00000  530.49825  12.5%  6754 2539s
  1390  1292  530.49825   71  824  606.00000  530.49825  12.5%  6749 2546s
  1391  1292  556.14974  246  841  606.00000  530.49825  12.5%  6744 2553s
  1392  1293  570.05632  357  819  606.00000  530.49825  12.5%  6739 2561s
  1393  1294  530.49825   19  849  606.00000  530.49825  12.5%  6734 2567s
  1394  1294  530.49825   72  874  606.00000  530.49825  12.5%  6730 2573s
  1395  1295  530.81807  118  856  606.00000  530.49825  12.5%  6725 2578s
  1396  1296  553.06279  249  885  606.00000  530.50214  12.5%  6720 2580s
  1399  1298  531.20192  136  895  606.00000  531.20192  12.3%  6706 2597s
  1400  1298  531.30807   60  905  606.00000  531.30807  12.3%  6701 2600s
  1402  1300  531.45467   18  940  606.00000  531.45467  12.3%  6691 2607s
  1403  1300  531.51103   15  950  606.00000  531.51103  12.3%  6686 2611s
  1406  1302  531.54369   87  965  606.00000  531.54369  12.3%  6672 2615s
  1408  1304  532.14678  157  914  606.00000  532.14678  12.2%  6663 2623s
  1409  1304  532.38193  150  906  606.00000  532.38193  12.1%  6658 2628s
  1410  1305  532.46490   22  919  606.00000  532.46490  12.1%  6653 2632s
  1412  1306  535.89681  140  969  606.00000  532.47652  12.1%  6644 2636s
  1415  1308  532.68652   18  953  606.00000  532.68652  12.1%  6630 2646s
  1419  1311  532.71024   58  993  606.00000  532.71024  12.1%  6611 2650s
  1420  1312  533.01998   30  946  606.00000  533.01998  12.0%  6606 2668s
  1421  1312  533.03990  115  968  606.00000  533.03990  12.0%  6602 2670s
  1423  1314  533.40408   13  936  606.00000  533.40408  12.0%  6592 2680s
  1425  1315  533.40408  136  980  606.00000  533.40408  12.0%  6583 2685s
  1429  1318  537.41397  154 1009  606.00000  533.40408  12.0%  6565 2691s
  1430  1318  533.40408   65 1009  606.00000  533.40408  12.0%  6560 2717s
  1434  1321  533.61376   15  971  606.00000  533.61376  11.9%  6542 2743s
  1436  1322  533.67165   18 1002  606.00000  533.67165  11.9%  6533 2745s
  1439  1324  535.14341   82  921  606.00000  535.14341  11.7%  6519 2754s
  1440  1325  535.34097   44  923  606.00000  535.34097  11.7%  6515 2759s
  1441  1326  535.40142   85  952  606.00000  535.40142  11.6%  6510 2762s
  1442  1326  535.42633   85  940  606.00000  535.42633  11.6%  6506 2765s
  1444  1328  535.49783  201  956  606.00000  535.49783  11.6%  6497 2770s
  1447  1330  535.69465   38  956  606.00000  535.69465  11.6%  6483 2779s
  1448  1330  535.69465   54  990  606.00000  535.69465  11.6%  6479 2780s
  1450  1332  535.69465   52 1000  606.00000  535.69465  11.6%  6470 2785s
  1452  1333  535.79186  103  973  606.00000  535.79186  11.6%  6461 2790s
  1457  1336  567.88480  332  907  606.00000  536.16390  11.5%  6439 2798s
  1458  1337  536.25603  256  948  606.00000  536.25603  11.5%  6434 2802s
  1460  1338  569.17401  342  993  606.00000  536.29569  11.5%  6425 2805s
  1463  1340  536.46103   13  988  606.00000  536.46103  11.5%  6412 2812s
  1467  1343  536.46103   20  970  606.00000  536.46103  11.5%  6395 2817s
  1471  1346  536.46103  183 1001  606.00000  536.46103  11.5%  6377 2820s
  1474  1348  536.56675   59  983  606.00000  536.56675  11.5%  6364 2828s
  1475  1348  536.56675   20  990  606.00000  536.56675  11.5%  6360 2830s
  1478  1350  536.85554  131  961  606.00000  536.85554  11.4%  6347 2840s
  1479  1351  536.85554   47  977  606.00000  536.85554  11.4%  6343 2845s
  1482  1353  539.72507  174  984  606.00000  536.90900  11.4%  6330 2850s
  1485  1355  537.09942    6  974  606.00000  537.09942  11.4%  6317 2859s
  1486  1356  552.96787  248  997  606.00000  537.09942  11.4%  6313 2861s
  1489  1358  554.40098  258 1015  606.00000  537.09942  11.4%  6300 2866s
  1490  1358  537.09942   71 1020  606.00000  537.09942  11.4%  6296 2871s
  1493  1360  537.26710   19  990  606.00000  537.26710  11.3%  6283 2877s
  1496  1362  553.06279  249 1026  606.00000  537.26710  11.3%  6271 2881s
  1499  1364  537.26710  136  960  606.00000  537.26710  11.3%  6258 2890s
  1503  1367  537.26710   15 1017  606.00000  537.26710  11.3%  6242 2896s
  1505  1368  537.26710    8  995  606.00000  537.26710  11.3%  6233 2901s
  1507  1370  537.26710   40 1009  606.00000  537.26710  11.3%  6225 2906s
  1510  1372  537.26710   22 1024  606.00000  537.26710  11.3%  6213 2910s
  1512  1373  537.31433  140  990  606.00000  537.31433  11.3%  6204 2915s
  1517  1376  537.33235  102 1032  606.00000  537.33235  11.3%  6184 2921s
  1520  1378  537.34518   30 1019  606.00000  537.34518  11.3%  6172 2927s
  1524  1381  537.36309  193 1046  606.00000  537.36309  11.3%  6156 2930s
  1525  1382  537.37913  136 1032  606.00000  537.37913  11.3%  6152 2937s
  1528  1384  537.38155   47 1056  606.00000  537.38155  11.3%  6139 2941s
  1531  1386  537.38964   19  934  606.00000  537.38964  11.3%  6127 2959s
  1532  1386  537.38964  108  934  606.00000  537.38964  11.3%  6123 2984s
  1533  1390  537.39126   25  882  606.00000  537.38964  11.3%  6617 3002s
  1535  1393  537.41977   26  900  606.00000  537.39126  11.3%  6616 3011s
  1539  1396  543.38708   27  880  606.00000  537.42186  11.3%  6619 3019s
  1543  1399  543.64611   28  836  606.00000  537.42186  11.3%  6642 3030s
  1547  1399  543.67523   29  825  606.00000  537.42186  11.3%  6664 3038s
  1549  1400  545.51244   29  779  606.00000  537.42186  11.3%  6665 3047s
  1550  1403  543.96914   30  806  606.00000  537.42186  11.3%  6690 3059s
  1554  1405  545.31347   31  834  606.00000  537.42186  11.3%  6787 3068s
  1557  1408  544.27922   31  846  606.00000  537.42186  11.3%  6795 3075s
  1561  1411  545.63513   32  845  606.00000  537.42186  11.3%  6817 3089s
  1565  1412  545.84932   33  818  606.00000  537.42186  11.3%  6885 3098s
  1568  1415  546.26895   34  835  606.00000  537.42186  11.3%  6886 3118s
H 1571  1341                     604.0000000  537.42186  11.0%  6879 3118s
  1572  1346  546.30760   35  828  604.00000  537.42186  11.0%  6879 3130s
  1577  1349  547.01589   36  770  604.00000  537.42186  11.0%  6900 3144s
  1582  1360  547.93550   36  755  604.00000  537.42186  11.0%  6919 3156s
  1594  1363  548.67163   38  706  604.00000  537.42186  11.0%  7232 3167s
  1601  1365  549.08185   39  721  604.00000  537.42186  11.0%  7225 3179s
  1606  1370  549.27802   40  734  604.00000  537.42186  11.0%  7215 3192s
  1612  1373  550.88570   41  693  604.00000  537.42186  11.0%  7215 3201s
  1617  1379  551.25758   41  671  604.00000  537.42186  11.0%  7275 3214s
  1625  1378  558.10424   42  602  604.00000  537.42186  11.0%  7363 3227s
  1627  1382  560.23626   44  658  604.00000  537.42186  11.0%  7362 3242s
  1631  1383  562.19925   45  628  604.00000  537.42186  11.0%  7394 3253s
  1634  1387  562.44245   46  645  604.00000  537.42186  11.0%  7417 3262s
  1639  1390  565.90708   46  616  604.00000  537.42186  11.0%  7416 3271s
  1643  1394  562.64695   47  628  604.00000  537.42186  11.0%  7423 3280s
  1649  1396  565.42776   47  621  604.00000  537.42186  11.0%  7416 3287s
  1653  1401  562.64973   48  620  604.00000  537.42186  11.0%  7422 3301s
  1659  1404  569.02228   48  468  604.00000  537.42186  11.0%  7499 3311s
  1664  1410  563.59370   49  577  604.00000  537.42186  11.0%  7512 3326s
  1672  1421  563.91290   49  599  604.00000  537.42186  11.0%  7594 3338s
  1685  1424  563.91077   50  578  604.00000  537.42186  11.0%  7738 3351s
  1693  1445  564.12392   50  579  604.00000  537.42186  11.0%  7837 3364s
  1716  1459  565.23777   52  533  604.00000  537.42186  11.0%  8068 3377s
  1738  1481  564.99413   55  547  604.00000  537.42186  11.0%  8321 3390s
  1767  1502  566.21147   59  553  604.00000  537.42186  11.0%  8635 3404s
  1798  1537  569.49621   62  512  604.00000  537.42186  11.0%  8885 3419s
  1843  1573  570.14833   67  434  604.00000  537.42186  11.0%  9154 3432s
  1894  1610  572.43011   72  453  604.00000  537.42186  11.0%  9312 3445s
  1948  1641  574.99751   78  452  604.00000  537.42186  11.0%  9464 3458s
  1999  1682  575.10485   86  444  604.00000  537.42186  11.0%  9498 3472s
  2060  1692  576.71918   93  408  604.00000  537.42186  11.0%  9503 3484s
  2098  1724  577.24559   97  403  604.00000  537.42186  11.0%  9454 3500s
  2166  1738  582.20149  105  426  604.00000  537.42186  11.0%  9440 3512s
  2234  1774  586.68551  115  400  604.00000  537.42186  11.0%  9361 3527s
  2307  1816  590.92600  131  371  604.00000  537.42186  11.0%  9395 3543s
  2393  1852  593.58116  150  349  604.00000  537.42186  11.0%  9363 3558s
  2503  1865  568.53305   46  439  604.00000  537.42186  11.0%  9189 3574s
  2574  1891  577.31870   50  402  604.00000  537.42186  11.0%  9138 3589s
  2664  1911  581.49787   54  392  604.00000  537.42186  11.0%  9058 3604s
  2782  1898  582.94596   57  439  604.00000  537.83383  11.0%  8886 3621s
  2818  1922  590.85050   70  348  604.00000  537.83383  11.0%  8935 3638s
  2889  1907  600.68003  101  300  604.00000  537.83383  11.0%  8949 3653s
  2928  1920  568.57933   64  496  604.00000  537.83383  11.0%  9040 3670s
  2954  1939  579.61051   74  413  604.00000  537.83383  11.0%  9199 3692s
  2982  1995  593.13439   82  419  604.00000  537.83383  11.0%  9353 3711s
  3048  2042  599.43771  126  333  604.00000  537.83383  11.0%  9357 3732s
  3140  2032     cutoff  181       604.00000  538.03055  10.9%  9302 3751s
  3167  2044  542.26918   29  778  604.00000  538.03055  10.9%  9512 3774s
  3188  2072  544.31889   33  704  604.00000  538.03055  10.9%  9703 3795s
  3223  2099  547.74366   37  635  604.00000  538.03055  10.9%  9936 3816s
  3261  2146  551.48148   40  572  604.00000  538.03055  10.9% 10128 3836s
  3321  2203  553.72526   44  560  604.00000  538.03055  10.9% 10333 3857s
  3398  2308  555.46444   47  516  604.00000  538.03055  10.9% 10458 3881s
  3531  2415  559.30095   56  464  604.00000  538.03055  10.9% 10451 3905s
  3687  2473  567.64304   67  435  604.00000  538.03055  10.9% 10332 3932s
  3838  2478  566.74473   85  435  604.00000  538.03055  10.9% 10239 3960s
  3893  2545  570.38820   96  446  604.00000  538.03055  10.9% 10430 3989s
  3979  2605  576.79396  129  339  604.00000  538.03055  10.9% 10627 4018s
  4067  2760  587.36315  162  311  604.00000  538.03055  10.9% 10732 4047s
  4256  2784  596.14838  264  265  604.00000  538.03055  10.9% 10615 4077s
  4373  2749  554.68632   32  683  604.00000  538.03055  10.9% 10610 4102s
  4377  2761  552.54788   33  624  604.00000  538.03055  10.9% 10615 4132s
  4390  2847  553.85797   34  657  604.00000  538.03055  10.9% 10614 4163s
  4492  2882  557.87090   38  560  604.00000  538.03055  10.9% 10555 4191s
  4650  2885  564.22813   52  429  604.00000  538.03055  10.9% 10342 4218s
  4706  2966  569.77148   74  395  604.00000  538.03055  10.9% 10540 4247s
  4806  3197  580.53045  114  295  604.00000  538.03055  10.9% 10705 4277s
  5085  3155  600.95325  236  167  604.00000  538.03055  10.9% 10529 4309s
  5165  3304  554.41283   37  672  604.00000  538.71210  10.8% 10612 4343s
  5361  3362  570.64607   49  469  604.00000  538.71210  10.8% 10595 4377s
  5495  3449  579.78362   75  416  604.00000  538.71210  10.8% 10727 4412s
  5644  3510  547.74892   35  764  604.00000  538.71210  10.8% 10625 4450s
  5725  3603  560.69490   49  569  604.00000  538.71210  10.8% 10754 4507s
  5852  3653  551.78435   36  733  604.00000  538.71210  10.8% 10882 4560s
  5902  3823  565.43639   52  535  604.00000  538.71210  10.8% 11074 4609s
  6095  3929  550.95031   29  738  604.00000  538.71210  10.8% 11113 4658s
  6210  4061  577.15322   54  501  604.00000  540.92181  10.4% 11297 4705s
  6386  4213  548.85628   32  893  604.00000  540.92181  10.4% 11378 4766s
  6567  4307  565.35812   38  734  604.00000  540.92181  10.4% 11508 4823s
  6670  4422  557.43835   38  759  604.00000  540.92181  10.4% 11625 4892s
  6819  4607  554.27454   38  742  604.00000  540.92181  10.4% 11755 4946s
  7068  4709  556.50239   41  647  604.00000  540.92181  10.4% 11607 4997s
  7244  4886  575.85479   72  484  604.00000  540.92181  10.4% 11596 5047s
  7444  5102  551.22814   37  678  604.00000  540.92181  10.4% 11622 5106s
  7739  5309  563.96036   31  744  604.00000  541.54431  10.3% 11558 5167s
  7982  5405  556.52712   37  879  604.00000  541.54431  10.3% 11551 5229s
  8087  5515  557.31916   38  762  604.00000  541.54431  10.3% 11714 5290s
  8207  5793  565.15674   46  630  604.00000  541.54431  10.3% 11806 5360s
  8546  5950  553.59110   33  712  604.00000  541.54431  10.3% 11615 5469s
  8731  6157  554.72773   43  576  604.00000  542.13454  10.2% 11771 5545s
  8950  6406  557.73345   42  812  604.00000  542.13454  10.2% 11779 5621s
  9265  6688  575.69407   60  527  604.00000  542.13454  10.2% 11670 5703s
  9576  6979  552.72416   38  768  604.00000  542.30458  10.2% 11674 5791s
  9897  7445  553.13457   32  730  604.00000  542.30458  10.2% 11670 5885s
 10408  7725  554.08575   42  761  604.00000  542.30458  10.2% 11482 5988s
 10698  8386  565.45640   51  550  604.00000  542.30458  10.2% 11747 6134s
 11419  8736  581.00308   71  499  604.00000  542.96205  10.1% 11572 6233s
 11811  8848  555.32707   33  721  604.00000  542.96205  10.1% 11575 6335s
 11957  8980  564.87114   44  665  604.00000  542.96205  10.1% 11667 6444s
 12128  9262  550.50407   31  852  604.00000  543.40432  10.0% 11734 6564s
 12449  9585  561.43398   37  622  604.00000  543.56566  10.0% 11827 6699s
 12835  9732  551.96123   36  726  604.00000  543.70071  10.0% 11842 6832s
 13006  9974  556.46788   38  799  604.00000  543.75790  10.0% 11992 6950s
 13287 10314  570.98904   52  534  604.00000  544.23230  9.90% 12044 7078s
 13670 10664  557.79095   37  710  604.00000  544.28112  9.89% 12025 7227s
 14075 11062  569.24373   35  662  604.00000  544.37404  9.87% 12090 7387s
 14537 11268  568.74109   42  613  604.00000  544.63216  9.83% 12204 7536s
 14766 11690  592.23412   89  310  604.00000  544.63216  9.83% 12212 7685s
 15262 11973  555.80325   31  752  604.00000  545.10818  9.75% 12197 7832s
 15606 12162  568.78454   47  572  604.00000  545.24396  9.73% 12275 7962s
 15835 12665  562.33467   40  637  604.00000  545.38293  9.70% 12356 8113s
 16385 12944  565.24187   45  504  604.00000  545.38672  9.70% 12313 8246s
 16711 13332  569.15140   49  576  604.00000  545.43339  9.70% 12394 8389s
 17148 13940  566.06270   49  566  604.00000  545.64711  9.66% 12448 8539s
 17839 14264  561.68000   40  667  604.00000  545.64711  9.66% 12390 8675s
 18258 14647  558.67846   44  610  604.00000  546.08767  9.59% 12469 8817s
 18715 14937  562.40771   40  576  604.00000  546.24840  9.56% 12534 8955s
 19079 15334  570.79802   68  544  604.00000  546.28044  9.56% 12571 9103s
 19550 15539  567.55767   36  585  604.00000  546.48019  9.52% 12609 9233s
 19823 15764  589.87493   62  440  604.00000  546.73381  9.48% 12684 9374s
 20074 16104  579.90838   79  480  604.00000  546.91699  9.45% 12821 9519s
 20491 16358  556.95070   35  806  604.00000  547.03960  9.43% 12846 9650s
 20791 16359  564.93390   46  425  604.00000  547.17507  9.41% 12862 10461s
 20793 16360  571.06623   52  458  604.00000  547.17507  9.41% 12861 10474s
 20794 16361  595.61715  121  521  604.00000  547.17507  9.41% 12860 10498s
 20795 16362  575.54413   72  560  604.00000  547.17507  9.41% 12860 10505s
 20796 16362  559.78397   36  619  604.00000  547.17507  9.41% 12859 10512s
 20797 16363  577.45150   44  643  604.00000  547.17507  9.41% 12859 10521s
 20798 16364  568.19290   52  663  604.00000  547.17507  9.41% 12858 10534s
 20799 16364  589.99356  119  670  604.00000  547.17507  9.41% 12857 10544s
 20800 16365  593.40829  206  652  604.00000  547.17507  9.41% 12857 10552s
 20801 16366  599.99249   85  703  604.00000  547.17507  9.41% 12856 10558s
 20802 16366  569.04238   46  706  604.00000  547.17507  9.41% 12855 10566s
 20803 16367  592.77154  109  721  604.00000  547.17507  9.41% 12855 10577s
 20804 16368  594.77590   71  730  604.00000  547.17507  9.41% 12854 10584s
 20805 16368  600.14161  103  742  604.00000  547.17507  9.41% 12854 10591s
 20806 16369  595.62710   58  761  604.00000  547.17507  9.41% 12853 10599s
 20807 16370  593.40338  151  762  604.00000  547.17507  9.41% 12852 10605s
 20808 16370  570.01134   57  773  604.00000  547.17507  9.41% 12852 10610s
 20809 16371  579.67945   80  826  604.00000  547.17507  9.41% 12851 10616s
 20811 16372  587.53352   81  814  604.00000  547.17507  9.41% 12850 10623s
 20812 16373  587.15640   67  828  604.00000  547.17507  9.41% 12849 10626s
 20813 16374  576.71323  128  822  604.00000  547.17507  9.41% 12849 10632s
 20814 16374  565.38079   42  843  604.00000  547.17507  9.41% 12848 10636s
 20816 16376  595.94353   56  846  604.00000  547.17507  9.41% 12847 10643s
 20817 16376  588.82895  119  838  604.00000  547.17507  9.41% 12846 10648s
 20818 16377  553.74537   34  818  604.00000  547.17507  9.41% 12846 10653s
 20819 16378  586.29472   96  886  604.00000  547.17507  9.41% 12845 10655s
 20821 16379  590.11238   66  903  604.00000  547.17507  9.41% 12844 10662s
 20822 16380  589.86800   73  902  604.00000  547.17507  9.41% 12843 10668s
 20823 16380  586.73111   68  940  604.00000  547.17507  9.41% 12843 10670s
 20824 16381  601.26600  110  948  604.00000  547.17507  9.41% 12842 10675s
 20827 16383  593.53006  117  947  604.00000  547.17507  9.41% 12840 10683s
 20828 16384  596.90705  144  954  604.00000  547.17507  9.41% 12839 10686s
 20831 16386  594.41573   67  934  604.00000  547.17507  9.41% 12838 10691s
 20836 16389  591.69862   63  944  604.00000  547.17507  9.41% 12834 10699s
 20837 16390  578.76771   65  933  604.00000  547.17507  9.41% 12834 10701s
 20839 16391  600.30078  170  989  604.00000  547.17507  9.41% 12833 10722s
 20840 16392  548.42490   38  948  604.00000  547.17507  9.41% 12832 10728s
 20842 16393  573.28467   56  950  604.00000  547.17507  9.41% 12831 10732s
 20844 16394  584.96832   80  965  604.00000  547.17507  9.41% 12830 10735s
 20847 16396  558.77079   41  998  604.00000  547.17507  9.41% 12828 10756s
 20849 16398  599.66768   65  968  604.00000  547.17507  9.41% 12826 10761s
 20851 16399  559.60313   46  995  604.00000  547.17507  9.41% 12825 10793s
 20852 16400  563.12205   32  968  604.00000  547.17507  9.41% 12825 10800s
 20853 16400  567.83428   43  997  604.00000  547.17507  9.41% 12824 10825s
 20854 16401  570.44984   77 1005  604.00000  547.17507  9.41% 12823 10838s
 20855 16402  561.43755   55  995  604.00000  547.17507  9.41% 12823 10840s
 20859 16404  600.28119  198 1029  604.00000  547.17507  9.41% 12820 10863s
 20860 16405  580.18393   55 1012  604.00000  547.17507  9.41% 12820 10869s
 20861 16406  579.89774   59 1034  604.00000  547.17507  9.41% 12819 10871s
 20864 16408  595.59137   94 1055  604.00000  547.17507  9.41% 12817 10899s
 20865 16408  599.65910  317 1008  604.00000  547.17507  9.41% 12817 10904s
 20867 16410  584.34792   84 1057  604.00000  547.17507  9.41% 12815 10924s
 20868 16410  583.46598   57 1004  604.00000  547.17507  9.41% 12815 10938s
 20870 16412  594.81875  112 1012  604.00000  547.17507  9.41% 12814 10962s
 20871 16412  588.40158   70  972  604.00000  547.17507  9.41% 12813 10977s
 20873 16414  593.08831  176  999  604.00000  547.17507  9.41% 12812 10981s
 20874 16414  596.93679  109 1016  604.00000  547.17507  9.41% 12811 11005s
 20876 16416  577.39393  102 1014  604.00000  547.17507  9.41% 12810 11010s
 20879 16418  577.15322   55 1047  604.00000  547.17507  9.41% 12808 11015s
 20881 16419  595.52221  129 1058  604.00000  547.17507  9.41% 12807 11035s
 20884 16421  565.04083   51 1036  604.00000  547.17507  9.41% 12805 11040s
 20887 16423  574.14709   48 1030  604.00000  547.17507  9.41% 12803 11071s
 20888 16424  553.44192   39 1006  604.00000  547.44516  9.36% 12803 11076s
 20891 16426  564.93390   46 1044  604.00000  547.44516  9.36% 12801 11094s
 20892 16426  592.90227   79  977  604.00000  547.82418  9.30% 12800 11100s
 20894 16428  595.61715  121  973  604.00000  548.05787  9.26% 12799 11107s
 20896 16429  559.78397   36 1017  604.00000  548.09565  9.26% 12798 11110s
 20897 16430  577.45150   44  925  604.00000  548.09929  9.26% 12797 11135s
 20898 16430  568.19290   52  963  604.00000  548.43067  9.20% 12796 11140s
 20901 16432  599.99249   85 1018  604.00000  548.49107  9.19% 12795 11164s
 20902 16433  569.04238   46  910  604.00000  548.55967  9.18% 12794 11195s
 20904 16434  594.77590   71 1036  604.00000  548.55967  9.18% 12793 11219s
 20905 16435  600.14161  103  981  604.00000  548.86693  9.13% 12792 11224s
 20906 16436  595.62710   58  973  604.00000  548.86693  9.13% 12792 11225s
 20909 16438  579.67945   80  942  604.00000  548.86693  9.13% 12790 11249s
 20910 16438  599.83540   94  996  604.00000  548.87183  9.13% 12789 11252s
 20911 16439  587.53352   81  996  604.00000  548.87183  9.13% 12788 11280s
 20913 16440  576.71323  128  966  604.00000  548.95063  9.11% 12787 11285s
 20915 16442  554.18777   41  999  604.00000  548.96691  9.11% 12786 11308s
 20916 16442  595.94353   56  974  604.00000  549.24187  9.07% 12785 11311s
 20920 16445  588.41380  112 1023  604.00000  549.24187  9.07% 12783 11337s
 20921 16446  590.11238   66 1009  604.00000  549.24187  9.07% 12782 11340s
 20926 16449  588.86075  106 1045  604.00000  549.24187  9.07% 12779 11363s
 20927 16450  593.53006  117 1021  604.00000  549.39160  9.04% 12779 11365s
 20930 16452  584.06630   69 1025  604.00000  549.39160  9.04% 12777 11392s
 20932 16453  592.27782  194 1028  604.00000  549.56916  9.01% 12776 11395s
 20933 16454  572.87564  102 1045  604.00000  549.56916  9.01% 12775 11422s
 20934 16454  569.64509   44 1033  604.00000  549.56916  9.01% 12774 11425s
 20935 16455  591.64252   53 1049  604.00000  549.56916  9.01% 12774 11455s
 20937 16456  578.76771   65 1035  604.00000  549.56916  9.01% 12773 11481s
 20938 16457  600.51800   97  969  604.00000  550.11126  8.92% 12772 11485s
 20942 16460  573.28467   56 1040  604.00000  550.14047  8.92% 12770 11511s
 20944 16461  584.96832   80  939  604.00000  550.34328  8.88% 12768 11515s
 20947 16463  558.77079   41 1044  604.00000  550.34328  8.88% 12766 11537s
 20948 16464  575.81857   84  902  604.00000  550.64331  8.83% 12766 11542s
 20950 16465  583.40750   99 1011  604.00000  550.69101  8.83% 12765 11569s
 20951 16466  559.60313   46 1006  604.00000  551.08038  8.76% 12764 11575s
 20954 16468  570.44984   77 1023  604.00000  551.08038  8.76% 12762 11604s
 20955 16468  561.43755   55 1023  604.00000  551.23395  8.74% 12762 11607s
 20956 16469  584.67645   63 1036  604.00000  551.23395  8.74% 12761 11632s
 20957 16470  593.02096   83 1007  604.00000  551.23395  8.74% 12760 11635s
 20960 16472  580.18393   55 1046  604.00000  551.23395  8.74% 12759 11657s
 20962 16473  583.26656   81 1047  604.00000  551.26984  8.73% 12757 11679s
 20963 16474  566.22860   58 1033  604.00000  551.31096  8.72% 12757 11682s
 20964 16474  595.59137   94 1045  604.00000  551.31096  8.72% 12756 11700s
 20966 16476  563.58138   45 1047  604.00000  551.39613  8.71% 12755 11724s
 20967 16476  584.34792   84 1048  604.00000  551.39613  8.71% 12754 11748s
 20968 16477  583.46598   57  966  604.00000  551.39613  8.71% 12754 11771s
 20969 16478  561.07261   50 1058  604.00000  551.39613  8.71% 12753 11794s
 20970 16478  594.81875  112 1034  604.00000  551.39613  8.71% 12752 11822s
 20971 16479  588.40158   70 1068  604.00000  551.39613  8.71% 12752 11839s
 20972 16480  596.38073   80 1057  604.00000  551.39613  8.71% 12751 11842s
 20973 16480  593.08831  176 1066  604.00000  551.39613  8.71% 12751 11865s
 20975 16482  576.13942   79 1041  604.00000  551.39613  8.71% 12749 11886s
 20977 16483  565.68478   47 1047  604.00000  551.39613  8.71% 12748 11909s
 20978 16484  588.18287   72 1025  604.00000  551.39613  8.71% 12748 11912s
 20979 16484  577.15322   55 1037  604.00000  551.39613  8.71% 12747 11935s
 20981 16486  595.52221  129 1048  604.00000  551.39613  8.71% 12746 11957s
 20982 16486  587.78030  122 1045  604.00000  551.39613  8.71% 12745 11960s
 20983 16487  589.36285   50 1055  604.00000  551.39613  8.71% 12745 11984s
 20984 16488  565.04083   51 1054  604.00000  551.39613  8.71% 12744 11989s
 20985 16488  566.87964   52 1055  604.00000  551.39613  8.71% 12743 12009s
 20986 16489  593.30334  150 1055  604.00000  551.39613  8.71% 12743 12034s
 20987 16490  574.14709   48  968  604.00000  551.39613  8.71% 12742 12062s
 20988 16490  553.44192   39  968  604.00000  551.39613  8.71% 12742 12080s
 20989 16494  551.39613   39  873  604.00000  551.39613  8.71% 12784 12089s
 20991 16497  551.41787   40  895  604.00000  551.39613  8.71% 12784 12104s
 20995 16500  551.67917   41  949  604.00000  551.43286  8.70% 12783 12111s
 20999 16507  551.82925   42  849  604.00000  551.43286  8.70% 12784 12120s
 21007 16508  553.10197   43  825  604.00000  551.43286  8.70% 12799 12125s
 21011 16510  553.93963   44  756  604.00000  551.43286  8.70% 12799 12134s
 21014 16513  555.13807   44  790  604.00000  551.43286  8.70% 12798 12142s
 21018 16518  554.33749   45  765  604.00000  551.43286  8.70% 12799 12154s
 21025 16519  555.16370   46  742  604.00000  551.43286  8.70% 12810 12162s
 21028 16521  555.33840   46  804  604.00000  551.43286  8.70% 12809 12172s
 21031 16526  556.14729   47  699  604.00000  551.43286  8.70% 12808 12181s
 21037 16529  556.21350   48  699  604.00000  551.43286  8.70% 12813 12192s
 21042 16532  556.59076   49  709  604.00000  551.43286  8.70% 12817 12202s
 21047 16540  557.35260   50  796  604.00000  551.43286  8.70% 12817 12213s
 21056 16542  558.74015   51  668  604.00000  551.43286  8.70% 12829 12222s
 21061 16546  558.48039   52  756  604.00000  551.43286  8.70% 12828 12231s
 21067 16551  560.04112   53  754  604.00000  551.43286  8.70% 12826 12240s
 21074 16551  560.26008   54  758  604.00000  551.43286  8.70% 12825 12250s
 21076 16557  573.73577   54  668  604.00000  551.43286  8.70% 12824 12261s
 21083 16569  561.28602   55  724  604.00000  551.43286  8.70% 12825 12271s
 21097 16572  562.94541   56  646  604.00000  551.43286  8.70% 12839 12280s
 21105 16573  567.49215   57  594  604.00000  551.43286  8.70% 12850 12290s
 21109 16576  563.42229   58  695  604.00000  551.43286  8.70% 12854 12305s
 21113 16579  571.46786   58  665  604.00000  551.43286  8.70% 12857 12316s
 21117 16581  563.93087   59  682  604.00000  551.43286  8.70% 12861 12330s
 21121 16584  572.70151   59  606  604.00000  551.43286  8.70% 12867 12338s
 21125 16587  564.25157   60  700  604.00000  551.43286  8.70% 12874 12348s
 21129 16589  566.45944   60  670  604.00000  551.43286  8.70% 12878 12357s
 21133 16592  564.58180   61  692  604.00000  551.43286  8.70% 12881 12367s
 21137 16595  566.42536   61  666  604.00000  551.43286  8.70% 12890 12376s
 21141 16604  564.82775   62  692  604.00000  551.43286  8.70% 12892 12387s
 21152 16618  566.57676   62  542  604.00000  551.43286  8.70% 12901 12399s
 21169 16632  567.24333   63  535  604.00000  551.43286  8.70% 12915 12410s
 21189 16645  570.24863   63  528  604.00000  551.43286  8.70% 12929 12423s
 21212 16656  567.46841   64  533  604.00000  551.43286  8.70% 12940 12435s
 21241 16666  570.16434   67  512  604.00000  551.43286  8.70% 12952 12447s
 21272 16677  573.33868   70  466  604.00000  551.43286  8.70% 12963 12459s
 21302 16685  586.23244   74  414  604.00000  551.68520  8.66% 12974 12471s
 21321 16701  575.17094   75  511  604.00000  551.68520  8.66% 12990 12485s
 21349 16716  575.33630   76  496  604.00000  551.68520  8.66% 12995 12499s
 21381 16716  575.49931   77  490  604.00000  551.68520  8.66% 12991 12513s
 21418 16722  576.64881   79  462  604.00000  552.71541  8.49% 12979 12527s
 21456 16732  578.12590   84  455  604.00000  552.71541  8.49% 12978 12540s
 21502 16742  584.01884   90  466  604.00000  552.71541  8.49% 12982 12555s
 21544 16757  590.97689  103  420  604.00000  552.71541  8.49% 12981 12578s
 21595 16745     cutoff  117       604.00000  553.03825  8.44% 12979 12614s
 21624 16757  560.43029   43  819  604.00000  553.03825  8.44% 12991 12630s
 21646 16775  560.26416   45  791  604.00000  553.03825  8.44% 13001 12647s
 21687 16792  565.03003   50  697  604.00000  553.10623  8.43% 13006 12664s
 21733 16796  566.65061   54  571  604.00000  553.10623  8.43% 13005 12684s
 21759 16810  569.36799   59  543  604.00000  553.12048  8.42% 13025 12703s
 21782 16817  570.92173   63  547  604.00000  553.12048  8.42% 13056 12721s
 21796 16841  574.21513   67  543  604.00000  553.12048  8.42% 13076 12741s
 21825 16878  576.12850   73  528  604.00000  553.12048  8.42% 13109 12762s
 21880 16928  582.37752   83  452  604.00000  553.12048  8.42% 13131 12785s
 21959 16971  598.72614  107  396  604.00000  553.38345  8.38% 13147 12808s
 22068 16971  562.90984   49  803  604.00000  553.38345  8.38% 13141 12830s
 22118 17007  563.97713   53  764  604.00000  553.84979  8.30% 13158 12854s
 22170 17038  567.47623   56  697  604.00000  553.84979  8.30% 13190 12878s
 22233 17053  569.59093   60  708  604.00000  553.84979  8.30% 13201 12901s
 22269 17134  579.77426   63  599  604.00000  553.84979  8.30% 13227 12927s
 22365 17150  577.67746   77  587  604.00000  553.84979  8.30% 13225 12981s
 22464 17163  584.80965   88  584  604.00000  553.84979  8.30% 13219 13009s
 22510 17216  590.28379   99  572  604.00000  554.96330  8.12% 13261 13044s
 22594 17284  556.11755   43  845  604.00000  554.96330  8.12% 13274 13075s
 22690 17344  565.16717   52  704  604.00000  554.96330  8.12% 13291 13108s
 22818 17361  567.51870   52  698  604.00000  554.96330  8.12% 13284 13146s
 22892 17409  568.63659   53  761  604.00000  554.96330  8.12% 13277 13187s
 22981 17502  579.65157   64  684  604.00000  554.96330  8.12% 13293 13229s
 23116 17512  593.80990  100  488  604.00000  554.96330  8.12% 13281 13279s
 23212 17537  573.14895   50  745  604.00000  554.96330  8.12% 13272 13319s
 23269 17659  587.44659   75  480  604.00000  554.96330  8.12% 13306 13365s
 23442 17719  579.46407   53  683  604.00000  554.96330  8.12% 13273 13417s
 23582 17729     cutoff   79       604.00000  555.14580  8.09% 13260 13464s
 23658 17786  567.27469   48  782  604.00000  555.47771  8.03% 13281 13512s
 23824 17815  574.12712   54  638  604.00000  555.47771  8.03% 13270 13566s
 23963 17885  566.84823   51  783  604.00000  556.12505  7.93% 13267 13619s
 24080 18047  575.82849   65  593  604.00000  556.12505  7.93% 13290 13672s
 24328 18060  569.42839   53  598  604.00000  556.17520  7.92% 13239 13724s
 24434 18210  591.51938  103  466  604.00000  556.34705  7.89% 13274 13782s
 24660 18233  577.36412   57  652  604.00000  556.34705  7.89% 13268 13853s
 24788 18293  564.73040   44  733  604.00000  556.34705  7.89% 13263 13918s
 24916 18386  574.50291   51  551  604.00000  556.34705  7.89% 13266 13998s
 25097 18436  579.61786   51  630  604.00000  556.34705  7.89% 13252 14062s
 25234 18521  585.22071   50  581  604.00000  556.34705  7.89% 13252 14129s
 25397 18643  567.14381   52  557  604.00000  556.34705  7.89% 13255 14199s
 25604 18724  582.68102   79  556  604.00000  556.34705  7.89% 13273 14274s
 25834 18877  564.65511   46  857  604.00000  556.34705  7.89% 13249 14361s
 26103 18929  599.49303  129  320  604.00000  556.34705  7.89% 13233 14445s
 26285 19012  587.86257   48  670  604.00000  556.34705  7.89% 13244 14535s
 26490 19170  566.84881   48  734  604.00000  557.84901  7.64% 13252 14630s
 26761 19207  580.17905   51  837  604.00000  557.98490  7.62% 13242 14714s
 26927 19325  576.56638   52  669  604.00000  558.02550  7.61% 13288 14812s
 27200 19455  566.49801   57  698  604.00000  558.14572  7.59% 13278 14915s
 27512 19508  565.70927   48  846  604.00000  558.25595  7.57% 13290 15028s
H27551 18641                     603.0000000  558.25595  7.42% 13314 15028s
 27711 18747  584.64183   66  633  603.00000  558.25595  7.42% 13309 15146s
 27970 18907  562.37777   51  724  603.00000  558.46677  7.39% 13311 15254s
 28294 18980  570.29461   46  773  603.00000  558.46677  7.39% 13265 15385s
 28580 19028  569.61400   51  817  603.00000  558.74660  7.34% 13265 15506s
 28793 19178  571.10417   44  703  603.00000  558.85086  7.32% 13288 15630s
 29082 19394  585.58584   64  654  603.00000  559.01217  7.29% 13300 15774s
 29506 19503  567.63448   56  687  603.00000  559.13848  7.27% 13254 15912s
 29813 19674  576.23527   71  627  603.00000  559.35244  7.24% 13336 16067s
 30234 19808  572.60332   58  623  603.00000  559.56111  7.20% 13335 16239s
 30665 20127  569.31786   54  701  603.00000  559.64840  7.19% 13346 16425s
 31248 20246  581.18596   50  749  603.00000  559.89192  7.15% 13300 16605s
 31670 20432  589.42942   64  501  603.00000  559.95700  7.14% 13318 16777s
 32148 20540  574.15772   54  592  603.00000  559.97425  7.14% 13318 16946s
 32555 20694  566.89746   51  725  603.00000  560.13217  7.11% 13281 17113s
 32945 20792  590.05201   63  392  603.00000  560.18805  7.10% 13281 17274s
 33280 20908  573.98501   56  573  603.00000  560.26635  7.09% 13274 17484s
H33490 19970                     602.0000000  560.26691  6.93% 13275 17484s
 33609 20232  570.85865   49  644  602.00000  560.33166  6.92% 13294 17661s
H33816 17495                     596.0000000  560.44656  5.97% 13310 17661s
 34094 17574  582.56263   68  616  596.00000  560.46073  5.96% 13280 17844s
 34479 17837  567.07038   48  832  596.00000  560.75115  5.91% 13263 18026s
H34637 16724                     595.0000000  560.75115  5.76% 13255 18026s
 35037 16878  586.12179   61  565  595.00000  560.96398  5.72% 13260 18211s
H35404 15378                     593.0000000  560.96398  5.40% 13219 18211s
 35528 15640  582.79374   64  635  593.00000  561.24075  5.36% 13207 18388s
 36037 15796  588.07656  103  335  593.00000  561.50684  5.31% 13157 18576s
 36535 15873  570.29454   50  691  593.00000  561.75361  5.27% 13127 18757s
 36973 16009  570.83734   50  815  593.00000  562.08617  5.21% 13088 18925s
 37481 16087  567.20843   52  725  593.00000  562.39146  5.16% 13058 19107s
 37872 16258  570.27203   49  780  593.00000  562.47721  5.15% 13054 19276s
 38408 16399  581.19297   78  575  593.00000  562.63541  5.12% 13018 19438s
 38841 16513  579.30347   60  462  593.00000  562.81082  5.09% 12986 19607s
 39242 16663  568.77746   58  643  593.00000  562.95560  5.07% 12969 19773s
 39635 16846  575.22305   49  673  593.00000  563.09151  5.04% 12954 19932s
 40058 17043  584.31596   67  563  593.00000  563.33292  5.00% 12938 20091s
 40574 17193  580.13236   59  703  593.00000  563.69630  4.94% 12898 20266s
 41036 17430  573.41700   58  696  593.00000  563.92118  4.90% 12889 20439s
H41622 16040                     591.0000000  564.06704  4.56% 12854 20608s
 42124 16141  569.89400   52  775  591.00000  564.25947  4.52% 12823 20749s
 42511 16371  570.61262   50  643  591.00000  564.39427  4.50% 12820 20901s
 43066 16486  582.25027   65  600  591.00000  564.62462  4.46% 12785 21032s
 43484 16644  574.46860   55  724  591.00000  564.78690  4.44% 12769 21158s
 43977 16837  571.63511   55  733  591.00000  564.85457  4.42% 12736 21278s
 44512 16953  576.58099   64  640  591.00000  564.96001  4.41% 12680 21411s
 44944 17090  573.88407   52  620  591.00000  565.07778  4.39% 12651 21530s
 45348 17236  575.08733   60  751  591.00000  565.15679  4.37% 12620 21656s
 45835 17315  568.00631   55  712  591.00000  565.33638  4.34% 12591 21778s
 46208 17471  570.87094   54  658  591.00000  565.41401  4.33% 12569 21896s
 46669 17587  570.50537   56  655  591.00000  565.53315  4.31% 12530 22028s
 47134 17679  571.73085   55  666  591.00000  565.66986  4.29% 12506 22139s
 47495 17810  575.17861   65  723  591.00000  565.75480  4.27% 12491 22258s
 47913 17964  572.52215   55  729  591.00000  565.86810  4.25% 12458 22372s
H48128 16688                     590.0000000  565.87728  4.09% 12450 22372s
 48315 16849  580.57012   56  628  590.00000  565.93305  4.08% 12443 22496s
 48731 16956  571.64389   52  783  590.00000  565.99192  4.07% 12413 22612s
 49131 16990  572.53271   48  783  590.00000  566.05641  4.06% 12384 22734s
 49460 17135  571.35411   54  766  590.00000  566.08369  4.05% 12370 22855s
 49947 17234  569.49620   49  716  590.00000  566.20992  4.03% 12336 22980s
 50351 17384  570.88997   60  765  590.00000  566.31063  4.02% 12326 23097s
 50775 17464  575.14881   69  602  590.00000  566.39782  4.00% 12313 23223s
 51114 17608  573.36918   55  716  590.00000  566.45373  3.99% 12292 23353s
 51496 17770  585.10670   56  620  590.00000  566.48184  3.99% 12282 23475s
 51952 17911  575.44405   48  937  590.00000  566.55922  3.97% 12261 23617s
 52502 17948  572.66285   53  797  590.00000  566.64170  3.96% 12214 23722s
 52836 18111  580.49507   61  696  590.00000  566.67911  3.95% 12199 23843s
 53275 18261  577.79282   54  593  590.00000  566.74874  3.94% 12168 23963s
 53798 18307  581.82231   67  606  590.00000  566.86039  3.92% 12127 24075s
 54178 18397  572.80796   51  833  590.00000  566.90136  3.92% 12099 24181s
 54549 18547  578.03654   67  731  590.00000  566.97159  3.90% 12084 24298s
 55073 18617  578.34322   54  653  590.00000  567.06727  3.89% 12046 24408s
 55495 18713  576.63661   55  567  590.00000  567.11257  3.88% 12017 24519s
 55895 18960  574.90549   54  889  590.00000  567.16903  3.87% 11986 24633s
 56340 19192  572.03017   59  692  590.00000  567.23086  3.86% 11962 24748s
 56726 19491     cutoff   55       590.00000  567.29193  3.85% 11944 24868s
 57239 19725  585.16414   71  559  590.00000  567.33746  3.84% 11914 24981s
 57631 19923  584.91980   59  526  590.00000  567.40089  3.83% 11896 25086s
 57983 20222  570.58320   58  700  590.00000  567.44973  3.82% 11875 25201s
 58448 20497  572.28193   53  762  590.00000  567.50152  3.81% 11841 25316s
 58891 20767  578.97829   50  680  590.00000  567.55875  3.80% 11819 25420s
 59355 21039  582.84889   72  536  590.00000  567.61247  3.79% 11791 25533s
 59815 21351  571.15838   58  776  590.00000  567.69158  3.78% 11762 25646s
 60282 21667  582.42972   51  896  590.00000  567.74440  3.77% 11740 25748s
 60785 21883  585.79532   72  504  590.00000  567.78577  3.77% 11714 25855s
 61160 22081  580.94486   73  578  590.00000  567.84092  3.76% 11692 25961s
 61560 22151  588.48426   65  590  590.00000  567.88223  3.75% 11672 26067s
 61667 22397  572.06711   49  751  590.00000  567.89300  3.75% 11667 26169s
 62050 22628  584.13407   62  574  590.00000  567.93362  3.74% 11653 26286s
 62419 23005  573.46845   50  751  590.00000  567.95681  3.74% 11643 26423s
 63098 23215  576.28610   61  451  590.00000  568.05749  3.72% 11605 26511s
 63451 23482  576.08053   52  595  590.00000  568.06679  3.72% 11584 26600s
 63897 23688  583.72320   64  595  590.00000  568.13851  3.71% 11557 26690s
 64233 23950  580.49505   52  624  590.00000  568.18744  3.70% 11542 26786s
 64642 24163  573.52487   48  787  590.00000  568.23335  3.69% 11516 26878s
 64971 24351  569.65886   52  828  590.00000  568.27718  3.68% 11502 26977s
 65381 24560  587.81723   76  347  590.00000  568.31985  3.67% 11475 27076s
 65759 24777  572.06993   55  868  590.00000  568.38579  3.66% 11455 27179s
 66107 25048  571.82152   47  749  590.00000  568.41056  3.66% 11443 27282s
 66611 25265  583.61333   65  522  590.00000  568.44632  3.65% 11419 27380s
 67010 25510  575.42935   68  679  590.00000  568.46886  3.65% 11397 27478s
 67404 25732  579.33989   66  571  590.00000  568.53306  3.64% 11382 27573s
 67793 25925  586.13759   72  527  590.00000  568.58278  3.63% 11362 27675s
 68115 26166  579.45870   70  607  590.00000  568.63339  3.62% 11347 27772s
 68574 26365  575.25493   51  751  590.00000  568.68836  3.61% 11324 27868s
 68972 26622  579.71034   62  729  590.00000  568.71853  3.61% 11308 27964s
 69382 26868  587.40412   84  578  590.00000  568.77319  3.60% 11286 28065s
 69859 27131  582.95255   55  576  590.00000  568.84810  3.59% 11263 28169s
 70330 27376  578.15644   67  736  590.00000  568.88693  3.58% 11236 28268s
 70777 27512  570.02680   44  905  590.00000  568.91450  3.57% 11214 28355s
 71007 27702  578.67881   53  658  590.00000  568.92510  3.57% 11204 28456s
 71405 27987  577.68608   55  643  590.00000  568.95752  3.57% 11182 28567s
 71901 28200  577.49904   65  653  590.00000  569.00651  3.56% 11160 28660s
 72301 28468  578.75722   56  732  590.00000  569.04089  3.55% 11148 28761s
 72722 28657  576.63859   58  354  590.00000  569.05266  3.55% 11129 28895s
 73080 29017  573.76822   57  661  590.00000  569.09988  3.54% 11113 29050s
 73694 29349  588.17657   63  547  590.00000  569.14363  3.53% 11095 29176s
 74234 29613  588.75881   63  508  590.00000  569.17489  3.53% 11071 29288s
 74789 29853  583.04152   59  614  590.00000  569.21218  3.52% 11051 29394s
 75225 30092  581.63716   62  631  590.00000  569.26550  3.51% 11034 29496s
 75655 30398  573.01315   55  697  590.00000  569.30428  3.51% 11020 29594s
 76125 30711  575.85537   64  658  590.00000  569.32986  3.50% 11001 29701s
 76635 30925  584.75803   58  672  590.00000  569.38172  3.49% 10981 29794s
 77014 31183  574.69023   57  743  590.00000  569.42130  3.49% 10968 29892s
 77545 31382  579.02349   57  611  590.00000  569.44341  3.48% 10949 29989s
 77899 31637  586.88368   70  645  590.00000  569.48425  3.48% 10936 30090s
 78388 31851  574.18037   61  767  590.00000  569.51013  3.47% 10918 30182s
 78796 32076  575.49871   51  672  590.00000  569.53716  3.47% 10904 30272s
 79203 32257  577.28413   56  669  590.00000  569.56388  3.46% 10891 30365s
 79591 32555  576.93676   55  704  590.00000  569.59960  3.46% 10876 30459s
 80028 32782  586.66418   68  539  590.00000  569.62560  3.45% 10862 30561s
 80487 33009  578.25776   65  588  590.00000  569.67484  3.44% 10844 30651s
 80864 33228  579.38850   63  631  590.00000  569.71557  3.44% 10833 30749s
 81204 33330  573.83530   48  865  590.00000  569.72115  3.44% 10828 30835s
 81396 33485  574.03857   49  830  590.00000  569.73411  3.43% 10817 30933s
 81771 33711  577.94327   60  731  590.00000  569.76060  3.43% 10801 31035s
 82243 33946  575.93984   61  637  590.00000  569.81234  3.42% 10782 31129s
 82626 34227     cutoff   72       590.00000  569.86788  3.41% 10772 31222s
 83114 34583  580.79684   66  601  590.00000  569.92695  3.40% 10752 31350s
 83717 34797  583.33734   71  499  590.00000  569.97060  3.39% 10725 31437s
 84123 35054  578.50920   50  722  590.00000  569.99997  3.39% 10711 31531s
 84555 35277  576.49760   69  616  590.00000  570.04437  3.38% 10694 31621s
 85015 35482  576.95143   53  680  590.00000  570.06187  3.38% 10677 31709s
 85443 35702  579.80228   58  618  590.00000  570.08654  3.38% 10664 31797s
 85853 35934  576.04946   65  753  590.00000  570.10566  3.37% 10649 31885s
 86238 36164  584.47010   62  609  590.00000  570.14802  3.36% 10639 31973s
 86651 36425  574.46168   61  641  590.00000  570.17738  3.36% 10626 32059s
 87186 36671  575.59438   56  685  590.00000  570.20123  3.36% 10605 32143s
 87618 36866  575.15259   60  733  590.00000  570.23704  3.35% 10594 32237s
 88037 37071  580.38391   59  706  590.00000  570.25889  3.35% 10584 32317s
 88395 37226  576.52410   54  662  590.00000  570.28216  3.34% 10575 32403s
 88716 37445  574.98593   47  795  590.00000  570.29693  3.34% 10562 32491s
 89161 37677  572.54308   59  727  590.00000  570.33517  3.33% 10551 32580s
 89610 37944  578.24993   52  771  590.00000  570.35334  3.33% 10535 32674s
 90130 38166  579.58528   51  708  590.00000  570.38611  3.32% 10519 32763s
 90507 38425  575.64195   52  812  590.00000  570.39969  3.32% 10505 32843s
 91028 38644  574.58912   55  901  590.00000  570.43819  3.32% 10485 32931s
 91424 38853  580.45887   60  508  590.00000  570.46049  3.31% 10471 33017s
 91790 39096  577.64737   53  749  590.00000  570.48475  3.31% 10458 33100s
 92231 39252  586.22029   55  702  590.00000  570.50220  3.30% 10446 33184s
 92645 39411  580.32168   57  662  590.00000  570.53142  3.30% 10433 33269s
 92979 39632  574.83496   61  422  590.00000  570.54752  3.30% 10423 33351s
 93339 39924     cutoff   64       590.00000  570.58893  3.29% 10413 33476s
 93948 40103  588.19908   67  436  590.00000  570.61203  3.29% 10394 33560s
 94318 40312  575.31267   62  760  590.00000  570.63793  3.28% 10385 33647s
 94740 40577  574.70308   54  786  590.00000  570.66576  3.28% 10371 33732s
 95256 40747     cutoff   55       590.00000  570.70844  3.27% 10356 33818s
 95560 40990  574.15257   65  706  590.00000  570.72184  3.27% 10350 33904s
 95976 41238  579.66744   56  587  590.00000  570.74895  3.26% 10340 33985s
 96452 41460     cutoff   82       590.00000  570.77239  3.26% 10322 34073s
 96939 41750  583.76831   65  690  590.00000  570.82397  3.25% 10305 34160s
 97448 41901  588.30429   63  572  590.00000  570.86351  3.24% 10287 34236s
 97751 42093  579.63510   61  601  590.00000  570.88569  3.24% 10281 34313s
 98212 42289  585.99807   51  596  590.00000  570.90591  3.24% 10265 34389s
 98575 42487  576.55389   54  749  590.00000  570.94010  3.23% 10254 34468s
 98977 42705  583.22542   57  609  590.00000  570.96453  3.23% 10243 34550s
 99375 42956  579.14602   67  717  590.00000  570.99309  3.22% 10230 34632s
 99842 43145  580.32764   65  706  590.00000  571.02334  3.22% 10218 34714s
 100272 43227  573.44757   58  669  590.00000  571.04335  3.21% 10207 34786s
 100409 43412  584.05888   75  594  590.00000  571.05284  3.21% 10203 34861s
 100805 43642  581.95331   54  710  590.00000  571.05539  3.21% 10189 34943s
 101319 43816  584.48233   58  679  590.00000  571.08915  3.21% 10177 35030s
 101708 44068  586.00848   62  629  590.00000  571.10028  3.20% 10169 35115s
 102177 44238  587.60417   89  600  590.00000  571.13722  3.20% 10153 35192s
 102532 44490  577.64441   62  542  590.00000  571.15122  3.19% 10141 35270s
 102976 44743  584.17090   72  565  590.00000  571.18089  3.19% 10127 35343s
 103412 44920  587.01645   63  514  590.00000  571.19955  3.19% 10115 35420s
 103764 45260  575.82551   49  745  590.00000  571.22323  3.18% 10109 35529s
 104385 45527  576.71638   55  879  590.00000  571.25726  3.18% 10092 35607s
 104871 45740  573.03875   50  713  590.00000  571.27722  3.17% 10078 35676s
 105297 45864  582.94751   58  687  590.00000  571.29969  3.17% 10068 35740s
 105595 46088  581.27958   67  717  590.00000  571.31365  3.17% 10059 35810s
 106015 46277  577.73650   59  607  590.00000  571.33399  3.16% 10049 35876s
 106433 46478  580.74217   70  565  590.00000  571.34374  3.16% 10037 35945s
 106820 46710  585.81529   69  635  590.00000  571.35411  3.16% 10025 36020s
 107237 46900  579.06205   60  668  590.00000  571.37385  3.16% 10015 36096s
 107655 47131  576.82614   46  928  590.00000  571.40360  3.15% 10005 36166s
 108129 47292  576.91847   60  602  590.00000  571.42921  3.15%  9989 36237s
 108515 47519  578.06529   61  768  590.00000  571.44373  3.15%  9978 36310s
 108935 47700  583.21375   69  596  590.00000  571.46220  3.14%  9970 36383s
 109349 47901  580.48022   63  666  590.00000  571.48582  3.14%  9958 36458s
 109709 48077  579.27915   61  581  590.00000  571.51192  3.13%  9951 36534s
 110074 48189  578.82232   55  726  590.00000  571.53799  3.13%  9942 36608s
 110448 48397  575.20862   60  770  590.00000  571.55803  3.13%  9930 36683s
 110955 48637     cutoff   68       590.00000  571.57493  3.12%  9917 36756s
 111420 48820  579.53208   72  491  590.00000  571.60384  3.12%  9910 36822s
 111803 48993  583.42394   64  641  590.00000  571.61355  3.12%  9896 36891s
 112239 49189  575.92474   56  697  590.00000  571.64646  3.11%  9884 36962s
 112606 49429  585.60831   72  427  590.00000  571.66253  3.11%  9877 37033s
 113099 49617  575.88969   69  608  590.00000  571.67130  3.11%  9863 37110s
 113466 49846  580.54166   57  587  590.00000  571.69233  3.10%  9856 37187s
 113933 50040  576.45617   51  671  590.00000  571.72615  3.10%  9843 37260s
 114334 50351  578.66052   59  632  590.00000  571.74219  3.09%  9835 37365s
 114923 50589  580.13449   62  747  590.00000  571.78001  3.09%  9821 37438s
 115415 50778  573.82785   64  731  590.00000  571.80205  3.08%  9808 37508s
 115915 50915  578.44397   59  585  590.00000  571.81918  3.08%  9795 37575s
 116236 51156  588.04254   59  513  590.00000  571.83744  3.08%  9789 37641s
 116671 51400  586.47251   68  455  590.00000  571.86047  3.07%  9780 37707s
 117144 51581     cutoff   67       590.00000  571.89004  3.07%  9769 37768s
 117538 51830  580.99999   76  678  590.00000  571.92498  3.06%  9759 37834s
 117965 51993  576.69908   51  712  590.00000  571.93981  3.06%  9750 37898s
 118344 52184  580.01635   66  479  590.00000  571.95069  3.06%  9744 37962s
 118803 52404  588.41960   78  515  590.00000  571.96455  3.06%  9732 38029s
 119275 52580  574.90655   55  507  590.00000  571.99947  3.05%  9719 38093s
 119760 52756  577.58253   59  811  590.00000  572.01936  3.05%  9706 38159s
 120124 52981  580.48391   67  700  590.00000  572.03342  3.05%  9700 38224s
 120513 53162  575.94957   68  722  590.00000  572.04726  3.04%  9694 38286s
 120837 53292  577.29086   64  618  590.00000  572.06018  3.04%  9688 38349s
 121146 53437  587.38584   56  639  590.00000  572.07168  3.04%  9681 38414s
 121432 53672  576.52830   67  668  590.00000  572.08250  3.04%  9675 38480s
 121867 53773  579.19952   60  611  590.00000  572.10038  3.03%  9663 38543s
 122074 53970  586.27022   75  547  590.00000  572.10038  3.03%  9660 38609s
 122509 54175  580.18335   54  789  590.00000  572.12558  3.03%  9653 38677s
 122925 54377  585.73401   61  642  590.00000  572.13800  3.03%  9644 38747s
 123307 54598  588.83177   61  590  590.00000  572.14999  3.03%  9637 38819s
 123779 54761  581.08116   49  593  590.00000  572.18778  3.02%  9626 38886s
 124096 54910  576.56761   57  682  590.00000  572.19799  3.02%  9621 38954s
 124482 55087     cutoff   57       590.00000  572.22036  3.01%  9613 39023s
 124853 55424  574.22275   59  701  590.00000  572.23868  3.01%  9605 39122s
 125520 55695  580.15114   55  710  590.00000  572.27098  3.00%  9590 39188s
 126010 55912  580.88706   67  634  590.00000  572.29755  3.00%  9578 39245s
 126423 56108  588.01419   74  560  590.00000  572.30934  3.00%  9568 39302s
 126788 56231  577.69853   65  704  590.00000  572.32738  3.00%  9561 39358s
 127043 56445     cutoff   65       590.00000  572.33205  2.99%  9558 39418s
 127509 56569  582.17365   59  574  590.00000  572.36053  2.99%  9546 39474s
 127835 56718  584.08277   59  607  590.00000  572.39067  2.98%  9540 39538s
 128155 56975  579.68259   57  426  590.00000  572.40046  2.98%  9535 39601s
 128656 57091  579.22112   71  660  590.00000  572.43224  2.98%  9524 39658s
 128969 57321  584.47685   59  609  590.00000  572.44338  2.98%  9516 39721s
 129388 57489  580.68148   50  617  590.00000  572.46068  2.97%  9509 39787s
 129751 57672  578.91979   53  756  590.00000  572.46915  2.97%  9502 39851s
 130161 57921  586.36278   62  535  590.00000  572.48482  2.97%  9492 39921s
 130610 58089  586.42188   81  466  590.00000  572.50301  2.97%  9482 39989s
 130966 58347  575.56110   54  781  590.00000  572.51756  2.96%  9474 40053s
 131434 58519  584.09665   60  416  590.00000  572.53164  2.96%  9465 40120s
 131829 58738  577.83230   66  779  590.00000  572.54202  2.96%  9456 40189s
 132259 58945     cutoff   88       590.00000  572.55562  2.96%  9447 40253s
 132687 59022  580.88146   64  689  590.00000  572.58052  2.95%  9437 40315s
 132827 59176  580.42283   60  580  590.00000  572.58344  2.95%  9435 40376s
 133123 59387  579.91588   63  642  590.00000  572.59086  2.95%  9430 40444s
 133543 59601  585.00504   74  653  590.00000  572.59962  2.95%  9422 40509s
 133913 59780  585.57563   62  681  590.00000  572.61285  2.95%  9415 40573s
 134341 59850     cutoff   69       590.00000  572.63164  2.94%  9407 40632s
 134524 59871  581.98489   57  642  590.00000  572.64884  2.94%  9405 40690s
 134590 59973  578.61908   59  650  590.00000  572.65074  2.94%  9403 40753s
 134760 60115  585.98325   62  493  590.00000  572.65573  2.94%  9401 40814s
 135129 60491  585.10551   59  152  590.00000  572.66691  2.94%  9391 40915s
 135858 60631     cutoff   72       590.00000  572.68489  2.93%  9378 40974s
 136214 60780  573.61294   54  855  590.00000  572.70374  2.93%  9370 41037s
 136562 60924  580.06760   59  629  590.00000  572.72064  2.93%  9366 41093s
 136866 61023  588.29833   76  336  590.00000  572.73419  2.93%  9357 41158s
 137157 61269  576.75650   62  690  590.00000  572.75236  2.92%  9351 41229s
 137648 61510  578.89168   66  662  590.00000  572.76805  2.92%  9342 41299s
 138115 61698  578.98305   56  529  590.00000  572.78837  2.92%  9333 41363s
 138522 61878  581.19672   53  751  590.00000  572.80717  2.91%  9326 41426s
 138849 62048  587.81045   69  592  590.00000  572.81351  2.91%  9320 41492s
 139210 62231  579.34050   54  670  590.00000  572.83058  2.91%  9313 41558s
 139655 62427  577.95534   52  832  590.00000  572.85903  2.91%  9303 41627s
 140032 62658  583.71091   62  622  590.00000  572.87264  2.90%  9298 41697s
 140501 62863  579.19218   53  549  590.00000  572.90050  2.90%  9290 41769s
 141045 62966  578.73319   61  775  590.00000  572.91849  2.90%  9276 41835s
 141314 63135  576.30521   63  714  590.00000  572.92257  2.89%  9273 41901s
 141727 63317  582.46823   61  731  590.00000  572.92699  2.89%  9265 41968s
 142125 63527  580.35676   68  700  590.00000  572.94538  2.89%  9260 42032s
 142549 63717  586.39427   69  626  590.00000  572.97698  2.89%  9253 42100s
 142992 63928  579.32070   55  598  590.00000  572.98997  2.88%  9245 42165s
 143417 64154  586.70488   59  572  590.00000  573.00789  2.88%  9240 42229s
 143885 64289     cutoff   83       590.00000  573.02523  2.88%  9231 42296s
 144173 64527  579.75683   69  622  590.00000  573.03986  2.87%  9229 42361s
 144655 64658  583.42766   64  593  590.00000  573.05653  2.87%  9220 42426s
 145050 64819  580.47385   61  561  590.00000  573.07565  2.87%  9214 42495s
 145520 65107  584.99180   58  628  590.00000  573.08831  2.87%  9205 42584s
 146063 65314  582.27888   59  580  590.00000  573.10597  2.86%  9194 42652s
 146505 65513  581.92045   66  585  590.00000  573.12146  2.86%  9187 42723s
 146932 65701  585.56676   73  649  590.00000  573.14153  2.86%  9181 42790s
 147342 65905  585.77124   60  636  590.00000  573.14915  2.86%  9176 42858s
 147749 66048     cutoff   69       590.00000  573.16728  2.85%  9168 42925s
 148057 66245     cutoff   56       590.00000  573.17566  2.85%  9164 42997s
 148521 66436  578.92683   58  635  590.00000  573.19431  2.85%  9156 43070s
 148980 66626  580.00830   56  840  590.00000  573.20875  2.85%  9147 43135s
 149372 66801  587.05573   59  485  590.00000  573.22679  2.84%  9140 43200s

Cutting planes:
  Lift-and-project: 1
  Cover: 279
  Implied bound: 440
  Projected implied bound: 1
  Clique: 4
  MIR: 80
  Flow cover: 2714
  GUB cover: 19
  Inf proof: 5
  Zero half: 43
  Mod-K: 3
  Network: 98
  Relax-and-lift: 3

Explored 149743 nodes (1368205051 simplex iterations) in 43200.05 seconds (185949.29 work units)
Thread count was 4 (of 32 available processors)

Solution count 10: 590 591 593 ... 607

Time limit reached
Best objective 5.900000000000e+02, best bound 5.740000000000e+02, gap 2.7119%

Wrote result file './sol/E150_1000.10_R100.sol'

