
Gurobi 13.0.2 (mac64[arm], gurobi_cl) logging started Mon Sep  7 19:32:39 2026

Set parameter TokenServer to value "10.8.80.200"
Set parameter TimeLimit to value 43200
Set parameter LogFile to value "/Users/takafumi/Dropbox/2_Study/cspns_gurobi/log_recomputed_4threads/E150_1000.2_R50.log"
Set parameter Threads to value 4
Using license file /Library/gurobi1302/gurobi.lic

Gurobi Optimizer version 13.0.2 build v13.0.2rc1 (mac64[arm] - Darwin 24.6.0 24G517)
Copyright (c) 2026, Gurobi Optimization, LLC

Read LP format model from file /Users/takafumi/Dropbox/2_Study/cspns_gurobi/lp/E150_1000.2_R50.lp
Reading time = 0.11 seconds
root: 46208 rows, 45753 columns, 399999 nonzeros

Using Gurobi shared library /Library/gurobi1302/macos_universal2/lib/libgurobi130.dylib

CPU model: Apple M3 Ultra
Thread count: 32 physical cores, 32 logical processors, using up to 4 threads

Non-default parameters:
TimeLimit  43200
Threads  4

Optimize a model with 46208 rows, 45753 columns and 399999 nonzeros (Min)
Model fingerprint: 0x053cf74d
Model has 22650 linear objective coefficients
Variable types: 0 continuous, 45753 integer (0 binary)
Coefficient statistics:
  Matrix range     [1e+00, 2e+02]
  Objective range  [1e+00, 2e+02]
  Bounds range     [1e+00, 1e+00]
  RHS range        [1e+00, 1e+00]

Presolve removed 23113 rows and 309 columns
Presolve time: 1.09s
Presolved: 23095 rows, 45444 columns, 283390 nonzeros
Variable types: 0 continuous, 45444 integer (22944 binary)
Found heuristic solution: objective 10230.000000
Deterministic concurrent LP optimizer: primal and dual simplex
Showing primal log only...

Concurrent spin time: 0.00s

Solved with primal simplex

Root relaxation: objective 1.509014e+02, 73101 iterations, 1.91 seconds (4.21 work units)

    Nodes    |    Current Node    |     Objective Bounds      |     Work
 Expl Unexpl |  Obj  Depth IntInf | Incumbent    BestBd   Gap | It/Node Time

     0     0  150.90144    0  438 10230.0000  150.90144  98.5%     -    3s
     0     0  529.93809    0  494 10230.0000  529.93809  94.8%     -    7s
H    0     0                    2781.0000000  529.93809  80.9%     -    7s
H    0     0                    2653.0000000  529.93809  80.0%     -    7s
H    0     0                    2590.0000000  529.93809  79.5%     -    7s
H    0     0                    2572.0000000  529.93809  79.4%     -    7s
H    0     0                    2567.0000000  529.93809  79.4%     -    7s
H    0     0                    2565.0000000  529.93809  79.3%     -    7s
H    0     0                    2564.0000000  529.93809  79.3%     -    7s
H    0     0                    2563.0000000  529.93809  79.3%     -    7s
H    0     0                    2005.0000000  529.93809  73.6%     -    8s
H    0     0                    1639.0000000  529.93809  67.7%     -    8s
H    0     0                    1608.0000000  529.93809  67.0%     -    9s
H    0     0                    1578.0000000  529.93809  66.4%     -   11s
H    0     0                    1544.0000000  529.93809  65.7%     -   11s
H    0     0                    1538.0000000  529.93809  65.5%     -   12s
H    0     0                    1531.0000000  529.93809  65.4%     -   12s
H    0     0                    1480.0000000  529.93809  64.2%     -   15s
     0     0  687.86117    0  535 1480.00000  687.86117  53.5%     -   20s
     0     0  702.94101    0  525 1480.00000  702.94101  52.5%     -   30s
H    0     0                    1470.0000000  702.94101  52.2%     -   30s
H    0     0                    1362.0000000  702.94101  48.4%     -   33s
H    0     0                    1356.0000000  702.94101  48.2%     -   34s
H    0     0                    1350.0000000  702.94101  47.9%     -   38s
H    0     0                    1332.0000000  702.94101  47.2%     -   42s
H    0     0                    1233.0000000  702.94101  43.0%     -   42s
H    0     0                    1192.0000000  702.94101  41.0%     -   42s
H    0     0                    1181.0000000  702.94101  40.5%     -   42s
H    0     0                    1158.0000000  702.94101  39.3%     -   42s
H    0     0                    1153.0000000  702.94101  39.0%     -   42s
H    0     0                    1149.0000000  702.94101  38.8%     -   42s
H    0     0                    1148.0000000  702.94101  38.8%     -   42s
H    0     0                    1111.0000000  702.94101  36.7%     -   42s
H    0     0                    1079.0000000  702.94101  34.9%     -   42s
H    0     0                    1075.0000000  702.94101  34.6%     -   42s
H    0     0                    1073.0000000  702.94101  34.5%     -   42s
H    0     0                    1032.0000000  702.94101  31.9%     -   42s
     0     0  759.79503    0  554 1032.00000  759.79503  26.4%     -   45s
H    0     0                    1028.0000000  759.81817  26.1%     -   45s
H    0     0                    1024.0000000  759.81817  25.8%     -   46s
H    0     0                    1022.0000000  759.81817  25.7%     -   46s
H    0     0                    1021.0000000  759.81817  25.6%     -   47s
H    0     0                    1020.0000000  759.81817  25.5%     -   52s
H    0     0                    1019.0000000  759.81817  25.4%     -   53s
H    0     0                    1016.0000000  759.81817  25.2%     -   53s
H    0     0                    1003.0000000  759.81817  24.2%     -   53s
H    0     0                     993.0000000  759.81817  23.5%     -   55s
H    0     0                     984.0000000  759.81817  22.8%     -   57s
H    0     0                     972.0000000  759.81817  21.8%     -   58s
H    0     0                     965.0000000  759.81817  21.3%     -   58s
H    0     0                     955.0000000  759.81817  20.4%     -   59s
H    0     0                     953.0000000  759.81817  20.3%     -   65s
     0     0  765.37555    0  553  953.00000  765.37555  19.7%     -   68s
     0     0  765.37555    0  552  953.00000  765.37555  19.7%     -   68s
     0     0  791.82169    0  580  953.00000  791.82169  16.9%     -   73s
     0     0  796.38304    0  605  953.00000  796.38304  16.4%     -   78s
     0     0  797.35527    0  600  953.00000  797.35527  16.3%     -   83s
     0     0  797.93301    0  619  953.00000  797.93301  16.3%     -   85s
     0     0  798.00787    0  611  953.00000  798.00787  16.3%     -   87s
     0     0  812.98300    0  658  953.00000  812.98300  14.7%     -   97s
     0     0  824.43868    0  687  953.00000  824.43868  13.5%     -  104s
     0     0  826.78559    0  673  953.00000  826.78559  13.2%     -  112s
     0     0  827.07192    0  676  953.00000  827.07192  13.2%     -  116s
     0     0  827.29667    0  668  953.00000  827.29667  13.2%     -  119s
     0     0  827.39808    0  675  953.00000  827.39808  13.2%     -  121s
     0     0  838.21416    0  666  953.00000  838.21416  12.0%     -  130s
     0     0  842.31696    0  717  953.00000  842.31696  11.6%     -  140s
     0     0  843.87597    0  733  953.00000  843.87597  11.5%     -  144s
     0     0  844.30639    0  735  953.00000  844.30639  11.4%     -  146s
     0     0  844.39566    0  751  953.00000  844.39566  11.4%     -  147s
     0     0  845.38593    0  772  953.00000  845.38593  11.3%     -  150s
     0     0  845.45404    0  781  953.00000  845.45404  11.3%     -  152s
     0     0  846.94241    0  757  953.00000  846.94241  11.1%     -  155s
     0     0  847.26394    0  780  953.00000  847.26394  11.1%     -  159s
     0     0  847.27900    0  810  953.00000  847.27900  11.1%     -  159s
     0     0  848.78169    0  762  953.00000  848.78169  10.9%     -  164s
     0     0  848.78410    0  762  953.00000  848.78410  10.9%     -  164s
     0     0  848.78410    0  731  953.00000  848.78410  10.9%     -  167s
H    0     0                     950.0000000  848.79311  10.7%     -  180s
H    0     0                     949.0000000  848.79311  10.6%     -  180s
H    0     0                     947.0000000  848.79311  10.4%     -  180s
H    0     0                     946.0000000  848.79311  10.3%     -  180s
H    0     0                     944.0000000  848.79311  10.1%     -  182s
     0     2  848.79311    0  709  944.00000  848.79311  10.1%     -  185s
     2     4  849.09864    1  760  944.00000  849.09864  10.1% 10080  193s
     3     8  850.47266    2  771  944.00000  849.12034  10.1%  9823  197s
H    6     8                     943.0000000  849.76850  9.89%  6513  197s
    11    21  850.98443    4  741  943.00000  849.97098  9.87%  5018  202s
    32    36  862.92760    7  642  943.00000  849.97098  9.87% 11199  209s
    35    47  851.90147    8  710  943.00000  849.97098  9.87% 10710  212s
    46    49  852.67772   13  699  943.00000  849.97098  9.87% 11149  216s
    48    53  852.79282   14  696  943.00000  849.97098  9.87% 10952  220s
    54    58  853.07482   16  693  943.00000  849.97098  9.87% 10311  226s
    57    61  853.36057   17  703  943.00000  849.97098  9.87% 10871  234s
    60    65  854.06470   18  687  943.00000  849.97098  9.87% 10907  237s
    64    74  854.54210   19  682  943.00000  849.97098  9.87% 10788  240s
    75    80  854.66256   20  686  943.00000  849.97098  9.87% 10759  247s
    79    88  860.97093   21  684  943.00000  849.97098  9.87% 10729  250s
    95   100  862.92742   22  617  943.00000  849.97098  9.87% 11149  261s
    99   104  856.69864   23  683  943.00000  849.97098  9.87% 11091  265s
   107   112  858.23580   24  713  943.00000  849.97098  9.87% 11042  270s
   115   120  857.55577   26  666  943.00000  849.97098  9.87% 11124  275s
   123   128  857.79249   28  679  943.00000  849.97098  9.87% 10976  281s
   132   149  857.93142   30  682  943.00000  849.97098  9.87% 10859  287s
   148   165  857.95253   31  686  943.00000  849.97098  9.87% 10381  290s
H  164   188                     933.0000000  849.97098  8.90% 10480  294s
   187   206  858.69532   39  655  933.00000  849.97098  8.90% 10408  297s
   205   215  859.35390   44  722  933.00000  849.97098  8.90% 10443  301s
   232   253  859.96315   45  677  933.00000  849.97098  8.90% 10817  307s
   252   281  860.19457   49  688  933.00000  849.97098  8.90% 11013  311s
   316   350  863.24578   61  638  933.00000  849.97098  8.90% 10939  318s
   349   379  866.43164   65  635  933.00000  849.97098  8.90% 10963  322s
   378   412  866.18895   69  634  933.00000  849.97098  8.90% 10931  327s
   411   447  867.81905   80  623  933.00000  849.97098  8.90% 10776  333s
   446   492  878.63092   85  558  933.00000  849.97098  8.90% 10679  337s
   491   538  872.72813   89  589  933.00000  849.97098  8.90% 10339  341s
   537   571  875.14072   93  592  933.00000  849.97098  8.90% 10113  346s
   570   587  875.81196   98  601  933.00000  849.97098  8.90% 10119  353s
   586   630  879.61779  100  529  933.00000  849.97098  8.90% 10158  357s
H  587   630                     926.0000000  849.97098  8.21% 10140  357s
   629   690  878.70653  107  562  926.00000  849.97098  8.21%  9982  362s
   691   763  881.55121  112  540  926.00000  849.97098  8.21%  9549  367s
   772   820  884.58969  121  508  926.00000  849.97098  8.21%  9074  372s
   835   908  885.56651  130  504  926.00000  850.13878  8.19%  8947  377s
   923   940  887.93649  149  518  926.00000  850.13878  8.19%  8604  381s
H  927   922                     920.0000000  850.13878  7.59%  8586  381s
   955  1048  888.78645  153  522  920.00000  850.13878  7.59%  8551  387s
  1082  1049  881.24348   82  535  920.00000  850.13878  7.59%  7959  403s
  1084  1050  905.69676  223  519  920.00000  850.13878  7.59%  7945  416s
H 1084   997                     919.0000000  850.13878  7.49%  7945  419s
  1085   998  865.87657   67  538  919.00000  850.13878  7.49%  7937  436s
  1086   999  892.13536  120  589  919.00000  850.13878  7.49%  7930  441s
  1087   999  872.83689   69  621  919.00000  850.13878  7.49%  7923  450s
  1088  1000  903.40620  205  611  919.00000  850.13878  7.49%  7915  456s
  1089  1001  866.51404   38  695  919.00000  850.13878  7.49%  7908  462s
  1090  1001  869.38179   45  706  919.00000  850.13878  7.49%  7901  471s
  1092  1003  905.06481  190  739  919.00000  851.91396  7.30%  7886  478s
  1093  1003  858.43860   37  758  919.00000  852.61288  7.22%  7879  480s
  1096  1005  883.31648  115  784  919.00000  853.27426  7.15%  7858  485s
  1097  1006  885.45732  128  729  919.00000  859.42435  6.48%  7850  492s
  1098  1007  895.70839  136  714  919.00000  863.77179  6.01%  7843  496s
  1099  1007  867.75811   18  687  919.00000  865.68487  5.80%  7836  502s
  1101  1009  872.21144   58  661  919.00000  868.46704  5.50%  7822  508s
  1102  1009  908.21440  211  724  919.00000  869.42926  5.39%  7815  510s
  1103  1010  882.58304  112  711  919.00000  870.45184  5.28%  7808  515s
  1106  1012  872.15939   28  738  919.00000  872.15939  5.10%  7787  522s
  1107  1013  900.16498  131  791  919.00000  872.77359  5.03%  7779  525s
  1110  1015  874.80522   44  767  919.00000  874.80522  4.81%  7758  534s
  1111  1015  895.53363  120  712  919.00000  875.24612  4.76%  7751  539s
  1112  1016  896.32886  179  766  919.00000  875.29174  4.76%  7745  541s
  1114  1017  903.48274  232  783  919.00000  876.79759  4.59%  7731  546s
  1116  1019  902.42640  226  745  919.00000  877.45982  4.52%  7717  567s
  1117  1019  877.90291   36  766  919.00000  877.90291  4.47%  7710  570s
  1120  1021  896.78662  149  789  919.00000  879.23220  4.33%  7689  576s
  1121  1022  901.09313  218  698  919.00000  880.18383  4.22%  7682  581s
  1122  1023  880.22098   76  777  919.00000  880.22098  4.22%  7675  587s
  1123  1023  898.93480  204  736  919.00000  881.36624  4.10%  7669  591s
  1126  1025  898.61615  200  779  919.00000  882.03443  4.02%  7648  596s
  1127  1026  903.34251  143  722  919.00000  883.78066  3.83%  7641  601s
  1129  1027  898.75863  147  769  919.00000  885.05444  3.69%  7628  607s
  1130  1028  885.05444   45  790  919.00000  885.05444  3.69%  7621  611s
  1135  1032  914.53121  225  525  919.00000  885.71791  3.62%  8046  622s
  1136  1033  886.16081  109  533  919.00000  885.71791  3.62%  8039  640s
H 1136   981                     913.0000000  885.71791  2.99%  8039  642s
  1138   982  893.52565  103  581  913.00000  885.71957  2.99%  8025  648s
  1139   983  898.31487  164  557  913.00000  885.71957  2.99%  8018  651s
  1140   984  885.79972   53  598  913.00000  885.79972  2.98%  8011  656s
H 1140   934                     911.0000000  885.79972  2.77%  8011  661s
  1142   935  885.79972   59  568  911.00000  885.79972  2.77%  7997  665s
  1144   936  892.81801  116  614  911.00000  885.79972  2.77%  7983  671s
  1146   938  901.77899  174  638  911.00000  885.79972  2.77%  7969  675s
  1151   942  888.83048  128  523  911.00000  886.65376  2.67%  8164  683s
  1152   943  886.65376   19  559  911.00000  886.65376  2.67%  8157  694s
  1153   944  895.34067  166  530  911.00000  886.65376  2.67%  8150  695s
  1155   945  886.67566   14  564  911.00000  886.67566  2.67%  8136  702s
  1156   946  899.10551  157  596  911.00000  886.67566  2.67%  8129  705s
  1158   947  886.73267   72  585  911.00000  886.73267  2.66%  8115  711s
  1161   949  886.75057    5  639  911.00000  886.75057  2.66%  8094  716s
  1163   950  904.26331  168  695  911.00000  888.35383  2.49%  8080  721s
  1165   952  889.47888   27  693  911.00000  889.47888  2.36%  8066  726s
  1168   954  890.07190   72  659  911.00000  890.07190  2.30%  8046  740s
  1169   954  902.72216  197  659  911.00000  890.93809  2.20%  8039  749s
  1170   956  904.68611  216  535  911.00000  890.93809  2.20%  8261  750s
  1172   957  890.93809   10  522  911.00000  890.93809  2.20%  8247  755s
  1173   958  890.93809   28  529  911.00000  890.93809  2.20%  8240  761s
  1175   959  890.93809   85  566  911.00000  890.93809  2.20%  8226  766s
  1177   961  890.93809   64  592  911.00000  890.93809  2.20%  8212  771s
  1179   962  900.98496  169  613  911.00000  890.93809  2.20%  8198  775s
  1185   966  890.93809   67  724  911.00000  890.93809  2.20%  8156  780s
  1188   968  903.40620  205  721  911.00000  891.93536  2.09%  8136  785s
  1190   969  892.43460   45  702  911.00000  892.43460  2.04%  8122  796s
  1191   970  893.17274   72  702  911.00000  893.17274  1.96%  8115  806s
  1194   973  893.17274  103  518  911.00000  893.17274  1.96%  8281  811s
  1195   974  893.17274  143  522  911.00000  893.17274  1.96%  8274  815s
  1198   976  895.70839  136  553  911.00000  893.17274  1.96%  8254  822s
  1200   977  893.17274   21  599  911.00000  893.17274  1.96%  8240  825s
  1204   980  893.17274   64  716  911.00000  893.17274  1.96%  8213  830s
  1209   983  894.23698  139  703  911.00000  894.23698  1.84%  8179  838s
  1210   984  894.72298   44  703  911.00000  894.72298  1.79%  8172  847s
  1213   991  894.72298   63  638  911.00000  894.72298  1.79%  8273  850s
  1229  1003  905.53490   66  548  911.00000  894.72298  1.79%  8227  856s
  1259  1019  905.80351   68  529  911.00000  894.72298  1.79%  8087  861s
  1293  1022  900.51932   70  581  911.00000  894.72298  1.79%  7927  865s
  1316  1020  895.86053   72  643  911.00000  894.72298  1.79%  7824  871s
  1329  1021  896.48018   73  642  911.00000  894.85665  1.77%  7789  875s
  1345  1032  896.71639   75  602  911.00000  894.85665  1.77%  7754  880s
  1363  1049  898.73123   77  585  911.00000  894.85665  1.77%  7707  886s
  1389  1057  897.34807   79  613  911.00000  894.85665  1.77%  7604  890s
  1418  1069  897.80661   81  606  911.00000  894.85665  1.77%  7491  896s
  1447  1090  899.19642   84  610  911.00000  894.85665  1.77%  7431  900s
  1472  1095  898.38837   85  599  911.00000  894.85665  1.77%  7339  905s
  1546  1097  900.29280   90  542  911.00000  895.09081  1.75%  7089  911s
  1592  1117  907.09382  101  355  911.00000  895.92746  1.65%  6971  916s
  1615  1124  897.16586   74  657  911.00000  895.96516  1.65%  6920  920s
  1667  1138  898.32533   76  597  911.00000  895.96516  1.65%  6792  926s
  1710  1164  898.45884   80  620  911.00000  895.96516  1.65%  6725  933s
  1749  1161  898.57929   83  612  911.00000  895.96516  1.65%  6622  935s
  1818  1187  901.19247   89  503  911.00000  897.21184  1.51%  6446  942s
  1860  1221  905.58581   94  502  911.00000  897.21184  1.51%  6355  945s
  1987  1221  898.35669   80  652  911.00000  897.44167  1.49%  6046  951s
  2018  1238  901.13231   84  554  911.00000  897.44167  1.49%  6002  956s
  2068  1259  903.34357   92  504  911.00000  897.49710  1.48%  5897  961s
  2138  1261  898.35978   81  654  911.00000  897.49710  1.48%  5760  965s
  2169  1284  902.88178   86  525  911.00000  897.67188  1.46%  5729  970s
  2279  1324  906.05919   90  549  911.00000  897.95137  1.43%  5559  978s
  2348  1345  901.09558   78  626  911.00000  897.95137  1.43%  5447  983s
  2421  1370  904.76872   88  588  911.00000  898.08175  1.42%  5333  988s
  2510  1373  905.16336   81  607  911.00000  898.08175  1.42%  5198  993s
  2563  1401  900.65798   83  599  911.00000  898.24679  1.40%  5137  998s
  2626  1443  899.85112   77  630  911.00000  898.26646  1.40%  5055 1004s
  2719  1460  906.44287   90  499  911.00000  898.26646  1.40%  4934 1009s
  2800  1480  905.36441   87  566  911.00000  898.26646  1.40%  4849 1015s
  2885  1490  902.87765   84  535  911.00000  898.39286  1.38%  4764 1022s
  2996  1496  900.65118   81  605  911.00000  898.42222  1.38%  4636 1028s
  3067  1526  903.49277   87  426  911.00000  898.42222  1.38%  4578 1034s
  3195  1557  900.51225   79  694  911.00000  898.46719  1.38%  4454 1041s
  3293  1584  901.91818   76  677  911.00000  898.49086  1.37%  4381 1048s
  3429  1620  900.84639   82  445  911.00000  898.57298  1.36%  4267 1055s
  3557  1640  900.97679   83  606  911.00000  898.63048  1.36%  4163 1062s
  3677  1676  907.73137   90  299  911.00000  898.65937  1.35%  4080 1070s
  3851  1701     cutoff   84       911.00000  898.68066  1.35%  3944 1077s
  4006  1653  903.09524   78  421  911.00000  898.70322  1.35%  3853 1085s
  4010  1691  903.52492   79  434  911.00000  898.70322  1.35%  3852 1092s
  4076  1719  906.45968  122  339  911.00000  898.71643  1.35%  3803 1100s
  4179  1780  906.38597   85  577  911.00000  898.82716  1.34%  3756 1109s
  4332  1864  907.88593  101  503  911.00000  898.86968  1.33%  3677 1117s
  4525  1933 infeasible   86       911.00000  898.90701  1.33%  3585 1127s
  4730  1990  903.79116   77  672  911.00000  899.12837  1.30%  3494 1137s
  4860  2121  903.68780   76  423  911.00000  899.19147  1.30%  3434 1147s
  5086  2190  900.36739   82  620  911.00000  899.22907  1.29%  3343 1159s
  5315  2326  901.69790   85  582  911.00000  899.26783  1.29%  3249 1170s
  5581  2438  906.14099   87  394  911.00000  899.35097  1.28%  3147 1181s
  5912  2575  902.98991   80  565  911.00000  899.45626  1.27%  3027 1193s
  6233  2727  901.31402   82  593  911.00000  899.57710  1.25%  2928 1205s
  6617  2852  908.40570   88  456  911.00000  899.62953  1.25%  2818 1217s
  7099  3061  906.29598   84  654  911.00000  899.75398  1.23%  2685 1229s
  7566  3200  909.64612   79  543  911.00000  899.87515  1.22%  2580 1242s
  7919  3404  906.16688   96  347  911.00000  899.96294  1.21%  2525 1255s
  8340  3599  905.07703   92  420  911.00000  900.03497  1.20%  2454 1268s
  8772  3783  904.71371   89  485  911.00000  900.11080  1.20%  2393 1282s
  9129  4016  909.66831  106  506  911.00000  900.18748  1.19%  2344 1296s
  9690  4249  903.79761   76  541  911.00000  900.25151  1.18%  2265 1312s
 10239  4473  907.39926   86  511  911.00000  900.31016  1.17%  2200 1330s
 10873  4696  902.89118   79  557  911.00000  900.39484  1.16%  2127 1342s
 11385  4903  903.87862   87  501  911.00000  900.47867  1.15%  2073 1353s
 11861  5090  907.02926   85  560  911.00000  900.51212  1.15%  2030 1362s
 12204  5301  905.37137   86  374  911.00000  900.54095  1.15%  2008 1373s
 12656  5498  902.71657   88  440  911.00000  900.59548  1.14%  1973 1382s
 13073  5691  903.55624   88  484  911.00000  900.65118  1.14%  1943 1392s
 13448  5928  903.85407   88  424  911.00000  900.69368  1.13%  1921 1402s
 13938  6119  905.85230   89  588  911.00000  900.80472  1.12%  1886 1412s
 14323  6158  902.44728   78  670  911.00000  900.87198  1.11%  1864 1426s
 14413  6358  907.32296   89  577  911.00000  900.87198  1.11%  1860 1436s
 14816  6607  909.61661   98  373  911.00000  900.93246  1.11%  1838 1447s
 15330  6794  903.05518   89  580  911.00000  901.00231  1.10%  1808 1457s
 15763  6979  903.55208   83  331  911.00000  901.06054  1.09%  1787 1468s
 16157  7159  902.77158   79  611  911.00000  901.08623  1.09%  1765 1478s
 16526  7350  906.34517   89  402  911.00000  901.14197  1.08%  1754 1488s
 16990  7549  906.73349   93  464  911.00000  901.19223  1.08%  1733 1498s
 17450  7757     cutoff   93       911.00000  901.22535  1.07%  1714 1509s
 17965  7992  906.60541   86  648  911.00000  901.26601  1.07%  1690 1519s
 18408  8213  903.81641   86  548  911.00000  901.31772  1.06%  1674 1529s
 18832  8438  907.24491   91  544  911.00000  901.35064  1.06%  1659 1540s
 19374  8583  908.44370   84  620  911.00000  901.39133  1.05%  1637 1551s
 19710  8765  907.31189   87  561  911.00000  901.43574  1.05%  1631 1561s
 20132  8990  905.30835   86  297  911.00000  901.48638  1.04%  1618 1571s
 20647  8991  905.18676   75  535  911.00000  901.50307  1.04%  1600 1767s
 20649  8992  905.93950   92  526  911.00000  901.50307  1.04%  1600 1770s
 20652  8994  907.15410   84  582  911.00000  901.50307  1.04%  1600 1775s
 20654  8996  907.72664  109  704  911.00000  901.50307  1.04%  1600 1780s
 20659  8999  907.79092   84  769  911.00000  901.50307  1.04%  1599 1785s
 20663  9002  902.60175   79  777  911.00000  901.50307  1.04%  1599 1793s
 20664  9002  907.29862   95  775  911.00000  901.50307  1.04%  1599 1795s
 20665  9003  902.77740   87  795  911.00000  901.50307  1.04%  1599 1801s
 20667  9004  906.20826   97  821  911.00000  901.50307  1.04%  1599 1806s
 20669  9006  906.78588   87  773  911.00000  901.50307  1.04%  1598 1812s
 20670  9006  909.12294   90  771  911.00000  901.50307  1.04%  1598 1817s
 20671  9007  907.47424  113  771  911.00000  901.50307  1.04%  1598 1822s
 20673  9008  909.20833   93  761  911.00000  901.50307  1.04%  1598 1828s
 20675  9010  905.31807   85  778  911.00000  901.50307  1.04%  1598 1834s
 20676  9010  905.77821   93  769  911.00000  901.50307  1.04%  1598 1835s
 20677  9011  902.50268   97  797  911.00000  901.50307  1.04%  1598 1840s
 20679  9012  906.38645   79  751  911.00000  901.50307  1.04%  1598 1845s
 20681  9014  908.14103   76  792  911.00000  901.50307  1.04%  1597 1850s
 20688  9020  901.58630   82  545  911.00000  901.50307  1.04%  1604 1855s
 20692  9022  907.36103  105  655  911.00000  901.50307  1.04%  1604 1860s
 20695  9024  904.90635   95  750  911.00000  901.50307  1.04%  1604 1866s
 20697  9026  906.94042   96  538  911.00000  901.50307  1.04%  1603 1873s
 20699  9027  906.78588   87  490  911.00000  901.50307  1.04%  1603 1878s
 20701  9028  907.06608   88  531  911.00000  901.50307  1.04%  1603 1882s
 20702  9029  903.20656   82  800  911.00000  901.50307  1.04%  1603 1889s
 20703  9030  907.98749   94  804  911.00000  901.50307  1.04%  1603 1893s
 20704  9030  908.96998   96  788  911.00000  901.50307  1.04%  1603 1895s
 20705  9031  905.43862   89  805  911.00000  901.50307  1.04%  1603 1900s
 20707  9032  904.87874   90  753  911.00000  901.50307  1.04%  1603 1905s
 20709  9034  905.14509  102  784  911.00000  901.50307  1.04%  1602 1911s
 20711  9035  908.08239  101  799  911.00000  901.50307  1.04%  1602 1915s
 20713  9036  908.43943   95  792  911.00000  901.50307  1.04%  1602 1921s
 20715  9038  908.44469   89  800  911.00000  901.50307  1.04%  1602 1925s
 20717  9039  902.90639   80  810  911.00000  901.50307  1.04%  1602 1930s
 20721  9042  904.14692   81  552  911.00000  901.50307  1.04%  1602 1938s
 20723  9043  907.99460   87  747  911.00000  901.50307  1.04%  1601 1943s
 20725  9044  905.17276   91  784  911.00000  901.50307  1.04%  1601 1948s
 20727  9046  905.91086   96  735  911.00000  901.50307  1.04%  1601 1953s
 20729  9047  906.45260   96  773  911.00000  901.50307  1.04%  1601 1957s
 20731  9048  907.69741   95  779  911.00000  901.50307  1.04%  1601 1961s
 20733  9050  907.54262  100  791  911.00000  901.50307  1.04%  1601 1965s
 20737  9052  907.78540   96  810  911.00000  901.50307  1.04%  1600 1973s
 20738  9053  906.03416   85  751  911.00000  901.50307  1.04%  1600 1978s
 20739  9054  906.52076   91  836  911.00000  901.50307  1.04%  1600 1982s
 20741  9055  907.80382   87  766  911.00000  901.50307  1.04%  1600 1986s
 20743  9056  903.90001   87  799  911.00000  901.50307  1.04%  1600 1990s
 20745  9058  908.20007  111  795  911.00000  901.50307  1.04%  1600 1995s
 20749  9060  905.93950   92  815  911.00000  901.50307  1.04%  1599 2002s
 20751  9062  904.74117   73  815  911.00000  901.50307  1.04%  1599 2006s
 20752  9062  907.15410   84  730  911.00000  901.50307  1.04%  1599 2011s
 20753  9063  904.78389   75  826  911.00000  901.50307  1.04%  1599 2015s
 20756  9065  908.47071  100  824  911.00000  901.50307  1.04%  1599 2020s
 20758  9066  901.65721   88  729  911.00000  901.50307  1.04%  1599 2027s
 20759  9067  907.79092   84  808  911.00000  901.50307  1.04%  1599 2031s
 20760  9068  906.42646   82  800  911.00000  901.50307  1.04%  1599 2035s
 20762  9069  904.67992   86  795  911.00000  901.50307  1.04%  1598 2042s
 20763  9070  902.60175   79  796  911.00000  901.50307  1.04%  1598 2046s
 20765  9071  902.77740   87  796  911.00000  901.50307  1.04%  1598 2050s
 20766  9072  905.10124   86  778  911.00000  901.50307  1.04%  1598 2055s
 20768  9073  902.38228   88  816  911.00000  901.50307  1.04%  1598 2062s
 20769  9074  906.78588   87  816  911.00000  901.50307  1.04%  1598 2070s
 20770  9074  909.12294   90  816  911.00000  901.50497  1.04%  1598 2078s
 20771  9078  901.50497   90  689  911.00000  901.50497  1.04%  1606 2080s
 20788  9088  901.50497   94  680  911.00000  901.50497  1.04%  1609 2085s
 20856  9121  903.56650   99  560  911.00000  901.50497  1.04%  1609 2090s
 21058  9129     cutoff  114       911.00000  901.50497  1.04%  1600 2095s
 21195  9118  901.50497   93  691  911.00000  901.50497  1.04%  1593 2100s
 21325  9117  902.44289   97  549  911.00000  901.50497  1.04%  1588 2105s
 21473  9147  903.54887  110  465  911.00000  901.50497  1.04%  1582 2110s
 21639  9197  904.70013  107  379  911.00000  901.50497  1.04%  1576 2115s
 21772  9192  907.97534  110  529  911.00000  901.90230  1.00%  1571 2120s
 21917  9213  909.25006  127  405  911.00000  901.93761  0.99%  1567 2126s
 22066  9226  903.51407  100  502  911.00000  902.11968  0.97%  1560 2130s
 22138  9242  908.36366  109  406  911.00000  902.11968  0.97%  1560 2135s
 22297  9252  906.85764  112  468  911.00000  902.12368  0.97%  1554 2142s
 22410  9277  907.85215  125  411  911.00000  902.32001  0.95%  1550 2146s
 22539  9309  907.50352  123  452  911.00000  902.34657  0.95%  1547 2151s
 22685  9342  904.93343  109  505  911.00000  902.36501  0.95%  1542 2156s
 22827  9342  905.28417  120  243  911.00000  902.56454  0.93%  1538 2161s
 22911  9340  906.44228  105  466  911.00000  902.61231  0.92%  1536 2165s
 23100  9375  905.38100  101  505  911.00000  902.90712  0.89%  1531 2172s
 23223  9347  904.01795  108  549  911.00000  903.05670  0.87%  1526 2175s
 23257  9340  904.53405  112  543  911.00000  903.06921  0.87%  1525 2181s
 23261  9347  905.55749  113  510  911.00000  903.06921  0.87%  1526 2185s
 23362  9370     cutoff  123       911.00000  903.06921  0.87%  1522 2192s
 23470  9374  905.79590  104  464  911.00000  903.15394  0.86%  1519 2196s
 23635  9377  908.66801  110  411  911.00000  903.17150  0.86%  1512 2200s
 24006  9406  904.52089  101  442  911.00000  903.20041  0.86%  1498 2208s
 24213  9389  907.17072  101  606  911.00000  903.21752  0.85%  1490 2213s
 24352  9386  906.25848  110  479  911.00000  903.25937  0.85%  1486 2218s
 24544  9380  904.08393  110  454  911.00000  903.28142  0.85%  1478 2223s
 24753  9355  907.66816  126  367  911.00000  903.29979  0.85%  1470 2227s
 24969  9325  905.59515  105  553  911.00000  903.30987  0.84%  1463 2232s
 25218  9265  908.51670  103  391  911.00000  903.32067  0.84%  1454 2238s
 25446  9266  905.89064  104  299  911.00000  903.37154  0.84%  1445 2244s
 25820  9230  906.17812  114  509  911.00000  903.41765  0.83%  1430 2250s
 26137  9174  906.25741  108  456  911.00000  903.44897  0.83%  1418 2256s
 26485  9133  907.09762  109  408  911.00000  903.52319  0.82%  1405 2263s
 26816  9076  907.24664  112  508  911.00000  903.56744  0.82%  1393 2269s
 27148  9080  905.62540  108  539  911.00000  903.60911  0.81%  1381 2276s
 27573  9080  908.60815  116  476  911.00000  903.62732  0.81%  1365 2283s
 28065  9021  907.69974  111  489  911.00000  903.79095  0.79%  1348 2290s
 28569  9023  904.15452  106  718  911.00000  903.87354  0.78%  1331 2298s
 29036  9040  909.57827  136  499  911.00000  903.87354  0.78%  1316 2306s
 29597  9060  907.56923  107  446  911.00000  903.99265  0.77%  1299 2314s
 30157  9036  906.57918  125  409  911.00000  904.04852  0.76%  1283 2322s
 30674  9135  907.90475  128  398  911.00000  904.06912  0.76%  1270 2331s
 31449  9159  905.30750  130  446  911.00000  904.14370  0.75%  1248 2340s
 32261  9041  908.50433  106  308  911.00000  904.22353  0.74%  1225 2345s
 33000  8985  905.49019  102  357  911.00000  904.32249  0.73%  1208 2354s
 33416  9007  909.43841  113  327  911.00000  904.34387  0.73%  1198 2359s
 33911  8907  906.79009  108  606  911.00000  904.36390  0.73%  1185 2363s
 34317  8870  908.51188  108  509  911.00000  904.39210  0.73%  1176 2368s
 34680  8878  907.48200  121  358  911.00000  904.44780  0.72%  1168 2373s
 35123  8818  905.31805  118  591  911.00000  904.47366  0.72%  1158 2378s
 35453  8873  905.11741  122  189  911.00000  904.49188  0.71%  1152 2383s
 35951  8783  906.74404  107  547  911.00000  904.51802  0.71%  1141 2387s
 36321  8759  905.49439  106  578  911.00000  904.55408  0.71%  1134 2392s
 36733  8824  908.51822  109  370  911.00000  904.59673  0.70%  1126 2396s
 37178  8860  908.61184  119  483  911.00000  904.65231  0.70%  1117 2401s
 37710  8843  906.67919  120  380  911.00000  904.68125  0.69%  1106 2406s
 38248  8803     cutoff  109       911.00000  904.73125  0.69%  1095 2410s
 38779  8746     cutoff  133       911.00000  904.76417  0.68%  1085 2416s
 39204  8717  904.95065   99  536  911.00000  904.78217  0.68%  1077 2420s
 39959  8628  909.37090  119  548  911.00000  904.86782  0.67%  1066 2429s
 40402  8591  906.50184  105  356  911.00000  904.87606  0.67%  1059 2433s
 40846  8532  908.00732  104  556  911.00000  904.92581  0.67%  1052 2438s
 41256  8486  908.95546  111  516  911.00000  904.95304  0.66%  1045 2442s
 41646  8452  906.43480  130  353  911.00000  904.99211  0.66%  1040 2446s
 42029  8563  906.42857  102  139  911.00000  905.02874  0.66%  1035 2454s
 42886  8341  907.82473  111  507  911.00000  905.07694  0.65%  1020 2458s
 43174  8337  906.99759  121  388  911.00000  905.09525  0.65%  1016 2461s
 43499  8326  909.93130  120  199  911.00000  905.11576  0.65%  1012 2466s
 43840  8358  906.07110  114  679  911.00000  905.14113  0.64%  1008 2470s
 44747  8387  905.36380  100  431  911.00000  905.18917  0.64%   995 2478s
 45216  8318  908.64039  112  585  911.00000  905.21498  0.64%   988 2482s
 45522  8375  905.76167  113  378  911.00000  905.24386  0.63%   985 2486s
 46035  8358  907.45558  115  413  911.00000  905.26436  0.63%   978 2490s
 46946  8307  907.93955  109  580  911.00000  905.32292  0.62%   965 2498s
 47356  8302  909.45541  108  548  911.00000  905.34778  0.62%   960 2502s
 47817  8288  908.20174  107  557  911.00000  905.37162  0.62%   955 2506s
 48356  8292  905.92402  136  279  911.00000  905.38713  0.62%   947 2510s
 49181  8474  907.01674  131  450  911.00000  905.42520  0.61%   938 2517s
 49565  8612  906.97467  116  588  911.00000  905.45051  0.61%   934 2521s
 50079  8675  906.63408  106  389  911.00000  905.47291  0.61%   927 2526s
 50767  8828     cutoff  117       911.00000  905.50077  0.60%   919 2533s
 51118  8893     cutoff  143       911.00000  905.52518  0.60%   916 2538s
 51525  8966  907.87950  129  541  911.00000  905.54218  0.60%   911 2541s
 51955  9045  909.49843  128  303  911.00000  905.57748  0.60%   907 2545s
 52321  9170  909.31770  123  411  911.00000  905.59546  0.59%   903 2551s
 52958  9230 infeasible  114       911.00000  905.63350  0.59%   897 2555s
 53899  9418  908.62321  104  658  911.00000  905.68893  0.58%   887 2563s
 54312  9424 infeasible  127       911.00000  905.70432  0.58%   883 2566s
 54582  9599  907.88470  109  515  911.00000  905.72719  0.58%   881 2570s
 55716  9754  907.15110  119  452  911.00000  905.78183  0.57%   869 2577s
 56003  9796  908.20921  111  427  911.00000  905.80623  0.57%   866 2581s
 56801 10030  908.76239  112  573  911.00000  905.83871  0.57%   859 2588s
 57227 10058     cutoff  114       911.00000  905.84643  0.57%   855 2591s
 57986 10198  909.50619  108  483  911.00000  905.89195  0.56%   848 2598s
 58254 10273     cutoff  120       911.00000  905.90794  0.56%   846 2601s
 58691 10323  908.20059  126  397  911.00000  905.92561  0.56%   842 2605s
 59525 10451  908.03338  117  392  911.00000  905.97063  0.55%   835 2612s
 59956 10496  909.83344  103  628  911.00000  905.98909  0.55%   832 2616s
 60216 10553  908.33960  110  541  911.00000  905.99805  0.55%   830 2620s
 61015 10643  907.40910  121  494  911.00000  906.05094  0.54%   824 2627s
 61367 10710     cutoff  113       911.00000  906.06592  0.54%   822 2630s
 61854 10785  906.31511  111  389  911.00000  906.08832  0.54%   818 2635s
 62490 10872  908.56786  103  317  911.00000  906.11417  0.54%   813 2642s
 62973 10925     cutoff  145       911.00000  906.13349  0.53%   809 2648s
 63582 10967     cutoff  152       911.00000  906.15804  0.53%   805 2652s
 64005 10998  908.35649  142  126  911.00000  906.18192  0.53%   802 2655s
 64938 11100  907.26880  117  482  911.00000  906.23021  0.52%   795 2662s
 65257 11204  909.76220  105  463  911.00000  906.24741  0.52%   794 2666s
 65686 11291  908.30451  117  372  911.00000  906.25861  0.52%   790 2670s
 66611 11367  908.22101  120  465  911.00000  906.29476  0.52%   784 2677s
 66920 11428     cutoff  144       911.00000  906.31151  0.51%   782 2680s
 67641 11581  907.81903  116  390  911.00000  906.33307  0.51%   778 2687s
 68094 11669  907.19014  119  610  911.00000  906.34813  0.51%   775 2691s
 68985 11766  906.83122  110  549  911.00000  906.37408  0.51%   769 2698s
 69413 11801     cutoff  176       911.00000  906.39194  0.51%   767 2701s
 69751 11833  907.39880  120  538  911.00000  906.40811  0.50%   765 2705s
 70435 11923  909.14744  102  384  911.00000  906.43678  0.50%   761 2712s
 70873 11966  909.47457  159  470  911.00000  906.45201  0.50%   759 2715s
 71762 12086  908.03126  108  597  911.00000  906.48307  0.50%   754 2723s
 72150 12146  909.14069  112  424  911.00000  906.49252  0.49%   752 2726s
 72561 12191     cutoff  109       911.00000  906.50190  0.49%   749 2730s
 73476 12326  908.18592  157   74  911.00000  906.54775  0.49%   744 2739s
 74059 12356     cutoff  175       911.00000  906.56846  0.49%   741 2743s
 74529 12370     cutoff  124       911.00000  906.59074  0.48%   738 2746s
 74965 12374     cutoff  118       911.00000  906.60452  0.48%   736 2750s
 75847 12439  908.02173  130  420  911.00000  906.63292  0.48%   731 2757s
 76237 12428     cutoff  127       911.00000  906.65585  0.48%   729 2760s
 76975 12481     cutoff  126       911.00000  906.68420  0.47%   725 2767s
 77372 12549  907.06647  146  325  911.00000  906.69557  0.47%   723 2770s
 78213 12625  909.66783  110  519  911.00000  906.72345  0.47%   718 2777s
 78657 12647     cutoff  114       911.00000  906.73645  0.47%   716 2781s
 79452 12663     cutoff  118       911.00000  906.76281  0.47%   712 2788s
 79812 12656     cutoff  137       911.00000  906.77315  0.46%   711 2792s
 80304 12666  907.51607  132  565  911.00000  906.79106  0.46%   708 2795s
 81267 12611  908.35119  110  446  911.00000  906.83364  0.46%   703 2802s
 81699 12631  908.86984  109  338  911.00000  906.84654  0.46%   701 2805s
 82585 12702  909.81298  107  283  911.00000  906.88724  0.45%   697 2812s
 82979 12713  909.80608  125  397  911.00000  906.89420  0.45%   695 2816s
 83681 12772  908.04107  139  246  911.00000  906.92680  0.45%   692 2824s
 84255 12790  907.49878  114  139  911.00000  906.93900  0.45%   690 2827s
 84801 12729  908.95940  117  528  911.00000  906.96118  0.44%   687 2830s
 85686 12735  908.06200  117  364  911.00000  907.00093  0.44%   683 2836s
 86420 12710  909.38516  117  463  911.00000  907.03514  0.44%   680 2842s
 86779 12698  909.40229  128  513  911.00000  907.04253  0.43%   678 2846s
 87380 12654  908.35728  118  435  911.00000  907.07132  0.43%   676 2852s
 87818 12632  907.43372  117  565  911.00000  907.08700  0.43%   674 2856s
 88633 12617  908.19990  127  446  911.00000  907.11787  0.43%   671 2862s
 89004 12588  909.00000  108   43  911.00000  907.13248  0.42%   670 2866s
 89813 12600  908.44440  154  417  911.00000  907.15333  0.42%   666 2873s
 90131 12611     cutoff  129       911.00000  907.15588  0.42%   665 2876s
 91026 12582  909.41523  107  539  911.00000  907.19174  0.42%   661 2883s
 91470 12510  908.90840  114  679  911.00000  907.21294  0.42%   660 2886s
 91850 12514  908.28961  111  556  911.00000  907.22618  0.41%   658 2890s
 92704 12567  907.41767  111  495  911.00000  907.26270  0.41%   655 2896s
 92932 12552  907.31825  148  466  911.00000  907.26443  0.41%   654 2900s
 93708 12459     cutoff  146       911.00000  907.29641  0.41%   652 2906s
 94499 12462     cutoff  112       911.00000  907.32491  0.40%   649 2914s
 95092 12450  907.53046  115  337  911.00000  907.34391  0.40%   647 2917s
 95506 12449  909.55845  113  466  911.00000  907.35525  0.40%   646 2921s
 96416 12398     cutoff  125       911.00000  907.37978  0.40%   642 2927s
 96810 12406  908.50944  115  473  911.00000  907.39451  0.40%   641 2930s
 97668 12342  907.69087  117  524  911.00000  907.42026  0.39%   638 2936s
 98142 12275     cutoff  116       911.00000  907.43099  0.39%   636 2940s
 98942 12208  907.88262  127  453  911.00000  907.46207  0.39%   633 2946s
 99788 12164  908.54127  125  457  911.00000  907.48519  0.39%   630 2953s
 100273 12137  908.16478  111  352  911.00000  907.50030  0.38%   629 2956s
 100857 12009     cutoff  110       911.00000  907.51739  0.38%   627 2962s
 101332 11926  909.35406  119  347  911.00000  907.53134  0.38%   625 2965s
 102173 11817  909.13540  114  540  911.00000  907.56302  0.38%   622 2972s
 102597 11770     cutoff  105       911.00000  907.58204  0.38%   621 2975s
 103513 11670  909.50107  124  417  911.00000  907.60706  0.37%   618 2981s
 104016 11604     cutoff  117       911.00000  907.62282  0.37%   616 2985s
 104766 11441     cutoff  129       911.00000  907.64743  0.37%   614 2990s
 105654 11317     cutoff  131       911.00000  907.68195  0.36%   611 2997s
 106043 11240  908.60697  112  544  911.00000  907.69212  0.36%   610 3000s
 106818 11080     cutoff  126       911.00000  907.71894  0.36%   608 3006s
 107661 10970     cutoff  123       911.00000  907.74830  0.36%   605 3012s
 108090 10924     cutoff  138       911.00000  907.76031  0.36%   604 3016s
 108657 10803  908.36725  121  471  911.00000  907.77406  0.35%   602 3022s
 109026 10714  908.84538  120  564  911.00000  907.78807  0.35%   601 3025s
 109863 10522     cutoff  113       911.00000  907.81647  0.35%   599 3032s
 110245 10406     cutoff  141       911.00000  907.83705  0.35%   598 3035s
 111195 10196  908.25503  118   31  911.00000  907.87217  0.34%   595 3042s
 111687 10090  908.79026  126  434  911.00000  907.89514  0.34%   593 3045s
 112495  9869  909.60131  108  473  911.00000  907.92686  0.34%   591 3051s
 113204  9662  908.55865  118  286  911.00000  907.95353  0.33%   589 3057s
 113605  9561     cutoff  132       911.00000  907.97168  0.33%   588 3060s
 114475  9289  908.98440  127  392  911.00000  908.01133  0.33%   586 3067s
 114933  9154     cutoff  127       911.00000  908.02966  0.33%   585 3070s
 115829  8945     cutoff  128       911.00000  908.06737  0.32%   582 3077s
 116112  8790  908.78686  125  275  911.00000  908.08097  0.32%   582 3080s
 116963  8510  909.27505  118  587  911.00000  908.11720  0.32%   580 3086s
 117968  8266     cutoff  123       911.00000  908.16881  0.31%   577 3093s
 118192  8121  908.59401  118  610  911.00000  908.17937  0.31%   576 3096s
 119036  7874     cutoff  128       911.00000  908.20834  0.31%   574 3102s
 119484  7724  909.39624  116  589  911.00000  908.23165  0.30%   573 3105s
 120344  7435     cutoff  130       911.00000  908.27203  0.30%   571 3111s
 121198  7121     cutoff  140       911.00000  908.30781  0.30%   569 3117s
 121651  6941     cutoff  116       911.00000  908.33053  0.29%   568 3120s
 122587  6563     cutoff  128       911.00000  908.37953  0.29%   565 3126s
 123060  6403     cutoff  106       911.00000  908.40738  0.28%   564 3130s
 123865  6017     cutoff  149       911.00000  908.44617  0.28%   562 3136s
 124784  5637  908.51817  141  181  911.00000  908.49307  0.28%   560 3142s
 125248  5428     cutoff  108       911.00000  908.51909  0.27%   559 3145s
 126172  4908     cutoff  113       911.00000  908.57774  0.27%   556 3151s
 127155  4341     cutoff  109       911.00000  908.64064  0.26%   554 3157s
 127766  4045     cutoff  129       911.00000  908.68220  0.25%   552 3160s
 128729  3537     cutoff  112       911.00000  908.75343  0.25%   549 3165s
 129682  2837     cutoff  110       911.00000  908.83018  0.24%   547 3171s
 130708  1986  909.27195  120  638  911.00000  908.93227  0.23%   544 3177s
 131298  1562     cutoff  115       911.00000  909.03370  0.22%   542 3180s
 132450   530     cutoff  124       911.00000  909.26199  0.19%   539 3185s

Cutting planes:
  Learned: 3
  Gomory: 10
  Cover: 152
  Implied bound: 302
  Projected implied bound: 33
  Clique: 3
  MIR: 374
  Flow cover: 3042
  GUB cover: 5
  Inf proof: 2
  Zero half: 112
  Network: 3
  RLT: 8
  Relax-and-lift: 153
  BQP: 1

Explored 133714 nodes (71981799 simplex iterations) in 3187.40 seconds (11551.05 work units)
Thread count was 4 (of 32 available processors)

Solution count 10: 911 913 919 ... 947

Optimal solution found (tolerance 1.00e-04)
Best objective 9.110000000000e+02, best bound 9.110000000000e+02, gap 0.0000%

Wrote result file '/Users/takafumi/Dropbox/2_Study/cspns_gurobi/sol_recomputed_4threads/E150_1000.2_R50.sol'

