
Gurobi 13.0.2 (mac64[arm], gurobi_cl) logging started Wed Jul  1 17:18:51 2026

Set parameter TokenServer to value "10.8.80.200"
Set parameter TimeLimit to value 43200
Set parameter LogFile to value "./log/E150_1000.7_R50.log"
Set parameter Threads to value 4
Using license file /Library/gurobi1302/gurobi.lic

Gurobi Optimizer version 13.0.2 build v13.0.2rc1 (mac64[arm] - Darwin 24.6.0 24G517)
Copyright (c) 2026, Gurobi Optimization, LLC

Read LP format model from file ./lp/E150_1000.7_R50.lp
Reading time = 0.10 seconds
root: 46208 rows, 45753 columns, 406980 nonzeros

Using Gurobi shared library /Library/gurobi1302/macos_universal2/lib/libgurobi130.dylib

CPU model: Apple M3 Ultra
Thread count: 32 physical cores, 32 logical processors, using up to 4 threads

Non-default parameters:
TimeLimit  43200
Threads  4

Optimize a model with 46208 rows, 45753 columns and 406980 nonzeros (Min)
Model fingerprint: 0x4b88a62f
Model has 22650 linear objective coefficients
Variable types: 0 continuous, 45753 integer (0 binary)
Coefficient statistics:
  Matrix range     [1e+00, 2e+02]
  Objective range  [1e+00, 2e+02]
  Bounds range     [1e+00, 1e+00]
  RHS range        [1e+00, 1e+00]

Presolve removed 23114 rows and 303 columns
Presolve time: 1.00s
Presolved: 23094 rows, 45450 columns, 274758 nonzeros
Variable types: 0 continuous, 45450 integer (22950 binary)
Found heuristic solution: objective 9582.0000000
Deterministic concurrent LP optimizer: primal and dual simplex
Showing primal log only...

Concurrent spin time: 0.00s

Solved with primal simplex

Root relaxation: objective 6.513125e+01, 50501 iterations, 1.52 seconds (3.65 work units)

    Nodes    |    Current Node    |     Objective Bounds      |     Work
 Expl Unexpl |  Obj  Depth IntInf | Incumbent    BestBd   Gap | It/Node Time

     0     0   65.13125    0  381 9582.00000   65.13125  99.3%     -    2s
     0     0  493.60862    0  421 9582.00000  493.60862  94.8%     -    5s
H    0     0                    4153.0000000  493.60862  88.1%     -    5s
H    0     0                    3645.0000000  493.60862  86.5%     -    5s
H    0     0                    3577.0000000  493.60862  86.2%     -    5s
H    0     0                    3572.0000000  493.60862  86.2%     -    6s
H    0     0                    3571.0000000  493.60862  86.2%     -    6s
H    0     0                    3569.0000000  493.60862  86.2%     -    6s
H    0     0                    2559.0000000  493.60862  80.7%     -    6s
H    0     0                    2097.0000000  493.60862  76.5%     -    6s
H    0     0                    1585.0000000  493.60862  68.9%     -    7s
H    0     0                    1570.0000000  493.60862  68.6%     -    7s
H    0     0                    1567.0000000  493.60862  68.5%     -    7s
H    0     0                    1564.0000000  493.60862  68.4%     -    7s
     0     0  613.42774    0  491 1564.00000  613.42774  60.8%     -   12s
     0     0  647.35654    0  463 1564.00000  647.35654  58.6%     -   20s
H    0     0                    1560.0000000  647.35654  58.5%     -   21s
H    0     0                    1532.0000000  647.35654  57.7%     -   21s
H    0     0                    1515.0000000  647.35654  57.3%     -   21s
H    0     0                    1490.0000000  647.35654  56.6%     -   21s
H    0     0                    1362.0000000  647.35654  52.5%     -   23s
H    0     0                    1344.0000000  647.35654  51.8%     -   23s
H    0     0                    1315.0000000  647.35654  50.8%     -   29s
H    0     0                    1314.0000000  647.35654  50.7%     -   29s
H    0     0                    1311.0000000  647.35654  50.6%     -   29s
H    0     0                    1172.0000000  647.35654  44.8%     -   29s
H    0     0                    1030.0000000  647.35654  37.1%     -   29s
H    0     0                    1022.0000000  647.35654  36.7%     -   29s
H    0     0                    1018.0000000  647.35654  36.4%     -   29s
H    0     0                    1013.0000000  647.35654  36.1%     -   29s
H    0     0                    1010.0000000  647.35654  35.9%     -   29s
H    0     0                    1003.0000000  647.35654  35.5%     -   29s
H    0     0                    1002.0000000  647.35654  35.4%     -   29s
H    0     0                     994.0000000  647.35654  34.9%     -   29s
H    0     0                     976.0000000  647.35654  33.7%     -   29s
     0     0  689.10432    0  595  976.00000  689.10432  29.4%     -   33s
H    0     0                     974.0000000  689.13273  29.2%     -   33s
H    0     0                     964.0000000  689.13273  28.5%     -   34s
H    0     0                     953.0000000  689.13273  27.7%     -   34s
H    0     0                     949.0000000  689.13273  27.4%     -   35s
H    0     0                     939.0000000  689.13273  26.6%     -   37s
H    0     0                     937.0000000  689.13273  26.5%     -   38s
H    0     0                     936.0000000  689.13273  26.4%     -   39s
H    0     0                     933.0000000  689.13273  26.1%     -   39s
H    0     0                     926.0000000  689.13273  25.6%     -   40s
     0     0  693.03135    0  582  926.00000  693.03135  25.2%     -   44s
     0     0  693.03309    0  583  926.00000  693.03309  25.2%     -   45s
     0     0  706.26429    0  611  926.00000  706.26429  23.7%     -   52s
     0     0  709.71408    0  603  926.00000  709.71408  23.4%     -   56s
     0     0  709.90911    0  616  926.00000  709.90911  23.3%     -   57s
     0     0  709.90911    0  617  926.00000  709.90911  23.3%     -   57s
     0     0  738.96704    0  566  926.00000  738.96704  20.2%     -   67s
     0     0  754.61340    0  561  926.00000  754.61340  18.5%     -   72s
     0     0  754.89324    0  577  926.00000  754.89324  18.5%     -   74s
     0     0  754.99549    0  595  926.00000  754.99549  18.5%     -   76s
     0     0  754.99678    0  588  926.00000  754.99678  18.5%     -   76s
     0     0  764.86968    0  629  926.00000  764.86968  17.4%     -   84s
     0     0  770.37818    0  611  926.00000  770.37818  16.8%     -   88s
     0     0  771.26139    0  619  926.00000  771.26139  16.7%     -   90s
     0     0  771.41095    0  623  926.00000  771.41095  16.7%     -   93s
     0     0  771.41726    0  635  926.00000  771.41726  16.7%     -   93s
     0     0  780.01943    0  696  926.00000  780.01943  15.8%     -  100s
     0     0  780.80893    0  682  926.00000  780.80893  15.7%     -  103s
     0     0  780.91602    0  687  926.00000  780.91602  15.7%     -  104s
     0     0  780.94449    0  699  926.00000  780.94449  15.7%     -  106s
     0     0  782.88390    0  713  926.00000  782.88390  15.5%     -  111s
     0     0  783.06694    0  727  926.00000  783.06694  15.4%     -  113s
     0     0  783.57392    0  732  926.00000  783.57392  15.4%     -  116s
     0     0  783.63102    0  753  926.00000  783.63102  15.4%     -  118s
     0     0  784.57647    0  732  926.00000  784.57647  15.3%     -  125s
H    0     0                     925.0000000  784.61826  15.2%     -  126s
H    0     0                     921.0000000  784.61826  14.8%     -  126s
H    0     0                     915.0000000  784.61826  14.2%     -  127s
H    0     0                     914.0000000  784.61826  14.2%     -  129s
H    0     0                     899.0000000  784.61826  12.7%     -  130s
H    0     0                     894.0000000  784.61826  12.2%     -  130s
H    0     0                     893.0000000  784.61826  12.1%     -  133s
     0     0  784.78104    0  741  893.00000  784.78104  12.1%     -  138s
     0     0  784.78762    0  768  893.00000  784.78762  12.1%     -  139s
     0     0  785.77462    0  772  893.00000  785.77462  12.0%     -  141s
     0     0  785.94342    0  776  893.00000  785.94342  12.0%     -  143s
     0     0  785.98081    0  800  893.00000  785.98081  12.0%     -  144s
     0     0  786.17775    0  805  893.00000  786.17775  12.0%     -  145s
     0     0  786.20158    0  831  893.00000  786.20158  12.0%     -  146s
     0     0  786.20174    0  805  893.00000  786.20174  12.0%     -  147s
     0     0  786.20772    0  805  893.00000  786.20772  12.0%     -  147s
     0     0  786.20772    0  750  893.00000  786.20772  12.0%     -  151s
     0     2  786.20970    0  731  893.00000  786.20970  12.0%     -  168s
     1     4  786.45250    1  713  893.00000  786.25830  12.0%  4666  173s
     3     8  786.57244    2  763  893.00000  786.51137  11.9%  5532  180s
    11    16  787.23745    4  774  893.00000  786.57643  11.9%  7620  187s
H   15    20                     886.0000000  786.57643  11.2%  6855  191s
    19    24  798.61596    6  660  886.00000  786.57643  11.2% 14828  196s
    23    28  787.37383    6  763  886.00000  786.57643  11.2% 16987  201s
    27    32  787.48608    7  758  886.00000  786.57643  11.2% 18755  205s
    39    44  788.16967   13  762  886.00000  786.57643  11.2% 16349  216s
    43    48  788.16967   14  764  886.00000  786.57643  11.2% 16530  220s
    51    58  788.83556   16  750  886.00000  786.57643  11.2% 15779  227s
    57    62  788.89628   18  749  886.00000  786.57643  11.2% 15557  230s
H   58    62                     882.0000000  786.57643  10.8% 15289  230s
H   61    66                     880.0000000  786.57643  10.6% 14959  234s
    65    72  789.03521   20  715  880.00000  786.57643  10.6% 15410  240s
    71    83  789.94925   22  733  880.00000  786.57643  10.6% 14591  245s
    82    90  790.38911   25  736  880.00000  786.57643  10.6% 15159  250s
    89    95  790.81187   27  730  880.00000  786.57643  10.6% 14411  255s
    98   103  790.97072   29  724  880.00000  786.57643  10.6% 13799  263s
   102   107  791.52209   30  710  880.00000  786.57643  10.6% 13598  268s
   106   112  791.61008   31  725  880.00000  786.57643  10.6% 13542  273s
H  107   112                     878.0000000  786.57643  10.4% 13416  273s
   111   126  791.72949   32  716  878.00000  786.57643  10.4% 13622  278s
H  114   126                     877.0000000  786.57643  10.3% 13727  278s
H  117   126                     874.0000000  786.57643  10.0% 14202  278s
H  125   144                     873.0000000  786.57643  9.90% 13881  283s
   143   148  794.24907   38  691  873.00000  786.57643  9.90% 14384  286s
   147   152  794.32612   39  688  873.00000  786.57643  9.90% 14522  290s
   155   160  796.74171   40  663  873.00000  786.57643  9.90% 14901  298s
   159   164  795.04693   41  673  873.00000  786.57643  9.90% 15250  302s
   163   169  795.09443   42  675  873.00000  786.57643  9.90% 15224  306s
   168   180  795.56777   43  676  873.00000  786.57643  9.90% 15278  311s
   179   192  795.96060   44  673  873.00000  786.57643  9.90% 15261  315s
   191   197  795.97897   45  654  873.00000  786.57643  9.90% 14962  324s
   196   204  796.54300   46  700  873.00000  786.57643  9.90% 15355  330s
   203   228  796.81875   47  672  873.00000  786.57643  9.90% 15307  337s
   227   261  797.74433   52  701  873.00000  786.57643  9.90% 15556  343s
   260   289  798.02919   59  651  873.00000  786.57643  9.90% 14861  349s
   288   320  798.59656   66  680  873.00000  786.57643  9.90% 14416  356s
   319   359  799.06601   73  681  873.00000  786.57643  9.90% 14143  366s
   358   386  800.52315   81  662  873.00000  786.57643  9.90% 13527  375s
   385   418  801.84423   85  662  873.00000  786.57643  9.90% 13289  385s
   417   447  802.82281   94  642  873.00000  786.57643  9.90% 13293  394s
   446   483  804.89811   98  541  873.00000  786.57643  9.90% 13129  403s
   482   514  804.60360  106  595  873.00000  786.57643  9.90% 12964  411s
   513   546  806.60838  113  556  873.00000  786.57643  9.90% 13054  419s
   545   584  809.91558  124  513  873.00000  786.57643  9.90% 13021  427s
   583   606  812.24266  135  544  873.00000  786.57643  9.90% 13140  438s
   605   654  814.75959  139  525  873.00000  786.57643  9.90% 13172  446s
   653   704  816.37857  157  497  873.00000  786.57643  9.90% 12912  454s
H  687   704                     872.0000000  786.57643  9.80% 12651  454s
   703   792  817.66268  170  512  872.00000  786.57643  9.80% 12612  463s
   791   863  822.83196  186  509  872.00000  786.57643  9.80% 12191  472s
   862   920  826.06298  193  498  872.00000  786.57643  9.80% 12116  481s
   921  1022  828.99532  207  434  872.00000  786.57643  9.80% 11969  491s
  1023  1141  832.95239  226  344  872.00000  786.57643  9.80% 11431  501s
H 1067  1141                     871.0000000  786.57643  9.69% 11256  501s
  1142  1286  836.84004  243  345  871.00000  786.57643  9.69% 10817  513s
  1287  1445  842.61562  268  394  871.00000  786.57643  9.69% 10249  523s
  1446  1615  849.23375  303  325  871.00000  786.57643  9.69%  9569  533s
  1621  1720  853.92012  351  317  871.00000  786.57643  9.69%  8830  544s
  1755  1826  859.48231  407  339  871.00000  786.57643  9.69%  8497  553s
  1861  1924  862.48635  478  328  871.00000  786.57643  9.69%  8355  564s
  1969  1939  866.68557  504  317  871.00000  787.37561  9.60%  8295  574s
  1992  1952  804.11558    4  708  871.00000  787.37561  9.60%  8341  585s
  2005  1983  807.33605    7  652  871.00000  787.37561  9.60%  8423  594s
  2036  2015  811.83233   13  602  871.00000  787.37561  9.60%  8527  605s
  2068  2127  817.22096   25  594  871.00000  787.37561  9.60%  8644  616s
  2180  2223  822.08315   40  535  871.00000  787.37561  9.60%  8536  625s
  2276  2299  827.63321   52  518  871.00000  787.37561  9.60%  8399  634s
  2372  2342  827.16834   57  494  871.00000  787.37561  9.60%  8138  647s
  2416  2343  863.35909  487  491  871.00000  787.37561  9.60%  8267  666s
  2418  2344  801.89728   31  464  871.00000  787.37561  9.60%  8260  677s
H 2418  2226                     870.0000000  787.37561  9.50%  8260  692s
H 2418  2115                     858.0000000  787.37561  8.23%  8260  695s
H 2418  2009                     852.0000000  787.37561  7.59%  8260  696s
H 2418  1909                     847.0000000  787.37561  7.04%  8260  698s
  2419  1910  798.34681   26  554  847.00000  787.37561  7.04%  8257  700s
  2420  1911  847.00000  296  568  847.00000  787.37561  7.04%  8253  705s
  2421  1911  839.76520  260  629  847.00000  787.37561  7.04%  8250  712s
  2422  1912  798.68038   67  641  847.00000  787.37561  7.04%  8246  719s
  2423  1913  847.00000  346  683  847.00000  787.37561  7.04%  8243  725s
  2424  1913  819.96217  144  632  847.00000  787.37561  7.04%  8240  732s
  2425  1914  817.48723   98  690  847.00000  789.27818  6.81%  8236  738s
  2426  1915  847.00000  423  725  847.00000  791.56404  6.54%  8233  746s
  2427  1915  806.04939   12  706  847.00000  793.57695  6.31%  8229  751s
  2428  1916  802.25766   57  730  847.00000  794.81756  6.16%  8226  758s
  2429  1917  821.48241  122  775  847.00000  795.19877  6.12%  8223  762s
  2430  1917  838.66328  242  772  847.00000  795.44295  6.09%  8219  767s
  2431  1918  839.94767  234  784  847.00000  795.50340  6.08%  8216  770s
  2434  1920  847.00000  454  748  847.00000  798.75274  5.70%  8206  778s
  2435  1921  804.58088   30  812  847.00000  799.19998  5.64%  8202  783s
  2436  1921  846.83363  328  771  847.00000  800.21276  5.52%  8199  789s
  2437  1922  841.02181  277  735  847.00000  800.52649  5.49%  8196  792s
  2438  1923  800.59777    9  782  847.00000  800.59777  5.48%  8192  795s
  2440  1924  847.00000  411  759  847.00000  800.88104  5.44%  8186  800s
  2448  1929  838.57861  241  725  847.00000  802.66172  5.23%  8159  826s
  2450  1931  847.00000  484  791  847.00000  803.61788  5.12%  8152  832s
  2455  1934  847.00000  414  821  847.00000  803.66368  5.12%  8136  835s
  2456  1935  847.00000  391  744  847.00000  805.75507  4.87%  8132  842s
  2458  1936  835.97554  227  756  847.00000  806.10007  4.83%  8126  847s
  2461  1938  847.00000  419  814  847.00000  806.15709  4.82%  8116  850s
  2467  1942  834.40283  207  796  847.00000  806.91215  4.73%  8096  855s
  2471  1945  847.00000  356  857  847.00000  806.93033  4.73%  8083  860s
  2473  1946  807.42299   18  830  847.00000  807.42299  4.67%  8076  867s
  2477  1949  807.45627   30  869  847.00000  807.45627  4.67%  8063  870s
  2480  1951  834.57622  212  790  847.00000  808.46781  4.55%  8054  875s
  2487  1956  831.29125  214  468  847.00000  808.51664  4.54%  8232  885s
  2488  1957  832.89965  177  539  847.00000  808.51664  4.54%  8229  902s
H 2488  1859                     846.0000000  808.51664  4.43%  8229  906s
H 2488  1766                     842.0000000  808.51664  3.98%  8229  906s
H 2489  1678                     841.0000000  808.51664  3.86%  8226  911s
  2491  1679  841.00000  292  587  841.00000  808.51664  3.86%  8219  916s
  2492  1680  830.66303  197  640  841.00000  808.51664  3.86%  8216  921s
  2493  1680  808.51994   41  697  841.00000  808.51994  3.86%  8212  925s
  2495  1682  819.99207  147  703  841.00000  808.51994  3.86%  8206  933s
  2496  1682  808.51994   96  701  841.00000  808.51994  3.86%  8203  936s
H 2497  1599                     838.0000000  808.51994  3.52%  8199  943s
  2499  1600  829.80419   82  727  838.00000  808.51994  3.52%  8193  947s
  2500  1601  816.53091  157  771  838.00000  808.61751  3.51%  8189  950s
  2509  1608  808.92838   59  465  838.00000  808.92838  3.47%  8270  959s
H 2509  1527                     837.0000000  808.92838  3.35%  8270  962s
  2510  1528  808.92838   95  503  837.00000  808.92838  3.35%  8267  971s
H 2510  1452                     836.0000000  808.92838  3.24%  8267  974s
H 2510  1379                     835.0000000  808.92838  3.12%  8267  974s
  2512  1380  835.00000   71  584  835.00000  808.92838  3.12%  8261  976s
  2514  1382  835.00000  493  655  835.00000  808.92901  3.12%  8254  981s
  2516  1383  835.00000  487  613  835.00000  808.92901  3.12%  8247  986s
  2517  1384  835.00000  285  670  835.00000  808.92901  3.12%  8244  990s
  2519  1385  809.08074   26  691  835.00000  809.08074  3.10%  8238  995s
  2524  1388  819.96217  144  751  835.00000  809.92120  3.00%  8221 1001s
  2530  1392  835.00000  242  806  835.00000  810.40264  2.95%  8202 1005s
  2535  1396  810.50661   30  874  835.00000  810.50661  2.93%  8186 1027s
  2540  1399  835.00000  411  768  835.00000  810.79228  2.90%  8170 1031s
  2548  1404  835.00000  241  815  835.00000  810.86416  2.89%  8144 1036s
  2553  1408  835.00000  458  813  835.00000  811.02477  2.87%  8128 1040s
  2563  1414  821.07810  177  799  835.00000  811.18759  2.85%  8096 1045s
  2576  1423  835.00000  467  870  835.00000  811.36950  2.83%  8055 1050s
  2583  1428  835.00000  310  867  835.00000  811.64419  2.80%  8034 1055s
  2591  1433  835.00000  292  747  835.00000  811.98741  2.76%  8009 1060s
  2604  1442  824.06840  142  847  835.00000  812.35329  2.71%  7969 1065s
  2614  1450  835.00000  493  491  835.00000  812.74822  2.66%  8027 1070s
  2617  1452  835.00000  285  461  835.00000  812.74822  2.66%  8018 1079s
  2618  1453  812.74822   31  565  835.00000  812.74822  2.66%  8015 1082s
  2620  1454  835.00000  296  613  835.00000  812.74822  2.66%  8008 1085s
  2623  1456  835.00000  346  666  835.00000  812.74822  2.66%  7999 1091s
  2627  1459  813.03652   12  722  835.00000  813.03652  2.63%  7987 1095s
  2633  1463  813.51254   26  777  835.00000  813.51254  2.57%  7969 1100s
  2639  1467  835.00000  199  698  835.00000  814.05883  2.51%  7951 1105s
  2644  1470  814.29931   58  822  835.00000  814.29931  2.48%  7936 1122s
  2651  1475  824.79430   50  794  835.00000  814.29931  2.48%  7915 1125s
  2655  1477  835.00000  414  785  835.00000  814.40438  2.47%  7903 1138s
  2659  1480  835.00000  455  821  835.00000  814.40438  2.47%  7891 1140s
  2670  1487  835.00000  449  756  835.00000  814.64154  2.44%  7858 1146s
  2680  1494  834.57622  212  797  835.00000  814.90309  2.41%  7829 1150s
  2688  1499  832.89965  177  876  835.00000  814.92435  2.40%  7806 1155s
  2699  1507  829.80419   82  740  835.00000  815.15027  2.38%  7774 1160s
  2708  1513  815.19116   98  807  835.00000  815.19116  2.37%  7748 1165s
  2717  1519  835.00000  285  862  835.00000  815.29385  2.36%  7722 1170s
  2729  1527  821.48241  122  864  835.00000  815.38752  2.35%  7689 1176s
  2738  1533  815.45680    9  941  835.00000  815.45680  2.34%  7663 1180s
  2746  1538  822.93319   57  899  835.00000  815.56505  2.33%  7641 1185s
  2756  1545  835.00000  391  901  835.00000  815.68532  2.31%  7613 1190s
  2769  1553  835.00000  315  957  835.00000  815.79023  2.30%  7577 1195s
  2777  1559  815.79023   30  948  835.00000  815.79023  2.30%  7556 1200s
  2786  1565  824.64229  111  865  835.00000  815.87888  2.29%  7531 1205s
  2797  1572  835.00000  466  931  835.00000  815.98058  2.28%  7502 1210s
  2799  1573  829.80419   82  852  835.00000  815.98203  2.28%  7496 1219s
  2800  1574  816.53091  157  852  835.00000  815.98203  2.28%  7494 1224s
  2801  1576  835.00000  472  491  835.00000  815.98203  2.28%  7589 1225s
  2804  1578  824.06840  142  514  835.00000  815.98203  2.28%  7581 1233s
  2805  1579  835.00000  354  513  835.00000  815.98203  2.28%  7578 1235s
  2808  1581  815.98203   98  609  835.00000  815.98203  2.28%  7570 1242s
  2810  1582  815.98203   95  688  835.00000  815.98203  2.28%  7564 1246s
  2812  1583  835.00000   71  768  835.00000  815.98203  2.28%  7559 1251s
  2816  1586  835.00000  487  826  835.00000  816.13278  2.26%  7548 1255s
  2825  1592  817.48723   98  859  835.00000  816.14445  2.26%  7524 1260s
  2834  1598  835.00000  454  896  835.00000  816.31109  2.24%  7500 1274s
  2835  1599  816.46452   30  903  835.00000  816.46452  2.22%  7498 1275s
  2839  1601  835.00000  199  955  835.00000  816.46452  2.22%  7487 1280s
  2852  1610  816.66720   68  772  835.00000  816.66720  2.20%  7453 1285s
  2864  1618  817.00267  116  894  835.00000  817.00267  2.16%  7422 1290s
  2873  1624  817.79539   18  895  835.00000  817.79539  2.06%  7399 1295s
  2886  1633  824.64229  111  863  835.00000  817.79539  2.06%  7365 1300s
  2908  1647  817.79539   98  841  835.00000  817.79539  2.06%  7310 1305s
  2923  1657  835.00000  346  802  835.00000  817.86874  2.05%  7272 1313s
  2924  1658  819.96217  144  802  835.00000  817.87229  2.05%  7270 1323s
  2927  1665  817.87229   60  774  835.00000  817.87229  2.05%  7346 1326s
  2935  1675  818.92817   62  711  835.00000  817.87229  2.05%  7344 1330s
  2967  1696  823.18562   64  654  835.00000  817.87229  2.05%  7301 1336s
  2992  1709  819.65461   66  693  835.00000  817.87229  2.05%  7265 1342s
  3014  1721  822.06002   67  655  835.00000  817.87229  2.05%  7240 1345s
  3051  1738  821.48420   70  665  835.00000  817.87229  2.05%  7178 1351s
  3101  1748  823.12807   72  621  835.00000  817.87229  2.05%  7085 1355s
  3176  1740  824.80521   75  582  835.00000  817.87229  2.05%  6942 1360s
  3235  1755  825.70508   77  607  835.00000  817.87229  2.05%  6834 1365s
  3396  1734     cutoff   83       835.00000  817.87229  2.05%  6548 1371s
  3463  1726  828.48414   87  535  835.00000  817.87229  2.05%  6445 1378s
  3483  1730  831.44614   90  422  835.00000  817.87229  2.05%  6419 1381s
  3525  1742  831.60958  103  436  835.00000  818.13954  2.02%  6367 1386s
  3578  1752  822.08114   64  672  835.00000  818.13954  2.02%  6299 1390s
  3642  1773  819.88740   67  682  835.00000  818.13954  2.02%  6227 1397s
  3693  1804  822.37736   70  543  835.00000  818.60120  1.96%  6167 1402s
  3729  1801  822.96006   73  559  835.00000  818.60120  1.96%  6120 1406s
  3787  1822  824.75142   85  513  835.00000  818.67777  1.95%  6059 1411s
  3844  1860  825.44294  102  447  835.00000  818.67777  1.95%  6000 1420s
  3928  1891  828.27047  134  390  835.00000  818.67777  1.95%  5906 1426s
  3972  1906  830.42704  149  313  835.00000  818.67777  1.95%  5856 1430s
  4096  1938  830.61679   79  545  835.00000  819.01623  1.91%  5714 1438s
  4195  1927  820.55020   66  546  835.00000  819.01623  1.91%  5599 1442s
  4255  1932  822.01873   67  459  835.00000  819.01623  1.91%  5534 1446s
  4294  1952  823.25947   72  446  835.00000  819.01623  1.91%  5502 1451s
  4334  1961  827.92814   85  388  835.00000  819.01623  1.91%  5471 1456s
  4393  1966  828.89515   68  494  835.00000  819.42444  1.87%  5410 1463s
  4465  1977  822.86756   65  647  835.00000  819.50476  1.86%  5339 1468s
  4534  1995  825.42781   76  598  835.00000  819.50476  1.86%  5284 1473s
  4615  1984  832.39563  104  401  835.00000  819.91923  1.81%  5213 1478s
  4669  2007  828.18356   71  556  835.00000  819.97714  1.80%  5171 1485s
  4741  2034  825.59647   74  396  835.00000  820.05529  1.79%  5119 1491s
  4803  2093  828.57216   98  471  835.00000  820.13844  1.78%  5075 1497s
  4923  2095  821.21015   67  537  835.00000  820.13921  1.78%  4975 1504s
  5015  2117  824.34339   75  343  835.00000  820.32439  1.76%  4905 1510s
  5119  2148  822.83421   68  480  835.00000  820.32439  1.76%  4828 1516s
  5197  2177  827.92485   81  470  835.00000  820.32439  1.76%  4781 1523s
  5285  2156  826.46154   72  610  835.00000  820.50304  1.74%  4727 1529s
  5293  2157  827.29103   74  349  835.00000  820.50304  1.74%  4722 1536s
  5310  2177  828.66311   75  316  835.00000  820.53992  1.73%  4710 1543s
  5362  2203  822.15910   63  428  835.00000  820.59024  1.73%  4676 1556s
  5458  2241  822.44376   72  551  835.00000  820.60977  1.72%  4615 1565s
  5540  2293  826.12867   87  503  835.00000  820.60977  1.72%  4573 1575s
  5697  2346  825.26568   71  571  835.00000  820.81191  1.70%  4479 1588s
  5845  2353  831.08414   70  536  835.00000  820.85243  1.69%  4396 1600s
  5953  2387  831.17001   86  519  835.00000  820.90873  1.69%  4346 1614s
  6086  2408  823.02629   74  558  835.00000  820.90873  1.69%  4279 1628s
  6242  2469  826.26248   99  433  835.00000  820.92183  1.69%  4205 1640s
  6463  2476  830.93440   85  378  835.00000  821.07133  1.67%  4092 1654s
  6590  2530  824.00157   73  566  835.00000  821.07275  1.67%  4044 1665s
  6810  2559  830.72890   70  586  835.00000  821.07275  1.67%  3946 1680s
  6986  2621  825.04021   73  523  835.00000  821.13483  1.66%  3880 1696s
  7195  2690  830.28778   72  604  835.00000  821.21454  1.65%  3799 1710s
  7428  2728  832.73914   70  578  835.00000  821.38438  1.63%  3718 1728s
  7621  2779  824.14407   67  632  835.00000  821.47482  1.62%  3661 1746s
  7882  2801  822.87412   74  620  835.00000  821.54127  1.61%  3575 1764s
  8122  2875  824.36937   70  513  835.00000  821.62386  1.60%  3505 1782s
  8381  2999  828.25208   84  467  835.00000  821.72166  1.59%  3431 1805s
  8610  3150  829.03430   88  617  835.00000  821.83763  1.58%  3375 1827s
  8954  3291  825.55811   72  515  835.00000  821.93193  1.57%  3283 1846s
  9257  3453  824.22266   77  510  835.00000  822.05418  1.55%  3209 1872s
  9586  3584  823.41041   80  566  835.00000  822.13839  1.54%  3132 1896s
  9995  3791  824.37548   70  603  835.00000  822.20819  1.53%  3038 1919s
 10488  4032  823.43556   73  626  835.00000  822.28663  1.52%  2932 1947s
 11015  4182  832.55041   75  462  835.00000  822.32750  1.52%  2836 1967s
 11291  4358  826.22564   79  537  835.00000  822.38396  1.51%  2787 1986s
 11711  4442  825.12255   74  632  835.00000  822.48705  1.50%  2719 2005s
 12004  4608  826.46290   70  667  835.00000  822.55884  1.49%  2682 2025s
 12391  4739  825.69370   74  431  835.00000  822.59708  1.49%  2628 2050s
 12796  4962  823.82604   67  660  835.00000  822.62531  1.48%  2576 2067s
 13323  5157  828.99347   84  481  835.00000  822.68591  1.47%  2506 2086s
 13697  5393  825.80880   74  506  835.00000  822.74983  1.47%  2467 2105s
 14175  5587  832.50756   69  518  835.00000  822.84862  1.46%  2411 2121s
 14663  5766  825.70093   71  585  835.00000  822.90058  1.45%  2360 2140s
 15107  5998  826.18029   80  647  835.00000  822.94213  1.44%  2317 2159s
 15594  6147  826.35465   88  431  835.00000  823.02368  1.43%  2272 2183s
 15957  6284  825.05445   81  480  835.00000  823.07070  1.43%  2242 2207s
 16246  6504  829.24274   85  586  835.00000  823.12265  1.42%  2219 2232s
 16660  6696  825.27293   75  448  835.00000  823.18846  1.41%  2192 2251s
 17028  6887  830.39241  116  349  835.00000  823.20216  1.41%  2167 2273s
 17466  7120  833.82452   76  445  835.00000  823.25798  1.41%  2137 2298s
 17902  7263  827.44955   74  501  835.00000  823.31870  1.40%  2109 2322s
 18240  7460  830.94002   77  505  835.00000  823.33105  1.40%  2092 2345s
 18703  7707  827.45824   77  566  835.00000  823.39625  1.39%  2062 2368s
 19147  7916  831.44756   93  472  835.00000  823.49797  1.38%  2037 2389s
 19545  8079  833.07769  108  379  835.00000  823.53322  1.37%  2017 2407s
 19859  8331  832.72669   92  441  835.00000  823.56378  1.37%  2004 2430s
 20322  8565  825.47448   70  382  835.00000  823.60800  1.36%  1978 2444s
 20802  8566  831.03044   73  491  835.00000  823.66534  1.36%  1953 2675s
 20805  8568  828.18986   82  540  835.00000  823.66534  1.36%  1953 2682s
 20807  8569  831.72813  147  548  835.00000  823.66534  1.36%  1953 2685s
 20810  8571  830.39072  115  606  835.00000  823.66534  1.36%  1952 2690s
 20813  8573  830.15398   92  658  835.00000  823.66534  1.36%  1952 2696s
 20816  8575  831.91502   81  676  835.00000  823.66534  1.36%  1952 2700s
 20824  8581  831.28732   82  578  835.00000  823.66534  1.36%  1951 2705s
 20828  8583  832.35393  114  757  835.00000  823.66534  1.36%  1951 2714s
 20829  8584  828.41679   84  762  835.00000  823.66534  1.36%  1951 2715s
 20832  8586  830.78186   92  584  835.00000  823.66534  1.36%  1950 2723s
 20836  8589  826.24080   90  762  835.00000  823.66534  1.36%  1950 2725s
 20837  8589  826.96708   77  746  835.00000  823.66534  1.36%  1950 2731s
 20840  8591  830.72928  101  732  835.00000  823.66534  1.36%  1950 2739s
 20841  8592  826.40794   74  659  835.00000  823.66534  1.36%  1950 2748s
 20842  8593  828.85223   93  645  835.00000  823.66534  1.36%  1949 2754s
 20843  8593  828.02893   81  661  835.00000  823.66534  1.36%  1949 2756s
 20846  8595  828.43298  113  690  835.00000  823.66534  1.36%  1949 2764s
 20848  8597  827.02596   85  669  835.00000  823.66534  1.36%  1949 2765s
 20849  8597  830.58343   83  680  835.00000  823.66534  1.36%  1949 2771s
 20852  8599  826.29522   84  677  835.00000  823.66534  1.36%  1949 2780s
 20854  8601  828.24122  115  701  835.00000  823.66534  1.36%  1948 2786s
 20856  8602  828.13075   87  702  835.00000  823.66534  1.36%  1948 2794s
 20858  8603  831.59947  100  749  835.00000  823.66534  1.36%  1948 2799s
 20860  8605  829.14440   91  750  835.00000  823.66534  1.36%  1948 2805s
 20862  8606  828.45479   72  739  835.00000  823.66534  1.36%  1948 2811s
 20867  8609  825.80219   78  755  835.00000  823.66534  1.36%  1947 2820s
 20871  8612  829.01726   85  783  835.00000  823.66534  1.36%  1947 2828s
 20875  8615  827.45585   76  685  835.00000  823.66534  1.36%  1946 2835s
 20877  8616  829.99309   81  676  835.00000  823.66534  1.36%  1946 2842s
 20880  8618  829.66441  107  737  835.00000  823.66534  1.36%  1946 2848s
 20883  8620  831.63630   75  716  835.00000  823.66534  1.36%  1946 2854s
 20884  8621  825.28927   68  704  835.00000  823.66534  1.36%  1946 2855s
 20885  8621  824.15290   78  703  835.00000  823.66534  1.36%  1945 2862s
 20887  8623  829.89982   87  714  835.00000  823.66534  1.36%  1945 2868s
 20889  8624  832.37079  101  715  835.00000  823.66534  1.36%  1945 2875s
 20890  8625  833.36370   93  672  835.00000  823.66534  1.36%  1945 2881s
 20891  8625  823.97710   81  738  835.00000  823.66534  1.36%  1945 2887s
 20892  8626  826.17632   85  697  835.00000  823.66534  1.36%  1945 2895s
 20894  8627  828.68219   77  712  835.00000  823.66534  1.36%  1945 2901s
 20897  8629  828.14334   79  605  835.00000  823.66534  1.36%  1944 2906s
 20904  8634  830.80850   77  791  835.00000  823.66534  1.36%  1944 2914s
 20906  8635  830.51634  101  792  835.00000  823.66534  1.36%  1944 2920s
 20908  8637  826.30057   74  803  835.00000  823.66534  1.36%  1943 2926s
 20909  8637  830.08966   99  764  835.00000  823.66534  1.36%  1943 2934s
 20910  8638  830.39072  115  798  835.00000  823.66534  1.36%  1943 2941s
 20911  8639  830.14998   76  814  835.00000  823.66534  1.36%  1943 2949s
 20912  8639  830.72979   78  818  835.00000  823.66534  1.36%  1943 2954s
 20913  8640  830.15398   92  785  835.00000  823.66534  1.36%  1943 2955s
 20914  8641  824.03518   71  794  835.00000  823.66534  1.36%  1943 2960s
 20916  8642  831.91502   81  800  835.00000  823.66534  1.36%  1943 2966s
 20918  8643  832.36415   75  738  835.00000  823.66534  1.36%  1942 2972s
 20920  8645  827.15063   80  753  835.00000  823.66534  1.36%  1942 2978s
 20921  8645  826.53763   75  689  835.00000  823.66534  1.36%  1942 2994s
 20922  8646  830.01249  143  702  835.00000  823.66534  1.36%  1942 3001s
 20924  8647  831.28732   82  724  835.00000  823.66534  1.36%  1942 3007s
 20926  8649  825.41411  102  724  835.00000  823.66534  1.36%  1942 3013s
 20928  8650  832.35393  114  727  835.00000  823.66534  1.36%  1941 3019s
 20930  8651  825.16526   77  726  835.00000  823.66534  1.36%  1941 3024s
 20931  8652  827.24038   90  726  835.00000  823.66534  1.36%  1941 3035s
 20932  8653  830.78186   92  724  835.00000  823.66534  1.36%  1941 3041s
 20933  8653  833.43146   89  724  835.00000  823.66534  1.36%  1941 3050s
 20934  8654  829.08408   73  724  835.00000  823.66534  1.36%  1941 3057s
 20938  8658  830.46346   92  526  835.00000  823.66534  1.36%  1955 3061s
 20941  8660  826.40794   74  489  835.00000  823.66534  1.36%  1954 3065s
 20944  8662  826.49037   75  600  835.00000  823.66534  1.36%  1954 3070s
 20952  8667  826.29522   84  628  835.00000  823.66534  1.36%  1953 3075s
 20954  8669  828.24122  115  786  835.00000  823.66534  1.36%  1953 3081s
 20956  8670  828.13075   87  659  835.00000  823.66534  1.36%  1953 3087s
 20959  8672  827.46205   76  759  835.00000  823.66534  1.36%  1953 3094s
 20960  8673  829.14440   91  764  835.00000  823.66534  1.36%  1953 3096s
 20961  8673  826.43359   88  779  835.00000  823.66534  1.36%  1953 3102s
 20962  8674  828.45479   72  701  835.00000  823.66534  1.36%  1952 3111s
 20964  8675  831.35488   77  752  835.00000  823.66534  1.36%  1952 3116s
 20967  8677  825.80219   78  759  835.00000  823.66534  1.36%  1952 3123s
 20970  8679  825.03435   84  753  835.00000  823.66534  1.36%  1952 3132s
 20972  8681  829.26671  102  734  835.00000  823.66534  1.36%  1952 3139s
 20974  8682  827.20614   70  789  835.00000  823.66534  1.36%  1951 3144s
 20975  8683  827.45585   76  790  835.00000  823.66534  1.36%  1951 3145s
 20976  8683  827.95739   89  746  835.00000  823.66534  1.36%  1951 3150s
 20978  8685  825.51882   72  817  835.00000  823.66534  1.36%  1951 3157s
 20980  8686  829.66441  107  834  835.00000  823.66534  1.36%  1951 3163s
 20982  8687  829.29273   89  739  835.00000  823.66534  1.36%  1951 3168s
 20985  8689  824.15290   78  829  835.00000  823.66534  1.36%  1950 3174s
 20987  8691  829.89982   87  787  835.00000  823.66534  1.36%  1950 3179s
 20988  8691  825.85256   73  825  835.00000  823.66534  1.36%  1950 3180s
 20989  8692  832.37079  101  820  835.00000  823.66534  1.36%  1950 3185s
 20991  8693  823.97710   81  795  835.00000  823.66534  1.36%  1950 3190s
 20993  8695  830.38070   91  810  835.00000  823.66534  1.36%  1950 3196s
 20995  8696  831.85828   92  812  835.00000  823.66534  1.36%  1949 3201s
 20997  8697  828.14334   79  812  835.00000  823.66534  1.36%  1949 3206s
 20998  8698  830.60510   82  759  835.00000  823.66534  1.36%  1949 3212s
 20999  8699  828.26387   73  811  835.00000  823.66534  1.36%  1949 3218s
 21000  8699  831.77637   83  816  835.00000  823.66534  1.36%  1949 3224s
 21001  8700  826.80917   76  797  835.00000  823.66534  1.36%  1949 3231s
 21002  8701  831.03044   73  797  835.00000  823.66534  1.36%  1949 3236s
 21009  8710  823.66534   80  647  835.00000  823.66534  1.36%  1957 3240s
 21027  8728  823.66534   83  558  835.00000  823.66534  1.36%  1960 3245s
 21086  8754  824.54356   88  557  835.00000  823.66534  1.36%  1960 3250s
 21144  8752  826.62218   95  404  835.00000  823.66534  1.36%  1960 3255s
 21213  8763  832.47127  112  304  835.00000  823.66534  1.36%  1958 3260s
 21311  8761  827.87078   86  503  835.00000  823.66534  1.36%  1955 3266s
 21364  8799  833.77963   93  408  835.00000  823.66534  1.36%  1955 3270s
 21463  8794  825.78831   83  454  835.00000  823.66534  1.36%  1949 3275s
 21567  8824  829.96022  100  400  835.00000  823.66534  1.36%  1945 3280s
 21672  8847  823.66534   84  518  835.00000  823.66534  1.36%  1940 3285s
 21783  8873  827.49500  102  405  835.00000  823.66534  1.36%  1935 3290s
 21879  8915  825.96550   86  464  835.00000  823.66534  1.36%  1933 3296s
 21970  8932  832.05050  106  332  835.00000  823.66534  1.36%  1928 3301s
 22055  8950  824.01904   87  511  835.00000  823.66534  1.36%  1926 3306s
 22118  8976  825.94147   92  495  835.00000  823.66534  1.36%  1926 3310s
 22240  8993  832.11798  120  324  835.00000  823.66534  1.36%  1921 3316s
 22348  9021     cutoff   89       835.00000  823.66534  1.36%  1917 3322s
 22401  9046  825.46259   89  485  835.00000  823.66534  1.36%  1916 3326s
 22484  9057  827.65450   96  519  835.00000  823.66534  1.36%  1913 3330s
 22614  9089  827.64858   91  442  835.00000  823.66534  1.36%  1909 3338s
 22690  9096  824.73646   86  457  835.00000  823.66534  1.36%  1906 3341s
 22747  9130  827.53127   89  418  835.00000  823.66534  1.36%  1905 3345s
 22939  9189  826.31785   97  352  835.00000  823.66534  1.36%  1896 3353s
 23043  9196     cutoff  127       835.00000  823.66534  1.36%  1892 3357s
 23138  9200  831.17362   97  385  835.00000  823.66534  1.36%  1888 3362s
 23209  9220  827.22514   91  478  835.00000  823.66534  1.36%  1887 3367s
 23293  9240  829.54566  102  307  835.00000  823.66534  1.36%  1885 3372s
 23405  9300  824.10549   88  595  835.00000  823.66534  1.36%  1880 3377s
 23539  9307  831.66528  110  269  835.00000  823.66534  1.36%  1874 3382s
 23672  9315  827.41464   92  502  835.00000  823.66534  1.36%  1868 3388s
 23793  9321  832.94188  131  318  835.00000  823.66534  1.36%  1862 3394s
 23941  9336  831.36567  114  398  835.00000  823.66534  1.36%  1855 3400s
 24100  9360  829.23954   98  449  835.00000  823.66534  1.36%  1848 3405s
 24271  9408  826.46241   96  437  835.00000  823.66534  1.36%  1840 3411s
 24478  9395  828.35305   99  450  835.00000  823.77164  1.34%  1829 3418s
 24653  9399  830.14623   97  443  835.00000  823.87249  1.33%  1822 3424s
 24798  9444  830.32866  104  364  835.00000  823.87249  1.33%  1817 3432s
 25022  9466  827.61585   89  365  835.00000  824.06693  1.31%  1807 3439s
 25244  9497  826.01358   89  580  835.00000  824.13691  1.30%  1798 3446s
 25479  9531  826.57003   90  497  835.00000  824.22650  1.29%  1788 3455s
 25692  9545  830.35703  113  379  835.00000  824.29868  1.28%  1781 3463s
 25957  9565  831.23931  101  431  835.00000  824.32855  1.28%  1771 3471s
 26254  9547  827.69264   88  422  835.00000  824.49246  1.26%  1759 3480s
 26484  9497  831.53371   91  500  835.00000  824.53300  1.25%  1750 3489s
 26549  9576  829.01614   91  500  835.00000  824.53300  1.25%  1747 3499s
 26815  9611  831.11973  123  450  835.00000  824.53300  1.25%  1737 3508s
 27171  9693  825.91823   91  358  835.00000  824.72341  1.23%  1724 3518s
 27659  9742  828.08930  105  348  835.00000  824.80168  1.22%  1702 3529s
 28122  9808  831.58900  149  363  835.00000  824.90720  1.21%  1684 3540s
 28627  9797  828.51450   88  336  835.00000  824.96633  1.20%  1665 3551s
 29052  9828  832.65650   93  332  835.00000  825.06069  1.19%  1651 3562s
 29543  9933  829.74626   91  437  835.00000  825.14339  1.18%  1635 3573s
 30121  9954  831.37955  100  508  835.00000  825.23244  1.17%  1614 3586s
 30725  9989  830.32808  108  368  835.00000  825.30363  1.16%  1594 3599s
 31359 10185  827.88710   87  515  835.00000  825.40275  1.15%  1574 3613s
 32233 10008  829.32970   95  526  835.00000  825.50079  1.14%  1545 3619s
 32552 10067  826.94327   91  553  835.00000  825.57171  1.13%  1537 3626s
 32955 10076  833.87409  103  409  835.00000  825.61094  1.12%  1524 3634s
 33288 10129  829.70456  107  363  835.00000  825.66236  1.12%  1516 3641s
 33751 10088  826.37970   93  472  835.00000  825.66670  1.12%  1501 3649s
 34043 10100  829.47416   96  488  835.00000  825.70390  1.11%  1494 3656s
 34372 10163  827.85086   94  485  835.00000  825.72493  1.11%  1487 3663s
 34750 10226  826.99228   96  527  835.00000  825.78790  1.10%  1476 3670s
 35194 10252     cutoff   95       835.00000  825.81086  1.10%  1464 3677s
 35612 10313  833.54869  121  367  835.00000  825.86222  1.09%  1454 3685s
 36047 10360  830.34004  100  551  835.00000  825.88852  1.09%  1444 3692s
 36519 10421  830.09185  101  365  835.00000  825.94381  1.08%  1432 3699s
 36999 10457  831.27629   89  470  835.00000  825.98993  1.08%  1420 3705s
 37428 10481  828.69319   96  537  835.00000  826.03210  1.07%  1411 3713s
 37837 10501  830.55795  100  423  835.00000  826.07713  1.07%  1402 3720s
 38216 10527  831.22960   93  418  835.00000  826.10698  1.07%  1395 3727s
 38610 10546     cutoff   94       835.00000  826.12833  1.06%  1387 3735s
 39030 10565  831.78408  101  369  835.00000  826.17701  1.06%  1378 3742s
 39446 10602  832.26889   89  529  835.00000  826.20201  1.05%  1370 3748s
 39898 10714  831.05900   91  308  835.00000  826.25195  1.05%  1361 3755s
 40394 10736  830.81181   92  421  835.00000  826.29794  1.04%  1351 3761s
 40873 10812  826.68898   99  469  835.00000  826.34115  1.04%  1341 3768s
 41402 10760  829.58090   90  646  835.00000  826.36229  1.03%  1330 3774s
 41813 10879  829.60837   92  406  835.00000  826.41263  1.03%  1323 3785s
 42503 10790     cutoff  102       835.00000  826.47307  1.02%  1311 3791s
 42901 10812  832.02373   96  446  835.00000  826.50671  1.02%  1304 3797s
 43391 10817  827.45115   90  558  835.00000  826.55012  1.01%  1294 3802s
 43797 10805  828.34517   91  540  835.00000  826.57546  1.01%  1287 3808s
 44111 10896  831.04741   93  443  835.00000  826.60354  1.01%  1283 3815s
 44552 10884  828.17567   98  525  835.00000  826.63765  1.00%  1276 3821s
 44974 10905  831.37340   94  399  835.00000  826.67098  1.00%  1268 3829s
 45403 10955     cutoff  102       835.00000  826.71429  0.99%  1261 3836s
 45828 10959  829.71357   92  277  835.00000  826.75493  0.99%  1255 3843s
 46243 10971  831.57165   91  354  835.00000  826.77551  0.98%  1248 3850s
 46686 11000  829.88054   87  633  835.00000  826.80609  0.98%  1241 3857s
 47108 10987  827.83912  100  412  835.00000  826.82809  0.98%  1234 3864s
 47446 11057  833.63506  102  421  835.00000  826.85917  0.97%  1230 3875s
 47656 11199  828.60530   95  322  835.00000  826.86580  0.97%  1227 3884s
 48219 11336  831.23427   92  447  835.00000  826.89285  0.97%  1217 3892s
 48537 11560  830.51246   98  404  835.00000  826.91324  0.97%  1213 3899s
 49039 11728     cutoff   99       835.00000  826.95947  0.96%  1205 3906s
 49483 11904  828.03189   90  405  835.00000  826.97990  0.96%  1199 3914s
 49904 12056  828.51746  103  468  835.00000  827.00344  0.96%  1193 3921s
 50354 12260  827.54515   98  438  835.00000  827.02217  0.96%  1188 3928s
 50839 12430  832.09427  103  221  835.00000  827.03611  0.95%  1181 3934s
 51280 12544  830.21400  101  475  835.00000  827.05944  0.95%  1175 3940s
 51657 12715     cutoff   90       835.00000  827.08361  0.95%  1171 3946s
 52108 12797  831.14373   95  424  835.00000  827.10744  0.95%  1165 3957s
 52388 13211  830.38735   97  535  835.00000  827.12910  0.94%  1161 3970s
 53350 13387  828.47187   97  530  835.00000  827.17327  0.94%  1150 3978s
 53841 13566  830.50488   87  530  835.00000  827.21912  0.93%  1144 3985s
 54310 13683  829.83996  103  377  835.00000  827.23739  0.93%  1139 3992s
 54690 13883  832.67748   99  439  835.00000  827.26807  0.93%  1134 3999s
 55197 14036  830.01665   92  397  835.00000  827.29109  0.92%  1128 4005s
 55655 14198  833.59838  100  419  835.00000  827.32883  0.92%  1123 4012s
 56099 14403  831.32161  116  482  835.00000  827.34571  0.92%  1118 4019s
 56674 14557  832.72931  110  410  835.00000  827.37043  0.91%  1111 4025s
 57102 14683  827.79427   88  458  835.00000  827.39400  0.91%  1106 4032s
 57501 14800     cutoff  119       835.00000  827.40971  0.91%  1102 4038s
 57877 14917  831.10517  105  303  835.00000  827.42886  0.91%  1099 4046s
 58279 15062     cutoff  102       835.00000  827.46163  0.90%  1095 4052s
 58655 15199  828.76814  105  384  835.00000  827.48557  0.90%  1091 4059s
 59096 15315  829.71058   95  572  835.00000  827.51172  0.90%  1087 4065s
 59502 15416  830.56616   98  306  835.00000  827.52213  0.90%  1083 4072s
 59861 15539  830.24952  109  363  835.00000  827.55144  0.89%  1080 4079s
 60307 15614  834.00000  113  106  835.00000  827.57664  0.89%  1076 4085s
 60683 15715  830.78928   88  457  835.00000  827.60193  0.89%  1073 4092s
 61047 15810  831.75684   94  435  835.00000  827.62530  0.88%  1070 4100s
 61383 15956     cutoff  103       835.00000  827.63975  0.88%  1067 4106s
 61830 16095  831.12751  101  454  835.00000  827.65250  0.88%  1063 4113s
 62251 16185  832.49410  111  388  835.00000  827.67515  0.88%  1060 4120s
 62578 16371  831.20673  101  564  835.00000  827.69526  0.87%  1057 4131s
 63142 16464  830.64657   92  390  835.00000  827.73640  0.87%  1053 4139s
 63474 16576  829.13883  103  315  835.00000  827.74924  0.87%  1051 4146s
 63941 16722  829.73869   99  560  835.00000  827.77798  0.86%  1047 4154s
 64365 16869  830.09579  100  449  835.00000  827.80129  0.86%  1044 4161s
 64827 16966  831.95109   88  524  835.00000  827.82567  0.86%  1040 4168s
 65201 17067     cutoff  116       835.00000  827.83742  0.86%  1037 4176s
 65660 17182  831.53057   87  270  835.00000  827.85592  0.86%  1034 4183s
 66062 17316  830.47224  102  453  835.00000  827.87976  0.85%  1031 4192s
 66513 17470  830.65091  101  461  835.00000  827.90665  0.85%  1028 4199s
 66976 17641  829.32130   92  189  835.00000  827.92850  0.85%  1024 4207s
 67432 17717     cutoff  107       835.00000  827.94821  0.84%  1021 4213s
 67816 17810     cutoff   95       835.00000  827.96979  0.84%  1018 4221s
 68197 17945     cutoff   99       835.00000  827.98945  0.84%  1016 4228s
 68608 18085  832.39615   93  238  835.00000  828.00866  0.84%  1013 4233s
 69041 18186  831.50164   91  448  835.00000  828.02444  0.84%  1010 4239s
 69427 18271  828.82571   95  531  835.00000  828.04273  0.83%  1008 4247s
 69849 18387  829.96034   91  497  835.00000  828.05662  0.83%  1005 4253s
 70275 18472  833.35282  114  340  835.00000  828.07831  0.83%  1002 4259s
 70665 18622  833.46798   99  270  835.00000  828.10309  0.83%  1000 4266s
 71106 18718  833.38693  104  335  835.00000  828.11835  0.82%   997 4274s
 71498 18795  832.75888   88  510  835.00000  828.14393  0.82%   995 4281s
 71968 18914 infeasible  109       835.00000  828.17148  0.82%   992 4287s
 72350 18995     cutoff   93       835.00000  828.18479  0.82%   989 4294s
 72814 19137     cutoff  100       835.00000  828.21147  0.81%   986 4303s
 73370 19225  829.54103   92  430  835.00000  828.22664  0.81%   983 4309s
 73649 19333  833.43519  102  426  835.00000  828.24672  0.81%   981 4317s
 74231 19416     cutoff   94       835.00000  828.26683  0.81%   977 4322s
 74596 19508     cutoff  108       835.00000  828.28595  0.80%   975 4327s
 75012 19646  831.27405  107  436  835.00000  828.31331  0.80%   972 4333s
 75476 19767  833.80571  106  458  835.00000  828.33040  0.80%   970 4340s
 75869 19924  829.76611  105  527  835.00000  828.34375  0.80%   968 4345s
 76332 19960  832.93716  108  355  835.00000  828.35570  0.80%   965 4352s
 76674 20095  830.01394   93  459  835.00000  828.37659  0.79%   963 4359s
 77092 20218  830.45745   90  414  835.00000  828.38996  0.79%   961 4364s
 77488 20341     cutoff  113       835.00000  828.41477  0.79%   958 4370s
 78017 20436     cutoff  124       835.00000  828.43307  0.79%   955 4376s
 78450 20578  830.09790   94  218  835.00000  828.44990  0.78%   952 4383s
 78878 20647  831.40543   97  477  835.00000  828.46234  0.78%   950 4388s
 79294 20733     cutoff  100       835.00000  828.48113  0.78%   948 4394s
 79694 20888  832.51298   93  415  835.00000  828.50046  0.78%   946 4400s
 80199 20972     cutoff  105       835.00000  828.51955  0.78%   943 4406s
 80633 21038     cutoff   92       835.00000  828.54292  0.77%   940 4412s
 81036 21114  832.36455   96  356  835.00000  828.55922  0.77%   938 4419s
 81327 21216  830.63630   95  414  835.00000  828.56876  0.77%   936 4425s
 81829 21301  831.84717   97  271  835.00000  828.57895  0.77%   933 4430s
 82354 21430  833.37917   89  432  835.00000  828.59850  0.77%   930 4435s
 82842 21545  830.43663  100  451  835.00000  828.61401  0.76%   927 4441s
 83298 21690  831.85830   93  468  835.00000  828.63006  0.76%   925 4450s
 84386 21888  830.52390  101  370  835.00000  828.68634  0.76%   919 4459s
 84862 21969  830.64195   98  469  835.00000  828.70171  0.75%   916 4464s
 85205 22076  831.93785   92  375  835.00000  828.71164  0.75%   914 4469s
 85625 22155  829.66427   99  395  835.00000  828.73143  0.75%   912 4474s
 86017 22206  830.89917   97  513  835.00000  828.73610  0.75%   910 4478s
 86434 22275  829.74969  111  518  835.00000  828.75659  0.75%   907 4484s
 86806 22379  833.43908  108  347  835.00000  828.76736  0.75%   906 4491s
 87235 22448  831.33087   98  471  835.00000  828.77929  0.74%   903 4497s
 87629 22537  831.25606   92  413  835.00000  828.79455  0.74%   901 4502s
 88000 22624  833.00523   97  442  835.00000  828.80464  0.74%   900 4506s
 88352 22715  829.84273  101  481  835.00000  828.81992  0.74%   898 4513s
 88765 22777  832.24561  103  659  835.00000  828.83500  0.74%   896 4519s
 89181 22790  830.40983  101  449  835.00000  828.84693  0.74%   894 4524s
 89490 22881  832.83863   91  440  835.00000  828.85951  0.74%   893 4529s
 89904 22940  833.15700   98  372  835.00000  828.87359  0.73%   891 4535s
 90290 23035  833.30470  109  379  835.00000  828.89411  0.73%   889 4541s
 90739 23095     cutoff  107       835.00000  828.90434  0.73%   887 4547s
 91080 23197     cutoff   95       835.00000  828.91979  0.73%   886 4551s
 91490 23268  832.93606  106  214  835.00000  828.93141  0.73%   884 4557s
 91905 23344     cutoff  102       835.00000  828.94842  0.72%   882 4563s
 92288 23451     cutoff   96       835.00000  828.96067  0.72%   881 4570s
 92766 23481  830.37586  106  491  835.00000  828.97664  0.72%   878 4575s
 93058 23526     cutoff  105       835.00000  828.97892  0.72%   877 4580s
 93391 23575     cutoff  113       835.00000  829.00413  0.72%   875 4587s
 93752 23696     cutoff   94       835.00000  829.01956  0.72%   874 4596s
 94356 23750  832.37937  101  497  835.00000  829.03675  0.71%   871 4602s
 94729 23810  831.33112   99  413  835.00000  829.05070  0.71%   870 4606s
 95164 23873  833.62418   96  462  835.00000  829.06158  0.71%   868 4612s
 95564 23970     cutoff  115       835.00000  829.07426  0.71%   866 4618s
 95974 24008  832.11526   99  506  835.00000  829.09163  0.71%   865 4625s
 96425 24084  833.32735  104  420  835.00000  829.10383  0.71%   863 4630s
 96853 24152  833.16185   98  526  835.00000  829.11499  0.70%   861 4636s
 97326 24233     cutoff   91       835.00000  829.13491  0.70%   859 4643s
 97758 24300     cutoff  102       835.00000  829.15040  0.70%   857 4649s
 98141 24307     cutoff   95       835.00000  829.16788  0.70%   856 4656s
 98420 24398  830.68216  100  529  835.00000  829.17379  0.70%   855 4661s
 98884 24514  832.96471   96  492  835.00000  829.19383  0.70%   853 4667s
 99393 24495     cutoff   97       835.00000  829.21632  0.69%   850 4673s
 99595 24463  832.98272   97  427  835.00000  829.23176  0.69%   850 4680s
 99839 24442  830.80117   97  432  835.00000  829.24487  0.69%   850 4687s
 100100 24416  831.75985   94  413  835.00000  829.26546  0.69%   850 4693s
 100321 24407  833.12839   98  452  835.00000  829.29121  0.68%   850 4698s
 100692 24366     cutoff   99       835.00000  829.31350  0.68%   849 4705s
 100979 24349  832.27655   95  356  835.00000  829.32813  0.68%   849 4712s
 101284 24294  833.50000   98   85  835.00000  829.34701  0.68%   848 4720s
 101539 24275  829.92388   95  588  835.00000  829.37249  0.67%   848 4728s
 101635 24250  833.48308  102  371  835.00000  829.37249  0.67%   848 4733s
 101953 24192     cutoff  106       835.00000  829.40339  0.67%   848 4739s
 102219 24210     cutoff   93       835.00000  829.42419  0.67%   848 4747s
 102511 24162     cutoff   96       835.00000  829.43961  0.67%   847 4754s
 102823 24101     cutoff  106       835.00000  829.46825  0.66%   847 4760s
 103127 24114  830.60331   98  517  835.00000  829.49475  0.66%   847 4768s
 103416 24068  833.82666  110  305  835.00000  829.50798  0.66%   846 4776s
 103752 24009  831.92788  105  433  835.00000  829.53254  0.65%   846 4783s
 104060 23984  833.07009   98  564  835.00000  829.55152  0.65%   845 4790s
 104417 23965  830.95789   98  530  835.00000  829.57391  0.65%   845 4796s
 104862 23878  833.25301  104  400  835.00000  829.59584  0.65%   844 4804s
 105207 23851  832.55194   91  426  835.00000  829.61657  0.64%   843 4811s
 105642 23796     cutoff   99       835.00000  829.64090  0.64%   842 4818s
 105963 23733  833.04685   93  451  835.00000  829.65569  0.64%   842 4825s
 106297 23708     cutoff   92       835.00000  829.69217  0.64%   841 4831s
 106653 23652  833.09262   90  425  835.00000  829.71242  0.63%   840 4839s
 107057 23619  832.61429   95  300  835.00000  829.73200  0.63%   840 4847s
 107460 23549     cutoff   98       835.00000  829.75730  0.63%   839 4856s
 107871 23490     cutoff   90       835.00000  829.78482  0.62%   838 4864s
 108291 23418     cutoff  103       835.00000  829.80580  0.62%   837 4870s
 108676 23321  831.87081  106  461  835.00000  829.83053  0.62%   836 4877s
 109032 23288     cutoff   98       835.00000  829.85489  0.62%   836 4886s
 109391 23224  832.14992  101  451  835.00000  829.87104  0.61%   835 4895s
 109858 23087     cutoff   95       835.00000  829.90000  0.61%   834 4904s
 110305 23003     cutoff  102       835.00000  829.92726  0.61%   833 4910s
 110649 22921     cutoff  102       835.00000  829.95403  0.60%   833 4916s
 111023 22846 infeasible  100       835.00000  829.97765  0.60%   832 4924s
 111419 22785  832.82645   97  476  835.00000  829.99287  0.60%   832 4932s
 111746 22704     cutoff   97       835.00000  830.01867  0.60%   831 4941s
 112190 22602  833.75949   91  504  835.00000  830.04692  0.59%   830 4948s
 112581 22503     cutoff  100       835.00000  830.06861  0.59%   830 4954s
 113024 22442  831.53249   97  286  835.00000  830.09341  0.59%   829 4962s
 113444 22375  832.13842   97  501  835.00000  830.12253  0.58%   828 4970s
 113929 22309     cutoff  106       835.00000  830.14366  0.58%   827 4978s
 114301 22243     cutoff  104       835.00000  830.16357  0.58%   826 4986s
 114802 22166  833.25739  101  331  835.00000  830.18709  0.58%   825 4992s
 115324 22039     cutoff  103       835.00000  830.21271  0.57%   823 4998s
 115796 21957  833.46655   94  476  835.00000  830.23892  0.57%   822 5005s
 116228 21856     cutoff  101       835.00000  830.26832  0.57%   821 5013s
*116476 20155              91     834.0000000  830.26852  0.45%   821 5013s
 116657 20011     cutoff  113       834.00000  830.28805  0.45%   820 5023s
 116957 19786     cutoff  106       834.00000  830.31437  0.44%   819 5030s
 117367 19593  832.67950   98  542  834.00000  830.35055  0.44%   818 5037s
 117790 19352     cutoff   97       834.00000  830.38014  0.43%   818 5042s
 118172 19109     cutoff  101       834.00000  830.41815  0.43%   817 5049s
 118635 18900     cutoff   99       834.00000  830.45449  0.43%   816 5057s
 119111 18671  831.89310  101  407  834.00000  830.49760  0.42%   815 5065s
 119637 18436     cutoff   97       834.00000  830.52811  0.42%   813 5072s
 120069 18210     cutoff  106       834.00000  830.57356  0.41%   813 5079s
 120569 17919     cutoff   97       834.00000  830.60291  0.41%   811 5085s
 121058 17633     cutoff   97       834.00000  830.64616  0.40%   810 5093s
 121564 17395  832.61982   97  275  834.00000  830.68445  0.40%   809 5100s
 122053 17107  832.10231   95  410  834.00000  830.72265  0.39%   807 5109s
 122653 16765     cutoff  112       834.00000  830.76147  0.39%   805 5117s
 123245 16537  832.03705  103  530  834.00000  830.81659  0.38%   804 5123s
 123695 16265  831.54065  100  431  834.00000  830.84951  0.38%   802 5129s
 124233 15920  832.55495  104  502  834.00000  830.88044  0.37%   800 5135s
 124867 15578     cutoff  116       834.00000  830.93470  0.37%   798 5142s
 125427 15293     cutoff  104       834.00000  830.97418  0.36%   797 5150s
 126069 14889     cutoff  123       834.00000  831.02209  0.36%   795 5159s
 126829 14462     cutoff  106       834.00000  831.07228  0.35%   792 5169s
 127493 13939     cutoff  102       834.00000  831.12840  0.34%   790 5177s
 128270 13364     cutoff   98       834.00000  831.18648  0.34%   788 5183s
 129070 12697 infeasible  102       834.00000  831.26404  0.33%   785 5194s
 130105 12079     cutoff  106       834.00000  831.34580  0.32%   781 5206s
 130983 11368     cutoff   95       834.00000  831.40908  0.31%   779 5215s
 132011 10574  832.33445   99  143  834.00000  831.49202  0.30%   775 5224s
 133058  9758     cutoff  112       834.00000  831.57561  0.29%   771 5231s
 134105  8831     cutoff  110       834.00000  831.66662  0.28%   767 5237s
 135270  7962  832.15126   97  429  834.00000  831.77079  0.27%   763 5244s
 136364  6989     cutoff  107       834.00000  831.87717  0.25%   758 5252s
 137492  5893  833.00000   94   95  834.00000  831.98404  0.24%   754 5259s
 138724  4687     cutoff  104       834.00000  832.12545  0.22%   749 5266s
 139986  3361     cutoff  108       834.00000  832.27232  0.21%   743 5273s
 141397  1903     cutoff  103       834.00000  832.44908  0.19%   737 5278s
 142872   299     cutoff  108       834.00000  832.66371  0.16%   730 5282s

Cutting planes:
  Gomory: 8
  Lift-and-project: 2
  Cover: 185
  Implied bound: 290
  Projected implied bound: 21
  Clique: 4
  MIR: 225
  StrongCG: 2
  Flow cover: 1576
  GUB cover: 8
  Inf proof: 2
  Zero half: 114
  Network: 5
  RLT: 11
  Relax-and-lift: 174

Explored 144805 nodes (104860467 simplex iterations) in 5283.21 seconds (17733.51 work units)
Thread count was 4 (of 32 available processors)

Solution count 10: 834 835 836 ... 852

Optimal solution found (tolerance 1.00e-04)
Best objective 8.340000000000e+02, best bound 8.340000000000e+02, gap 0.0000%

Wrote result file './sol/E150_1000.7_R50.sol'

