
Gurobi 13.0.2 (mac64[arm], gurobi_cl) logging started Wed Jul  1 17:18:42 2026

Set parameter TokenServer to value "10.8.80.200"
Set parameter TimeLimit to value 43200
Set parameter LogFile to value "./log/E150_1000.10_R50.log"
Set parameter Threads to value 4
Using license file /Library/gurobi1302/gurobi.lic

Gurobi Optimizer version 13.0.2 build v13.0.2rc1 (mac64[arm] - Darwin 24.6.0 24G517)
Copyright (c) 2026, Gurobi Optimization, LLC

Read LP format model from file ./lp/E150_1000.10_R50.lp
Reading time = 0.10 seconds
root: 46208 rows, 45753 columns, 401499 nonzeros

Using Gurobi shared library /Library/gurobi1302/macos_universal2/lib/libgurobi130.dylib

CPU model: Apple M3 Ultra
Thread count: 32 physical cores, 32 logical processors, using up to 4 threads

Non-default parameters:
TimeLimit  43200
Threads  4

Optimize a model with 46208 rows, 45753 columns and 401499 nonzeros (Min)
Model fingerprint: 0x3be1d44f
Model has 22650 linear objective coefficients
Variable types: 0 continuous, 45753 integer (0 binary)
Coefficient statistics:
  Matrix range     [1e+00, 2e+02]
  Objective range  [1e+00, 2e+02]
  Bounds range     [1e+00, 1e+00]
  RHS range        [1e+00, 1e+00]

Presolve removed 23111 rows and 307 columns
Presolve time: 0.90s
Presolved: 23097 rows, 45446 columns, 285141 nonzeros
Variable types: 0 continuous, 45446 integer (22946 binary)
Found heuristic solution: objective 9382.0000000
Deterministic concurrent LP optimizer: primal and dual simplex
Showing primal log only...

Concurrent spin time: 0.00s

Solved with primal simplex

Root relaxation: objective 1.482937e+02, 70337 iterations, 1.94 seconds (4.49 work units)

    Nodes    |    Current Node    |     Objective Bounds      |     Work
 Expl Unexpl |  Obj  Depth IntInf | Incumbent    BestBd   Gap | It/Node Time

     0     0  148.29367    0  490 9382.00000  148.29367  98.4%     -    3s
     0     0  601.20576    0  445 9382.00000  601.20576  93.6%     -    8s
H    0     0                    3173.0000000  601.20576  81.1%     -    9s
H    0     0                    3107.0000000  601.20576  80.6%     -    9s
H    0     0                    3082.0000000  601.20576  80.5%     -    9s
H    0     0                    1757.0000000  601.20576  65.8%     -    9s
H    0     0                    1699.0000000  601.20576  64.6%     -    9s
H    0     0                    1693.0000000  601.20576  64.5%     -    9s
H    0     0                    1457.0000000  601.20576  58.7%     -    9s
H    0     0                    1444.0000000  601.20576  58.4%     -   10s
H    0     0                    1330.0000000  601.20576  54.8%     -   10s
H    0     0                    1293.0000000  601.20576  53.5%     -   11s
H    0     0                    1265.0000000  601.20576  52.5%     -   14s
H    0     0                    1242.0000000  601.20576  51.6%     -   16s
H    0     0                    1230.0000000  601.20576  51.1%     -   17s
H    0     0                    1221.0000000  665.99113  45.5%     -   21s
     0     0  692.82926    0  502 1221.00000  692.82926  43.3%     -   26s
     0     0  701.42181    0  432 1221.00000  701.42181  42.6%     -   36s
H    0     0                    1220.0000000  701.42181  42.5%     -   37s
H    0     0                    1218.0000000  701.42181  42.4%     -   37s
H    0     0                    1202.0000000  701.42181  41.6%     -   38s
H    0     0                    1199.0000000  701.42181  41.5%     -   38s
H    0     0                    1173.0000000  701.42181  40.2%     -   51s
H    0     0                    1172.0000000  701.42181  40.2%     -   51s
H    0     0                    1151.0000000  701.42181  39.1%     -   51s
H    0     0                    1150.0000000  701.42181  39.0%     -   51s
H    0     0                    1144.0000000  701.42181  38.7%     -   51s
H    0     0                    1143.0000000  701.42181  38.6%     -   51s
H    0     0                    1139.0000000  701.43392  38.4%     -   51s
H    0     0                    1136.0000000  701.43392  38.3%     -   51s
H    0     0                    1130.0000000  701.43392  37.9%     -   51s
H    0     0                    1128.0000000  701.43392  37.8%     -   51s
H    0     0                    1126.0000000  701.43392  37.7%     -   51s
     0     0  729.42519    0  579 1126.00000  729.42519  35.2%     -   56s
H    0     0                    1118.0000000  729.44980  34.8%     -   56s
H    0     0                    1117.0000000  729.44980  34.7%     -   56s
H    0     0                    1081.0000000  729.44980  32.5%     -   57s
H    0     0                    1080.0000000  729.44980  32.5%     -   57s
H    0     0                    1077.0000000  729.44980  32.3%     -   57s
H    0     0                    1063.0000000  729.44980  31.4%     -   60s
H    0     0                    1062.0000000  729.44980  31.3%     -   63s
H    0     0                    1061.0000000  729.44980  31.2%     -   65s
H    0     0                    1059.0000000  730.63207  31.0%     -   67s
H    0     0                    1022.0000000  730.63207  28.5%     -   67s
     0     0  730.63207    0  579 1022.00000  730.63207  28.5%     -   67s
     0     0  730.69124    0  575 1022.00000  730.69124  28.5%     -   69s
     0     0  751.62074    0  570 1022.00000  751.62074  26.5%     -   77s
     0     0  753.56756    0  583 1022.00000  753.56756  26.3%     -   82s
     0     0  753.57586    0  580 1022.00000  753.57586  26.3%     -   83s
     0     0  768.83087    0  590 1022.00000  768.83087  24.8%     -   91s
     0     0  776.91473    0  630 1022.00000  776.91473  24.0%     -   97s
H    0     0                    1018.0000000  778.02815  23.6%     -  103s
     0     0  778.02815    0  654 1018.00000  778.02815  23.6%     -  103s
     0     0  778.31053    0  661 1018.00000  778.31053  23.5%     -  108s
     0     0  778.32244    0  654 1018.00000  778.32244  23.5%     -  109s
H    0     0                    1014.0000000  786.64415  22.4%     -  120s
H    0     0                    1009.0000000  786.64415  22.0%     -  120s
H    0     0                    1002.0000000  786.64415  21.5%     -  120s
H    0     0                     989.0000000  786.64415  20.5%     -  120s
H    0     0                     982.0000000  786.64415  19.9%     -  120s
H    0     0                     981.0000000  786.64415  19.8%     -  120s
H    0     0                     977.0000000  786.64415  19.5%     -  120s
H    0     0                     955.0000000  786.64415  17.6%     -  120s
H    0     0                     951.0000000  786.64415  17.3%     -  120s
H    0     0                     948.0000000  786.64415  17.0%     -  120s
H    0     0                     941.0000000  786.64415  16.4%     -  120s
     0     0  786.64415    0  686  941.00000  786.64415  16.4%     -  120s
     0     0  799.06523    0  650  941.00000  799.06523  15.1%     -  129s
     0     0  800.31682    0  657  941.00000  800.31682  15.0%     -  132s
     0     0  800.32211    0  664  941.00000  800.32211  14.9%     -  133s
     0     0  803.44160    0  704  941.00000  803.44160  14.6%     -  140s
     0     0  804.51502    0  693  941.00000  804.51502  14.5%     -  145s
     0     0  804.58374    0  725  941.00000  804.58374  14.5%     -  148s
     0     0  805.19458    0  785  941.00000  805.19458  14.4%     -  153s
     0     0  805.32627    0  798  941.00000  805.32627  14.4%     -  155s
     0     0  805.33561    0  813  941.00000  805.33561  14.4%     -  156s
     0     0  806.16291    0  787  941.00000  806.16291  14.3%     -  159s
     0     0  806.22321    0  812  941.00000  806.22321  14.3%     -  160s
     0     0  806.82000    0  760  941.00000  806.82000  14.3%     -  163s
     0     0  806.82870    0  776  941.00000  806.82870  14.3%     -  165s
     0     0  807.14922    0  767  941.00000  807.14922  14.2%     -  169s
     0     0  807.15119    0  767  941.00000  807.15119  14.2%     -  169s
     0     0  807.15119    0  712  941.00000  807.15119  14.2%     -  174s
H    0     0                     940.0000000  811.04353  13.7%     -  203s
H    0     0                     938.0000000  811.04353  13.5%     -  204s
H    0     0                     937.0000000  811.04353  13.4%     -  207s
     0     2  811.04353    0  704  937.00000  811.04353  13.4%     -  221s
     2     5  811.04353    2  789  937.00000  811.04353  13.4%  3580  228s
     4     7  812.27076    3  719  937.00000  811.04353  13.4%  6007  236s
     6    11  814.47305    4  718  937.00000  811.04353  13.4%  7914  240s
    10    21  814.68986    5  736  937.00000  811.04353  13.4%  6883  245s
    34    38  815.48743   11  717  937.00000  811.04353  13.4% 11534  253s
    37    48  815.58987   12  718  937.00000  811.04353  13.4% 11195  255s
    56    61  815.81260   17  707  937.00000  811.04353  13.4% 12259  264s
    60    68  816.13824   18  725  937.00000  811.04353  13.4% 12253  266s
    69    71  816.87148   20  702  937.00000  811.04353  13.4% 12854  271s
    80    88  821.24998   21  660  937.00000  811.04353  13.4% 14445  278s
    89    97  816.94812   21  700  937.00000  811.04353  13.4% 14112  280s
H   91    97                     933.0000000  811.04353  13.1% 13909  280s
    98   104  817.13127   23  720  933.00000  811.04353  13.1% 14125  285s
   109   114  817.36727   25  717  933.00000  811.04353  13.1% 13227  291s
   115   122  817.80479   27  704  933.00000  811.04353  13.1% 13319  295s
   133   142  818.09406   31  691  933.00000  811.04353  13.1% 13044  300s
   150   155  824.53599   38  627  933.00000  811.04353  13.1% 14056  306s
   156   159  819.08410   39  708  933.00000  811.04353  13.1% 13930  311s
   160   161  824.42279   32  595  933.00000  811.04353  13.1% 13741  317s
   169   176  819.53550   42  709  933.00000  811.04353  13.1% 13981  323s
   177   182  823.25038   44  710  933.00000  811.04353  13.1% 14170  326s
   190   193  820.62706   46  676  933.00000  811.04353  13.1% 14255  334s
H  193   193                     932.0000000  811.04353  13.0% 14185  334s
   194   213  822.43269   47  674  932.00000  811.04353  13.0% 14243  339s
   214   229  821.84800   48  681  932.00000  811.04353  13.0% 14003  345s
   230   236  831.79976   54  551  932.00000  811.04353  13.0% 14044  351s
   237   242  832.93508   57  550  932.00000  811.04353  13.0% 13778  358s
   243   246  823.06323   48  649  932.00000  811.04353  13.0% 13586  362s
H  246   246                     929.0000000  811.04353  12.7% 13516  362s
   247   270  822.94882   48  679  929.00000  811.04353  12.7% 13622  367s
   271   293  825.66046   49  661  929.00000  811.04353  12.7% 13446  374s
   294   313  825.66844   51  675  929.00000  811.04353  12.7% 13374  379s
   314   320  827.53341   53  655  929.00000  811.04353  12.7% 13123  384s
   321   329  828.10283   55  640  929.00000  811.04353  12.7% 13043  391s
   330   333  828.62396   58  627  929.00000  811.04353  12.7% 12868  397s
   334   337  829.79607   59  638  929.00000  811.04353  12.7% 12830  404s
   338   341  830.36010   59  627  929.00000  811.04353  12.7% 12733  409s
   342   350  829.84244   60  644  929.00000  811.04353  12.7% 12769  414s
   351   369  829.90710   61  644  929.00000  811.04353  12.7% 12649  418s
   370   387  829.91468   62  631  929.00000  811.04353  12.7% 12364  423s
   388   420  829.95380   63  643  929.00000  811.04353  12.7% 12326  429s
   421   459  830.03710   64  642  929.00000  811.04353  12.7% 12034  435s
   460   485  830.09270   65  623  929.00000  811.04353  12.7% 11675  441s
   486   502  831.36131   68  626  929.00000  811.04353  12.7% 11777  448s
   505   526  831.65001   70  659  929.00000  811.04353  12.7% 11661  453s
   529   550  832.03459   75  645  929.00000  811.04353  12.7% 11344  459s
   553   572  832.22102   79  651  929.00000  811.04353  12.7% 11066  467s
   575   589  858.01678  181  551  929.00000  811.04353  12.7% 10789  477s
   592   610  833.06046   80  612  929.00000  811.04353  12.7% 10638  484s
   613   643  833.65233   83  601  929.00000  811.04353  12.7% 10482  492s
   648   674  834.08049   88  559  929.00000  811.04353  12.7% 10135  502s
   679   703  834.67952   94  575  929.00000  811.04353  12.7%  9845  510s
   708   732  835.56767  101  580  929.00000  811.04353  12.7%  9645  523s
   737   773  836.77088  109  536  929.00000  811.04353  12.7%  9420  533s
   778   804  837.77373  119  531  929.00000  811.04353  12.7%  9146  542s
   809   852  838.36058  125  516  929.00000  811.04353  12.7%  8930  552s
   857   944  839.28560  129  494  929.00000  811.04353  12.7%  8562  562s
   949  1029  840.44975  138  520  929.00000  811.04353  12.7%  7932  571s
  1035  1030  856.84240  210  502  929.00000  811.04353  12.7%  7472  588s
  1037  1031  876.91341  267  434  929.00000  811.04353  12.7%  7457  603s
  1038  1032  856.68574  161  528  929.00000  811.04353  12.7%  7450  632s
  1039  1033  831.68299   70  563  929.00000  811.04353  12.7%  7443  640s
  1041  1034  870.94561  217  650  929.00000  811.04353  12.7%  7429  649s
  1042  1035  875.14317  183  684  929.00000  811.04353  12.7%  7421  655s
  1044  1036  837.54228  110  729  929.00000  811.04353  12.7%  7407  667s
  1045  1037  881.65465  202  751  929.00000  811.99737  12.6%  7400  672s
  1046  1037  828.03424   35  772  929.00000  812.06576  12.6%  7393  676s
  1047  1038  831.94918   56  714  929.00000  818.69226  11.9%  7386  685s
  1048  1039  892.52973  264  731  929.00000  819.79328  11.8%  7379  690s
  1050  1040  821.99318   28  718  929.00000  821.99318  11.5%  7365  700s
  1052  1041  830.13000   54  725  929.00000  822.28028  11.5%  7351  706s
  1053  1042  857.99436  176  713  929.00000  824.65249  11.2%  7344  712s
  1054  1043  874.79588  176  684  929.00000  828.17286  10.9%  7337  716s
  1055  1043  830.07460   10  682  929.00000  830.07460  10.6%  7330  721s
  1057  1045  833.55298   69  746  929.00000  830.90547  10.6%  7316  727s
  1059  1046  843.67164   86  754  929.00000  832.27695  10.4%  7302  734s
  1060  1047  832.42543   63  781  929.00000  832.42543  10.4%  7295  737s
  1061  1047  876.44886  172  772  929.00000  832.44036  10.4%  7289  740s
  1062  1048  870.34191  141  753  929.00000  833.60640  10.3%  7282  747s
  1063  1049  842.11387  114  794  929.00000  833.84421  10.2%  7275  752s
  1064  1049  854.82475  189  802  929.00000  833.96450  10.2%  7268  756s
  1065  1050  883.07261  209  794  929.00000  834.17886  10.2%  7261  760s
  1067  1051  835.25110   74  770  929.00000  835.25110  10.1%  7248  817s
  1070  1053  844.07059  135  773  929.00000  835.48916  10.1%  7227  823s
  1071  1054  841.63415  108  770  929.00000  836.33939  10.0%  7221  826s
  1073  1055  881.65465  202  838  929.00000  837.00218  9.90%  7207  833s
  1074  1056  837.00218   86  802  929.00000  837.00218  9.90%  7200  835s
  1076  1057  837.04245   32  738  929.00000  837.04245  9.90%  7187  854s
  1077  1058  840.39545   14  738  929.00000  840.39545  9.54%  7180  901s
  1078  1062  840.39545   14  710  929.00000  840.39545  9.54%  7589  934s
  1080  1065  840.39545   15  728  929.00000  840.39545  9.54%  7589  944s
  1084  1068  840.39545   16  750  929.00000  840.39545  9.54%  7594  948s
  1088  1074  840.39545   17  739  929.00000  840.39545  9.54%  7593  957s
  1096  1085  840.39545   19  726  929.00000  840.39545  9.54%  7691  965s
  1109  1084  840.52872   20  645  929.00000  840.39545  9.54%  8029  971s
  1113  1093  840.39545   21  655  929.00000  840.39545  9.54%  8051  977s
  1123  1093  840.39545   23  663  929.00000  840.39545  9.54%  8325  983s
  1126  1100  840.39545   23  623  929.00000  840.39545  9.54%  8344  990s
  1134  1099  845.72358   24  612  929.00000  840.39545  9.54%  8534  996s
  1136  1102  842.30579   25  624  929.00000  840.39545  9.54%  8535 1002s
  1140  1105  843.31620   25  604  929.00000  840.39545  9.54%  8551 1008s
  1144  1109  842.30579   26  620  929.00000  840.39545  9.54%  8607 1013s
  1149  1118  842.58056   26  622  929.00000  840.39545  9.54%  8718 1019s
  1160  1125  842.72638   28  612  929.00000  840.39545  9.54%  8965 1024s
  1171  1132  844.07876   29  568  929.00000  840.39545  9.54%  9185 1030s
  1181  1130  847.18375   30  572  929.00000  840.39545  9.54%  9365 1036s
  1183  1141  843.42986   31  613  929.00000  840.39545  9.54%  9377 1041s
  1194  1148  843.70684   32  582  929.00000  840.39545  9.54%  9585 1046s
  1205  1156  846.39645   33  585  929.00000  840.39545  9.54%  9761 1050s
  1217  1165  847.84465   35  539  929.00000  840.39545  9.54%  9932 1055s
  1230  1174  847.74788   37  581  929.00000  840.39545  9.54% 10147 1060s
  1243  1181  853.88063   38  516  929.00000  840.39545  9.54% 10368 1066s
  1254  1191  851.62537   39  532  929.00000  840.39545  9.54% 10570 1071s
  1268  1201  850.47140   41  509  929.00000  840.39545  9.54% 10769 1078s
  1283  1213  851.87607   43  489  929.00000  840.39545  9.54% 10974 1083s
  1300  1224  858.69109   46  400  929.00000  840.39545  9.54% 11174 1090s
  1316  1237  860.01992   48  403  929.00000  840.39545  9.54% 11428 1095s
  1335  1244  862.28827   50  386  929.00000  840.39545  9.54% 11629 1102s
  1348  1260  862.72704   52  381  929.00000  840.39545  9.54% 11717 1109s
  1368  1272 infeasible   55       929.00000  840.39545  9.54% 11919 1117s
  1389  1285  869.43252   58  388  929.00000  840.39545  9.54% 12167 1125s
  1409  1304  881.66424   60  387  929.00000  840.39545  9.54% 12414 1133s
  1435  1322  872.87932   62  391  929.00000  840.39545  9.54% 12491 1142s
  1461  1333  877.88350   63  390  929.00000  840.39545  9.54% 12623 1153s
  1481  1366  873.40084   65  390  929.00000  840.39545  9.54% 12657 1163s
  1521  1385  873.61773   66  389  929.00000  840.39545  9.54% 12633 1176s
  1553  1406  873.94070   68  370  929.00000  840.39545  9.54% 12709 1188s
  1585  1430  874.04798   70  375  929.00000  840.39545  9.54% 12810 1199s
  1619  1435  874.18934   71  378  929.00000  840.39545  9.54% 12875 1211s
  1636  1458  884.56856   72  390  929.00000  840.39545  9.54% 12924 1222s
  1664  1485  875.06367   73  381  929.00000  840.39545  9.54% 12958 1234s
  1701  1490  888.45192   74  344  929.00000  840.39545  9.54% 12947 1246s
  1718  1504  876.38847   76  355  929.00000  840.39545  9.54% 12984 1257s
  1738  1520  877.96755   77  367  929.00000  840.39545  9.54% 12990 1271s
  1763  1535  877.87467   79  374  929.00000  840.39545  9.54% 12997 1282s
  1792  1541  884.04879   81  352  929.00000  840.39545  9.54% 12912 1298s
  1833  1549  884.46982   83  361  929.00000  840.39545  9.54% 12714 1309s
  1885  1553  897.77578   84  254  929.00000  840.39545  9.54% 12425 1325s
  1937  1560  887.10112   86  357  929.00000  840.39545  9.54% 12150 1341s
  1962  1592  888.53495   88  351  929.00000  840.39545  9.54% 12174 1357s
  2002  1623  910.35104   93  270  929.00000  840.39545  9.54% 12202 1372s
  2046  1637  892.41112   96  323  929.00000  840.39545  9.54% 12228 1388s
H 2052  1572                     923.0000000  840.39545  8.95% 12201 1388s
  2077  1607  894.34924   99  330  923.00000  840.39545  8.95% 12186 1404s
H 2103  1496                     907.0000000  840.39545  7.34% 12143 1404s
  2124  1551  896.05582  103  261  907.00000  840.39545  7.34% 12143 1423s
  2254  1563  848.34814   22  513  907.00000  840.39545  7.34% 11955 1442s
H 2326  1475                     903.0000000  840.39545  6.93% 11842 1442s
  2356  1510  851.97447   31  515  903.00000  840.39545  6.93% 11954 1460s
  2407  1547  859.86990   41  532  903.00000  840.39545  6.93% 12221 1481s
  2461  1582  872.08968   55  524  903.00000  840.39545  6.93% 12368 1502s
  2517  1666  872.74116   70  468  903.00000  840.39545  6.93% 12429 1523s
  2650  1659  896.76178  109  309  903.00000  840.39545  6.93% 12107 1543s
  2711  1727  847.18441   30  517  903.00000  840.39545  6.93% 12084 1569s
  2804  1857  848.90421   39  556  903.00000  840.39545  6.93% 12268 1598s
  3017  1881  858.53243   53  363  903.00000  840.39545  6.93% 11922 1627s
  3127  1987  860.17648   69  394  903.00000  840.39545  6.93% 12001 1657s
  3292  2005  880.33395  102  173  903.00000  840.39545  6.93% 11867 1682s
  3387  2097  844.07741   36  628  903.00000  840.39545  6.93% 11895 1715s
  3513  2199  849.44100   54  562  903.00000  840.39545  6.93% 11915 1748s
  3709  2365  858.66307   70  432  903.00000  840.39545  6.93% 11641 1787s
  3988  2452  874.77206  110  311  903.00000  840.39545  6.93% 11247 1827s
  4139  2590  848.62433   20  610  903.00000  840.39545  6.93% 11050 1860s
  4321  2686  856.89785   30  524  903.00000  840.39545  6.93% 11043 1900s
  4443  2783  866.07141   40  372  903.00000  840.39545  6.93% 11122 1946s
  4558  2820  875.04897   58  290  903.00000  840.39545  6.93% 11099 1990s
  4595  2986  882.41000   68  265  903.00000  840.39545  6.93% 11089 2037s
  4838  3113  896.43072  103  251  903.00000  840.39545  6.93% 10869 2076s
  5015  3289  861.94885   32  575  903.00000  840.39545  6.93% 10909 2121s
  5209  3484  894.11148   55  318  903.00000  840.39545  6.93% 10909 2167s
H 5450  3558                     899.0000000  840.39545  6.52% 10833 2219s
H 5489  3461                     897.0000000  840.43486  6.31% 10865 2219s
  5696  3649  870.64625   56  431  897.00000  840.58703  6.29% 10738 2266s
  5960  3832  866.33743   44  450  897.00000  840.74041  6.27% 10661 2326s
  6164  4069  860.08496   33  299  897.00000  840.74041  6.27% 10675 2385s
  6475  4073  854.92054   25  636  897.00000  840.74041  6.27% 10565 2439s
  6479  4120  855.33703   26  574  897.00000  840.74041  6.27% 10567 2479s
H 6517  3818                     892.0000000  840.74041  5.75% 10561 2479s
  6561  4017  867.33894   35  577  892.00000  840.74041  5.75% 10539 2525s
  6821  4238  851.77598   43  497  892.00000  840.74041  5.75% 10536 2573s
H 6949  3985                     889.0000000  840.74041  5.43% 10445 2573s
  7126  4237  880.81491   83  182  889.00000  841.54640  5.34% 10442 2627s
  7492  4499  885.33949   86  288  889.00000  841.74175  5.32% 10329 2684s
  7813  4739  849.30718   23  645  889.00000  841.74175  5.32% 10261 2748s
H 7912  4466                     886.0000000  841.74175  5.00% 10283 2748s
  8095  4799  871.77626   58  278  886.00000  841.74175  5.00% 10165 2806s
H 8376  4689                     885.0000000  841.82662  4.88% 10022 2806s
  8597  4959  851.27147   29  595  885.00000  842.16739  4.84%  9957 2865s
  8968  5346  878.06548   67  205  885.00000  842.33507  4.82%  9934 2926s
  9546  5662  850.83477   27  616  885.00000  842.58056  4.79%  9737 2989s
 10068  5996  876.31250   43  380  885.00000  842.91137  4.76%  9556 3055s
H10310  5889                     884.0000000  842.91137  4.65%  9523 3055s
 10559  6370  854.97500   40  516  884.00000  843.27005  4.61%  9488 3134s
 11234  6551  881.30363   97  416  884.00000  843.50557  4.58%  9301 3185s
H11542  6709                     883.0000000  843.56787  4.47%  9295 3239s
 11969  6949  853.24609   36  667  883.00000  843.68586  4.45%  9237 3293s
H12023  6801                     882.0000000  843.68586  4.34%  9238 3293s
 12350  7233  853.28264   22  634  882.00000  843.68586  4.34%  9132 3348s
 12979  7631  855.45037   36  629  882.00000  844.03966  4.30%  8975 3397s
 13569  7850  865.53220   56  484  882.00000  844.09574  4.30%  8818 3442s
 13881  8149  846.94454   29  648  882.00000  844.43691  4.26%  8774 3487s
 14312  8475  856.83427   45  588  882.00000  844.56650  4.24%  8721 3533s
 14743  8705  877.95720   52  578  882.00000  844.64307  4.24%  8645 3579s
H14754  8498                     881.0000000  844.64307  4.13%  8641 3579s
 15060  8823     cutoff   90       881.00000  844.75272  4.11%  8598 3627s
 15533  9206  875.98058   94  468  881.00000  844.83324  4.11%  8519 3673s
 16097  9469  849.24893   25  642  881.00000  845.00120  4.09%  8418 3716s
 16432  9787  870.61287   65  518  881.00000  845.08846  4.08%  8407 3762s
 16883 10092  865.52476   69  529  881.00000  845.22721  4.06%  8365 3805s
 17306 10444  847.98413   38  677  881.00000  845.36988  4.04%  8322 3855s
 17733 10770  868.60178   89  609  881.00000  845.36988  4.04%  8291 3910s
 18224 11051  850.16166   38  685  881.00000  845.61269  4.02%  8226 3961s
 18584 11371  855.75300   56  598  881.00000  845.76093  4.00%  8224 4010s
 18977 11754  864.89142   56  551  881.00000  845.81710  3.99%  8213 4065s
 19465 12077  872.11900   89  503  881.00000  845.86981  3.99%  8150 4119s
 19934 12369  866.16135   38  617  881.00000  845.99233  3.97%  8112 4177s
 20361 12709  852.54919   28  686  881.00000  846.08322  3.96%  8087 4236s
 20831 12710  869.41184   64  502  881.00000  846.13346  3.96%  8037 4624s
 20833 12711  856.52824   58  430  881.00000  846.13346  3.96%  8036 4640s
 20834 12712  851.08142   27  562  881.00000  846.13346  3.96%  8036 4660s
 20835 12713  868.33477   40  584  881.00000  846.13346  3.96%  8035 4668s
 20836 12713  870.03635   57  599  881.00000  846.13346  3.96%  8035 4674s
 20837 12714  873.35841  108  636  881.00000  846.13346  3.96%  8035 4685s
 20838 12715  875.35675   52  642  881.00000  846.13346  3.96%  8034 4694s
 20839 12715  854.54112   33  650  881.00000  846.13346  3.96%  8034 4703s
 20840 12716  854.70110   39  676  881.00000  846.13346  3.96%  8033 4709s
 20841 12717  860.06538   25  731  881.00000  846.13346  3.96%  8033 4715s
 20842 12717  864.19027   62  717  881.00000  846.13346  3.96%  8033 4722s
 20843 12718  875.20518   92  735  881.00000  846.13346  3.96%  8032 4726s
 20844 12719  864.26059   60  770  881.00000  846.13346  3.96%  8032 4733s
 20845 12719  872.68347   80  798  881.00000  846.13346  3.96%  8031 4735s
 20847 12721  853.93367   32  798  881.00000  846.13346  3.96%  8031 4740s
 20849 12722  861.99528   27  807  881.00000  846.13346  3.96%  8030 4747s
 20850 12723  855.60913   42  842  881.00000  846.13346  3.96%  8030 4751s
 20851 12723  867.57054   56  847  881.00000  846.13346  3.96%  8029 4755s
 20853 12725  877.61711   83  861  881.00000  846.13346  3.96%  8028 4760s
 20855 12726  867.25384   54  804  881.00000  846.13346  3.96%  8028 4776s
 20857 12727  878.37446   70  789  881.00000  846.13346  3.96%  8027 4780s
 20859 12729  849.58440   30  802  881.00000  846.13346  3.96%  8026 4785s
 20863 12731  862.49732   51  776  881.00000  846.13346  3.96%  8025 4793s
 20864 12732  859.48569   53  718  881.00000  846.13346  3.96%  8024 4807s
 20865 12733  853.98511   27  718  881.00000  846.13346  3.96%  8024 4843s
 20866 12736  846.13346   29  712  881.00000  846.13346  3.96%  8041 4850s
 20868 12740  846.13346   30  709  881.00000  846.13346  3.96%  8041 4857s
 20872 12742  846.13346   31  701  881.00000  846.13346  3.96%  8041 4861s
 20876 12754  846.13346   32  698  881.00000  846.13346  3.96%  8042 4868s
 20889 12755  846.13346   34  683  881.00000  846.13346  3.96%  8053 4873s
 20894 12759  847.32880   34  653  881.00000  846.13346  3.96%  8053 4878s
 20900 12766  846.13346   35  692  881.00000  846.13346  3.96%  8056 4885s
 20909 12768  846.13346   36  699  881.00000  846.13346  3.96%  8061 4892s
 20914 12774  846.13346   37  690  881.00000  846.13346  3.96%  8061 4899s
 20922 12782  846.13346   38  686  881.00000  846.13346  3.96%  8063 4904s
 20932 12787  846.13346   39  677  881.00000  846.13346  3.96%  8072 4911s
 20941 12796  846.13346   40  664  881.00000  846.13346  3.96%  8075 4916s
 20953 12799  852.13115   41  571  881.00000  846.13346  3.96%  8082 4921s
 20972 12815  849.45317   42  524  881.00000  846.13346  3.96%  8088 4926s
 20984 12822  850.09371   43  547  881.00000  846.13346  3.96%  8091 4930s
 21013 12833  859.82147   46  390  881.00000  846.13346  3.96%  8096 4937s
 21030 12840  862.08276   48  424  881.00000  846.13346  3.96%  8097 4945s
 21074 12872  863.53905   56  399  881.00000  846.13346  3.96%  8095 4953s
 21100 12883  867.55126   59  397  881.00000  846.13346  3.96%  8096 4957s
 21133 12883  874.34068   66  246  881.00000  846.13346  3.96%  8091 4961s
 21191 12877  851.89059   35  600  881.00000  846.13346  3.96%  8087 4967s
 21195 12880  851.10375   35  596  881.00000  846.13346  3.96%  8087 4970s
 21211 12901  869.97361   36  481  881.00000  846.13346  3.96%  8093 4979s
 21227 12916  854.30069   37  547  881.00000  846.13346  3.96%  8098 4983s
 21247 12931  857.09395   39  475  881.00000  846.13346  3.96%  8102 4988s
 21275 12941  865.30347   40  413  881.00000  846.13346  3.96%  8104 4993s
 21313 12956  857.99250   42  470  881.00000  846.13346  3.96%  8101 4997s
 21365 12963  860.38591   44  444  881.00000  846.13346  3.96%  8091 5001s
 21424 12955  862.06905   47  451  881.00000  846.13346  3.96%  8079 5008s
 21467 12952  867.68358   50  420  881.00000  846.13346  3.96%  8073 5015s
 21487 12958  875.48268   61  301  881.00000  846.13346  3.96%  8076 5021s
 21530 12961  879.69049   78  224  881.00000  846.13346  3.96%  8073 5027s
 21550 12973  855.32106   39  596  881.00000  846.13346  3.96%  8079 5033s
 21570 13001  858.61603   40  574  881.00000  846.13346  3.96%  8087 5039s
 21608 13026  867.64654   50  477  881.00000  846.13346  3.96%  8084 5048s
 21668 13038  871.55256   60  371  881.00000  846.13346  3.96%  8078 5056s
 21717 13047  852.49399   42  620  881.00000  846.13346  3.96%  8075 5062s
 21749 13058  859.83083   44  632  881.00000  846.13346  3.96%  8078 5069s
 21788 13076  864.28039   46  603  881.00000  846.13346  3.96%  8078 5076s
 21819 13114  864.59408   51  514  881.00000  846.13346  3.96%  8083 5084s
 21875 13139  868.90014   59  481  881.00000  846.13346  3.96%  8080 5093s
 21937 13156  874.07707   78  439  881.00000  846.13346  3.96%  8070 5101s
 22015 13148 infeasible  112       881.00000  846.13346  3.96%  8056 5111s
 22060 13160  849.60358   43  627  881.00000  846.13346  3.96%  8058 5121s
 22087 13182  851.91377   48  629  881.00000  846.13346  3.96%  8068 5129s
 22118 13218  853.24826   55  607  881.00000  846.13346  3.96%  8076 5136s
 22165 13241  856.39969   64  592  881.00000  846.13346  3.96%  8079 5146s
 22222 13267  870.34241   74  439  881.00000  846.13346  3.96%  8081 5156s
 22278 13326  852.61630   38  595  881.00000  846.13346  3.96%  8085 5169s
 22375 13343  864.80251   50  416  881.00000  846.58287  3.91%  8075 5187s
 22509 13352  847.61883   40  658  881.00000  846.61794  3.90%  8051 5196s
 22565 13394  850.05961   45  670  881.00000  846.61794  3.90%  8054 5215s
 22686 13401  850.47475   49  574  881.00000  846.63993  3.90%  8028 5227s
 22746 13429  854.67250   54  438  881.00000  846.63993  3.90%  8032 5238s
 22806 13480  864.28575   65  290  881.00000  846.63993  3.90%  8038 5248s
 22903 13502  854.49772   43  581  881.00000  846.63993  3.90%  8034 5262s
 22981 13547  857.42912   52  485  881.00000  846.63993  3.90%  8027 5278s
 23052 13612  864.33027   70  466  881.00000  846.63993  3.90%  8030 5296s
 23206 13604  875.93992  116  487  881.00000  847.48290  3.80%  8004 5308s
 23271 13641  868.71341   46  444  881.00000  847.66123  3.78%  8012 5330s
 23355 13681  849.15381   42  720  881.00000  847.66123  3.78%  8010 5350s
 23458 13717  856.19472   47  551  881.00000  847.66123  3.78%  8007 5373s
 23554 13731  860.13696   56  452  881.00000  847.66123  3.78%  8014 5389s
 23617 13794  870.01068   59  427  881.00000  847.66123  3.78%  8018 5412s
 23779 13828  854.51434   42  691  881.00000  848.29781  3.71%  8003 5435s
 23908 13880  855.02185   47  541  881.00000  848.32151  3.71%  7993 5459s
 24041 13907  878.31765   77  367  881.00000  848.34331  3.71%  7985 5480s
 24140 13997  859.52671   54  572  881.00000  848.55947  3.68%  7992 5509s
 24352 14028  855.66405   35  526  881.00000  848.93203  3.64%  7957 5536s
 24513 14027  854.85784   38  626  881.00000  849.03363  3.63%  7946 5557s
 24565 14085  857.41760   48  566  881.00000  849.03363  3.63%  7949 5581s
 24663 14129  868.56390   68  470  881.00000  849.03363  3.63%  7946 5609s
 24777 14200  864.61960   42  610  881.00000  849.04702  3.63%  7947 5633s
 24924 14289 infeasible   72       881.00000  849.20452  3.61%  7944 5659s
 25143 14367  861.62216   66  572  881.00000  849.21672  3.61%  7924 5690s
 25391 14398  871.62813   57  431  881.00000  849.40404  3.59%  7899 5720s
 25551 14499  858.88409   56  489  881.00000  849.70117  3.55%  7903 5749s
 25791 14543  879.61250   90  296  881.00000  849.79369  3.54%  7888 5786s
 26047 14604  862.92099   40  651  881.00000  850.02770  3.52%  7860 5817s
 26274 14675  855.48193   53  624  881.00000  850.09585  3.51%  7839 5873s
 26519 14687  873.18506   85  488  881.00000  850.09585  3.51%  7822 5910s
 26649 14792  866.25065   66  597  881.00000  850.10146  3.51%  7820 5949s
 26909 14892  860.53632   48  547  881.00000  850.31725  3.48%  7798 5984s
 27204 14937  871.02817   70  170  881.00000  850.45372  3.47%  7774 6016s
 27531 14900  876.16650   81  403  881.00000  850.45372  3.47%  7726 6059s
 27685 14936  859.00397   48  676  881.00000  850.51801  3.46%  7715 6102s
 27862 15070  877.42374   47  417  881.00000  850.51801  3.46%  7699 6149s
 28203 15136  852.59572   50  573  881.00000  850.63442  3.45%  7679 6204s
H28437 14389                     880.0000000  850.89492  3.31%  7664 6204s
 28491 14514  874.71480   56  506  880.00000  850.89492  3.31%  7656 6273s
 28799 14639  871.91249   53  459  880.00000  850.96776  3.30%  7634 6335s
 29188 14769  870.30767   60  521  880.00000  851.07241  3.29%  7601 6392s
 29582 14899  872.14673   84  506  880.00000  851.25166  3.27%  7583 6455s
 30015 14997  861.36991   52  564  880.00000  851.47952  3.24%  7549 6522s
 30430 15144  864.40976   50  587  880.00000  851.66283  3.22%  7515 6592s
H30482 14301                     878.0000000  851.66283  3.00%  7509 6592s
 30911 14401  876.42145   83  334  878.00000  851.79627  2.98%  7461 6656s
 31327 14264  874.01307   62  502  878.00000  851.90109  2.97%  7445 7484s
 31329 14265  867.85533   83  433  878.00000  851.90109  2.97%  7444 7504s
 31330 14266  864.94838   70  549  878.00000  851.90109  2.97%  7444 7521s
 31331 14267  874.53682   73  581  878.00000  851.90109  2.97%  7444 7529s
 31332 14267  853.26661   55  536  878.00000  851.90109  2.97%  7444 7535s
 31333 14268  874.57800   74  616  878.00000  851.90109  2.97%  7443 7542s
 31334 14269  865.76185   53  556  878.00000  851.90109  2.97%  7443 7548s
 31335 14269  866.45703   41  621  878.00000  851.90109  2.97%  7443 7553s
 31336 14270  873.75579   99  671  878.00000  851.90109  2.97%  7443 7556s
 31338 14271  876.45759   64  667  878.00000  851.90109  2.97%  7442 7563s
 31339 14272  861.88784   63  696  878.00000  851.90109  2.97%  7442 7570s
 31340 14273  861.88784   63  753  878.00000  851.90109  2.97%  7442 7575s
 31342 14274  867.86455   71  785  878.00000  851.90109  2.97%  7441 7583s
 31343 14275  864.33027   70  782  878.00000  851.90109  2.97%  7441 7586s
 31344 14275  865.29346   56  765  878.00000  851.90109  2.97%  7441 7590s
 31345 14276  855.90193   56  767  878.00000  851.90109  2.97%  7441 7595s
 31348 14278  856.44556   48  803  878.00000  851.90109  2.97%  7440 7601s
 31349 14279  866.50340   49  810  878.00000  851.90109  2.97%  7440 7606s
 31350 14279  863.37870   51  835  878.00000  851.90109  2.97%  7439 7610s
 31351 14280  863.05836   69  851  878.00000  851.90109  2.97%  7439 7644s
 31352 14281  857.04535   55  815  878.00000  851.90109  2.97%  7439 7655s
 31354 14282  872.44157   73  782  878.00000  851.90109  2.97%  7438 7698s
 31355 14283  860.81075   48  786  878.00000  851.90109  2.97%  7438 7703s
 31356 14283  857.12308   43  826  878.00000  851.90109  2.97%  7438 7733s
 31357 14284  866.94678   74  802  878.00000  851.90109  2.97%  7438 7741s
 31358 14285  871.45711   66  814  878.00000  851.90109  2.97%  7437 7772s
 31359 14285  854.50277   49  809  878.00000  851.90109  2.97%  7437 7801s
 31361 14287  859.61382   51  780  878.00000  851.90109  2.97%  7437 7826s
 31362 14287  860.74541   43  697  878.00000  851.90109  2.97%  7437 7833s
 31363 14288  853.38729   43  725  878.00000  851.90109  2.97%  7436 7836s
 31364 14289  855.73460   50  795  878.00000  851.90109  2.97%  7436 7871s
 31366 14290  864.43692   51  819  878.00000  851.90109  2.97%  7436 7901s
 31367 14291  873.44436   82  799  878.00000  851.90109  2.97%  7435 7916s
 31368 14291  859.64458   64  748  878.00000  851.90109  2.97%  7435 7943s
 31369 14292  867.45580   64  838  878.00000  851.90109  2.97%  7435 7945s
 31370 14293  858.08080   49  860  878.00000  851.90109  2.97%  7435 7972s
 31372 14294  858.03280   50  847  878.00000  851.90109  2.97%  7434 7998s
 31373 14295  869.05275   53  858  878.00000  851.90109  2.97%  7434 8000s
 31374 14295  867.61310   57  886  878.00000  851.90109  2.97%  7434 8029s
 31375 14296  857.34535   59  878  878.00000  851.90109  2.97%  7433 8035s
 31376 14297  875.09209   91  884  878.00000  851.90109  2.97%  7433 8060s
 31378 14298  859.79463   48  849  878.00000  851.90109  2.97%  7433 8066s
 31379 14299  866.41221   55  858  878.00000  851.90109  2.97%  7432 8101s
 31381 14300  861.00635   57  786  878.00000  851.90109  2.97%  7432 8130s
 31383 14301  856.20962   50  770  878.00000  851.90109  2.97%  7432 8161s
 31384 14302  866.54531   65  818  878.00000  851.90109  2.97%  7431 8165s
 31385 14303  859.71540   53  864  878.00000  851.90109  2.97%  7431 8190s
 31387 14304  869.11807   70  846  878.00000  851.90109  2.97%  7431 8224s
 31388 14305  852.10931   36  837  878.00000  851.90109  2.97%  7430 8226s
 31390 14306  872.83771   88  912  878.00000  851.90109  2.97%  7430 8258s
 31391 14307  860.53069   50  843  878.00000  851.90109  2.97%  7430 8260s
 31392 14307  873.90229   60  841  878.00000  851.90109  2.97%  7429 8287s
 31393 14308  873.49608   61  839  878.00000  851.90109  2.97%  7429 8290s
 31394 14309  870.79766   56  820  878.00000  851.90109  2.97%  7429 8326s
 31396 14310  862.63161   45  834  878.00000  851.90109  2.97%  7428 8368s
 31397 14311  869.44292   78  855  878.00000  851.90109  2.97%  7428 8371s
 31398 14311  861.78582   44  891  878.00000  851.90109  2.97%  7428 8400s
 31400 14313  852.68775   50  815  878.00000  851.90109  2.97%  7428 8434s
 31401 14313  861.24341   58  827  878.00000  851.90109  2.97%  7427 8436s
 31403 14315  865.06354   53  830  878.00000  851.90109  2.97%  7427 8464s
 31404 14315  876.95483   85  794  878.00000  851.90109  2.97%  7427 8466s
 31405 14316  862.44749   41  906  878.00000  851.90109  2.97%  7426 8491s
 31407 14317  854.14718   48  893  878.00000  851.99157  2.96%  7426 8512s
 31408 14318  855.70034   60  909  878.00000  852.09655  2.95%  7426 8515s
 31409 14319  860.56045   54  911  878.00000  852.09655  2.95%  7425 8540s
 31411 14320  873.75747   73  948  878.00000  852.32452  2.92%  7425 8564s
 31412 14321  872.53081   60  893  878.00000  852.39427  2.92%  7425 8566s
 31413 14321  867.51674   74  914  878.00000  852.39427  2.92%  7424 8590s
 31415 14323  866.76959   75  873  878.00000  852.58449  2.89%  7424 8617s
 31417 14324  864.38556   56  900  878.00000  852.70167  2.88%  7424 8638s
 31418 14325  860.93297   60  920  878.00000  852.70167  2.88%  7423 8640s
 31419 14325  869.62699   72  889  878.00000  852.73125  2.88%  7423 8669s
 31420 14326  864.86252   54  910  878.00000  852.84756  2.86%  7423 8711s
 31421 14327  865.23747   65  922  878.00000  852.84756  2.86%  7423 8733s
 31422 14327  875.66212   82  875  878.00000  853.03916  2.84%  7422 8735s
 31423 14328  855.53892   46  904  878.00000  853.07414  2.84%  7422 8760s
 31428 14332  862.58236   44  429  878.00000  853.10528  2.84%  7437 8770s
 31429 14333  867.85533   83  522  878.00000  853.10528  2.84%  7437 8783s
 31430 14334  864.94838   70  547  878.00000  853.10528  2.84%  7437 8787s
 31431 14334  874.53682   73  579  878.00000  853.10528  2.84%  7436 8791s
 31432 14335  853.26661   55  635  878.00000  853.10528  2.84%  7436 8795s
 31434 14336  865.76185   53  617  878.00000  853.10528  2.84%  7436 8801s
 31436 14338  873.75579   99  714  878.00000  853.10528  2.84%  7435 8808s
 31437 14338  859.47703   48  684  878.00000  853.10528  2.84%  7435 8811s
 31438 14339  876.45759   64  692  878.00000  853.10528  2.84%  7435 8815s
 31441 14341  859.68264   53  766  878.00000  853.10528  2.84%  7434 8821s
 31443 14342  864.33027   70  816  878.00000  853.10528  2.84%  7434 8825s
 31446 14344  872.12988   60  886  878.00000  853.20353  2.82%  7433 8848s
 31448 14346  856.44556   48  857  878.00000  853.23924  2.82%  7432 8867s
 31450 14347  863.37870   51  902  878.00000  853.24892  2.82%  7432 8888s
 31452 14348  857.04535   55  883  878.00000  853.26316  2.82%  7431 8907s
 31453 14349  871.27611   66  874  878.00000  853.28862  2.81%  7431 8942s
 31454 14350  872.44157   73  888  878.00000  853.28862  2.81%  7431 8960s
 31455 14350  860.81075   48  870  878.00000  853.30728  2.81%  7431 8966s
 31457 14352  866.94678   74  901  878.00000  853.40760  2.80%  7430 8986s
 31459 14353  854.50277   49  792  878.00000  853.67032  2.77%  7430 8990s
 31460 14354  874.53709   83  825  878.00000  853.68041  2.77%  7429 9010s
 31461 14354  859.61382   51  838  878.00000  853.78669  2.76%  7429 9029s
 31462 14355  860.74541   43  831  878.00000  853.82024  2.75%  7429 9048s
 31463 14356  853.83538   43  815  878.00000  853.83538  2.75%  7429 9050s
 31464 14356  855.73460   50  862  878.00000  853.86088  2.75%  7429 9070s
 31466 14358  864.43692   51  858  878.00000  853.91343  2.74%  7428 9090s
 31468 14359  859.64458   64  853  878.00000  853.97308  2.74%  7428 9113s
 31469 14360  867.45580   64  839  878.00000  853.97308  2.74%  7427 9115s
 31470 14360  858.08080   49  861  878.00000  853.97308  2.74%  7427 9135s
 31472 14362  858.03280   50  878  878.00000  853.97308  2.74%  7427 9156s
 31473 14362  869.05275   53  878  878.00000  854.02037  2.73%  7426 9180s
 31474 14363  867.61310   57  846  878.00000  854.02037  2.73%  7426 9203s
 31475 14364  857.34535   59  927  878.00000  854.02037  2.73%  7426 9222s
 31476 14364  875.09209   91  915  878.00000  854.06901  2.73%  7426 9228s
 31477 14365  875.47563   88  909  878.00000  854.06901  2.73%  7425 9246s
 31479 14366  866.41221   55  915  878.00000  854.06901  2.73%  7425 9267s
 31480 14367  872.24142   83  901  878.00000  854.06901  2.73%  7425 9279s
 31481 14368  861.00635   57  890  878.00000  854.06901  2.73%  7425 9297s
 31483 14369  856.20962   50  922  878.00000  854.11027  2.72%  7424 9318s
 31485 14370  859.71540   53  927  878.00000  854.11027  2.72%  7424 9349s
 31486 14371  862.12254   48  876  878.00000  854.13061  2.72%  7423 9351s
 31487 14372  869.11807   70  903  878.00000  854.13061  2.72%  7423 9374s
 31488 14372  854.15675   36  898  878.00000  854.15675  2.72%  7423 9376s
 31489 14373  863.82285   47  910  878.00000  854.15675  2.72%  7423 9400s
 31491 14374  860.53069   50  925  878.00000  854.15675  2.72%  7422 9424s
 31492 14375  873.90229   60  922  878.00000  854.22452  2.71%  7422 9428s
 31493 14376  873.49608   61  925  878.00000  854.22452  2.71%  7422 9445s
 31494 14376  870.79766   56  852  878.00000  854.22452  2.71%  7421 9467s
 31495 14377  867.12479   81  927  878.00000  854.22452  2.71%  7421 9485s
 31496 14378  862.63161   45  906  878.00000  854.22452  2.71%  7421 9509s
 31497 14378  869.44292   78  921  878.00000  854.22452  2.71%  7421 9532s
 31498 14379  861.78582   44  909  878.00000  854.22452  2.71%  7421 9554s
 31499 14380  866.59132   72  906  878.00000  854.22452  2.71%  7420 9572s
 31500 14380  854.23048   50  902  878.00000  854.23048  2.71%  7420 9575s
 31501 14381  861.24341   58  906  878.00000  854.23048  2.71%  7420 9592s
 31503 14382  865.06354   53  907  878.00000  854.25397  2.70%  7419 9609s
 31504 14383  876.95483   85  869  878.00000  854.25397  2.70%  7419 9625s
 31505 14384  862.44749   41  926  878.00000  854.25397  2.70%  7419 9644s
 31506 14384  874.42153   85  876  878.00000  854.25397  2.70%  7419 9646s
 31507 14385  854.25397   48  905  878.00000  854.25397  2.70%  7418 9663s
 31508 14386  855.70034   60  897  878.00000  854.25397  2.70%  7418 9666s
 31509 14386  860.56045   54  907  878.00000  854.25397  2.70%  7418 9685s
 31511 14388  873.75747   73  899  878.00000  854.25892  2.70%  7417 9705s
 31513 14389  867.51674   74  893  878.00000  854.25892  2.70%  7417 9725s
 31515 14390  866.76959   75  919  878.00000  854.29907  2.70%  7417 9747s
 31517 14392  864.38556   56  908  878.00000  854.29907  2.70%  7416 9766s
 31518 14392  860.93297   60  855  878.00000  854.29907  2.70%  7416 9786s
 31519 14393  869.62699   72  920  878.00000  854.29907  2.70%  7416 9806s
 31520 14394  864.86252   54  920  878.00000  854.29907  2.70%  7415 9828s
 31521 14394  865.23747   65  928  878.00000  854.29907  2.70%  7415 9847s
 31522 14395  875.66212   82  930  878.00000  854.29907  2.70%  7415 9865s
 31523 14396  855.53892   46  930  878.00000  854.29907  2.70%  7415 9899s
 31524 14396  864.13731   60  930  878.00000  854.29907  2.70%  7414 9914s
 31525 14400  854.29907   51  811  878.00000  854.29907  2.70%  7428 9922s
 31527 14403  854.29907   52  801  878.00000  854.29907  2.70%  7428 9928s
 31531 14406  854.57600   53  725  878.00000  854.29907  2.70%  7428 9931s
 31535 14419  854.59580   54  729  878.00000  854.29907  2.70%  7429 9939s
 31549 14421  855.32128   55  674  878.00000  854.29907  2.70%  7434 9942s
 31556 14425  855.59153   56  624  878.00000  854.29907  2.70%  7433 9946s
 31562 14430  858.14968   56  583  878.00000  854.29907  2.70%  7432 9950s
 31569 14436  855.76361   57  646  878.00000  854.29907  2.70%  7432 9955s
 31586 14447  856.52085   59  549  878.00000  854.29907  2.70%  7429 9961s
 31594 14454  856.57292   60  539  878.00000  854.29907  2.70%  7428 9965s
H31596 13731                     877.0000000  854.29907  2.59%  7428 9965s
 31616 13746  856.85357   62  559  877.00000  854.29907  2.59%  7425 9971s
 31640 13753  857.99609   64  496  877.00000  854.29907  2.59%  7421 9976s
 31648 13756  858.15293   65  512  877.00000  854.29907  2.59%  7420 9980s
 31664 13764  859.73690   68  492  877.00000  854.29907  2.59%  7417 9985s
 31687 13779  864.83053   75  321  877.00000  854.29907  2.59%  7413 9990s
 31704 13784  869.51079   80  293  877.00000  854.29907  2.59%  7410 9995s
 31730 13781  861.09316   54  614  877.00000  854.57600  2.56%  7405 10002s
 31739 13786  859.50585   55  491  877.00000  854.57600  2.56%  7404 10006s
 31750 13793  861.65140   58  501  877.00000  854.57600  2.56%  7402 10011s
 31756 13797  868.71409   59  302  877.00000  854.57600  2.56%  7401 10016s
 31768 13805  864.59446   62  452  877.00000  854.57600  2.56%  7399 10023s
 31776 13810  861.36464   65  491  877.00000  854.57600  2.56%  7398 10026s
 31798 13825  864.25816   72  326  877.00000  854.57600  2.56%  7394 10034s
 31823 13829  867.60359   79  320  877.00000  854.67090  2.55%  7389 10036s
 31842 13829  868.60884   87  383  877.00000  854.67090  2.55%  7385 10044s
 31877 13826  871.03060   98  300  877.00000  854.67090  2.55%  7378 10052s
 31911 13820  854.85157   57  779  877.00000  854.67090  2.55%  7371 10060s
 31925 13822  854.85209   58  773  877.00000  854.67090  2.55%  7369 10068s
 31932 13826  855.70099   59  624  877.00000  854.67090  2.55%  7369 10075s
 31940 13832  855.70099   60  615  877.00000  854.67090  2.55%  7368 10080s
 31949 13846  859.61769   61  559  877.00000  854.67090  2.55%  7367 10085s
 31982 13856  856.32352   63  649  877.00000  854.67090  2.55%  7361 10091s
 32025 13863  856.43291   65  635  877.00000  854.85195  2.53%  7353 10097s
 32053 13881  860.34160   66  526  877.00000  854.85195  2.53%  7349 10104s
 32095 13898  868.71052   69  368  877.00000  854.85195  2.53%  7342 10110s
 32162 13901  873.09470   89  317  877.00000  855.58918  2.44%  7328 10115s
 32210 13918  860.54486   59  683  877.00000  855.76419  2.42%  7320 10121s
 32251 13934  861.13671   62  582  877.00000  855.76419  2.42%  7313 10128s
 32312 13941  863.30580   64  480  877.00000  855.76846  2.42%  7302 10136s
 32339 13978  867.44514   73  414  877.00000  855.76846  2.42%  7299 10142s
 32399 14015  874.07496   96  486  877.00000  855.77138  2.42%  7288 10148s
 32483 14029  869.74671   55  411  877.00000  855.77138  2.42%  7272 10156s
 32561 14061  863.67716   64  702  877.00000  855.77138  2.42%  7258 10162s
 32621 14082  865.11462   71  630  877.00000  855.77138  2.42%  7248 10172s
 32715 14074  866.86809   77  588  877.00000  855.77138  2.42%  7230 10181s
 32739 14103  869.77642   85  554  877.00000  856.56474  2.33%  7227 10190s
 32797 14110  858.88120   62  615  877.00000  856.56474  2.33%  7217 10203s
 32823 14157  862.53495   68  608  877.00000  856.56474  2.33%  7215 10210s
 32880 14214  868.40550   79  525  877.00000  856.56474  2.33%  7206 10221s
 32981 14280  865.23900   60  520  877.00000  856.56474  2.33%  7187 10232s
 33086 14282  867.29448   67  346  877.00000  856.56474  2.33%  7168 10242s
 33167 14290  860.29819   62  542  877.00000  856.73258  2.31%  7154 10251s
 33216 14314  863.41946   69  545  877.00000  856.73258  2.31%  7146 10264s
 33257 14360  868.74008   92  493  877.00000  856.74926  2.31%  7141 10275s
 33338 14390  861.58253   67  519  877.00000  856.74926  2.31%  7128 10289s
 33419 14403  867.29133   77  371  877.00000  856.84634  2.30%  7114 10302s
 33513 14437  863.61485   63  572  877.00000  857.05184  2.27%  7097 10316s
 33609 14461  858.19219   65  645  877.00000  857.05184  2.27%  7081 10331s
 33718 14499  863.76842   73  562  877.00000  857.05184  2.27%  7064 10343s
 33854 14517  859.60839   67  622  877.00000  857.05184  2.27%  7041 10360s
 33936 14553  865.69515   82  609  877.00000  857.05184  2.27%  7028 10373s
 34016 14603  861.93529   55  488  877.00000  857.42104  2.23%  7017 10387s
 34134 14673  860.09090   66  552  877.00000  857.48829  2.22%  6997 10403s
 34274 14703  864.45845   82  479  877.00000  857.48829  2.22%  6975 10417s
 34373 14745  873.00099   64  518  877.00000  857.48829  2.22%  6960 10435s
 34489 14785     cutoff   82       877.00000  857.48829  2.22%  6944 10453s
 34592 14853  874.87511   82  425  877.00000  857.65663  2.21%  6928 10473s
 34780 14966  867.90156   71  443  877.00000  857.65663  2.21%  6897 10498s
 35119 14959  861.90520   68  489  877.00000  857.80872  2.19%  6838 10514s
 35339 14985  863.18720   61  672  877.00000  857.89483  2.18%  6803 10537s
 35486 15012  873.43237   99  506  877.00000  857.89483  2.18%  6783 10559s
 35608 15073  867.66856   78  599  877.00000  857.99281  2.17%  6766 10581s
 35812 15115  862.24321   70  520  877.00000  858.09776  2.16%  6737 10605s
 36029 15188  866.60682   71  553  877.00000  858.14985  2.15%  6704 10631s
 36326 15195  863.22099   81  643  877.00000  858.18671  2.15%  6658 10658s
 36510 15318  861.76867   62  494  877.00000  858.22998  2.14%  6633 10689s
 36847 15412  867.47048   65  530  877.00000  858.50749  2.11%  6582 10719s
 37166 15458  874.34266  126  485  877.00000  858.63087  2.09%  6535 10751s
 37425 15539  874.18288   92  430  877.00000  858.67477  2.09%  6500 10781s
 37703 15611  861.52925   62  373  877.00000  858.72714  2.08%  6462 10816s
 38058 15574  865.52212   67  636  877.00000  858.79278  2.08%  6411 10858s
 38283 15617  859.42830   57  543  877.00000  858.88120  2.07%  6381 10893s
 38537 15632  873.07830   92  564  877.00000  858.90485  2.06%  6348 10934s
 38832 15728  863.84943   62  412  877.00000  858.97244  2.06%  6307 10974s
 39225 15896  860.83149   68  640  877.00000  859.09523  2.04%  6254 11013s
 39855 15917  869.58864   65  392  877.00000  859.22488  2.03%  6169 11051s
 40318 16075  868.85518   76  613  877.00000  859.30555  2.02%  6112 11100s
 40878 16294  864.53498   69  541  877.00000  859.46634  2.00%  6044 11145s
 41614 16423  871.00941   73  346  877.00000  859.55839  1.99%  5953 11197s
 42353 16441  869.44065   81  517  877.00000  859.64318  1.98%  5866 11222s
 42830 16475  868.08579   75  431  877.00000  859.67192  1.98%  5811 11252s
 43160 16608     cutoff   70       877.00000  859.73779  1.97%  5775 11280s
 43552 16692  866.28157   87  497  877.00000  859.80456  1.96%  5733 11311s
 43890 16860  872.53793   98  482  877.00000  859.89482  1.95%  5698 11340s
 44340 16906  875.19842   74  505  877.00000  859.92620  1.95%  5650 11367s
 44732 16851     cutoff   80       877.00000  860.03105  1.93%  5610 11406s
 44862 17062  875.20591   83  461  877.00000  860.03105  1.93%  5597 11429s
 45284 17230  866.11373   84  447  877.00000  860.07566  1.93%  5555 11465s
 45820 17317  863.73653   75  654  877.00000  860.16357  1.92%  5501 11492s
 46195 17423  868.42905   80  362  877.00000  860.20273  1.92%  5466 11529s
 46594 17640  866.25979   80  633  877.00000  860.26993  1.91%  5428 11560s
 47212 17684  862.97719   71  598  877.00000  860.33371  1.90%  5367 11594s
 47659 17810  872.17005   78  621  877.00000  860.38043  1.90%  5327 11622s
 48117 17959  868.20943   80  518  877.00000  860.42917  1.89%  5285 11654s
 48608 18023  863.33556   68  647  877.00000  860.45791  1.89%  5241 11682s
 49008 18169  867.21647   73  457  877.00000  860.51336  1.88%  5207 11713s
 49508 18296  867.59460   86  556  877.00000  860.57309  1.87%  5163 11738s
 49925 18451     cutoff   90       877.00000  860.61331  1.87%  5129 11768s
 50384 18558  874.58895   92  503  877.00000  860.68663  1.86%  5091 11797s
 50825 18651  867.25714   94  482  877.00000  860.72210  1.86%  5055 11824s
 51312 18751  873.13909   64  468  877.00000  860.75880  1.85%  5016 11849s
 51796 18852  867.02165   64  520  877.00000  860.79986  1.85%  4978 11878s
 52252 19160  869.25984   81  487  877.00000  860.81755  1.85%  4943 11915s
 53019 19104  871.09883   70  553  877.00000  860.86607  1.84%  4884 11938s
 53393 19269  874.08358   94  498  877.00000  860.89625  1.84%  4855 11959s
 53821 19344  861.81997   70  543  877.00000  860.93865  1.83%  4823 11977s
 54129 19524  863.65451   80  709  877.00000  860.96725  1.83%  4802 12005s
 54552 19599  867.58164   81  507  877.00000  861.00222  1.82%  4772 12028s
 54900 19771  862.41350   67  755  877.00000  861.03161  1.82%  4748 12049s
 55334 19854  873.54682   82  392  877.00000  861.05091  1.82%  4718 12072s
 55688 19980  865.53536   81  595  877.00000  861.13671  1.81%  4695 12093s
 56068 20088  870.76113   95  555  877.00000  861.16649  1.81%  4670 12114s
 56514 20195  862.98605   79  690  877.00000  861.21889  1.80%  4640 12136s
 56933 20283  867.52492   84  558  877.00000  861.25027  1.80%  4613 12157s
 57316 20263  868.03368   80  432  877.00000  861.29927  1.79%  4588 12179s
H57360 18125                     875.0000000  861.29927  1.57%  4585 12179s
H57581 14741                     873.0000000  861.29927  1.34%  4570 12206s
 57946 14878  865.65676   78  605  873.00000  861.32750  1.34%  4548 12226s
 58446 14713  867.57202   69  502  873.00000  861.39057  1.33%  4517 12261s
 58448 14714  865.91961   76  437  873.00000  861.39057  1.33%  4516 12269s
 58449 14715  871.02021   75  591  873.00000  861.39057  1.33%  4516 12276s
 58450 14716  867.66193   76  575  873.00000  861.39057  1.33%  4516 12280s
 58452 14717  870.69577   96  597  873.00000  861.39057  1.33%  4516 12287s
 58453 14718  861.90096   83  679  873.00000  861.39057  1.33%  4516 12291s
 58455 14719  863.48969   83  688  873.00000  861.39057  1.33%  4516 12296s
 58457 14720  864.38090   73  727  873.00000  861.39057  1.33%  4516 12300s
 58461 14723  871.42990   96  798  873.00000  861.39057  1.33%  4515 12306s
 58464 14725  870.69498   72  851  873.00000  861.39057  1.33%  4515 12310s
 58468 14728  863.45375   63  866  873.00000  861.39057  1.33%  4515 12316s
 58470 14729  870.78015   93  891  873.00000  861.39057  1.33%  4515 12337s
 58471 14730  862.97787   62  909  873.00000  861.39057  1.33%  4515 12343s
 58472 14730  870.96127   78  911  873.00000  861.39057  1.33%  4515 12359s
 58473 14731  867.29106   77  873  873.00000  861.39057  1.33%  4514 12361s
 58474 14732  870.74850   96  869  873.00000  861.39057  1.33%  4514 12376s
 58476 14733  861.59071   70  890  873.00000  861.39057  1.33%  4514 12393s
 58477 14734  865.16756   72  862  873.00000  861.39057  1.33%  4514 12421s
 58478 14734  863.40983   69  874  873.00000  861.39057  1.33%  4514 12438s
 58479 14735  870.21269   96  880  873.00000  861.39057  1.33%  4514 12443s
 58480 14736  862.40962   70  884  873.00000  861.39057  1.33%  4514 12459s
 58481 14736  868.34958   85  882  873.00000  861.39057  1.33%  4514 12460s
 58482 14737  867.31491   72  886  873.00000  861.39057  1.33%  4514 12478s
 58483 14738  863.20507   63  866  873.00000  861.39057  1.33%  4514 12495s
 58484 14738  871.41961   80  865  873.00000  861.39057  1.33%  4514 12506s
 58486 14740  865.31932   71  891  873.00000  861.39057  1.33%  4513 12523s
 58487 14740  871.23460   77  868  873.00000  861.39057  1.33%  4513 12526s
 58488 14741  869.97851   91  858  873.00000  861.39057  1.33%  4513 12540s
 58490 14742  871.37441   84  883  873.00000  861.39057  1.33%  4513 12557s
 58492 14744  870.60785   97  898  873.00000  861.39057  1.33%  4513 12575s
 58494 14745  870.35691   81  923  873.00000  861.39057  1.33%  4513 12595s
 58496 14746  866.67182   77  914  873.00000  861.39057  1.33%  4513 12615s
 58498 14748  868.62464   90  908  873.00000  861.39057  1.33%  4513 12633s
 58499 14748  864.18484   68  874  873.00000  861.39057  1.33%  4512 12635s
 58500 14749  866.69092   73  904  873.00000  861.39057  1.33%  4512 12652s
 58502 14750  870.93757  107  938  873.00000  861.39057  1.33%  4512 12668s
 58503 14751  869.08330   81  917  873.00000  861.39057  1.33%  4512 12675s
 58504 14752  868.06951   82  922  873.00000  861.39057  1.33%  4512 12685s
 58506 14753  871.39295   63  945  873.00000  861.39057  1.33%  4512 12699s
 58507 14754  871.18932   86  949  873.00000  861.39057  1.33%  4512 12701s
 58508 14754  865.34836   77  949  873.00000  861.39057  1.33%  4512 12718s
 58510 14756  866.92201   78  949  873.00000  861.39057  1.33%  4512 12731s
 58511 14756  863.57139   76  853  873.00000  861.39057  1.33%  4512 12749s
 58512 14757  863.42216   64  948  873.00000  861.39057  1.33%  4511 12761s
 58514 14758  865.13108   78  949  873.00000  861.39057  1.33%  4511 12777s
 58515 14759  869.16899  101  961  873.00000  861.39057  1.33%  4511 12782s
 58516 14760  864.53146   86  957  873.00000  861.39057  1.33%  4511 12798s
 58517 14760  869.91922   94  964  873.00000  861.39057  1.33%  4511 12800s
 58518 14761  868.45822   94  967  873.00000  861.39057  1.33%  4511 12813s
 58519 14762  864.10888   71  967  873.00000  861.39057  1.33%  4511 12827s
 58520 14762  868.43567   81  883  873.00000  861.39057  1.33%  4511 12842s
 58521 14763  869.22891   83  956  873.00000  861.39057  1.33%  4511 12856s
 58522 14764  869.47980   76  945  873.00000  861.39057  1.33%  4511 12875s
 58523 14764  864.09891   68  968  873.00000  861.39057  1.33%  4511 12887s
 58525 14766  869.20604   82  907  873.00000  861.39057  1.33%  4510 12902s
 58526 14766  863.72714   64  938  873.00000  861.39057  1.33%  4510 12906s
 58527 14767  864.07858   78  944  873.00000  861.39057  1.33%  4510 12918s
 58528 14768  867.74498   68  954  873.00000  861.39057  1.33%  4510 12920s
 58529 14768  865.49278   75  937  873.00000  861.39057  1.33%  4510 12935s
 58531 14770  871.35300   92  959  873.00000  861.39057  1.33%  4510 12951s
 58533 14771  870.30224   92  963  873.00000  861.39057  1.33%  4510 12966s
 58535 14772  870.03234   82  949  873.00000  861.39057  1.33%  4510 12984s
 58536 14773  865.91856   74  901  873.00000  861.39057  1.33%  4510 12986s
 58537 14774  871.44819  109  903  873.00000  861.39057  1.33%  4510 12997s
 58539 14775  871.76165  119  931  873.00000  861.39057  1.33%  4509 13019s
 58540 14776  865.88316   83  953  873.00000  861.39057  1.33%  4509 13021s
 58541 14776  865.68873   78  946  873.00000  861.39057  1.33%  4509 13036s
 58543 14778  862.86838   63  937  873.00000  861.39057  1.33%  4509 13051s
 58545 14779  863.45016   63  939  873.00000  861.39057  1.33%  4509 13067s
 58546 14780  867.57202   69  940  873.00000  861.39057  1.33%  4509 13070s
 58547 14780  862.95142   65  940  873.00000  861.39057  1.33%  4509 13084s
 58548 14781  865.91961   76  930  873.00000  861.39057  1.33%  4509 13086s
 58549 14782  871.02021   75  939  873.00000  861.39057  1.33%  4509 13107s
 58551 14783  865.33875   74  945  873.00000  861.39057  1.33%  4508 13131s
 58552 14784  870.69577   96  868  873.00000  861.39057  1.33%  4508 13149s
 58553 14784  861.90096   83  936  873.00000  861.39057  1.33%  4508 13165s
 58554 14785  864.09438   77  931  873.00000  861.39057  1.33%  4508 13184s
 58555 14786  863.48969   83  919  873.00000  861.39057  1.33%  4508 13200s
 58557 14787  864.38090   73  920  873.00000  861.39057  1.33%  4508 13219s
 58558 14788  871.84051   80  927  873.00000  861.39057  1.33%  4508 13221s
 58559 14788  866.62984   79  929  873.00000  861.39057  1.33%  4508 13237s
 58560 14789  871.91328   90  861  873.00000  861.39057  1.33%  4508 13252s
 58561 14790  871.42990   96  943  873.00000  861.39057  1.33%  4508 13271s
 58562 14790  866.39785   76  927  873.00000  861.39057  1.33%  4508 13283s
 58563 14791  867.56720   75  959  873.00000  861.39057  1.33%  4508 13298s
 58564 14792  870.69498   72  953  873.00000  861.39057  1.33%  4507 13301s
 58565 14792  864.41879   73  954  873.00000  861.39057  1.33%  4507 13313s
 58566 14793  865.20994   76  893  873.00000  861.39057  1.33%  4507 13328s
 58567 14794  862.39162   74  952  873.00000  861.39057  1.33%  4507 13342s
 58568 14794  863.45375   63  932  873.00000  861.39057  1.33%  4507 13372s
 58569 14795  871.67442   84  955  873.00000  861.39057  1.33%  4507 13387s
 58570 14796  870.78015   93  953  873.00000  861.39057  1.33%  4507 13406s
 58571 14796  862.97787   62  954  873.00000  861.39057  1.33%  4507 13422s
 58572 14797  870.96127   78  954  873.00000  861.39057  1.33%  4507 13439s
 58573 14798  867.29106   77  954  873.00000  861.39057  1.33%  4507 13456s
 58574 14798  870.74850   96  954  873.00000  861.39057  1.33%  4507 13509s
 58575 14802  861.39057   61  824  873.00000  861.39057  1.33%  4514 13513s
 58577 14805  861.39057   62  833  873.00000  861.39057  1.33%  4514 13520s
 58585 14815  861.39057   64  757  873.00000  861.39057  1.33%  4514 13525s
 58593 14819  861.39057   65  755  873.00000  861.39057  1.33%  4516 13530s
 58600 14824  861.39057   65  696  873.00000  861.39057  1.33%  4516 13536s
 58618 14833  861.39057   66  683  873.00000  861.39057  1.33%  4517 13540s
 58648 14840  861.39057   68  773  873.00000  861.39057  1.33%  4516 13548s
 58660 14842  861.39057   68  707  873.00000  861.39057  1.33%  4515 13550s
 58678 14846  861.39057   69  749  873.00000  861.39057  1.33%  4514 13555s
 58689 14852  862.61704   70  724  873.00000  861.39057  1.33%  4514 13560s
 58710 14863  861.39057   72  719  873.00000  861.39057  1.33%  4514 13566s
 58739 14869  861.39057   74  709  873.00000  861.39057  1.33%  4512 13571s
 58777 14865  861.86440   75  673  873.00000  861.39057  1.33%  4510 13577s
 58797 14865  861.39057   76  680  873.00000  861.39057  1.33%  4509 13580s
 58815 14882  867.05045   78  543  873.00000  861.39057  1.33%  4509 13585s
 58847 14898  868.26023   83  532  873.00000  861.39057  1.33%  4507 13591s
 58911 14900  861.39057   69  715  873.00000  861.39057  1.33%  4504 13596s
 58942 14896  861.39057   70  683  873.00000  861.39057  1.33%  4502 13601s
 59018 14892  861.39057   73  709  873.00000  861.39057  1.33%  4497 13608s
 59050 14889  861.39057   72  665  873.00000  861.39057  1.33%  4496 13612s
 59082 14903  863.88227   76  529  873.00000  861.39057  1.33%  4495 13617s
 59096 14909  866.07352   81  506  873.00000  861.39057  1.33%  4494 13623s
 59120 14925  865.38042   68  555  873.00000  861.39057  1.33%  4494 13626s
 59150 14939  865.39738   70  575  873.00000  861.39057  1.33%  4492 13632s
 59214 14926  871.28287   77  438  873.00000  861.39057  1.33%  4488 13636s
 59236 14938  861.81927   71  664  873.00000  861.39057  1.33%  4488 13640s
 59304 14979  868.05582   83  594  873.00000  861.39057  1.33%  4484 13651s
 59373 14980  861.39057   70  752  873.00000  861.39057  1.33%  4480 13658s
 59407 14986  861.39057   74  640  873.00000  861.39057  1.33%  4479 13663s
 59424 15007  861.39057   73  710  873.00000  861.39057  1.33%  4478 13667s
 59463 15016  861.39057   75  633  873.00000  861.39057  1.33%  4477 13673s
 59503 15022  861.76920   76  543  873.00000  861.39057  1.33%  4475 13679s
 59531 15038  868.50796   79  472  873.00000  861.39057  1.33%  4474 13683s
 59575 15058  870.52812   88  448  873.00000  861.39057  1.33%  4472 13688s
 59645 15055  861.39057   73  646  873.00000  861.39057  1.33%  4468 13693s
 59686 15073  865.67386   75  537  873.00000  861.39057  1.33%  4466 13698s
 59740 15093  863.85204   77  622  873.00000  861.39057  1.33%  4463 13706s
 59805 15100  864.97827   86  541  873.00000  861.39057  1.33%  4460 13714s
 59863 15104  861.46435   75  715  873.00000  861.39057  1.33%  4457 13720s
 59897 15128  862.71123   79  672  873.00000  861.39057  1.33%  4455 13728s
 59969 15151  865.97445   93  612  873.00000  861.39057  1.33%  4451 13738s
 60054 15164  866.84472   71  575  873.00000  861.39057  1.33%  4447 13746s
 60116 15176  862.97434   76  696  873.00000  861.39057  1.33%  4443 13754s
 60190 15196  868.33463   85  593  873.00000  861.39057  1.33%  4440 13763s
 60275 15207  868.04592   77  514  873.00000  861.39057  1.33%  4435 13770s
 60348 15219  871.65917   78  447  873.00000  861.39057  1.33%  4431 13780s
 60445 15228  866.32359   71  581  873.00000  861.39057  1.33%  4426 13791s
 60528 15240  862.19705   83  616  873.00000  861.39057  1.33%  4421 13799s
 60589 15297  868.95198   97  631  873.00000  861.39057  1.33%  4419 13807s
 60737 15320  866.72822   92  573  873.00000  861.39057  1.33%  4410 13818s
 60853 15328  862.76825   75  575  873.00000  861.39057  1.33%  4404 13833s
 60988 15340  868.32760   84  508  873.00000  861.39057  1.33%  4396 13845s
 61101 15357  865.08841   77  643  873.00000  861.39057  1.33%  4391 13857s
 61210 15408  865.35088   85  546  873.00000  861.39057  1.33%  4385 13873s
 61387 15411  863.87594   73  576  873.00000  861.39057  1.33%  4375 13882s
 61530 15448  863.62614   75  582  873.00000  861.39057  1.33%  4368 13895s
 61702 15467  869.18676   77  392  873.00000  861.39057  1.33%  4359 13907s
 61868 15522  866.59214   85  591  873.00000  861.39057  1.33%  4350 13922s
 62103 15543  865.47086   73  716  873.00000  861.39057  1.33%  4337 13937s
 62274 15571  868.68211   87  502  873.00000  861.39057  1.33%  4328 13951s
 62519 15606  864.57934   72  658  873.00000  861.41849  1.33%  4315 13968s
 62754 15613  865.73868   70  669  873.00000  861.45787  1.32%  4302 13980s
 62938 15645  867.53287   73  539  873.00000  861.48267  1.32%  4292 13993s
 63169 15647  871.64075  117  465  873.00000  861.54768  1.31%  4279 14005s
 63342 15651  868.75313   93  609  873.00000  861.56836  1.31%  4270 14018s
 63516 15677  866.95252   79  581  873.00000  861.60054  1.31%  4261 14028s
 63727 15704  864.38934   74  631  873.00000  861.60054  1.31%  4250 14042s
 63897 15734  868.49292   81  517  873.00000  861.67402  1.30%  4241 14056s
 64084 15795  865.61755   78  699  873.00000  861.70361  1.29%  4232 14071s
 64359 15798  869.38977   73  576  873.00000  861.78498  1.28%  4217 14088s
*64463 14981             114     872.0000000  861.78498  1.17%  4211 14088s
 64695 15066  864.37465   73  534  872.00000  861.85441  1.16%  4199 14102s
 65060 15070  867.08328   81  430  872.00000  861.89666  1.16%  4179 14120s
 65359 15106  864.78562   79  583  872.00000  862.00684  1.15%  4164 14136s
 65697 15167  864.16558   81  557  872.00000  862.03247  1.14%  4146 14151s
 66111 15199  867.48470   86  522  872.00000  862.16497  1.13%  4124 14165s
 66501 15202  866.73525   78  631  872.00000  862.23546  1.12%  4105 14179s
H66699 14155                     871.0000000  862.23546  1.01%  4096 14179s
 66772 14319  869.56146   93  515  871.00000  862.28422  1.00%  4092 14201s
H67183 13210                     870.0000000  862.35344  0.88%  4072 14222s
 67711 13196  865.04214   71  554  870.00000  862.45139  0.87%  4045 14236s
 68277 13008  866.09410   81  502  870.00000  862.66127  0.84%  4018 14244s
 68279 13009  866.87046   84  432  870.00000  862.66127  0.84%  4018 14248s
 68280 13010  863.02347   77  525  870.00000  862.66127  0.84%  4018 14251s
 68282 13011  868.37155   88  572  870.00000  862.66127  0.84%  4017 14257s
 68284 13013  868.97098   81  631  870.00000  862.66127  0.84%  4017 14262s
 68285 13013  864.32120   78  661  870.00000  862.66127  0.84%  4017 14265s
 68288 13015  864.12410   80  715  870.00000  862.66127  0.84%  4017 14272s
 68290 13017  866.68398   94  790  870.00000  862.66127  0.84%  4017 14276s
 68293 13019  866.24421   73  838  870.00000  862.66127  0.84%  4017 14280s
 68294 13019  868.58933   90  878  870.00000  862.66127  0.84%  4017 14293s
 68295 13020  868.00187   89  883  870.00000  862.66127  0.84%  4017 14297s
 68297 13021  863.33826   76  870  870.00000  862.66127  0.84%  4017 14308s
 68299 13023  866.56606   81  852  870.00000  862.66127  0.84%  4016 14310s
 68300 13023  866.38495   92  866  870.00000  862.66127  0.84%  4016 14322s
 68301 13024  866.67315   94  914  870.00000  862.66127  0.84%  4016 14325s
 68302 13025  864.16355   70  916  870.00000  862.66127  0.84%  4016 14338s
 68303 13025  867.00109   89  915  870.00000  862.66127  0.84%  4016 14355s
 68304 13026  867.46593   81  909  870.00000  862.66127  0.84%  4016 14364s
 68305 13027  867.64540   86  934  870.00000  862.66127  0.84%  4016 14366s
 68306 13027  863.35159   71  937  870.00000  862.66127  0.84%  4016 14376s
 68308 13029  863.66193   67  924  870.00000  862.66127  0.84%  4016 14387s
 68310 13030  865.99670   74  932  870.00000  862.66127  0.84%  4016 14396s
 68312 13031  866.67540   77  919  870.00000  862.66127  0.84%  4016 14406s
 68314 13033  866.44200   88  951  870.00000  862.66127  0.84%  4016 14414s
 68315 13033  866.31348   85  930  870.00000  862.66127  0.84%  4016 14415s
 68316 13034  863.46684   79  845  870.00000  862.66127  0.84%  4015 14423s
 68317 13035  863.10983   69  885  870.00000  862.66127  0.84%  4015 14425s
 68318 13035  868.40241   91  897  870.00000  862.66127  0.84%  4015 14436s
 68320 13037  866.24285   79  933  870.00000  862.66127  0.84%  4015 14447s
 68322 13038  867.51815   90  943  870.00000  862.66127  0.84%  4015 14459s
 68323 13039  864.31193   83  945  870.00000  862.66127  0.84%  4015 14469s
 68324 13039  863.89022   74  945  870.00000  862.66127  0.84%  4015 14479s
 68325 13040  868.31856   87  857  870.00000  862.66127  0.84%  4015 14489s
 68326 13041  865.76894   80  917  870.00000  862.66127  0.84%  4015 14498s
 68328 13042  867.65596   90  894  870.00000  862.66127  0.84%  4015 14507s
 68330 13043  864.21109   75  913  870.00000  862.66127  0.84%  4015 14517s
H68331 12390                     869.0000000  862.66127  0.73%  4015 14529s
 68333 12391  866.73282   74  870  869.00000  862.66127  0.73%  4014 14530s
 68334 12392  866.97424   90  872  869.00000  862.66127  0.73%  4014 14539s
 68336 12393  868.01747   81  880  869.00000  862.66127  0.73%  4014 14547s
 68337 12394  865.94109   74  821  869.00000  862.66127  0.73%  4014 14558s
 68338 12395  866.48629   87  886  869.00000  862.66127  0.73%  4014 14566s
 68339 12395  868.61463   91  848  869.00000  862.66127  0.73%  4014 14577s
 68340 12396  863.43474   80  883  869.00000  862.66127  0.73%  4014 14586s
 68342 12397  866.48318   95  890  869.00000  862.66127  0.73%  4014 14595s
 68344 12399  864.52663   82  866  869.00000  862.66127  0.73%  4014 14603s
 68346 12400  866.91432   74  891  869.00000  862.66127  0.73%  4014 14612s
 68348 12401  864.66744   73  904  869.00000  862.66127  0.73%  4014 14621s
 68349 12402  868.90387   79  836  869.00000  862.66127  0.73%  4014 14629s
 68350 12403  864.99935   82  918  869.00000  862.66127  0.73%  4013 14638s
 68351 12403  864.98568   76  903  869.00000  862.66127  0.73%  4013 14648s
 68352 12404  863.46684   79  920  869.00000  862.66127  0.73%  4013 14656s
 68354 12405  867.16895   92  917  869.00000  862.66127  0.73%  4013 14666s
 68355 12406  863.91795   81  865  869.00000  862.66127  0.73%  4013 14676s
 68356 12407  864.23502   81  905  869.00000  862.66127  0.73%  4013 14685s
 68357 12407  865.97445   94  904  869.00000  862.66127  0.73%  4013 14693s
 68358 12408  862.79414   73  910  869.00000  862.66127  0.73%  4013 14703s
 68359 12409  865.89205   79  868  869.00000  862.66127  0.73%  4013 14713s
 68360 12409  867.50564   83  905  869.00000  862.66127  0.73%  4013 14722s
 68362 12411  868.88446   87  910  869.00000  862.66127  0.73%  4013 14731s
 68364 12412  868.64501   95  910  869.00000  862.66127  0.73%  4013 14742s
 68365 12413  864.13926   77  807  869.00000  862.66127  0.73%  4013 14748s
 68366 12413  868.08846   85  900  869.00000  862.66127  0.73%  4013 14756s
 68368 12415  863.72530   76  878  869.00000  862.66127  0.73%  4012 14765s
 68370 12416  867.63439   84  908  869.00000  862.66127  0.73%  4012 14774s
 68371 12417  866.88771   93  910  869.00000  862.66127  0.73%  4012 14775s
 68372 12417  866.70566   78  893  869.00000  862.66127  0.73%  4012 14782s
 68374 12419  865.82557   75  890  869.00000  862.66127  0.73%  4012 14789s
 68375 12419  862.92173   73  888  869.00000  862.66127  0.73%  4012 14790s
 68376 12420  867.05111   79  878  869.00000  862.66127  0.73%  4012 14797s
 68378 12421  867.49749   79  892  869.00000  862.66127  0.73%  4012 14805s
 68380 12423  863.02347   77  873  869.00000  862.66127  0.73%  4012 14811s
 68382 12424  868.37155   88  893  869.00000  862.66127  0.73%  4012 14819s
 68384 12425  868.97098   81  909  869.00000  862.66127  0.73%  4011 14826s
 68386 12427  865.99864   92  915  869.00000  862.66127  0.73%  4011 14834s
 68387 12427  868.75405   80  909  869.00000  862.66127  0.73%  4011 14835s
 68388 12428  864.12410   80  918  869.00000  862.66127  0.73%  4011 14841s
 68389 12429  866.11959   78  865  869.00000  862.66127  0.73%  4011 14862s
 68390 12429  866.68398   94  943  869.00000  862.66127  0.73%  4011 14869s
 68391 12430  863.97287   81  946  869.00000  862.66127  0.73%  4011 14871s
 68392 12431  868.71942   93  958  869.00000  862.66127  0.73%  4011 14880s
 68394 12432  868.58933   90  960  869.00000  862.66127  0.73%  4011 14889s
 68395 12433  868.00187   89  890  869.00000  862.66127  0.73%  4011 14898s
 68396 12433  866.73088   93  960  869.00000  862.66127  0.73%  4011 14905s
 68397 12434  863.33826   76  941  869.00000  862.66127  0.73%  4011 14914s
 68398 12435  865.01353   84  966  869.00000  862.66127  0.73%  4011 14921s
 68399 12435  866.56606   81  951  869.00000  862.66127  0.73%  4011 14930s
 68400 12436  866.38495   92  954  869.00000  862.66127  0.73%  4011 14938s
 68401 12437  866.67315   94  953  869.00000  862.66127  0.73%  4010 14948s
 68402 12437  864.16355   70  957  869.00000  862.66127  0.73%  4010 14955s
 68403 12438  867.00109   89  955  869.00000  862.66127  0.73%  4010 14966s
 68404 12439  867.46593   81  955  869.00000  862.66127  0.73%  4010 14979s
 68405 12439  867.64540   86  955  869.00000  862.66127  0.73%  4010 14996s
 68408 12442  863.66193   67  433  869.00000  862.66127  0.73%  4015 15001s
 68409 12443  867.38040   80  499  869.00000  862.66127  0.73%  4015 15005s
 68411 12444  867.56666   88  543  869.00000  862.66127  0.73%  4015 15011s
 68413 12446  866.72157   78  621  869.00000  862.66127  0.73%  4015 15017s
 68415 12447  866.31348   85  735  869.00000  862.66127  0.73%  4015 15021s
 68419 12450  865.68623   72  817  869.00000  862.66127  0.73%  4014 15025s
 68421 12451  868.37240   81  860  869.00000  862.66127  0.73%  4014 15035s
 68422 12452  867.51815   90  856  869.00000  862.66127  0.73%  4014 15040s
 68423 12452  864.31193   83  865  869.00000  862.66127  0.73%  4014 15046s
 68425 12454  868.31856   87  865  869.00000  862.66127  0.73%  4014 15052s
 68427 12455  868.66157   84  888  869.00000  862.66127  0.73%  4014 15059s
 68428 12456  867.65596   90  885  869.00000  862.66127  0.73%  4014 15065s
 68429 12456  868.59297   81  887  869.00000  862.66127  0.73%  4014 15072s
 68430 12457  864.21109   75  887  869.00000  862.66127  0.73%  4014 15075s
 68431 12458  867.10377   94  898  869.00000  862.66127  0.73%  4014 15082s
 68433 12459  866.73282   74  866  869.00000  862.66127  0.73%  4014 15088s
 68434 12460  866.97424   90  873  869.00000  862.66127  0.73%  4014 15092s
 68435 12460  865.72694   86  903  869.00000  862.66127  0.73%  4014 15098s
 68437 12462  865.94109   74  875  869.00000  862.66127  0.73%  4013 15105s
 68439 12463  868.61463   91  887  869.00000  862.66127  0.73%  4013 15112s
 68441 12464  865.22593   83  892  869.00000  862.66127  0.73%  4013 15119s
 68443 12466  867.70163   84  867  869.00000  862.66127  0.73%  4013 15126s
 68445 12467  864.08436   80  879  869.00000  862.66127  0.73%  4013 15133s
 68446 12468  866.91432   74  882  869.00000  862.66127  0.73%  4013 15135s
 68447 12468  867.61742   80  859  869.00000  862.66127  0.73%  4013 15142s
 68449 12470  868.90387   79  897  869.00000  862.66127  0.73%  4013 15149s
 68451 12471  864.98568   76  888  869.00000  862.66127  0.73%  4013 15157s
 68453 12472  868.52817   82  877  869.00000  862.66127  0.73%  4012 15163s
 68454 12473  867.16895   92  849  869.00000  862.66127  0.73%  4012 15165s
 68455 12474  863.91795   81  890  869.00000  862.66127  0.73%  4012 15172s
 68457 12475  865.97445   94  887  869.00000  862.66127  0.73%  4012 15180s
 68459 12476  865.89205   79  945  869.00000  862.66127  0.73%  4012 15192s
 68461 12478  868.40918   99  953  869.00000  862.66127  0.73%  4012 15200s
 68462 12478  868.88446   87  953  869.00000  862.66127  0.73%  4012 15207s
 68463 12479  865.26114   78  825  869.00000  862.66127  0.73%  4012 15216s
 68464 12480  868.64501   95  919  869.00000  862.66127  0.73%  4012 15223s
 68466 12481  868.08846   85  927  869.00000  862.66127  0.73%  4012 15232s
 68468 12482  863.72530   76  931  869.00000  862.66127  0.73%  4012 15242s
 68469 12483  863.60766   72  832  869.00000  862.66127  0.73%  4012 15249s
 68470 12484  867.63439   84  918  869.00000  862.66127  0.73%  4011 15256s
 68471 12484  866.88771   93  928  869.00000  862.66127  0.73%  4011 15275s
 68472 12485  866.70566   78  957  869.00000  862.66127  0.73%  4011 15283s
 68474 12486  865.82557   75  865  869.00000  862.66127  0.73%  4011 15291s
 68476 12488  867.05111   79  867  869.00000  862.66127  0.73%  4011 15297s
 68478 12489  867.49749   79  880  869.00000  862.66127  0.73%  4011 15306s
 68480 12490  863.02347   77  900  869.00000  862.66127  0.73%  4011 15312s
 68482 12492  868.37155   88  890  869.00000  862.66127  0.73%  4011 15321s
 68483 12492  867.70239   99  850  869.00000  862.66127  0.73%  4011 15327s
 68484 12493  868.97098   81  909  869.00000  862.66127  0.73%  4011 15334s
 68485 12494  864.32120   78  923  869.00000  862.66127  0.73%  4011 15341s
 68486 12494  865.99864   92  934  869.00000  862.66127  0.73%  4011 15348s
 68488 12496  864.12410   80  924  869.00000  862.66127  0.73%  4010 15356s
 68489 12496  866.11959   78  854  869.00000  862.66127  0.73%  4010 15363s
 68490 12497  866.68398   94  917  869.00000  862.66127  0.73%  4010 15370s
 68491 12498  863.97287   81  914  869.00000  862.66127  0.73%  4010 15377s
 68492 12498  868.71942   93  906  869.00000  862.66127  0.73%  4010 15382s
 68493 12499  866.24421   73  894  869.00000  862.66127  0.73%  4010 15391s
 68494 12500  868.58933   90  913  869.00000  862.66127  0.73%  4010 15397s
 68496 12501  866.73088   93  913  869.00000  862.66127  0.73%  4010 15403s
 68498 12502  865.01353   84  913  869.00000  862.66127  0.73%  4010 15412s
 68499 12503  866.56606   81  870  869.00000  862.66127  0.73%  4010 15420s
 68500 12504  866.38495   92  920  869.00000  862.66127  0.73%  4010 15427s
 68501 12504  866.67315   94  887  869.00000  862.66127  0.73%  4010 15435s
 68502 12505  864.16355   70  960  869.00000  862.66127  0.73%  4010 15440s
 68504 12506  867.46593   81  889  869.00000  862.66127  0.73%  4010 15447s
 68506 12508  863.35159   71  885  869.00000  862.66127  0.73%  4009 15454s
 68508 12509  863.66193   67  874  869.00000  862.66127  0.73%  4009 15462s
 68510 12510  865.99670   74  884  869.00000  862.66127  0.73%  4009 15469s
 68512 12512  866.67540   77  895  869.00000  862.66127  0.73%  4009 15478s
 68514 12513  866.44200   88  935  869.00000  862.66127  0.73%  4009 15486s
 68516 12514  863.46684   79  929  869.00000  862.66127  0.73%  4009 15493s
 68518 12516  868.40241   91  891  869.00000  862.66127  0.73%  4009 15499s
 68520 12517  866.24285   79  911  869.00000  862.66127  0.73%  4009 15505s
 68522 12518  867.51815   90  927  869.00000  862.66127  0.73%  4008 15512s
 68523 12519  864.31193   83  927  869.00000  862.66127  0.73%  4008 15521s
 68524 12520  863.89022   74  833  869.00000  862.66127  0.73%  4008 15529s
 68525 12520  868.31856   87  900  869.00000  862.66127  0.73%  4008 15535s
 68527 12522  868.66157   84  912  869.00000  862.66127  0.73%  4008 15542s
 68529 12523  868.59297   81  920  869.00000  862.66127  0.73%  4008 15548s
 68531 12524  867.10377   94  926  869.00000  862.66127  0.73%  4008 15554s
 68532 12525  863.91795   81  844  869.00000  862.66127  0.73%  4008 15561s
 68533 12526  866.73282   74  915  869.00000  862.66127  0.73%  4008 15567s
 68534 12526  866.97424   90  927  869.00000  862.66127  0.73%  4008 15575s
 68535 12527  865.72694   86  930  869.00000  862.66127  0.73%  4008 15582s
 68537 12528  865.94109   74  918  869.00000  862.66127  0.73%  4008 15590s
 68538 12529  866.48629   87  848  869.00000  862.66127  0.73%  4008 15596s
 68539 12530  868.61463   91  927  869.00000  862.66127  0.73%  4007 15601s
 68540 12530  863.43474   80  905  869.00000  862.66127  0.73%  4007 15609s
 68541 12531  865.22593   83  928  869.00000  862.66127  0.73%  4007 15615s
 68542 12532  866.48318   95  914  869.00000  862.66127  0.73%  4007 15622s
 68543 12532  867.70163   84  914  869.00000  862.66127  0.73%  4007 15628s
 68545 12534  864.08436   80  929  869.00000  862.66127  0.73%  4007 15636s
 68547 12535  867.61742   80  941  869.00000  862.66127  0.73%  4007 15642s
 68549 12536  868.90387   79  944  869.00000  862.66127  0.73%  4007 15647s
 68550 12537  864.99935   82  944  869.00000  862.66127  0.73%  4007 15653s
 68551 12538  864.98568   76  858  869.00000  862.66127  0.73%  4007 15664s
 68552 12538  863.46684   79  858  869.00000  862.66127  0.73%  4007 15667s
 68555 12545  862.66127   86  765  869.00000  862.66127  0.73%  4011 15671s
 68568 12557  862.66127   89  742  869.00000  862.66127  0.73%  4012 15676s
 68603 12566  862.66127   90  588  869.00000  862.66127  0.73%  4011 15680s
 68649 12566  862.66127   94  589  869.00000  862.66127  0.73%  4009 15685s
 68699 12586  864.29831   99  496  869.00000  862.66127  0.73%  4007 15690s
 68805 12571     cutoff  110       869.00000  862.66127  0.73%  4002 15695s
 68869 12585     cutoff  100       869.00000  862.66127  0.73%  3999 15700s
 68959 12596  863.84603   88  360  869.00000  862.66127  0.73%  3996 15706s
 69009 12606  863.47009   96  617  869.00000  862.66127  0.73%  3994 15711s
 69091 12611  863.74621   93  629  869.00000  862.66127  0.73%  3990 15717s
 69149 12625  866.28711   89  590  869.00000  862.66127  0.73%  3988 15721s
 69224 12624  866.70631  100  489  869.00000  862.66127  0.73%  3985 15725s
 69273 12650  865.47218   99  513  869.00000  862.66127  0.73%  3983 15730s
 69356 12654  867.00488  101  531  869.00000  862.66127  0.73%  3979 15735s
*69383 12001             103     868.0000000  862.66127  0.62%  3978 15735s
 69473 12028  866.31643   97  396  868.00000  862.66127  0.62%  3975 15742s
 69518 12033  864.34762   92  547  868.00000  862.66127  0.62%  3973 15745s
 69627 12033  866.79420  101  495  868.00000  862.66127  0.62%  3968 15750s
 69765 12030  865.45626  103  575  868.00000  862.66127  0.62%  3962 15758s
 69830 12027  865.30957   95  618  868.00000  862.66127  0.62%  3959 15761s
 69887 12026  862.92278   92  586  868.00000  862.66127  0.62%  3957 15765s
 69999 12034  864.03023   93  404  868.00000  862.66127  0.62%  3952 15770s
 70159 12024  864.05513   94  549  868.00000  862.66127  0.62%  3945 15776s
 70251 12016     cutoff  108       868.00000  862.66127  0.62%  3941 15781s
 70364 12009  863.38441   93  723  868.00000  862.66127  0.62%  3936 15786s
 70454 12010  864.98784   98  533  868.00000  862.66127  0.62%  3932 15792s
 70562 11988  865.16233  103  647  868.00000  862.66127  0.62%  3927 15797s
 70674 11955  864.49901   98  471  868.00000  862.66127  0.62%  3922 15802s
 70796 11944  866.39241  103  503  868.00000  862.66127  0.62%  3916 15808s
 70920 11931  864.64880  100  595  868.00000  862.66127  0.62%  3911 15814s
 71060 11911  865.43615  100  631  868.00000  862.72093  0.61%  3904 15820s
 71175 11895  865.06722   93  605  868.00000  862.80864  0.60%  3899 15826s
 71289 11893     cutoff   95       868.00000  862.86675  0.59%  3894 15830s
 71419 11867  865.50070  108  636  868.00000  862.91801  0.59%  3889 15837s
 71588 11822  863.88919   94  574  868.00000  863.03322  0.57%  3881 15845s
 71761 11755  865.90990  115  592  868.00000  863.12953  0.56%  3873 15852s
 71870 11731  865.33231   93  510  868.00000  863.30766  0.54%  3869 15860s
 71984 11701  865.74077  100  495  868.00000  863.36610  0.53%  3863 15868s
 72164 11667  864.93369  108  709  868.00000  863.45815  0.52%  3856 15876s
 72360 11630  865.40282   94  537  868.00000  863.48868  0.52%  3847 15882s
 72565 11559     cutoff  120       868.00000  863.55853  0.51%  3838 15890s
 72774 11483  865.43173  107  631  868.00000  863.62121  0.50%  3829 15899s
 73038 11427  865.33268  103  617  868.00000  863.67206  0.50%  3817 15908s
 73318 11342  866.04659  114  449  868.00000  863.76594  0.49%  3804 15917s
 73590 11266  865.06600  101  598  868.00000  863.88537  0.47%  3792 15927s
 73887 11165  865.16698  104  629  868.00000  863.98546  0.46%  3779 15934s
 74225 11035  865.56571  109  620  868.00000  864.11146  0.45%  3764 15945s
 74574 10882  864.90654   97  677  868.00000  864.25286  0.43%  3749 15957s
 75067 10709  866.11781  119  500  868.00000  864.35385  0.42%  3727 15969s
 75595 10508     cutoff  103       868.00000  864.50623  0.40%  3704 15981s
 76041 10309     cutoff  102       868.00000  864.65752  0.39%  3685 15989s
 76731  9929     cutoff   99       868.00000  864.92804  0.35%  3656 16002s
 77521  9492     cutoff  105       868.00000  865.22038  0.32%  3622 16013s
 78182  9023     cutoff  106       868.00000  865.44858  0.29%  3595 16021s
 78773  8556     cutoff   98       868.00000  865.83380  0.25%  3570 16025s

Cutting planes:
  Gomory: 4
  Cover: 85
  Implied bound: 212
  Projected implied bound: 12
  Clique: 3
  MIR: 68
  Flow cover: 1308
  GUB cover: 9
  Inf proof: 2
  Zero half: 73
  Mod-K: 1
  Network: 8
  RLT: 7
  Relax-and-lift: 104

Explored 79179 nodes (281791882 simplex iterations) in 16026.25 seconds (45379.17 work units)
Thread count was 4 (of 32 available processors)

Solution count 10: 868 869 870 ... 880

Optimal solution found (tolerance 1.00e-04)
Best objective 8.680000000000e+02, best bound 8.680000000000e+02, gap 0.0000%

Wrote result file './sol/E150_1000.10_R50.sol'

