
Gurobi 13.0.2 (mac64[arm], gurobi_cl) logging started Sat Jun 27 09:54:21 2026

Set parameter TokenServer to value "10.8.80.200"
Set parameter TimeLimit to value 43200
Set parameter LogFile to value "./log/E150_1000.4_R0.log"
Set parameter Threads to value 4
Using license file /Library/gurobi1302/gurobi.lic

Gurobi Optimizer version 13.0.2 build v13.0.2rc1 (mac64[arm] - Darwin 24.6.0 24G517)
Copyright (c) 2026, Gurobi Optimization, LLC

Read LP format model from file ./lp/E150_1000.4_R0.lp
Reading time = 0.06 seconds
root: 46208 rows, 45753 columns, 205366 nonzeros

Using Gurobi shared library /Library/gurobi1302/macos_universal2/lib/libgurobi130.dylib

CPU model: Apple M3 Ultra
Thread count: 32 physical cores, 32 logical processors, using up to 4 threads

Non-default parameters:
TimeLimit  43200
Threads  4

Optimize a model with 46208 rows, 45753 columns and 205366 nonzeros (Min)
Model fingerprint: 0x4643fd0b
Model has 22650 linear objective coefficients
Variable types: 0 continuous, 45753 integer (0 binary)
Coefficient statistics:
  Matrix range     [1e+00, 2e+02]
  Objective range  [1e+00, 2e+02]
  Bounds range     [1e+00, 1e+00]
  RHS range        [1e+00, 1e+00]

Presolve removed 23252 rows and 451 columns
Presolve time: 0.19s
Presolved: 22956 rows, 45302 columns, 135619 nonzeros
Variable types: 0 continuous, 45302 integer (22802 binary)
Found heuristic solution: objective 9665.0000000
Deterministic concurrent LP optimizer: primal and dual simplex
Showing primal log only...

Concurrent spin time: 0.00s

Solved with primal simplex

Root relaxation: objective 1.622750e+02, 15703 iterations, 0.09 seconds (0.16 work units)

    Nodes    |    Current Node    |     Objective Bounds      |     Work
 Expl Unexpl |  Obj  Depth IntInf | Incumbent    BestBd   Gap | It/Node Time

     0     0  162.27502    0  451 9665.00000  162.27502  98.3%     -    0s
     0     0 1067.62000    0  308 9665.00000 1067.62000  89.0%     -    1s
H    0     0                    1928.0000000 1067.62000  44.6%     -    2s
H    0     0                    1572.0000000 1067.62000  32.1%     -    2s
H    0     0                    1571.0000000 1067.62000  32.0%     -    3s
H    0     0                    1556.0000000 1067.62000  31.4%     -    3s
H    0     0                    1555.0000000 1067.62000  31.3%     -    4s
H    0     0                    1540.0000000 1067.62000  30.7%     -    4s
     0     0 1067.62000    0  308 1540.00000 1067.62000  30.7%     -    5s
     0     0 1067.62000    0  316 1540.00000 1067.62000  30.7%     -    7s
H    0     0                    1512.0000000 1067.62000  29.4%     -   10s
H    0     0                    1421.0000000 1067.62000  24.9%     -   10s
H    0     0                    1414.0000000 1067.62000  24.5%     -   10s
H    0     0                    1412.0000000 1067.62000  24.4%     -   10s
H    0     0                    1409.0000000 1067.62000  24.2%     -   10s
H    0     0                    1387.0000000 1067.62000  23.0%     -   10s
H    0     0                    1369.0000000 1067.62000  22.0%     -   10s
H    0     0                    1350.0000000 1067.62000  20.9%     -   10s
H    0     0                    1337.0000000 1067.62000  20.1%     -   10s
H    0     0                    1308.0000000 1067.62000  18.4%     -   10s
H    0     0                    1303.0000000 1067.62000  18.1%     -   10s
H    0     0                    1302.0000000 1067.62000  18.0%     -   10s
H    0     0                    1300.0000000 1067.62000  17.9%     -   10s
H    0     0                    1299.0000000 1141.26198  12.1%     -   12s
H    0     0                    1295.0000000 1141.26198  11.9%     -   12s
H    0     0                    1279.0000000 1141.26198  10.8%     -   12s
H    0     0                    1272.0000000 1141.26198  10.3%     -   12s
     0     0 1141.26198    0  524 1272.00000 1141.26198  10.3%     -   12s
H    0     0                    1260.0000000 1141.76198  9.38%     -   13s
H    0     0                    1251.0000000 1141.76198  8.73%     -   13s
H    0     0                    1250.0000000 1141.76198  8.66%     -   13s
     0     0 1161.92405    0  539 1250.00000 1161.92405  7.05%     -   14s
     0     0 1161.97716    0  547 1250.00000 1161.97716  7.04%     -   14s
     0     0 1161.97716    0  553 1250.00000 1161.97716  7.04%     -   14s
H    0     0                    1248.0000000 1190.63571  4.60%     -   17s
     0     0 1190.63571    0  584 1248.00000 1190.63571  4.60%     -   17s
H    0     0                    1240.0000000 1191.76137  3.89%     -   18s
H    0     0                    1239.0000000 1191.76137  3.81%     -   18s
     0     0 1191.76137    0  569 1239.00000 1191.76137  3.81%     -   18s
     0     0 1191.92566    0  557 1239.00000 1191.92566  3.80%     -   18s
H    0     0                    1231.0000000 1191.92582  3.17%     -   18s
     0     0 1191.92582    0  575 1231.00000 1191.92582  3.17%     -   18s
     0     0 1194.92627    0  634 1231.00000 1194.92627  2.93%     -   18s
     0     0 1194.92627    0  291 1231.00000 1194.92627  2.93%     -   19s
H    0     0                    1228.0000000 1194.92627  2.69%     -   20s
     0     0 1194.92627    0  534 1228.00000 1194.92627  2.69%     -   20s
     0     0 1194.92627    0  577 1228.00000 1194.92627  2.69%     -   21s
     0     0 1194.92634    0  643 1228.00000 1194.92634  2.69%     -   21s
     0     0 1194.92634    0  655 1228.00000 1194.92634  2.69%     -   21s
     0     0 1198.94247    0  598 1228.00000 1198.94247  2.37%     -   21s
     0     0 1198.97395    0  651 1228.00000 1198.97395  2.36%     -   21s
     0     0 1206.82924    0  621 1228.00000 1206.82924  1.72%     -   21s
     0     0 1206.82924    0  294 1228.00000 1206.82924  1.72%     -   22s
     0     0 1206.82924    0  594 1228.00000 1206.82924  1.72%     -   22s
     0     0 1206.82924    0  507 1228.00000 1206.82924  1.72%     -   22s
     0     0 1206.86282    0  552 1228.00000 1206.86282  1.72%     -   22s
     0     0 1206.86489    0  566 1228.00000 1206.86489  1.72%     -   22s
     0     0 1207.78074    0  630 1228.00000 1207.78074  1.65%     -   22s
     0     0 1207.98631    0  637 1228.00000 1207.98631  1.63%     -   22s
     0     0 1207.98631    0  646 1228.00000 1207.98631  1.63%     -   22s
     0     0 1209.44931    0  649 1228.00000 1209.44931  1.51%     -   22s
     0     0 1209.48299    0  654 1228.00000 1209.48299  1.51%     -   23s
     0     0 1209.86922    0  674 1228.00000 1209.86922  1.48%     -   23s
     0     0 1209.87322    0  660 1228.00000 1209.87322  1.48%     -   23s
     0     0 1209.87547    0  650 1228.00000 1209.87547  1.48%     -   23s
     0     0 1209.87547    0  650 1228.00000 1209.87547  1.48%     -   23s
     0     0 1209.87547    0  650 1228.00000 1209.87547  1.48%     -   23s
     0     0 1209.87547    0  577 1228.00000 1209.87547  1.48%     -   23s
     0     0 1209.87547    0  296 1228.00000 1209.87547  1.48%     -   23s
     0     0 1209.87547    0  508 1228.00000 1209.87547  1.48%     -   23s
     0     0 1209.87547    0  547 1228.00000 1209.87547  1.48%     -   23s
     0     0 1209.87547    0  573 1228.00000 1209.87547  1.48%     -   23s
     0     0 1209.87547    0  610 1228.00000 1209.87547  1.48%     -   23s
     0     0 1209.87547    0  655 1228.00000 1209.87547  1.48%     -   24s
     0     0 1209.87547    0  660 1228.00000 1209.87547  1.48%     -   24s
     0     0 1209.87766    0  644 1228.00000 1209.87766  1.48%     -   24s
     0     0 1209.87770    0  644 1228.00000 1209.87770  1.48%     -   24s
     0     0 1209.87770    0  644 1228.00000 1209.87770  1.48%     -   24s
     0     0 1209.87770    0  558 1228.00000 1209.87770  1.48%     -   24s
     0     2 1209.90557    0  557 1228.00000 1209.90557  1.47%     -   24s
    62    69 1214.27960   13  562 1228.00000 1210.87313  1.39%   466   25s
  1378   981 1223.47070   45  326 1228.00000 1215.45312  1.02%   201   30s
H 1385   936                    1227.0000000 1215.60382  0.93%   200   30s
H 1397   896                    1225.0000000 1217.67880  0.60%   198   30s
H 1418   866                    1223.0000000 1218.44972  0.37%   205   31s
H 1434   833                    1222.0000000 1218.63698  0.28%   209   32s

Cutting planes:
  Gomory: 9
  Cover: 40
  Implied bound: 45
  Projected implied bound: 3
  Clique: 1
  MIR: 40
  Flow cover: 329
  Flow path: 22
  GUB cover: 2
  Zero half: 13
  Network: 13
  RLT: 2
  Relax-and-lift: 21

Explored 1822 nodes (585840 simplex iterations) in 34.67 seconds (81.81 work units)
Thread count was 4 (of 32 available processors)

Solution count 10: 1222 1223 1225 ... 1250

Optimal solution found (tolerance 1.00e-04)
Best objective 1.222000000000e+03, best bound 1.222000000000e+03, gap 0.0000%

Wrote result file './sol/E150_1000.4_R0.sol'

