
Gurobi 13.0.2 (mac64[arm], gurobi_cl) logging started Fri Jun 26 09:54:02 2026

Set parameter TokenServer to value "10.8.80.200"
Set parameter TimeLimit to value 43200
Set parameter LogFile to value "./log/E150_1000.3_R100.log"
Set parameter Threads to value 4
Using license file /Library/gurobi1302/gurobi.lic

Gurobi Optimizer version 13.0.2 build v13.0.2rc1 (mac64[arm] - Darwin 24.6.0 24G517)
Copyright (c) 2026, Gurobi Optimization, LLC

Read LP format model from file ./lp/E150_1000.3_R100.lp
Reading time = 0.15 seconds
root: 46208 rows, 45753 columns, 628274 nonzeros

Using Gurobi shared library /Library/gurobi1302/macos_universal2/lib/libgurobi130.dylib

CPU model: Apple M3 Ultra
Thread count: 32 physical cores, 32 logical processors, using up to 4 threads

Non-default parameters:
TimeLimit  43200
Threads  4

Optimize a model with 46208 rows, 45753 columns and 628274 nonzeros (Min)
Model fingerprint: 0x0222a319
Model has 22650 linear objective coefficients
Variable types: 0 continuous, 45753 integer (0 binary)
Coefficient statistics:
  Matrix range     [1e+00, 2e+02]
  Objective range  [2e+00, 2e+02]
  Bounds range     [1e+00, 1e+00]
  RHS range        [1e+00, 1e+00]

Presolve removed 23119 rows and 303 columns
Presolve time: 4.25s
Presolved: 23089 rows, 45450 columns, 363447 nonzeros
Variable types: 0 continuous, 45450 integer (22950 binary)
Found heuristic solution: objective 2847.0000000
Deterministic concurrent LP optimizer: primal and dual simplex
Showing primal log only...


Root simplex log...

Iteration    Objective       Primal Inf.    Dual Inf.      Time
   13994    2.5552622e+02   0.000000e+00   4.008464e+05      5s
   65338    3.8446921e+01   0.000000e+00   0.000000e+00     10s
Concurrent spin time: 0.40s

Solved with primal simplex

Root relaxation: objective 3.844692e+01, 65338 iterations, 5.87 seconds (14.88 work units)

    Nodes    |    Current Node    |     Objective Bounds      |     Work
 Expl Unexpl |  Obj  Depth IntInf | Incumbent    BestBd   Gap | It/Node Time

     0     0   38.44692    0  215 2847.00000   38.44692  98.6%     -   10s
     0     0  145.87794    0  241 2847.00000  145.87794  94.9%     -   11s
H    0     0                    1852.0000000  145.87794  92.1%     -   11s
H    0     0                    1766.0000000  145.87794  91.7%     -   11s
H    0     0                    1758.0000000  145.87794  91.7%     -   11s
H    0     0                    1077.0000000  145.87794  86.5%     -   12s
H    0     0                     900.0000000  145.87794  83.8%     -   13s
H    0     0                     890.0000000  145.87794  83.6%     -   13s
H    0     0                     841.0000000  145.87794  82.7%     -   14s
H    0     0                     840.0000000  145.87794  82.6%     -   14s
H    0     0                     830.0000000  145.87794  82.4%     -   14s
H    0     0                     811.0000000  145.87794  82.0%     -   19s
     0     0  278.01618    0  429  811.00000  278.01618  65.7%     -   24s
     0     0  329.81827    0  482  811.00000  329.81827  59.3%     -   38s
H    0     0                     810.0000000  329.81827  59.3%     -   39s
H    0     0                     761.0000000  329.81827  56.7%     -   42s
H    0     0                     760.0000000  329.81827  56.6%     -   45s
H    0     0                     740.0000000  329.81827  55.4%     -   47s
H    0     0                     717.0000000  329.81827  54.0%     -   47s
H    0     0                     713.0000000  329.81827  53.7%     -   47s
H    0     0                     704.0000000  329.81827  53.2%     -   47s
H    0     0                     703.0000000  361.27488  48.6%     -   53s
H    0     0                     700.0000000  361.27488  48.4%     -   53s
H    0     0                     698.0000000  361.27488  48.2%     -   53s
     0     0  361.27488    0  569  698.00000  361.27488  48.2%     -   53s
H    0     0                     697.0000000  361.63671  48.1%     -   55s
H    0     0                     691.0000000  361.63671  47.7%     -   55s
H    0     0                     690.0000000  361.63671  47.6%     -   56s
H    0     0                     684.0000000  361.63671  47.1%     -   57s
H    0     0                     676.0000000  361.63671  46.5%     -   60s
H    0     0                     673.0000000  361.63671  46.3%     -   65s
H    0     0                     669.0000000  361.63671  45.9%     -   66s
H    0     0                     667.0000000  361.63671  45.8%     -   70s
H    0     0                     666.0000000  361.63671  45.7%     -   72s
H    0     0                     654.0000000  361.63671  44.7%     -   76s
H    0     0                     653.0000000  364.40329  44.2%     -   81s
H    0     0                     642.0000000  364.40329  43.2%     -   81s
     0     0  364.40329    0  573  642.00000  364.40329  43.2%     -   81s
     0     0  364.40941    0  574  642.00000  364.40941  43.2%     -   81s
     0     0  364.40941    0  574  642.00000  364.40941  43.2%     -   81s
     0     0  396.08388    0  639  642.00000  396.08388  38.3%     -   88s
     0     0  398.64858    0  633  642.00000  398.64858  37.9%     -   91s
     0     0  398.98533    0  637  642.00000  398.98533  37.9%     -   93s
     0     0  398.98533    0  640  642.00000  398.98533  37.9%     -   93s
     0     0  413.93931    0  630  642.00000  413.93931  35.5%     -  107s
     0     0  422.83071    0  644  642.00000  422.83071  34.1%     -  116s
     0     0  423.97065    0  648  642.00000  423.97065  34.0%     -  119s
     0     0  425.20547    0  648  642.00000  425.20547  33.8%     -  122s
     0     0  425.83935    0  662  642.00000  425.83935  33.7%     -  124s
     0     0  425.87087    0  676  642.00000  425.87087  33.7%     -  125s
     0     0  425.87087    0  681  642.00000  425.87087  33.7%     -  125s
     0     0  436.70135    0  689  642.00000  436.70135  32.0%     -  136s
     0     0  440.18938    0  705  642.00000  440.18938  31.4%     -  141s
     0     0  441.40016    0  704  642.00000  441.40016  31.2%     -  144s
     0     0  441.94989    0  695  642.00000  441.94989  31.2%     -  148s
     0     0  441.99480    0  714  642.00000  441.99480  31.2%     -  151s
     0     0  442.02724    0  715  642.00000  442.02724  31.1%     -  151s
     0     0  442.02899    0  718  642.00000  442.02899  31.1%     -  151s
     0     0  447.25288    0  682  642.00000  447.25288  30.3%     -  157s
     0     0  447.91140    0  699  642.00000  447.91140  30.2%     -  168s
     0     0  448.13832    0  736  642.00000  448.13832  30.2%     -  176s
     0     0  448.14554    0  744  642.00000  448.14554  30.2%     -  178s
     0     0  449.72880    0  769  642.00000  449.72880  29.9%     -  182s
     0     0  449.85124    0  770  642.00000  449.85124  29.9%     -  183s
     0     0  449.87822    0  794  642.00000  449.87822  29.9%     -  186s
     0     0  450.77352    0  775  642.00000  450.77352  29.8%     -  191s
     0     0  451.15241    0  773  642.00000  451.15241  29.7%     -  193s
     0     0  451.17652    0  792  642.00000  451.17652  29.7%     -  193s
     0     0  451.64419    0  791  642.00000  451.64419  29.7%     -  197s
     0     0  451.75806    0  817  642.00000  451.75806  29.6%     -  198s
     0     0  451.77715    0  836  642.00000  451.77715  29.6%     -  199s
     0     0  451.85350    0  844  642.00000  451.85350  29.6%     -  202s
     0     0  451.85971    0  852  642.00000  451.85971  29.6%     -  203s
     0     0  452.93462    0  792  642.00000  452.93462  29.4%     -  207s
     0     0  453.10515    0  816  642.00000  453.10515  29.4%     -  210s
     0     0  453.14898    0  831  642.00000  453.14898  29.4%     -  211s
     0     0  453.15611    0  832  642.00000  453.15611  29.4%     -  211s
     0     0  453.67916    0  808  642.00000  453.67916  29.3%     -  215s
     0     0  453.76472    0  818  642.00000  453.76472  29.3%     -  215s
     0     0  453.87177    0  815  642.00000  453.87177  29.3%     -  219s
     0     0  453.87869    0  830  642.00000  453.87869  29.3%     -  219s
     0     0  453.99210    0  796  642.00000  453.99210  29.3%     -  222s
H    0     0                     634.0000000  454.06657  28.4%     -  222s
H    0     0                     631.0000000  454.06657  28.0%     -  222s
H    0     0                     629.0000000  454.06657  27.8%     -  223s
H    0     0                     627.0000000  454.06657  27.6%     -  223s
     0     0  454.06657    0  828  627.00000  454.06657  27.6%     -  225s
     0     0  454.70170    0  821  627.00000  454.70170  27.5%     -  226s
     0     0  454.99091    0  815  627.00000  454.99091  27.4%     -  228s
     0     0  455.04796    0  831  627.00000  455.04796  27.4%     -  228s
     0     0  455.05832    0  838  627.00000  455.05832  27.4%     -  229s
     0     0  455.11346    0  846  627.00000  455.11346  27.4%     -  229s
     0     0  455.14198    0  829  627.00000  455.14198  27.4%     -  230s
     0     0  455.17336    0  834  627.00000  455.17336  27.4%     -  231s
     0     0  455.24722    0  836  627.00000  455.24722  27.4%     -  234s
     0     0  455.26088    0  846  627.00000  455.26088  27.4%     -  234s
     0     0  455.41272    0  817  627.00000  455.41272  27.4%     -  236s
     0     0  455.41997    0  817  627.00000  455.41997  27.4%     -  237s
     0     0  455.41997    0  776  627.00000  455.41997  27.4%     -  243s
H    0     0                     626.0000000  455.42417  27.2%     -  263s
H    0     0                     618.0000000  455.42417  26.3%     -  265s
     0     2  455.42417    0  773  618.00000  455.42417  26.3%     -  280s
     2     4  457.60960    1  770  618.00000  457.60960  26.0% 12438  295s
     3     6  463.47334    2  782  618.00000  457.88501  25.9% 11615  302s
     5    10  466.31237    3  761  618.00000  457.88501  25.9% 10625  310s
     9    14  468.36603    4  717  618.00000  457.88501  25.9% 10421  317s
H   11    14                     616.0000000  457.88501  25.7%  9781  317s
    13    18  467.18889    5  715  616.00000  457.88501  25.7%  9898  326s
    17    22  502.87845    5  625  616.00000  457.88501  25.7% 15791  334s
H   18    22                     615.0000000  457.88501  25.5% 14914  334s
H   20    22                     614.0000000  457.88501  25.4% 14934  334s
    21    32  503.14816    6  598  614.00000  457.88501  25.4% 15397  344s
    31    38  504.14326    8  595  614.00000  457.88501  25.4% 16017  352s
    37    45  515.19856   10  496  614.00000  457.88501  25.4% 14477  362s
    44    51  515.77050   12  492  614.00000  457.88501  25.4% 13434  370s
    50    59  516.93312   14  507  614.00000  457.88501  25.4% 12476  378s
    58    63  520.78438   18  505  614.00000  457.88501  25.4% 11412  385s
    62    65  511.28951   13  395  614.00000  457.88501  25.4% 11420  393s
    64    68  529.56620   19  498  614.00000  457.88501  25.4% 11427  402s
    67    72  521.64089   20  509  614.00000  457.88501  25.4% 11101  410s
    71    81  523.05981   22  519  614.00000  457.88501  25.4% 10952  417s
    80    88  528.19655   24  496  614.00000  457.88501  25.4% 10500  426s
    87    99  529.55416   25  499  614.00000  457.88501  25.4% 10164  435s
H   98   102                     613.0000000  457.88501  25.3%  9687  441s
   103   113  536.97819   27  496  613.00000  457.88501  25.3%  9445  449s
   114   117  540.97999   32  464  613.00000  457.88501  25.3%  9069  455s
H  115   117                     611.0000000  457.88501  25.1%  8990  455s
   118   135  538.48059   33  488  611.00000  457.88501  25.1%  8925  462s
   136   157  539.33892   39  468  611.00000  457.88501  25.1%  8142  467s
   158   169  542.99036   44  487  611.00000  457.88501  25.1%  7440  473s
   170   184  543.30348   46  458  611.00000  457.88501  25.1%  7201  481s
   185   190  543.86565   50  454  611.00000  457.88501  25.1%  7000  488s
   191   197  545.72536   51  450  611.00000  457.88501  25.1%  6961  497s
   198   218  545.01843   53  456  611.00000  457.88501  25.1%  6831  504s
   215   218  524.50185   36  510  611.00000  457.88501  25.1%  6501  505s
   219   239  547.44997   62  451  611.00000  457.88501  25.1%  6495  515s
   240   264  550.38952   66  394  611.00000  457.88501  25.1%  6285  524s
   265   285  557.52647   70  366  611.00000  457.88501  25.1%  6054  532s
   286   308  555.95051   74  380  611.00000  457.88501  25.1%  5867  541s
   309   328  559.08606   80  397  611.00000  457.88501  25.1%  5713  552s
H  328   328                     605.0000000  457.88501  24.3%  5514  552s
   329   362  559.94180   88  378  605.00000  457.88501  24.3%  5518  560s
   363   393  561.46818   94  387  605.00000  457.88501  24.3%  5256  570s
   394   428  562.79273  103  384  605.00000  457.88501  24.3%  5105  580s
   429   468  563.43601  112  370  605.00000  457.88501  24.3%  4826  590s
   469   518  567.56580  125  369  605.00000  457.88501  24.3%  4594  600s
   519   574  572.78562  135  332  605.00000  457.88501  24.3%  4377  610s
H  520   574                     604.0000000  457.88501  24.2%  4369  610s
   576   630  577.03842  155  338  604.00000  457.88501  24.2%  4102  619s
   645   698  584.52685  182  275  604.00000  457.88501  24.2%  3836  629s
   713   702  588.82437  214  263  604.00000  457.88501  24.2%  3584  639s
   717   725  588.96556  215  291  604.00000  457.88501  24.2%  3598  649s
   742   740  592.70293  236  302  604.00000  457.88501  24.2%  3498  661s
   776   748  468.21498    3  706  604.00000  457.88501  24.2%  3390  673s
   784   791  479.44664   12  670  604.00000  457.88501  24.2%  3428  686s
   829   818  473.42737    4  656  604.00000  457.88501  24.2%  3308  699s
   870   837  479.43874    5  638  604.00000  457.88501  24.2%  3253  713s
   889   866  480.84792    6  625  604.00000  457.88501  24.2%  3249  725s
   918   882  483.22019    7  621  604.00000  457.88501  24.2%  3258  738s
   934   912  487.71545    8  601  604.00000  457.88501  24.2%  3274  756s
   964   943  483.16192    9  622  604.00000  457.88501  24.2%  3249  770s
   995   999  491.13705   10  578  604.00000  457.88501  24.2%  3262  790s
  1051  1059  486.94881   13  579  604.00000  457.88501  24.2%  3168  805s
  1112  1060  521.74185   21  429  604.00000  457.88501  24.2%  3078  827s
  1114  1061  529.48458   18  481  604.00000  457.88501  24.2%  3072  844s
  1115  1062  594.49816  245  569  604.00000  457.88501  24.2%  3070  879s
  1116  1063  549.59531   64  642  604.00000  457.88501  24.2%  3067  886s
  1117  1063  576.08893  148  640  604.00000  457.88501  24.2%  3064  890s
  1118  1064  591.18529  173  658  604.00000  457.88501  24.2%  3061  898s
  1119  1065  520.92276   18  681  604.00000  464.39435  23.1%  3059  904s
  1120  1065  476.00758    8  683  604.00000  471.42173  22.0%  3056  915s
  1121  1066  493.61565   22  700  604.00000  476.70879  21.1%  3053  923s
  1122  1067  579.77177  148  700  604.00000  480.67294  20.4%  3051  933s
  1123  1067  592.72633  236  716  604.00000  484.82002  19.7%  3048  942s
  1124  1068  581.33974  163  763  604.00000  486.03244  19.5%  3045  949s
  1125  1069  546.34047   57  760  604.00000  489.38882  19.0%  3042  987s
  1126  1069  551.81028   75  770  604.00000  489.71204  18.9%  3040  993s
  1127  1070  583.56717  178  750  604.00000  492.90858  18.4%  3037  999s
  1128  1071  522.79368   26  767  604.00000  493.80656  18.2%  3034 1003s
  1129  1071  549.89125   65  765  604.00000  494.49065  18.1%  3032 1008s
  1130  1072  496.09092   24  781  604.00000  495.82662  17.9%  3029 1018s
  1131  1073  517.52143   46  792  604.00000  496.59989  17.8%  3026 1023s
  1132  1073  555.54898   51  797  604.00000  497.38371  17.7%  3024 1026s
  1134  1075  572.33180  119  827  604.00000  497.68095  17.6%  3018 1030s
  1137  1077  515.71092   17  820  604.00000  498.43003  17.5%  3010 1035s
  1143  1081  571.79991  118  787  604.00000  500.72421  17.1%  2994 1045s
  1144  1081  592.72424  234  811  604.00000  501.54966  17.0%  2992 1053s
  1145  1082  550.22598   61  830  604.00000  502.03337  16.9%  2989 1060s
  1147  1083  502.42179   24  840  604.00000  502.42179  16.8%  2984 1067s
  1148  1084  549.89125   65  828  604.00000  502.69446  16.8%  2981 1074s
  1149  1085  568.67505  131  857  604.00000  502.75294  16.8%  2979 1078s
  1150  1085  574.00064   81  866  604.00000  502.81513  16.8%  2976 1080s
  1153  1087  580.39091  157  868  604.00000  503.14057  16.7%  2968 1086s
  1157  1090  592.83019  237  904  604.00000  503.17066  16.7%  2958 1091s
  1158  1091  523.07934   24  807  604.00000  505.46456  16.3%  2956 1100s
H 1159  1035                     603.0000000  506.62191  16.0%  2953 1108s
  1161  1037  528.59126   46  803  603.00000  506.95456  15.9%  2948 1114s
  1162  1037  585.80665  201  848  603.00000  507.02719  15.9%  2945 1116s
  1164  1039  543.25741   49  866  603.00000  507.14722  15.9%  2940 1120s
  1167  1041  562.60957   93  848  603.00000  507.35947  15.9%  2933 1126s
  1172  1044  508.91969    5  814  603.00000  508.91969  15.6%  2920 1134s
  1173  1045  508.91969   12  797  603.00000  508.91969  15.6%  2918 1139s
  1174  1045  572.92403  126  840  603.00000  508.91969  15.6%  2915 1140s
  1179  1049  589.31313  226  828  603.00000  510.20589  15.4%  2903 1146s
  1184  1052  588.67094  211  899  603.00000  510.20589  15.4%  2891 1150s
  1186  1053  511.56831    5  843  603.00000  511.56831  15.2%  2886 1158s
  1187  1054  515.71549   16  847  603.00000  512.02442  15.1%  2883 1163s
  1188  1055  563.54536   93  883  603.00000  512.15552  15.1%  2881 1166s
  1190  1056  512.20443    7  922  603.00000  512.20443  15.1%  2876 1170s
  1195  1059  572.74885  120  860  603.00000  513.68808  14.8%  2864 1182s
  1196  1060  585.75461  205  869  603.00000  513.80049  14.8%  2862 1185s
  1199  1062  514.06773   11  912  603.00000  514.06773  14.7%  2855 1192s
  1203  1065  516.10356    9  839  603.00000  516.10356  14.4%  2845 1200s
  1204  1065  595.77791  281  861  603.00000  516.30344  14.4%  2843 1205s
  1206  1067  574.06743  144  913  603.00000  516.43008  14.4%  2838 1210s
  1210  1069  592.33295  191  900  603.00000  517.07543  14.2%  2829 1223s
  1211  1070  556.42652   77  933  603.00000  517.29594  14.2%  2826 1226s
  1214  1072  529.48458   18  989  603.00000  517.40359  14.2%  2819 1230s
  1219  1075  520.92276   18  875  603.00000  519.82829  13.8%  2808 1238s
  1220  1076  520.02954    8  874  603.00000  520.02954  13.8%  2805 1242s
  1221  1077  520.23494   22  881  603.00000  520.23494  13.7%  2803 1245s
  1225  1079  546.34047   57  932  603.00000  520.38739  13.7%  2794 1250s
  1228  1081  522.79368   26  877  603.00000  521.17312  13.6%  2787 1257s
  1235  1086  530.10365   21  943  603.00000  521.33642  13.5%  2771 1260s
  1239  1089  563.13989  107  905  603.00000  521.92160  13.4%  2762 1265s
  1242  1091  522.23089   11  947  603.00000  522.23089  13.4%  2756 1270s
  1247  1094  522.69544   24  901  603.00000  522.69544  13.3%  2745 1290s
  1253  1098  580.39091  157  915  603.00000  522.83785  13.3%  2732 1296s
  1258  1101  523.07934   24  948  603.00000  522.83785  13.3%  2721 1300s
  1262  1104  585.80665  201  830  603.00000  523.83758  13.1%  2712 1309s
  1263  1105  539.36842   64  892  603.00000  524.07441  13.1%  2710 1314s
  1264  1105  543.25741   49  882  603.00000  524.22136  13.1%  2708 1316s
  1267  1107  562.60957   93  924  603.00000  524.35490  13.0%  2701 1320s
  1271  1110  589.61876  232  842  603.00000  524.85490  13.0%  2693 1327s
  1274  1112  572.92403  126  934  603.00000  525.07507  12.9%  2687 1331s
  1277  1114  557.64657   91  845  603.00000  527.39144  12.5%  2680 1338s
  1278  1115  538.80040   33  884  603.00000  527.74647  12.5%  2678 1341s
  1281  1117  585.99095  207  951  603.00000  528.04198  12.4%  2672 1345s
  1287  1121  528.25150   16  957  603.00000  528.25150  12.4%  2659 1350s
  1291  1123  584.42055  182  871  603.00000  528.89435  12.3%  2651 1356s
  1296  1127  585.75461  205  922  603.00000  528.89435  12.3%  2641 1360s
  1299  1129  529.23711   11  926  603.00000  529.23711  12.2%  2635 1365s
  1306  1133  574.06743  144  872  603.00000  530.27137  12.1%  2621 1370s
  1310  1136  592.33295  191  950  603.00000  530.38678  12.0%  2613 1375s
  1313  1138  544.96779   53  937  603.00000  530.88406  12.0%  2607 1380s
  1321  1143  531.40853   22  968  603.00000  531.40853  11.9%  2591 1385s
  1326  1147  551.81028   75  929  603.00000  532.10334  11.8%  2581 1390s
  1333  1151  533.22043   56  928  603.00000  532.42640  11.7%  2568 1395s
  1339  1155  563.13989  107  909  603.00000  532.63878  11.7%  2556 1400s
  1344  1159  592.72424  234  933  603.00000  532.92846  11.6%  2547 1406s
  1351  1163  589.18775  220  901  603.00000  533.30672  11.6%  2533 1412s
  1352  1164  588.81360  214  894  603.00000  533.30672  11.6%  2532 1415s
  1357  1167  592.83019  237  941  603.00000  533.30672  11.6%  2522 1420s
  1358  1168  533.77113   24  862  603.00000  533.77113  11.5%  2520 1425s
  1360  1169  534.28444   17  905  603.00000  534.28444  11.4%  2517 1432s
  1364  1172  543.25741   49  931  603.00000  534.44204  11.4%  2509 1438s
  1366  1173  565.88732   97  950  603.00000  534.44284  11.4%  2506 1440s
  1367  1174  562.60957   93  899  603.00000  534.89097  11.3%  2504 1446s
  1368  1175  535.11361   16  924  603.00000  535.11361  11.3%  2502 1450s
  1372  1177  535.18337    5  968  603.00000  535.18337  11.2%  2495 1456s
  1376  1180  589.39263  226  984  603.00000  535.19083  11.2%  2487 1460s
  1381  1183  585.99095  207  960  603.00000  535.36942  11.2%  2478 1465s
  1386  1187  535.76085    5  910  603.00000  535.76085  11.2%  2469 1470s
  1393  1191  550.16343   62  933  603.00000  536.00750  11.1%  2457 1475s
  1400  1196  546.67264   60  937  603.00000  536.00750  11.1%  2445 1480s
  1403  1198  536.01280    9  893  603.00000  536.01280  11.1%  2440 1487s
  1412  1204  536.01280   21  964  603.00000  536.01280  11.1%  2424 1490s
  1420  1209  536.27256    8  968  603.00000  536.27256  11.1%  2410 1495s
  1425  1213  546.34047   57  980  603.00000  536.60707  11.0%  2402 1500s
  1431  1217  537.18155   46  839  603.00000  537.18155  10.9%  2392 1508s
  1432  1217  555.54898   51  895  603.00000  537.18155  10.9%  2390 1510s
  1436  1220  596.53616  145  933  603.00000  537.38949  10.9%  2383 1515s
  1440  1223  564.03618  114  968  603.00000  537.73149  10.8%  2377 1520s
  1444  1225  592.72424  234  866  603.00000  537.73149  10.8%  2370 1528s
  1445  1226  550.22598   61  950  603.00000  537.73149  10.8%  2369 1530s
  1451  1230  589.18775  220  968  603.00000  537.73149  10.8%  2359 1535s
  1453  1231  580.39091  157  937  603.00000  537.88735  10.8%  2356 1542s
  1459  1235  571.09821  113  980  603.00000  537.88735  10.8%  2346 1545s
  1460  1236  537.95688   17  924  603.00000  537.95688  10.8%  2344 1551s
  1466  1240  565.88732   97  976  603.00000  537.98276  10.8%  2335 1555s
  1470  1243  574.41857  136  918  603.00000  538.24009  10.7%  2328 1562s
  1472  1244  538.24773    5  963  603.00000  538.24773  10.7%  2325 1565s
  1477  1247  557.64657   91  938  603.00000  538.43085  10.7%  2317 1571s
  1479  1249  589.31313  226  939  603.00000  538.43085  10.7%  2314 1576s
  1483  1251  580.21556  157  925  603.00000  538.76028  10.7%  2308 1587s
  1484  1252  588.67094  211  879  603.00000  539.11757  10.6%  2306 1591s
  1489  1255  565.31068  121  929  603.00000  539.44232  10.5%  2299 1595s
  1496  1260  585.75461  205  963  603.00000  539.54755  10.5%  2288 1600s
  1505  1266  582.78019  170  923  603.00000  540.24390  10.4%  2274 1608s
  1508  1268  582.92598  175  987  603.00000  540.33965  10.4%  2270 1610s
  1511  1270  556.42652   77  950  603.00000  540.52139  10.4%  2265 1615s
  1519  1275  540.52139   18  991  603.00000  540.52139  10.4%  2253 1621s
  1528  1281  540.56596   26 1001  603.00000  540.56596  10.4%  2240 1625s
  1533  1285  540.57966   56 1006  603.00000  540.57966  10.4%  2233 1631s
  1536  1287  596.53616  145  978  603.00000  540.70042  10.3%  2228 1636s
  1541  1290  593.94154  199 1002  603.00000  540.70042  10.3%  2221 1641s
  1543  1291  571.79991  118  996  603.00000  540.70042  10.3%  2218 1645s
  1550  1296  574.00064   81  983  603.00000  540.84097  10.3%  2208 1650s
  1560  1303  540.84097   17 1035  603.00000  540.84097  10.3%  2194 1655s
  1566  1307  565.88732   97 1019  603.00000  540.95706  10.3%  2186 1663s
  1570  1309  574.41857  136 1042  603.00000  540.95706  10.3%  2180 1665s
  1573  1311  541.04159   12 1013  603.00000  541.04159  10.3%  2176 1671s
  1578  1315  541.36991   33  943  603.00000  541.36991  10.2%  2169 1676s
  1584  1319  588.67094  211  999  603.00000  541.44715  10.2%  2161 1680s
  1588  1321  563.54536   93  964  603.00000  541.92322  10.1%  2155 1685s
  1594  1325  543.05934   73  968  603.00000  541.94685  10.1%  2147 1690s
  1600  1329  546.67264   60 1015  603.00000  541.94685  10.1%  2139 1696s
  1603  1331  541.94685    9 1022  603.00000  541.94685  10.1%  2135 1700s
  1610  1337  592.33295  191  481  603.00000  541.94685  10.1%  2840 1721s
  1611  1338  556.42652   77  571  603.00000  541.94685  10.1%  2838 1754s
  1612  1339  541.94685   21  549  603.00000  541.94685  10.1%  2837 1763s
  1613  1339  544.96779   53  536  603.00000  541.94685  10.1%  2835 1770s
  1614  1340  541.94685   18  602  603.00000  541.94685  10.1%  2833 1779s
  1615  1341  594.49816  245  602  603.00000  541.94685  10.1%  2831 1785s
  1616  1341  549.59531   64  648  603.00000  541.94685  10.1%  2830 1794s
  1617  1342  576.08893  148  689  603.00000  541.94685  10.1%  2828 1805s
  1618  1343  591.18529  173  680  603.00000  542.76772  10.0%  2826 1812s
  1619  1343  542.76772   18  643  603.00000  542.76772  10.0%  2824 1822s
  1620  1344  542.76772    8  682  603.00000  542.76772  10.0%  2823 1830s
  1621  1345  542.76772   22  667  603.00000  542.76772  10.0%  2821 1838s
  1622  1345  579.77177  148  697  603.00000  542.76772  10.0%  2819 1846s
  1623  1346  592.72633  236  737  603.00000  542.76772  10.0%  2817 1852s
  1624  1347  581.33974  163  726  603.00000  542.79279  10.0%  2816 1857s
  1625  1347  546.34047   57  730  603.00000  542.79279  10.0%  2814 1862s
  1626  1348  551.81028   75  721  603.00000  542.79279  10.0%  2812 1867s
  1627  1349  583.56717  178  735  603.00000  542.79279  10.0%  2810 1872s
  1628  1349  542.79279   26  776  603.00000  542.79279  10.0%  2809 1879s
  1629  1350  549.89125   65  793  603.00000  542.79279  10.0%  2807 1885s
  1631  1351  542.79279   46  833  603.00000  542.79279  10.0%  2804 1893s
  1632  1352  555.54898   51  869  603.00000  542.79279  10.0%  2802 1897s
  1633  1353  542.79279   56  867  603.00000  542.79279  10.0%  2800 1901s
  1635  1354  542.90205   21  852  603.00000  542.90205  10.0%  2797 1907s
  1636  1355  596.53616  145  871  603.00000  542.90205  10.0%  2795 1910s
  1638  1356  542.90205   20  839  603.00000  542.90205  10.0%  2792 1918s
  1639  1357  563.13989  107  853  603.00000  542.90205  10.0%  2790 1922s
  1641  1358  593.94154  199  826  603.00000  542.90205  10.0%  2786 1926s
  1646  1361  589.32771  223  884  603.00000  542.90205  10.0%  2778 1930s
  1648  1363  549.89125   65  906  603.00000  542.90205  10.0%  2775 1935s
  1653  1366  580.39091  157  902  603.00000  543.08278  9.94%  2766 1964s
  1654  1367  581.26853  159  910  603.00000  543.08278  9.94%  2765 1965s
  1659  1370  571.09821  113  899  603.00000  543.08278  9.94%  2756 1970s
  1667  1375  562.60957   93  917  603.00000  543.18897  9.92%  2743 1975s
  1670  1377  574.41857  136  923  603.00000  543.18897  9.92%  2738 1981s
  1671  1378  589.61876  232  848  603.00000  543.18897  9.92%  2736 1985s
  1673  1379  543.18897   12  876  603.00000  543.18897  9.92%  2733 1992s
  1679  1383  589.31313  226  933  603.00000  543.18897  9.92%  2723 1995s
  1680  1384  590.36399  246  873  603.00000  543.38752  9.89%  2722 2002s
  1682  1385  589.31313  226  909  603.00000  543.38752  9.89%  2719 2005s
  1685  1387  560.73548   87  929  603.00000  543.53677  9.86%  2714 2010s
  1690  1391  543.53677    7  948  603.00000  543.53677  9.86%  2706 2015s
  1691  1391  584.42055  182  872  603.00000  543.81041  9.82%  2704 2026s
  1693  1393  550.16343   62  865  603.00000  543.93956  9.79%  2701 2031s
  1698  1396  543.95867   20  919  603.00000  543.95867  9.79%  2693 2036s
  1699  1397  544.10489   11  893  603.00000  544.10489  9.77%  2691 2040s
  1706  1401  574.06743  144  940  603.00000  544.12180  9.76%  2680 2045s
  1710  1404  592.33295  191  969  603.00000  544.22657  9.75%  2674 2051s
  1712  1405  544.39931   21  915  603.00000  544.39931  9.72%  2671 2055s
  1717  1409  576.08893  148  955  603.00000  544.48884  9.70%  2663 2060s
  1720  1411  545.07397    8  880  603.00000  545.07397  9.61%  2658 2066s
  1727  1415  583.56717  178  977  603.00000  545.13251  9.60%  2648 2070s
  1729  1417  549.89125   65  916  603.00000  545.59041  9.52%  2645 2075s
  1734  1420  572.33180  119  958  603.00000  545.74020  9.50%  2637 2080s
  1738  1423  545.76420   20  960  603.00000  545.76420  9.49%  2631 2085s
  1742  1425  546.09034   11  975  603.00000  546.09034  9.44%  2625 2091s
  1745  1427  550.22598   61  858  603.00000  546.09034  9.44%  2620 2108s
  1746  1428  589.32771  223  858  603.00000  546.09034  9.44%  2619 2133s
  1747  1431  546.09034   29  786  603.00000  546.09034  9.44%  3050 2150s
  1748  1433  547.76066   30  806  603.00000  546.09034  9.44%  3058 2164s
  1751  1436  548.71478   31  755  603.00000  546.88992  9.31%  3067 2177s
  1755  1442  549.24171   32  740  603.00000  547.06968  9.28%  3093 2190s
  1762  1444  549.35515   33  684  603.00000  547.08472  9.27%  3194 2202s
  1766  1455  556.15346   33  706  603.00000  547.08472  9.27%  3289 2215s
  1779  1457  550.78475   34  640  603.00000  547.08472  9.27%  3515 2225s
  1785  1465  555.47139   35  652  603.00000  547.08472  9.27%  3539 2233s
  1795  1464  550.41232   36  709  603.00000  547.08472  9.27%  3739 2241s
  1797  1467  558.31026   39  661  603.00000  547.08472  9.27%  3745 2249s
  1801  1476  559.13897   40  618  603.00000  547.08472  9.27%  3793 2258s
  1811  1475  552.04649   37  674  603.00000  547.08472  9.27%  3931 2266s
  1814  1479  552.09458   38  665  603.00000  547.08472  9.27%  3937 2274s
  1819  1487  552.17820   38  618  603.00000  547.08472  9.27%  3951 2283s
  1828  1488  554.11101   39  630  603.00000  547.08472  9.27%  4101 2292s
  1832  1498  552.45981   40  648  603.00000  547.08472  9.27%  4109 2302s
  1844  1497  552.53588   41  653  603.00000  547.08472  9.27%  4250 2310s
  1848  1503  556.77628   41  591  603.00000  547.08472  9.27%  4262 2318s
  1855  1507  553.23323   42  627  603.00000  547.08472  9.27%  4374 2326s
  1861  1516  554.06477   42  597  603.00000  547.08472  9.27%  4393 2334s
  1872  1522  558.52050   43  621  603.00000  547.08472  9.27%  4545 2344s
  1882  1522  571.09078   52  513  603.00000  547.08472  9.27%  4651 2352s
  1885  1526  554.47496   45  667  603.00000  547.08472  9.27%  4661 2364s
  1890  1528  557.77624   46  613  603.00000  547.08472  9.27%  4686 2374s
  1894  1532  556.15900   47  658  603.00000  547.08472  9.27%  4744 2384s
  1899  1535  561.23595   47  613  603.00000  547.08472  9.27%  4753 2394s
  1904  1542  557.98687   48  644  603.00000  547.08472  9.27%  4756 2405s
  1913  1552  558.21507   49  620  603.00000  547.08472  9.27%  4769 2415s
  1926  1560  579.06654   50  543  603.00000  547.08472  9.27%  4882 2427s
  1938  1580  558.65596   51  620  603.00000  547.08472  9.27%  4943 2440s
  1962  1591  558.86226   53  618  603.00000  547.08472  9.27%  5113 2451s
  1981  1610  567.52387   53  548  603.00000  547.08472  9.27%  5093 2460s
  2007  1634  559.28592   54  588  603.00000  547.08472  9.27%  5065 2469s
  2042  1650  562.06302   55  562  603.00000  547.08472  9.27%  5032 2481s
  2079  1654  562.95162   57  580  603.00000  547.08472  9.27%  4999 2494s
  2110  1651  563.04872   58  555  603.00000  547.20583  9.25%  4959 2506s
  2121  1664  570.07282   59  490  603.00000  547.20583  9.25%  4963 2518s
  2151  1672  589.80324   61  409  603.00000  547.20583  9.25%  4944 2529s
  2182  1666  570.01498   64  462  603.00000  547.20583  9.25%  4916 2555s
  2201  1675  571.25547   65  465  603.00000  547.20583  9.25%  4906 2568s
  2217  1687  575.16156   68  393  603.00000  547.20583  9.25%  4923 2581s
  2235  1705  593.13946   70  211  603.00000  547.20583  9.25%  4940 2596s
  2271  1722  582.25475   75  406  603.00000  547.20583  9.25%  4916 2609s
  2326  1716  586.71725   88  320  603.00000  547.20583  9.25%  4851 2627s
  2369  1704  594.50852  103  348  603.00000  548.09997  9.10%  4806 2643s
  2394  1700  551.86784   32  744  603.00000  548.09997  9.10%  4788 2660s
  2398  1707  557.27756   33  663  603.00000  548.09997  9.10%  4808 2675s
  2406  1718  560.15343   35  609  603.00000  548.09997  9.10%  4823 2691s
  2420  1749  563.88729   37  601  603.00000  548.09997  9.10%  4840 2707s
  2460  1751  564.63068   39  586  603.00000  548.09997  9.10%  4814 2724s
  2490  1749  566.73905   45  568  603.00000  548.09997  9.10%  4796 2740s
  2498  1757  567.73304   47  548  603.00000  548.09997  9.10%  4829 2758s
  2509  1771  568.11837   48  560  603.00000  548.09997  9.10%  4862 2776s
  2526  1778  569.24040   54  530  603.00000  548.09997  9.10%  4893 2797s
  2539  1795  574.98305   57  403  603.00000  548.09997  9.10%  4932 2819s
  2560  1806  584.01373   60  504  603.00000  548.09997  9.10%  4973 2843s
  2578  1830  573.97617   64  475  603.00000  548.09997  9.10%  5007 2867s
  2610  1852  577.65332   72  462  603.00000  548.09997  9.10%  5034 2891s
  2644  1925  586.65657   78  477  603.00000  548.12663  9.10%  5072 2916s
  2767  1903  550.05725   36  677  603.00000  548.12663  9.10%  4962 2944s
  2795  1923  553.02650   37  601  603.00000  548.12663  9.10%  4971 2981s
  2843  1912  554.12050   38  590  603.00000  548.12663  9.10%  4943 3005s
  2848  1916  556.25034   40  568  603.00000  548.12663  9.10%  4968 3032s
  2853  1926  555.66422   39  520  603.00000  548.12663  9.10%  4985 3057s
  2865  1942  564.08467   41  401  603.00000  548.12663  9.10%  5032 3081s
  2885  1973  563.80809   43  398  603.00000  548.12663  9.10%  5073 3106s
  2952  1965  566.07788   46  396  603.00000  548.12663  9.10%  5035 3136s
  2968  1977  570.43472   50  401  603.00000  548.51099  9.04%  5073 3166s
  2985  2010  573.84792   55  394  603.00000  548.51099  9.04%  5106 3196s
  3027  2054  580.20798   60  386  603.00000  548.51099  9.04%  5121 3230s
  3098  2074  588.14126   85  414  603.00000  548.51099  9.04%  5094 3268s
  3164  2084  554.42222   34  702  603.00000  548.51099  9.04%  5088 3319s
  3214  2093  556.29393   36  671  603.00000  548.78294  8.99%  5106 3356s
  3254  2104  561.99261   39  643  603.00000  548.78294  8.99%  5153 3392s
  3287  2111  566.22492   43  641  603.00000  548.78294  8.99%  5184 3427s
  3305  2136  569.98330   48  592  603.00000  548.78294  8.99%  5246 3467s
  3336  2192  580.43403   59  478  603.00000  549.28562  8.91%  5315 3507s
  3425  2237  560.63777   37  526  603.00000  549.55658  8.86%  5305 3552s
  3527  2257  565.95670   40  448  603.00000  549.55658  8.86%  5277 3597s
  3586  2301  592.27435   50  431  603.00000  549.55658  8.86%  5320 3650s
  3726  2278  557.13897   40  659  603.00000  549.55658  8.86%  5263 3707s
  3750  2307  563.05824   44  559  603.00000  549.55658  8.86%  5331 3754s
  3802  2334  572.61863   51  542  603.00000  549.55658  8.86%  5364 3810s
  3872  2358  555.66854   37  645  603.00000  549.55658  8.86%  5393 3871s
  3920  2383  562.17368   42  580  603.00000  549.55658  8.86%  5441 3927s
  3972  2437  563.18104   48  578  603.00000  549.55658  8.86%  5462 3986s
  4052  2481  581.16366   65  405  603.00000  549.55658  8.86%  5476 4044s
  4136  2538  564.47174   40  508  603.00000  549.55658  8.86%  5481 4116s
  4265  2563  575.47752   48  456  603.00000  549.55658  8.86%  5437 4177s
  4355  2587  566.09606   39  624  603.00000  549.55658  8.86%  5470 4239s
  4421  2649  579.73735   55  421  603.00000  549.55658  8.86%  5546 4309s
  4560  2654  569.84865   41  547  603.00000  549.55658  8.86%  5534 4381s
  4624  2729  582.53831   58  495  603.00000  549.55658  8.86%  5592 4463s
  4738  2768  562.71918   40  549  603.00000  549.55658  8.86%  5610 4550s
  4829  2846  580.64487   53  446  603.00000  552.13960  8.43%  5668 4622s
  5012  2789  568.68102   44  628  603.00000  552.48903  8.38%  5618 4701s
  5016  2803  568.95583   45  616  603.00000  552.48903  8.38%  5621 4785s
  5031  2871  575.70906   54  589  603.00000  552.48903  8.38%  5666 4867s
  5117  2945  559.38557   35  669  603.00000  552.48903  8.38%  5724 4955s
  5252  2988  565.71254   40  591  603.00000  552.48903  8.38%  5751 5036s
  5349  3098  574.44468   50  528  603.00000  552.48903  8.38%  5828 5153s
  5534  3104  563.61030   40  614  603.00000  552.48903  8.38%  5809 5266s
  5630  3192  578.07672   54  567  603.00000  552.48903  8.38%  5875 5365s
  5807  3227  560.86091   38  722  603.00000  552.48903  8.38%  5874 5468s
  5941  3293  559.15522   39  818  603.00000  552.48903  8.38%  5907 5577s
  6085  3556  561.93845   36  679  603.00000  553.18685  8.26%  6101 5701s
  6488  3766  598.03822   53  437  603.00000  553.58621  8.19%  6472 5832s
  6822  4018  568.44313   40  654  603.00000  553.96109  8.13%  6671 5973s
  7160  4187  566.97272   44  732  603.00000  553.99521  8.13%  6885 6120s
  7384  4437  564.28241   46  505  603.00000  553.99521  8.13%  6986 6293s
  7770  4615  565.06991   39  737  603.00000  554.12657  8.11%  7156 6437s
  8075  4846  567.83966   37  704  603.00000  554.41692  8.06%  7275 6606s
  8466  5095  565.68828   41  660  603.00000  554.70544  8.01%  7393 6767s
  8806  5341  567.17523   49  615  603.00000  555.17782  7.93%  7627 6958s
  9178  5537  570.57318   53  514  603.00000  555.42239  7.89%  7786 7154s
  9488  5837  562.68447   40  577  603.00000  555.67689  7.85%  7878 7346s
  9939  6114  568.02116   38  545  603.00000  555.97979  7.80%  8047 7563s
 10391  6462  564.40725   40  632  603.00000  556.15346  7.77%  8143 7797s
 10842  6745  565.34549   38  663  603.00000  556.25532  7.75%  8321 8006s
 11290  7051  566.77925   42  752  603.00000  556.62085  7.69%  8379 8207s
 11761  7327  584.96334   56  468  603.00000  556.77628  7.67%  8423 8410s
 12233  7564  563.73852   37  704  603.00000  556.92442  7.64%  8434 8621s
 12622  7843  561.49340   41  638  603.00000  557.17870  7.60%  8478 8823s
 13051  8129  562.52079   38  714  603.00000  557.48407  7.55%  8542 9007s
 13514  8368  566.41617   43  670  603.00000  557.81276  7.49%  8581 9182s
 13906  8747  571.65263   40  612  603.00000  557.82712  7.49%  8622 9383s
 14452  9103  566.49885   44  652  603.00000  558.05792  7.45%  8658 9565s
 14957  9243  563.51390   39  791  603.00000  558.30961  7.41%  8721 9776s
 15155  9674     cutoff   81       603.00000  558.32959  7.41%  8741 9977s
 15809  9960  590.80309   70  424  603.00000  558.54134  7.37%  8767 10141s
 16280 10202  573.67396   50  499  603.00000  558.75240  7.34%  8781 10318s
 16643 10429  585.43105   52  421  603.00000  558.75240  7.34%  8802 10479s
 17015 10793  573.97064   36  561  603.00000  558.96571  7.30%  8866 10693s
 17550 11100  580.75579   50  576  603.00000  559.32896  7.24%  8954 10867s
 17989 11493  590.03276   83  315  603.00000  559.40091  7.23%  9021 11035s
 18615 11723  566.95673   40  637  603.00000  559.55586  7.20%  9011 11190s
 19026 12012  569.27149   44  616  603.00000  559.58452  7.20%  9022 11382s
 19438 12345  570.16039   39  602  603.00000  559.58452  7.20%  9062 11564s
 19932 12702  573.35967   44  627  603.00000  559.81962  7.16%  9109 11741s
 20392 13001  571.24069   38  597  603.00000  559.91416  7.15%  9143 11904s
 20838 13002  601.83354   71  429  603.00000  560.01145  7.13%  9209 12689s
 20840 13003  578.40849   60  484  603.00000  560.01145  7.13%  9208 12706s
 20841 13004  572.83512   48  566  603.00000  560.01145  7.13%  9207 12732s
 20842 13005  580.28427   48  555  603.00000  560.01145  7.13%  9207 12737s
 20843 13005  576.91961   43  616  603.00000  560.01145  7.13%  9206 12745s
 20844 13006  574.77199   55  563  603.00000  560.01145  7.13%  9206 12753s
 20845 13007  569.59039   43  564  603.00000  560.01145  7.13%  9205 12760s
 20846 13007  595.43025   74  630  603.00000  560.01145  7.13%  9205 12768s
 20847 13008  572.14734   49  620  603.00000  560.01145  7.13%  9205 12777s
 20848 13009  583.67269   72  639  603.00000  560.01145  7.13%  9204 12787s
 20849 13009  569.37779   43  649  603.00000  560.01145  7.13%  9204 12794s
 20850 13010  569.29677   45  659  603.00000  560.01145  7.13%  9203 12803s
 20851 13011  598.69784   56  726  603.00000  560.01145  7.13%  9203 12813s
 20852 13011  598.43842   63  684  603.00000  560.01145  7.13%  9202 12817s
 20853 13012  599.52575  102  706  603.00000  560.01145  7.13%  9202 12824s
 20854 13013  562.56082   39  768  603.00000  560.01145  7.13%  9202 12830s
 20855 13013  586.52992   76  758  603.00000  560.01145  7.13%  9201 12835s
 20856 13014  568.73745   51  776  603.00000  560.01145  7.13%  9201 12842s
 20857 13015  574.33525   48  776  603.00000  560.01145  7.13%  9200 12847s
 20858 13015  574.75628   45  827  603.00000  560.01145  7.13%  9200 12852s
 20859 13016  574.88404   52  808  603.00000  560.01145  7.13%  9199 12857s
 20861 13017  577.09578   53  867  603.00000  560.01145  7.13%  9198 12863s
 20862 13018  576.63138   48  861  603.00000  560.01145  7.13%  9198 12866s
 20864 13019  583.95270   64  836  603.00000  560.01145  7.13%  9197 12872s
 20866 13021  576.30209   71  876  603.00000  560.01145  7.13%  9196 12875s
 20869 13023  578.99956   65  926  603.00000  560.01145  7.13%  9195 12880s
 20872 13025  576.30972   46  919  603.00000  560.01145  7.13%  9194 12885s
 20875 13027  571.99213   41  899  603.00000  560.01145  7.13%  9192 12890s
 20882 13031  597.78606   66  937  603.00000  560.01145  7.13%  9189 12895s
 20888 13035  588.25993   58  909  603.00000  560.01145  7.13%  9187 12904s
 20889 13036  587.04395   46  917  603.00000  560.01145  7.13%  9186 12906s
 20891 13037  592.87655   57  961  603.00000  560.01145  7.13%  9185 12931s
 20892 13038  585.83291   50  945  603.00000  560.01145  7.13%  9185 12940s
 20895 13040  593.09742   56  994  603.00000  560.01145  7.13%  9183 12965s
 20897 13041  596.45867   62  961  603.00000  560.01145  7.13%  9183 12970s
 20899 13043  592.97455   68  986  603.00000  560.01145  7.13%  9182 13005s
 20900 13043  590.56549   74  895  603.00000  560.01145  7.13%  9181 13011s
 20904 13046  570.62645   50  986  603.00000  560.01145  7.13%  9180 13049s
 20905 13047  590.30033   79  972  603.00000  560.01145  7.13%  9179 13077s
 20907 13048  590.51704   51  995  603.00000  560.01145  7.13%  9178 13102s
 20908 13049  595.39902   65  909  603.00000  560.01145  7.13%  9178 13108s
 20910 13050  576.20398   58  908  603.00000  560.01145  7.13%  9177 13111s
 20913 13052  598.11176   90  922  603.00000  560.01145  7.13%  9176 13136s
 20915 13053  599.19193   91  915  603.00000  560.01145  7.13%  9175 13141s
 20918 13055  583.53887   58  907  603.00000  560.01145  7.13%  9173 13170s
 20919 13056  579.14376   62  904  603.00000  560.01145  7.13%  9173 13186s
 20921 13057  569.17171   42  960  603.00000  560.01145  7.13%  9172 13215s
 20923 13059  594.36767   70  950  603.00000  560.01145  7.13%  9171 13220s
 20927 13061  593.81772   87  983  603.00000  560.01145  7.13%  9169 13254s
 20928 13062  577.60459   54  948  603.00000  560.01145  7.13%  9169 13260s
 20933 13065  600.39070   74 1021  603.00000  560.01145  7.13%  9167 13287s
 20937 13068  592.85034   98 1031  603.00000  560.01145  7.13%  9165 13318s
 20938 13069  601.83354   71  986  603.00000  560.01145  7.13%  9165 13322s
 20943 13072  576.91961   43  999  603.00000  560.01145  7.13%  9162 13352s
 20948 13075  583.67269   72 1050  603.00000  560.01145  7.13%  9160 13383s
 20949 13076  569.37779   43 1022  603.00000  560.01145  7.13%  9160 13387s
 20953 13079  599.52575  102 1037  603.00000  560.01145  7.13%  9158 13414s
 20954 13079  562.56082   39  996  603.00000  560.01145  7.13%  9158 13416s
 20956 13081  568.73745   51 1037  603.00000  560.01145  7.13%  9157 13446s
 20958 13082  574.75628   45 1018  603.00000  560.01145  7.13%  9156 13450s
 20960 13083  580.43516   53 1044  603.00000  560.01145  7.13%  9155 13482s
 20962 13085  576.63138   48 1048  603.00000  560.01145  7.13%  9154 13512s
 20963 13085  576.91961   43 1030  603.00000  560.01145  7.13%  9154 13515s
 20966 13087  576.30209   71 1009  603.00000  560.01145  7.13%  9152 13547s
 20970 13090  596.37978   79 1027  603.00000  560.01145  7.13%  9151 13572s
 20971 13091  566.43693   50  994  603.00000  560.01145  7.13%  9150 13576s
 20972 13091  576.30972   46 1025  603.00000  560.01145  7.13%  9150 13599s
 20973 13092  590.67545   51 1033  603.00000  560.01145  7.13%  9149 13606s
 20975 13093  571.99213   41 1035  603.00000  560.01145  7.13%  9148 13629s
 20976 13094  577.48664   50 1029  603.00000  560.01145  7.13%  9148 13632s
 20979 13096  581.78788   54  965  603.00000  560.01145  7.13%  9147 13657s
 20980 13097  594.32846   91  970  603.00000  560.01145  7.13%  9146 13715s
 20982 13098  597.78606   66  989  603.00000  560.01145  7.13%  9145 13735s
 20984 13099  569.38626   41  950  603.00000  560.01145  7.13%  9145 13762s
 20987 13101  595.75270   65 1024  603.00000  560.01145  7.13%  9143 13790s
 20989 13103  587.04395   46 1013  603.00000  560.01145  7.13%  9142 13819s
 20990 13103  574.22857   42  942  603.00000  560.01145  7.13%  9142 13822s
 20992 13105  585.83291   50  972  603.00000  560.01145  7.13%  9141 13845s
 20995 13107  593.09742   56  938  603.00000  560.01145  7.13%  9140 13850s
 20997 13108  596.45867   62  971  603.00000  560.01145  7.13%  9139 13874s
 20998 13109  592.28634   72  991  603.00000  560.01145  7.13%  9138 13876s
 20999 13109  592.97455   68  990  603.00000  560.01145  7.13%  9138 13899s
 21000 13110  590.56549   74  989  603.00000  560.01145  7.13%  9138 13903s
 21001 13111  592.34446   55  989  603.00000  560.01145  7.13%  9137 13933s
 21002 13111  588.92346   68  983  603.00000  560.01145  7.13%  9137 13935s
 21004 13113  570.62645   50  977  603.00000  560.01145  7.13%  9136 13965s
 21006 13114  597.09032   70  980  603.00000  560.01145  7.13%  9135 13987s
 21008 13115  595.39902   65  984  603.00000  560.01145  7.13%  9134 14010s
 21010 13117  576.20398   58  989  603.00000  560.01145  7.13%  9133 14034s
 21011 13117  591.44806   60  992  603.00000  560.01145  7.13%  9133 14036s
 21012 13118  568.02116   39  995  603.00000  560.01145  7.13%  9132 14064s
 21013 13119  598.11176   90  887  603.00000  560.01145  7.13%  9132 14090s
 21014 13119  594.60379   50  999  603.00000  560.01145  7.13%  9131 14118s
 21015 13120  599.19193   91  983  603.00000  560.01145  7.13%  9131 14146s
 21019 13123  579.14376   62  968  603.00000  560.01145  7.13%  9129 14150s
 21020 13123  592.62301  133  973  603.00000  560.01145  7.13%  9129 14178s
 21021 13124  569.17171   42  910  603.00000  560.01145  7.13%  9128 14182s
 21024 13126  588.00215   46  937  603.00000  560.01145  7.13%  9127 14208s
 21025 13127  574.40363   46  906  603.00000  560.01145  7.13%  9127 14214s
 21026 13127  576.30755   55  933  603.00000  560.01145  7.13%  9126 14215s
 21031 13131  590.95437   77 1054  603.00000  560.01145  7.13%  9124 14246s
 21032 13131  570.04977   45 1040  603.00000  560.01145  7.13%  9124 14250s
 21035 13133  578.41464   48 1008  603.00000  560.01145  7.13%  9122 14277s
 21036 13134  575.37868   37  947  603.00000  560.01145  7.13%  9122 14280s
 21039 13136  596.28357   86 1004  603.00000  560.01145  7.13%  9121 14308s
 21040 13137  578.40849   60 1004  603.00000  560.01145  7.13%  9120 14311s
 21041 13137  572.83512   48 1011  603.00000  560.01145  7.13%  9120 14337s
 21042 13138  580.28427   48  994  603.00000  560.01145  7.13%  9119 14341s
 21043 13139  576.91961   43  997  603.00000  560.01145  7.13%  9119 14370s
 21045 13140  569.59039   43  970  603.00000  560.01145  7.13%  9118 14398s
 21046 13141  595.43025   74  986  603.00000  560.01145  7.13%  9118 14400s
 21047 13141  572.14734   49  977  603.00000  560.01145  7.13%  9117 14429s
 21048 13142  583.67269   72  978  603.00000  560.01145  7.13%  9117 14431s
 21050 13143  569.29677   45  980  603.00000  560.01145  7.13%  9116 14455s
 21052 13145  598.43842   63  991  603.00000  560.01145  7.13%  9115 14481s
 21053 13145  599.52575  102 1027  603.00000  560.01145  7.13%  9115 14486s
 21054 13146  562.56082   39 1035  603.00000  560.01145  7.13%  9114 14512s
 21056 13147  568.73745   51 1006  603.00000  560.01145  7.13%  9113 14535s
 21059 13149  574.88404   52 1015  603.00000  560.01145  7.13%  9112 14562s
 21061 13151  577.09578   53  974  603.00000  560.01145  7.13%  9111 14565s
 21062 13151  576.63138   48  968  603.00000  560.01145  7.13%  9111 14591s
 21066 13154  576.30209   71  991  603.00000  560.01145  7.13%  9109 14614s
 21067 13155  593.44452   65  991  603.00000  560.01145  7.13%  9108 14618s
 21068 13155  583.39732   49 1001  603.00000  560.01145  7.13%  9108 14645s
 21070 13157  596.37978   79 1000  603.00000  560.01145  7.13%  9107 14672s
 21072 13158  576.30972   46 1013  603.00000  560.01145  7.13%  9106 14695s
 21073 13159  590.67545   51 1013  603.00000  560.01145  7.13%  9106 14719s
 21074 13159  580.10897   67  900  603.00000  560.01145  7.13%  9105 14747s
 21075 13160  571.99213   41 1022  603.00000  560.01145  7.13%  9105 14772s
 21076 13161  577.48664   50  991  603.00000  560.01145  7.13%  9105 14800s
 21077 13161  597.02562   52 1014  603.00000  560.01145  7.13%  9104 14829s
 21078 13162  597.03921   86  960  603.00000  560.01145  7.13%  9104 14832s
 21082 13165  597.78606   66 1022  603.00000  560.01145  7.13%  9102 14860s
 21084 13166  569.38626   41 1068  603.00000  560.01145  7.13%  9101 14890s
 21086 13167  579.81193   67 1032  603.00000  560.01145  7.13%  9100 14923s
 21087 13168  595.75270   65 1010  603.00000  560.01145  7.13%  9100 14926s
 21088 13169  588.25993   58 1033  603.00000  560.01145  7.13%  9099 14951s
 21092 13171  585.83291   50  995  603.00000  560.01145  7.13%  9098 14977s
 21093 13172  577.18134   58 1021  603.00000  560.01145  7.13%  9097 14981s
 21094 13173  571.34670   40 1027  603.00000  560.01145  7.13%  9097 15008s
 21095 13173  593.09742   56 1022  603.00000  560.01145  7.13%  9096 15010s
 21096 13174  575.31416   52 1028  603.00000  560.01145  7.13%  9096 15039s
 21097 13175  596.45867   62 1032  603.00000  560.01145  7.13%  9096 15041s
 21098 13175  592.28634   72 1033  603.00000  560.01145  7.13%  9095 15066s
 21099 13176  592.97455   68  938  603.00000  560.01145  7.13%  9095 15093s
 21100 13177  590.56549   74 1031  603.00000  560.01145  7.13%  9094 15119s
 21101 13177  592.34446   55 1016  603.00000  560.01145  7.13%  9094 15142s
 21102 13178  588.92346   68 1016  603.00000  560.01145  7.13%  9093 15180s
 21103 13179  561.90990   45 1016  603.00000  560.01145  7.13%  9093 15241s
 21104 13181  560.01145   41  908  603.00000  560.01145  7.13%  9137 15251s
 21105 13183  560.01145   42  844  603.00000  560.01145  7.13%  9137 15261s
 21107 13186  561.90222   42  904  603.00000  560.01145  7.13%  9137 15270s
 21111 13189  562.64636   43  846  603.00000  560.01145  7.13%  9137 15277s
 21115 13196  563.57887   44  808  603.00000  560.01145  7.13%  9139 15287s
 21123 13198  567.90001   45  674  603.00000  560.01145  7.13%  9151 15296s
 21128 13202  564.65672   46  713  603.00000  560.01145  7.13%  9151 15306s
 21134 13204  566.20649   47  728  603.00000  560.01145  7.13%  9160 15315s
 21138 13210  566.32045   48  732  603.00000  560.01145  7.13%  9160 15323s
 21145 13219  584.67553   49  547  603.00000  560.01145  7.13%  9163 15334s
 21156 13223  567.39050   51  722  603.00000  560.01145  7.13%  9176 15342s
 21164 13226  568.70751   52  727  603.00000  560.01145  7.13%  9175 15348s
 21170 13233  571.73964   52  718  603.00000  560.01145  7.13%  9175 15354s
 21179 13242  573.32133   53  549  603.00000  560.01145  7.13%  9175 15361s
 21191 13248  574.32501   54  552  603.00000  560.01145  7.13%  9183 15366s
 21202 13253  582.32854   55  584  603.00000  560.01145  7.13%  9180 15371s
 21214 13260  575.75881   57  573  603.00000  560.01145  7.13%  9177 15378s
 21227 13262  580.90894   58  505  603.00000  560.01145  7.13%  9174 15382s
 21242 13268  577.95919   60  566  603.00000  560.01145  7.13%  9169 15388s
 21259 13277  584.83586   62  470  603.00000  560.01145  7.13%  9164 15394s
 21278 13289  581.19287   65  487  603.00000  560.01145  7.13%  9158 15399s
 21297 13291  581.40772   67  475  603.00000  560.01145  7.13%  9152 15404s
 21322 13290  581.84550   69  487  603.00000  560.01145  7.13%  9143 15409s
 21348 13282  582.18137   71  505  603.00000  560.01145  7.13%  9134 15417s
 21365 13279  586.90877   71  461  603.00000  560.01145  7.13%  9127 15422s
 21382 13281  582.55114   72  510  603.00000  560.01145  7.13%  9121 15431s
 21391 13286  588.49245   74  460  603.00000  560.17704  7.10%  9120 15438s
 21399 13295  585.66589   77  507  603.00000  560.17704  7.10%  9118 15446s
 21411 13304  593.94524   81  376  603.00000  560.17704  7.10%  9115 15455s
 21428 13302  597.40903   89  433  603.00000  560.17704  7.10%  9109 15466s
 21444 13301  601.38837   81  261  603.00000  560.46659  7.05%  9105 15475s
 21451 13305  564.72444   45  753  603.00000  560.46659  7.05%  9104 15485s
 21457 13310  568.21720   46  718  603.00000  560.46659  7.05%  9105 15495s
 21464 13316  569.64751   45  553  603.00000  560.46659  7.05%  9104 15503s
 21473 13338  569.71429   46  556  603.00000  560.46659  7.05%  9103 15510s
 21514 13332  573.41285   47  583  603.00000  560.46659  7.05%  9089 15519s
 21549 13332  576.08109   50  461  603.00000  560.46659  7.05%  9076 15531s
 21575 13344  578.00893   52  425  603.00000  560.46659  7.05%  9069 15538s
 21620 13346  592.22169   59  394  603.00000  560.46659  7.05%  9053 15561s
 21679 13333  568.59616   46  779  603.00000  560.46659  7.05%  9031 15571s
 21689 13338  569.41820   47  733  603.00000  560.87104  6.99%  9029 15581s
 21698 13346  572.49241   49  626  603.00000  560.87104  6.99%  9028 15591s
 21709 13354  577.58231   51  589  603.00000  560.87104  6.99%  9027 15602s
 21720 13367  575.59470   54  576  603.00000  560.87104  6.99%  9025 15613s
 21737 13382  581.33090   57  540  603.00000  560.87104  6.99%  9023 15623s
 21758 13396  582.66202   62  503  603.00000  560.87104  6.99%  9018 15636s
 21793 13416  591.38488   57  460  603.00000  561.25415  6.92%  9010 15650s
 21844 13435  566.89495   47  793  603.00000  561.25415  6.92%  8995 15665s
 21899 13460  567.93327   48  792  603.00000  561.25415  6.92%  8978 15679s
 21981 13440  567.93362   49  803  603.00000  561.25415  6.92%  8948 15704s
 21990 13448  570.39836   51  750  603.00000  561.92149  6.81%  8948 15716s
 22001 13459  572.90054   56  670  603.00000  561.92149  6.81%  8949 15731s
 22016 13479  573.80225   59  697  603.00000  561.92149  6.81%  8948 15747s
 22056 13522  575.22151   61  697  603.00000  561.92149  6.81%  8938 15761s
 22130 13508  576.56107   66  651  603.00000  561.92149  6.81%  8915 15781s
 22159 13514  578.14047   69  668  603.00000  562.65601  6.69%  8908 15798s
 22174 13529  584.07757   74  645  603.00000  562.65601  6.69%  8907 15816s
 22208 13547  587.58538   85  581  603.00000  562.65601  6.69%  8900 15834s
 22249 13557  592.45418  105  547  603.00000  562.65601  6.69%  8891 15852s
 22294 13582  572.84525   47  602  603.00000  563.22225  6.60%  8881 15870s
 22334 13624  578.62542   54  449  603.00000  563.22225  6.60%  8873 15893s
 22416 13645     cutoff   52       603.00000  563.35226  6.58%  8851 15926s
 22494 13646  569.12084   45  732  603.00000  563.35226  6.58%  8828 15952s
 22546 13653  575.35053   48  651  603.00000  563.79731  6.50%  8815 15972s
 22571 13688  588.46197   56  464  603.00000  563.79731  6.50%  8812 15996s
 22650 13694  576.53543   50  738  603.00000  563.79731  6.50%  8789 16024s
 22684 13752  581.02064   56  601  603.00000  563.79731  6.50%  8786 16047s
 22762 13779  590.35136   77  572  603.00000  563.87426  6.49%  8767 16100s
 22863 13759  568.42324   49  642  603.00000  564.33834  6.41%  8738 16128s
 22877 13783  569.35005   51  597  603.00000  564.33834  6.41%  8736 16167s
 22946 13803  586.32289   58  515  603.00000  564.33834  6.41%  8720 16197s
 23018 13817  570.15279   50  858  603.00000  564.33834  6.41%  8703 16228s
 23069 13855  575.12940   56  594  603.00000  564.33834  6.41%  8694 16260s
 23139 13922  585.84054   67  481  603.00000  564.33834  6.41%  8677 16299s
 23277 13929  566.51947   52  776  603.00000  564.33834  6.41%  8637 16336s
 23346 13939  568.26282   58  671  603.00000  564.90413  6.32%  8625 16370s
 23389 13990  574.82235   63  534  603.00000  564.90413  6.32%  8620 16413s
 23494 14016  596.98852   55  642  603.00000  564.91751  6.32%  8595 16452s
 23588 14021  574.87470   52  707  603.00000  564.98352  6.30%  8573 16499s
 23645 14054  580.25581   60  585  603.00000  564.98352  6.30%  8561 16540s
 23713 14106  590.95450   86  550  603.00000  565.59326  6.20%  8550 16593s
 23803 14156  575.28934   54  702  603.00000  565.59326  6.20%  8532 16649s
 23938 14156  575.79932   58  697  603.00000  565.59326  6.20%  8496 16693s
 23990 14238  589.95969   68  599  603.00000  565.59326  6.20%  8492 16741s
 24139 14328  579.85661   55  576  603.00000  565.59326  6.20%  8459 16792s
 24323 14356  573.27415   51  642  603.00000  565.59326  6.20%  8415 16835s
 24427 14404  582.62575   64  554  603.00000  566.28082  6.09%  8396 16885s
 24561 14529  577.77295   52  582  603.00000  566.43732  6.06%  8371 16940s
 24816 14529  567.89444   54  659  603.00000  566.57808  6.04%  8306 17003s
 24946 14581  582.28408   63  646  603.00000  566.57808  6.04%  8283 17060s
 25104 14532  592.41882   59  386  603.00000  566.65522  6.03%  8251 17113s
 25108 14556  592.85730   60  385  603.00000  566.65522  6.03%  8250 17170s
 25134 14599  593.43915   61  395  603.00000  566.65522  6.03%  8247 17236s
 25253 14701  576.83336   48  698  603.00000  566.85138  5.99%  8223 17292s
 25485 14745  595.39265   72  615  603.00000  567.28439  5.92%  8173 17364s
 25672 14790  570.49082   49  770  603.00000  567.28439  5.92%  8140 17425s
 25840 14819  578.06413   61  650  603.00000  567.28439  5.92%  8112 17501s
 25960 14928  574.30956   56  645  603.00000  567.79180  5.84%  8097 17576s
 26179 14980  575.40835   48  800  603.00000  567.90092  5.82%  8056 17650s
 26356 15138  582.10245   58  532  603.00000  567.90360  5.82%  8032 17725s
 26668 15168  575.19511   56  714  603.00000  568.02751  5.80%  7969 17809s
 26836 15386  577.79833   54  770  603.00000  568.21720  5.77%  7949 17901s
 27178 15508  584.12217   51  874  603.00000  568.22773  5.77%  7882 17989s
 27549 15532  579.66218   54  577  603.00000  568.40948  5.74%  7814 18079s
 27830 15709  572.84062   54  791  603.00000  568.61528  5.70%  7771 18169s
 28190 15872  579.64662   51  713  603.00000  568.73249  5.68%  7705 18268s
 28640 15943  584.90253   52  657  603.00000  569.00033  5.64%  7621 18369s
 28997 16076  587.41182   63  606  603.00000  569.17830  5.61%  7565 18470s
 29367 16209  576.63773   50  863  603.00000  569.26794  5.59%  7505 18577s
 29707 16450  582.18656   66  499  603.00000  569.41820  5.57%  7454 18694s
 30260 16475  575.35997   49  644  603.00000  569.64751  5.53%  7363 18824s
 30374 16437  579.48141   51  767  603.00000  569.73109  5.52%  7352 18825s
 30547 16785  580.02755   64  617  603.00000  569.84050  5.50%  7330 18961s
 31124 17057  580.83315   49  768  603.00000  570.03250  5.47%  7239 19101s
 31786 17135  588.07587   67  622  603.00000  570.17095  5.44%  7139 19200s
 32222 17243  579.40744   53  822  603.00000  570.44658  5.40%  7077 19295s
 32590 17346  594.06802   72  599  603.00000  570.47005  5.39%  7028 19390s
 32899 17539  581.73299   59  601  603.00000  570.57249  5.38%  6992 19509s
 33374 17659  585.10463   77  613  603.00000  570.68152  5.36%  6925 19618s
 33772 17850  596.31581   53  571  603.00000  570.75556  5.35%  6874 19720s
 34273 18036  589.87409   67  539  603.00000  570.87150  5.33%  6808 19811s
 34773 18079  592.53668   70  482  603.00000  570.99988  5.31%  6744 19906s
 35162 18192  582.73909   59  689  603.00000  571.09445  5.29%  6695 20013s
 35518 18365  584.28598   65  616  603.00000  571.13798  5.28%  6654 20104s
 35989 18603  584.13227   68  671  603.00000  571.34631  5.25%  6600 20204s
 36509 18723  579.23429   58  647  603.00000  571.42216  5.24%  6539 20303s
 36998 18838  582.72001   72  566  603.00000  571.55903  5.21%  6483 20402s
 37392 18953  596.39191   79  531  603.00000  571.57778  5.21%  6442 20490s
 37777 19077  592.89934  106  435  603.00000  571.69691  5.19%  6406 20575s
 38171 19178  577.75335   53  767  603.00000  571.80580  5.17%  6371 20661s
 38492 19347  594.66068   61  465  603.00000  571.84554  5.17%  6347 20758s
 38917 19529  583.78955   54  722  603.00000  571.95267  5.15%  6306 20869s
 39389 19680  579.72502   54  678  603.00000  572.04949  5.13%  6262 20962s
 39867 19831  597.32886   66  547  603.00000  572.17281  5.11%  6214 21050s
 40323 19960  583.89680   55  663  603.00000  572.33185  5.09%  6172 21148s
 40771 20151  587.42404   79  606  603.00000  572.40173  5.07%  6131 21237s
 41270 20328  593.11553   72  445  603.00000  572.54811  5.05%  6085 21318s
 41772 20490  591.77224   61  625  603.00000  572.60164  5.04%  6038 21418s
 42260 20729  578.22107   58  631  603.00000  572.77508  5.01%  6002 21517s
 42884 20676  585.86552   59  606  603.00000  572.88536  4.99%  5945 21591s
 43110 20875  585.30586   60  669  603.00000  572.91901  4.99%  5932 21666s
 43520 21049  596.43682   98  470  603.00000  573.01057  4.97%  5899 21742s
 44047 21093     cutoff  106       603.00000  573.11571  4.96%  5854 21833s
 44434 21300  584.40923   50  695  603.00000  573.21037  4.94%  5827 21919s
 44912 21472  580.38433   56  668  603.00000  573.26233  4.93%  5788 21993s
 45425 21582  580.14913   54  705  603.00000  573.33978  4.92%  5746 22064s
 45843 21685  585.71440   57  560  603.00000  573.38716  4.91%  5716 22135s
 46196 21792  583.87553   63  651  603.00000  573.39346  4.91%  5692 22221s
 46584 21906  593.88385   56  514  603.00000  573.48562  4.89%  5664 22302s
 46997 22057  585.36203   57  666  603.00000  573.62615  4.87%  5638 22378s
 47488 22117  581.13203   54  622  603.00000  573.71588  4.86%  5602 22459s
 47821 22211  590.31068   64  424  603.00000  573.75849  4.85%  5580 22533s
 48134 22396  591.42074   62  550  603.00000  573.81821  4.84%  5561 22619s
 48552 22588  585.87477   60  589  603.00000  573.88710  4.83%  5534 22700s
 48965 22844  586.21175   70  552  603.00000  573.92844  4.82%  5508 22781s
 49496 22906  579.56029   58  775  603.00000  574.06998  4.80%  5472 22865s
 49850 23125  581.65740   65  748  603.00000  574.10964  4.79%  5453 22947s
 50292 23312  584.48357   58  708  603.00000  574.11854  4.79%  5425 23021s
 50813 23451  579.93102   50  654  603.00000  574.19941  4.78%  5392 23102s
 51287 23616  586.39907   66  653  603.00000  574.25078  4.77%  5362 23199s
 51790 23748  577.65985   63  611  603.00000  574.34088  4.75%  5331 23282s
 52246 23978  583.73127   55  662  603.00000  574.46849  4.73%  5305 23385s
 52862 23999  581.44946   52  696  603.00000  574.53065  4.72%  5270 23454s
 53261 24062  584.22804   53  711  603.00000  574.61528  4.71%  5249 23543s
 53590 24271  591.62948   73  529  603.00000  574.62617  4.71%  5234 23611s
 54072 24429  585.01434   68  558  603.00000  574.71861  4.69%  5208 23692s
 54493 24643  580.87688   60  581  603.00000  574.83134  4.67%  5183 23770s
 54974 24751  578.91831   63  753  603.00000  574.91802  4.66%  5158 23837s
 55389 24938  585.22538   49  587  603.00000  574.95856  4.65%  5136 23900s
 55920 25068  586.07957   55  557  603.00000  575.04604  4.64%  5105 23973s
 56355 25213  583.02920   65  426  603.00000  575.08572  4.63%  5084 24042s
 56816 25361  579.62632   61  607  603.00000  575.23202  4.60%  5059 24108s
 57252 25458  586.19989   71  641  603.00000  575.26573  4.60%  5036 24182s
 57577 25595  588.20245   66  652  603.00000  575.29577  4.59%  5023 24259s
 58002 25689  582.54076   62  536  603.00000  575.34550  4.59%  5003 24333s
 58359 25800     cutoff   71       603.00000  575.38686  4.58%  4987 24403s
 58741 25869  580.62526   57  504  603.00000  575.44893  4.57%  4970 24467s
 59052 26020  583.25039   59  817  603.00000  575.48873  4.56%  4960 24553s
 59395 26152  585.52211   57  559  603.00000  575.51185  4.56%  4947 24625s
 59789 26270  581.26836   62  614  603.00000  575.56135  4.55%  4932 24709s
 60117 26498  593.84165   74  509  603.00000  575.59781  4.54%  4919 24774s
 60646 26581  585.15634   57  688  603.00000  575.63751  4.54%  4892 24838s
 61052 26899  586.74154   72  548  603.00000  575.71661  4.52%  4875 24918s
 61543 27195  584.36417   62  690  603.00000  575.81066  4.51%  4853 24987s
 61934 27470  590.21295   54  669  603.00000  575.85716  4.50%  4837 25063s
 62368 27722  581.71481   56  707  603.00000  575.91882  4.49%  4819 25131s
 62769 28119  582.82371   54  776  603.00000  575.95760  4.48%  4804 25247s
 63346 28372  580.33568   51  679  603.00000  576.00773  4.48%  4781 25332s
 63731 28666  583.77188   63  577  603.00000  576.02844  4.47%  4767 25416s
 64167 29035  581.36866   58  690  603.00000  576.12816  4.46%  4751 25496s
 64715 29296  581.54991   56  692  603.00000  576.13707  4.45%  4728 25560s
 65127 29588  587.03418   62  469  603.00000  576.17077  4.45%  4713 25627s
 65560 29908  599.34486   69  416  603.00000  576.20235  4.44%  4697 25714s
 66050 30198  591.41952   59  624  603.00000  576.28926  4.43%  4677 25790s
 66502 30565  586.05386   65  682  603.00000  576.35354  4.42%  4659 25861s
 66977 30846  597.10290   83  306  603.00000  576.40117  4.41%  4641 25929s
 67428 31179     cutoff   52       603.00000  576.46315  4.40%  4623 25996s
 67903 31442  588.10101   54  631  603.00000  576.50211  4.39%  4605 26057s
 68286 31709  584.25558   70  577  603.00000  576.54213  4.39%  4591 26123s
 68648 31921  589.17165   73  609  603.00000  576.59605  4.38%  4580 26196s
 68969 32207  591.41097   93  577  603.00000  576.65215  4.37%  4571 26266s
 69422 32437  596.52128   54  327  603.00000  576.69846  4.36%  4555 26337s
 69797 32761  586.30247   55  612  603.00000  576.72801  4.36%  4544 26403s
 70257 33054  591.54400   73  371  603.00000  576.78249  4.35%  4528 26479s
 70671 33326  591.74962   63  513  603.00000  576.81102  4.34%  4514 26548s
 71060 33646  583.18932   59  611  603.00000  576.85002  4.34%  4503 26617s
 71508 33934  592.62474   78  445  603.00000  576.87754  4.33%  4487 26677s
 71992 34179  589.06098   56  543  603.00000  576.93071  4.32%  4471 26745s
 72386 34421  580.03295   52  822  603.00000  576.98181  4.31%  4459 26806s
 72693 34571  597.65642   74  601  603.00000  576.99638  4.31%  4452 26876s
 72929 34827  588.36529   63  602  603.00000  577.05010  4.30%  4445 26948s
 73321 35158  581.88726   58  656  603.00000  577.09434  4.30%  4434 27049s
 73852 35422  592.71888   70  541  603.00000  577.15443  4.29%  4419 27133s
 74231 35771  586.28250   50  582  603.00000  577.20927  4.28%  4410 27201s
 74734 36005  588.51280   56  578  603.00000  577.23185  4.27%  4394 27275s
 75163 36272  588.21137   56  696  603.00000  577.27504  4.27%  4383 27343s
 75604 36531  587.77414   65  531  603.00000  577.33924  4.26%  4371 27417s
 76041 36811  582.60976   58  604  603.00000  577.36196  4.25%  4358 27485s
 76558 37054  588.01714   51  678  603.00000  577.44466  4.24%  4342 27555s
 76963 37343  581.91047   62  622  603.00000  577.48300  4.23%  4330 27636s
 77395 37611  585.10597   63  535  603.00000  577.49869  4.23%  4318 27699s
 77896 37895  589.08813   61  605  603.00000  577.53536  4.22%  4303 27765s
 78367 38164  594.70635   57  242  603.00000  577.58382  4.21%  4290 27832s
 78801 38437  588.62070   60  615  603.00000  577.61371  4.21%  4278 27897s
 79201 38659  587.46288   68  570  603.00000  577.65355  4.20%  4268 27961s
 79602 38926  591.48395   57  447  603.00000  577.69891  4.20%  4258 28029s
 80039 39270  585.40831   54  602  603.00000  577.74258  4.19%  4247 28098s
 80545 39587  586.87482   61  408  603.00000  577.79045  4.18%  4232 28161s
 80971 39909  582.81833   60  524  603.00000  577.82114  4.18%  4220 28217s
 81467 40134  593.39147   58  528  603.00000  577.85957  4.17%  4207 28283s
 81845 40404  589.20573   69  570  603.00000  577.89709  4.16%  4198 28354s
 82304 40582  591.64519   54  689  603.00000  577.94144  4.16%  4186 28416s
 82648 40864  595.03699   82  568  603.00000  577.99150  4.15%  4180 28484s
 83158 41203  588.28590   61  736  603.00000  578.01746  4.14%  4165 28547s
 83692 41555  589.66212   68  346  603.00000  578.05326  4.14%  4149 28622s
 84285 41866  582.06703   61  699  603.00000  578.10957  4.13%  4135 28692s
 84738 42144  587.04531   59  524  603.00000  578.16773  4.12%  4123 28759s
 85151 42366  591.21105   80  539  603.00000  578.19240  4.11%  4113 28833s
 85562 42672  584.26587   53  502  603.00000  578.22535  4.11%  4104 28902s
 85994 42956  589.72821   66  547  603.00000  578.24192  4.11%  4093 28973s
 86469 43317  589.69071   61  657  603.00000  578.30070  4.10%  4082 29034s
 86980 43617  587.64643   63  427  603.00000  578.35917  4.09%  4067 29096s
 87448 43777  584.66161   52  614  603.00000  578.40120  4.08%  4056 29159s
 87766 44014  586.47393   60  815  603.00000  578.42765  4.08%  4047 29228s
 88150 44296  591.80497   78  398  603.00000  578.44782  4.07%  4039 29292s
 88554 44562  598.73007   63  608  603.00000  578.47262  4.07%  4030 29367s
 88991 44843  589.15694   63  711  603.00000  578.51660  4.06%  4019 29431s
 89448 44913  583.65267   60  652  603.00000  578.53303  4.06%  4009 29490s
 89537 45164  598.73275   75  379  603.00000  578.53303  4.06%  4008 29551s
 89925 45508  590.54417   68  553  603.00000  578.57833  4.05%  4000 29626s
 90500 45810  589.39248   70  589  603.00000  578.60429  4.05%  3985 29691s
 90936 46064  585.95272   62  684  603.00000  578.64454  4.04%  3976 29750s
 91323 46286  593.19049   60  458  603.00000  578.68955  4.03%  3968 29812s
 91741 46540  586.37798   57  565  603.00000  578.71657  4.03%  3958 29879s
 92217 46857  589.71851   54  677  603.00000  578.77461  4.02%  3948 29945s
 92676 47049  583.05929   52  782  603.00000  578.78767  4.02%  3938 30012s
 92965 47346  588.18271   63  608  603.00000  578.80614  4.01%  3934 30080s
 93391 47512  585.89222   53  728  603.00000  578.84165  4.01%  3925 30143s
 93673 47736  583.10891   53  553  603.00000  578.85095  4.00%  3921 30210s
 94041 48081  584.89429   52  559  603.00000  578.88256  4.00%  3915 30300s
 94578 48397  590.85699   62  642  603.00000  578.92089  3.99%  3906 30372s
 95022 48719  585.09366   63  551  603.00000  578.93870  3.99%  3898 30445s
 95560 48966  586.24977   59  594  603.00000  578.97217  3.98%  3886 30506s
 96021 49188  590.02650   61  466  603.00000  579.01616  3.98%  3876 30568s
 96407 49467  585.25839   57  614  603.00000  579.05248  3.97%  3869 30632s
 96834 49664  587.53533   66  634  603.00000  579.07559  3.97%  3861 30697s
 97242 49895  587.16496   73  633  603.00000  579.09417  3.96%  3853 30760s
 97615 50147  591.29718   56  506  603.00000  579.13205  3.96%  3847 30822s
 98065 50423  584.19870   66  695  603.00000  579.14115  3.96%  3838 30888s
 98472 50697  584.56234   59  711  603.00000  579.16622  3.95%  3831 30960s
 98965 50913  598.89266   56  536  603.00000  579.20412  3.95%  3820 31025s
 99341 51112  591.79955   66  534  603.00000  579.22337  3.94%  3814 31089s
 99677 51397  590.39206   59  480  603.00000  579.24456  3.94%  3810 31148s
 100195 51673  589.80279   72  523  603.00000  579.28750  3.93%  3799 31212s
 100660 51955  597.26550   66  536  603.00000  579.30987  3.93%  3789 31281s
 101115 52201  589.43235   51  590  603.00000  579.34432  3.92%  3780 31344s
 101536 52452  585.98679   59  613  603.00000  579.38658  3.92%  3773 31406s
 101995 52728  581.00901   62  595  603.00000  579.41242  3.91%  3765 31468s
 102408 53009  592.54970   64  576  603.00000  579.43021  3.91%  3757 31536s
 102893 53206  594.39545   63  659  603.00000  579.46531  3.90%  3748 31596s
 103187 53394  593.78424   56  661  603.00000  579.49595  3.90%  3744 31659s
 103481 53697  587.90479   55  646  603.00000  579.52233  3.89%  3740 31719s
 103930 54029  592.38070   68  585  603.00000  579.56240  3.89%  3733 31782s
 104424 54442  599.22706   92  306  603.00000  579.57140  3.89%  3723 31879s
 105072 54676  583.28682   63  433  603.00000  579.60377  3.88%  3712 31938s
 105460 54878  591.52235   55  683  603.00000  579.63251  3.88%  3706 32000s
 105881 55201  593.56917   61  719  603.00000  579.65194  3.87%  3699 32063s
 106557 55463  588.96050   53  709  603.00000  579.66975  3.87%  3685 32113s
 107000 55661  586.95437   60  569  603.00000  579.70598  3.86%  3677 32170s
 107362 55847  601.64618   80  507  603.00000  579.73198  3.86%  3671 32223s
 107705 56104  594.20528   64  610  603.00000  579.74287  3.86%  3666 32277s
 108110 56262  592.88051   57  603  603.00000  579.78369  3.85%  3660 32325s
 108490 56519  600.43512   70  561  603.00000  579.79479  3.85%  3653 32381s
 108883 56725  586.29526   60  524  603.00000  579.82648  3.84%  3647 32442s
 109231 56977  592.32556   66  528  603.00000  579.83996  3.84%  3642 32500s
 109666 57218  583.94218   58  753  603.00000  579.87035  3.84%  3634 32556s
 110041 57404  590.30841   59  450  603.00000  579.89639  3.83%  3629 32614s
 110376 57678  588.04864   66  673  603.00000  579.91419  3.83%  3624 32669s
 110814 57924  591.77201   61  649  603.00000  579.94296  3.82%  3617 32722s
 111269 58237  589.22118   63  628  603.00000  579.96597  3.82%  3610 32782s
 111749 58457  587.87204   54  721  603.00000  579.99316  3.82%  3602 32842s
 112145 58656  600.71553   65  558  603.00000  580.00815  3.81%  3596 32903s
 112491 58918  585.55375   56  733  603.00000  580.03062  3.81%  3592 32961s
 112920 59128  582.97114   49  665  603.00000  580.04606  3.81%  3585 33014s
 113321 59312  591.80034   74  600  603.00000  580.06450  3.80%  3580 33067s
 113700 59612  589.65604   59  653  603.00000  580.07873  3.80%  3575 33132s
 114186 59799  590.00843   61  649  603.00000  580.11270  3.80%  3566 33187s
 114523 60090  587.04874   66  568  603.00000  580.15181  3.79%  3562 33244s
 115015 60434  588.73675   53  710  603.00000  580.17291  3.79%  3554 33336s
 115519 60749  593.16662   61  583  603.00000  580.19021  3.78%  3548 33410s
 116039 61093  588.87803   57  710  603.00000  580.21981  3.78%  3541 33469s
 116631 61344     cutoff   57       603.00000  580.25762  3.77%  3531 33530s
 117092 61545  592.99828   55  563  603.00000  580.28571  3.77%  3524 33584s
 117464 61788  595.47710   75  576  603.00000  580.31329  3.76%  3519 33648s
 117926 62057  588.53887   54  636  603.00000  580.32602  3.76%  3512 33702s
 118310 62322  598.21062   64  498  603.00000  580.34540  3.76%  3507 33760s
 118718 62576  586.35283   57  649  603.00000  580.35927  3.75%  3501 33817s
 119116 62813  597.56393   83  422  603.00000  580.38039  3.75%  3496 33870s
 119529 63038  595.85530   68  481  603.00000  580.40030  3.75%  3490 33933s
 119948 63326  591.29632   71  475  603.00000  580.41518  3.75%  3485 33991s
 120381 63530  588.62588   52  800  603.00000  580.43429  3.74%  3479 34047s
 120745 63795  590.29959   68  543  603.00000  580.45149  3.74%  3475 34113s
 121301 64068  586.16894   59  689  603.00000  580.48481  3.73%  3466 34171s
 121726 64260  590.80742   66  645  603.00000  580.52021  3.73%  3461 34226s
 122035 64519  590.29104   59  622  603.00000  580.54301  3.72%  3458 34289s
 122540 64800  591.60142   59  669  603.00000  580.56116  3.72%  3450 34343s
 122995 65052  585.76777   55  673  603.00000  580.58392  3.72%  3444 34399s
 123422 65276  597.50254   62  308  603.00000  580.60664  3.71%  3438 34461s
 123890 65536  595.13886   67  533  603.00000  580.63877  3.71%  3431 34516s
 124298 65808  593.66698   68  481  603.00000  580.65643  3.71%  3427 34571s
 124720 66003  586.70675   57  689  603.00000  580.67445  3.70%  3422 34627s
 125103 66360  593.88671   66  608  603.00000  580.68882  3.70%  3417 34684s
 125684 66718  598.89832   76  460  603.00000  580.70386  3.70%  3408 34764s
 126365 66964  599.60174   70  531  603.00000  580.73365  3.69%  3399 34820s
 126803 67101  594.16413   56  441  603.00000  580.74230  3.69%  3393 34867s
 127046 67253  589.37268   62  610  603.00000  580.75647  3.69%  3391 34920s
 127363 67494  590.57025   56  594  603.00000  580.76622  3.69%  3388 34989s
 127758 67647  587.51402   63  716  603.00000  580.77770  3.69%  3383 35049s
 128014 67945  584.40702   60  705  603.00000  580.79431  3.68%  3381 35109s
 128466 68191  587.22253   62  635  603.00000  580.81060  3.68%  3376 35172s
 128900 68474  593.03088   71  584  603.00000  580.82648  3.68%  3371 35228s
 129435 68822  590.80866   58  639  603.00000  580.85641  3.67%  3363 35292s
 129962 69077  587.02547   51  691  603.00000  580.87465  3.67%  3357 35348s
 130446 69306     cutoff   63       603.00000  580.89227  3.67%  3351 35404s
 130836 69544  599.86388   59  601  603.00000  580.90642  3.66%  3347 35464s
 131271 69817  596.48158   70  465  603.00000  580.92646  3.66%  3342 35518s
 131691 70062  596.36059   56  567  603.00000  580.93911  3.66%  3338 35571s
 132129 70318  599.41463   79  599  603.00000  580.94838  3.66%  3332 35634s
 132656 70599  590.61866   64  654  603.00000  580.96398  3.65%  3326 35690s
 133075 70831  588.46171   57  633  603.00000  580.98719  3.65%  3321 35747s
 133491 71103  589.21859   68  587  603.00000  581.00956  3.65%  3317 35796s
 133880 71192  592.75528   75  397  603.00000  581.01963  3.65%  3312 35844s
 134033 71474  592.90342   76  445  603.00000  581.02435  3.64%  3311 35903s
 134486 71775  593.02001   68  562  603.00000  581.04507  3.64%  3305 35958s
 134962 72046  587.91759   69  660  603.00000  581.06311  3.64%  3299 36020s
 135454 72323  600.00645   78  435  603.00000  581.08340  3.63%  3294 36072s
 135942 72681  585.44450   63  480  603.00000  581.10943  3.63%  3288 36155s
 136608 72835  590.62903   65  515  603.00000  581.15089  3.62%  3281 36201s
 136852 73099  600.75459   83  595  603.00000  581.15441  3.62%  3279 36260s
 137325 73395  591.92187   60  515  603.00000  581.17808  3.62%  3273 36316s
 137814 73676  589.41609   68  466  603.00000  581.19684  3.62%  3268 36376s
 138279 73982  593.15634   59  706  603.00000  581.22835  3.61%  3263 36432s
 138727 74281  587.01308   59  551  603.00000  581.25396  3.61%  3258 36487s
 139217 74485  596.76867   60  612  603.00000  581.27396  3.60%  3252 36538s
 139581 74768  588.16920   52  657  603.00000  581.29784  3.60%  3248 36593s
 140011 75046  585.79214   54  687  603.00000  581.31270  3.60%  3243 36647s
 140476 75290  590.01689   58  556  603.00000  581.32906  3.59%  3238 36698s
 140863 75546  600.11591   81  478  603.00000  581.34187  3.59%  3235 36752s
 141330 75796  590.29994   51  593  603.00000  581.36196  3.59%  3230 36811s
 141770 76086  588.89270   58  493  603.00000  581.36819  3.59%  3225 36866s
 142203 76339  589.86416   56  560  603.00000  581.39180  3.58%  3220 36915s
 142636 76537  591.32317   61  571  603.00000  581.40814  3.58%  3216 36967s
 143034 76837  589.01025   55  697  603.00000  581.43351  3.58%  3212 37021s
 143523 76954  591.29512   60  611  603.00000  581.44598  3.57%  3207 37075s
 143730 77129  585.13861   54  739  603.00000  581.45376  3.57%  3205 37126s
 144151 77373  590.63113   55  751  603.00000  581.46762  3.57%  3201 37180s
 144554 77582  596.54416   59  650  603.00000  581.48018  3.57%  3197 37237s
 144981 77811  590.73843   54  615  603.00000  581.49715  3.57%  3193 37288s
 145372 78114  593.39248   61  630  603.00000  581.51532  3.56%  3190 37342s
*145655 77409              86     602.0000000  581.51622  3.40%  3187 37342s
H145821 68767                     600.0000000  581.52552  3.08%  3185 37379s
 145825 68813  590.00896   80  614  600.00000  581.52552  3.08%  3185 37423s
 145912 68884  590.39095   81  635  600.00000  581.52552  3.08%  3185 37468s
 146044 68966  590.54828   82  588  600.00000  581.53081  3.08%  3184 37520s
 146213 69121     cutoff   69       600.00000  581.53358  3.08%  3182 37597s
 146542 69461     cutoff   57       600.00000  581.54135  3.08%  3179 37692s
 147279 69772  594.21909   63  583  600.00000  581.59239  3.07%  3173 37760s
H147716 57879                     598.0000000  581.59648  2.74%  3169 37761s
 147856 58053  590.12396   65  653  598.00000  581.63590  2.74%  3167 37823s
 148387 58263  589.24056   64  646  598.00000  581.65378  2.73%  3163 37878s
 148877 58400     cutoff   63       598.00000  581.67907  2.73%  3158 37933s
 149294 58624  591.84575   55  594  598.00000  581.71556  2.72%  3155 37984s
 149736 58787  595.82146   59  572  598.00000  581.73433  2.72%  3152 38040s
 150185 58980  592.28288   60  471  598.00000  581.76041  2.72%  3148 38093s
 150656 59138     cutoff   60       598.00000  581.77973  2.71%  3144 38144s
 151056 59332  590.91504   62  739  598.00000  581.80750  2.71%  3141 38199s
 151497 59463  585.18706   56  700  598.00000  581.83542  2.70%  3137 38256s
 151942 59639  593.44704   65  708  598.00000  581.85891  2.70%  3134 38309s
 152440 59792  590.89985   61  592  598.00000  581.88174  2.70%  3129 38357s
 152852 59936  589.74640   64  508  598.00000  581.90792  2.69%  3126 38405s
 153318 60063  592.99025   63  577  598.00000  581.92326  2.69%  3122 38452s
 153605 60244  591.13064   70  596  598.00000  581.93326  2.69%  3119 38502s
 154083 60453  587.34216   65  677  598.00000  581.95529  2.68%  3115 38553s
 154494 60668  584.53413   54  773  598.00000  581.98011  2.68%  3112 38604s
 154959 60826  591.37822   63  342  598.00000  582.01385  2.67%  3108 38655s
 155451 60960  593.57879   75  553  598.00000  582.04122  2.67%  3104 38703s
 155939 61106  591.05526   57  660  598.00000  582.06281  2.67%  3099 38754s
 156355 61265  592.87974   61  483  598.00000  582.08535  2.66%  3097 38807s
 156770 61524  591.02003   51  612  598.00000  582.11206  2.66%  3094 38886s
 157420 61755  590.01256   57  628  598.00000  582.14865  2.65%  3089 38934s
 157897 61909  592.51962   65  443  598.00000  582.17095  2.65%  3085 38982s
 158292 62091  593.37656   54  689  598.00000  582.19999  2.64%  3082 39029s
 158760 62289  592.38825   66  600  598.00000  582.22682  2.64%  3078 39081s
 159193 62402     cutoff   65       598.00000  582.24466  2.63%  3075 39124s
 159470 62512  587.95548   65  431  598.00000  582.26102  2.63%  3073 39170s
 159769 62678  588.99978   59  704  598.00000  582.27129  2.63%  3072 39222s
 160239 62839     cutoff   67       598.00000  582.29925  2.63%  3068 39271s
 160621 63015  585.95050   56  732  598.00000  582.31519  2.62%  3066 39321s
 161096 63063  591.26667   56  285  598.00000  582.34483  2.62%  3062 39369s
 161251 63254  589.35551   61  671  598.00000  582.35139  2.62%  3061 39417s
 161704 63438  590.13759   61  532  598.00000  582.37580  2.61%  3057 39465s
 162195 63571  588.68014   55  605  598.00000  582.40422  2.61%  3053 39513s
 162557 63721  588.62556   61  518  598.00000  582.41674  2.61%  3052 39568s
 162979 63907  589.89521   68  683  598.00000  582.44612  2.60%  3049 39615s
 163394 64044  588.59819   56  544  598.00000  582.47161  2.60%  3046 39667s
 163805 64205  592.75939   58  444  598.00000  582.49727  2.59%  3044 39720s
 164178 64318     cutoff   59       598.00000  582.51643  2.59%  3042 39767s
 164511 64470  589.81491   58  538  598.00000  582.52698  2.59%  3039 39818s
 164967 64571  591.28327   67  493  598.00000  582.55088  2.58%  3036 39872s
 165305 64741  588.59033   65  623  598.00000  582.56903  2.58%  3035 39920s
 165787 64890  596.96230   68  598  598.00000  582.58880  2.58%  3032 39974s
 166230 65070  592.70169   56  645  598.00000  582.61301  2.57%  3029 40021s
 166665 65264  586.87772   58  734  598.00000  582.62668  2.57%  3026 40069s
 167116 65466  591.03600   54  723  598.00000  582.64109  2.57%  3023 40153s
 167749 65633  593.23130   54  559  598.00000  582.66602  2.56%  3018 40201s
 168221 65796  591.53405   55  656  598.00000  582.68853  2.56%  3015 40245s
 168651 65940     cutoff   66       598.00000  582.70428  2.56%  3012 40296s
 169228 66090  593.59451   53  582  598.00000  582.72993  2.55%  3008 40345s
 169623 66171  588.39505   58  622  598.00000  582.75435  2.55%  3005 40394s
 169934 66328  590.92174   59  631  598.00000  582.76758  2.55%  3004 40438s
 170317 66486  594.50667   79  470  598.00000  582.78189  2.54%  3002 40488s
 170782 66634  589.30503   59  793  598.00000  582.80875  2.54%  2999 40537s
 171214 66814  594.98722   59  513  598.00000  582.82536  2.54%  2996 40586s
 171632 66993  591.76119   63  606  598.00000  582.85511  2.53%  2994 40631s
 172041 67133  593.59959   74  590  598.00000  582.86519  2.53%  2991 40678s
 172445 67323  589.59390   57  733  598.00000  582.88091  2.53%  2989 40725s
 172906 67471  587.90160   63  665  598.00000  582.92267  2.52%  2985 40774s
 173296 67648  585.68011   67  664  598.00000  582.93646  2.52%  2983 40821s
 173785 67789  595.55229   77  436  598.00000  582.96087  2.51%  2979 40869s
 174185 67948  595.56459   68  334  598.00000  582.97657  2.51%  2977 40917s
 174596 68098  594.58434   63  682  598.00000  582.99763  2.51%  2975 40965s
 175052 68271  592.67660   56  641  598.00000  583.01727  2.51%  2972 41008s
 175576 68372     cutoff   72       598.00000  583.03487  2.50%  2968 41054s
 175964 68488  592.70740   57  700  598.00000  583.05234  2.50%  2966 41102s
 176263 68608  593.83105   51  726  598.00000  583.06547  2.50%  2965 41147s
 176679 68732  592.03101   61  738  598.00000  583.08875  2.49%  2962 41193s
 177066 68897  595.17232   59  499  598.00000  583.10385  2.49%  2960 41240s
 177488 69149  590.85903   65  669  598.00000  583.11922  2.49%  2958 41316s
 178126 69293  590.82361   63  612  598.00000  583.14909  2.48%  2954 41365s
 178512 69467  596.20485   69  506  598.00000  583.16674  2.48%  2952 41414s
 179034 69534  592.61299   70  585  598.00000  583.18998  2.48%  2948 41461s
 179364 69661  594.32956   61  537  598.00000  583.20885  2.47%  2947 41507s
 179775 69765  590.51630   52  690  598.00000  583.22573  2.47%  2945 41553s
 180099 69901  596.81661   59  479  598.00000  583.23987  2.47%  2944 41605s
 180504 70062  590.18996   54  679  598.00000  583.25576  2.47%  2942 41651s
 180914 70218  592.90256   48  525  598.00000  583.27505  2.46%  2940 41702s
 181366 70428  588.23914   53  724  598.00000  583.29082  2.46%  2937 41749s
 181850 70537  593.35201   59  757  598.00000  583.31154  2.46%  2934 41797s
 182166 70651     cutoff   56       598.00000  583.33278  2.45%  2933 41848s
 182518 70755  594.06703   58  529  598.00000  583.35713  2.45%  2931 41898s
 182872 70895  592.69283   69  598  598.00000  583.37358  2.45%  2930 41949s
 183338 71053     cutoff   59       598.00000  583.39471  2.44%  2928 41998s
 183790 71195  588.45375   56  512  598.00000  583.42063  2.44%  2926 42052s
 184238 71309  588.48246   60  422  598.00000  583.43908  2.43%  2923 42101s
 184638 71426  593.02924   55  724  598.00000  583.46013  2.43%  2921 42154s
 185099 71601  594.11407   58  736  598.00000  583.48124  2.43%  2918 42203s
 185576 71725  596.97077   63  621  598.00000  583.50112  2.42%  2916 42254s
 185954 71859  591.12182   64  690  598.00000  583.51069  2.42%  2914 42303s
 186404 72004  590.44791   58  638  598.00000  583.53948  2.42%  2912 42351s
 186809 72144     cutoff   57       598.00000  583.55427  2.42%  2910 42400s
 187237 72286     cutoff   63       598.00000  583.57658  2.41%  2908 42451s
 187681 72427  590.32973   59  799  598.00000  583.59738  2.41%  2906 42501s
 188081 72599  594.88038   51  543  598.00000  583.61315  2.41%  2904 42576s
 188702 72711  591.83834   65  763  598.00000  583.63943  2.40%  2901 42625s
 189116 72795  596.36399   62  626  598.00000  583.65718  2.40%  2899 42677s
 189430 72907  589.89746   52  421  598.00000  583.67433  2.40%  2898 42734s
 189838 72995  596.52149   59  610  598.00000  583.69297  2.39%  2897 42793s
 190177 73108  596.35756   62  640  598.00000  583.71226  2.39%  2896 42844s
 190635 73176  596.35273   54  661  598.00000  583.73520  2.39%  2894 42897s
 190910 73325  596.53447   64  589  598.00000  583.75223  2.38%  2894 42957s
 191408 73462  594.12219   69  737  598.00000  583.77202  2.38%  2892 43016s
 191872 73635  596.55054   60  509  598.00000  583.79727  2.38%  2890 43071s
 192332 73755  591.74417   70  352  598.00000  583.81631  2.37%  2888 43121s
 192787 73858  589.74211   65  623  598.00000  583.83999  2.37%  2886 43177s
 193335 73902 infeasible   70       598.00000  583.85695  2.37%  2883 43200s

Cutting planes:
  Gomory: 1
  Cover: 258
  Implied bound: 401
  Projected implied bound: 1
  Clique: 1
  MIR: 101
  StrongCG: 1
  Flow cover: 2580
  GUB cover: 13
  Inf proof: 2
  Zero half: 63
  Mod-K: 3
  Network: 35
  Relax-and-lift: 10

Explored 193530 nodes (558177705 simplex iterations) in 43200.05 seconds (187491.64 work units)
Thread count was 4 (of 32 available processors)

Solution count 10: 598 600 602 ... 615

Time limit reached
Best objective 5.980000000000e+02, best bound 5.840000000000e+02, gap 2.3411%

Wrote result file './sol/E150_1000.3_R100.sol'

