
Gurobi 13.0.2 (mac64[arm], gurobi_cl) logging started Sun Jun 28 12:28:43 2026

Set parameter TokenServer to value "10.8.80.200"
Set parameter TimeLimit to value 43200
Set parameter LogFile to value "./log/E150_1000.5_R0.log"
Set parameter Threads to value 4
Using license file /Library/gurobi1302/gurobi.lic

Gurobi Optimizer version 13.0.2 build v13.0.2rc1 (mac64[arm] - Darwin 24.6.0 24G517)
Copyright (c) 2026, Gurobi Optimization, LLC

Read LP format model from file ./lp/E150_1000.5_R0.lp
Reading time = 0.06 seconds
root: 46208 rows, 45753 columns, 205371 nonzeros

Using Gurobi shared library /Library/gurobi1302/macos_universal2/lib/libgurobi130.dylib

CPU model: Apple M3 Ultra
Thread count: 32 physical cores, 32 logical processors, using up to 4 threads

Non-default parameters:
TimeLimit  43200
Threads  4

Optimize a model with 46208 rows, 45753 columns and 205371 nonzeros (Min)
Model fingerprint: 0x3b95bdee
Model has 22650 linear objective coefficients
Variable types: 0 continuous, 45753 integer (0 binary)
Coefficient statistics:
  Matrix range     [1e+00, 2e+02]
  Objective range  [1e+00, 2e+02]
  Bounds range     [1e+00, 1e+00]
  RHS range        [1e+00, 1e+00]

Presolve removed 23249 rows and 448 columns
Presolve time: 0.21s
Presolved: 22959 rows, 45305 columns, 135639 nonzeros
Variable types: 0 continuous, 45305 integer (22805 binary)
Found heuristic solution: objective 9171.0000000
Deterministic concurrent LP optimizer: primal and dual simplex
Showing primal log only...

Concurrent spin time: 0.00s

Solved with primal simplex

Root relaxation: objective 1.854800e+02, 16971 iterations, 0.08 seconds (0.16 work units)

    Nodes    |    Current Node    |     Objective Bounds      |     Work
 Expl Unexpl |  Obj  Depth IntInf | Incumbent    BestBd   Gap | It/Node Time

     0     0  185.48000    0  449 9171.00000  185.48000  98.0%     -    0s
     0     0  984.94667    0  315 9171.00000  984.94667  89.3%     -    1s
H    0     0                    1843.0000000  984.94667  46.6%     -    1s
H    0     0                    1631.0000000  984.94667  39.6%     -    1s
H    0     0                    1512.0000000  984.94667  34.9%     -    2s
H    0     0                    1459.0000000  984.94667  32.5%     -    2s
H    0     0                    1453.0000000  984.94667  32.2%     -    4s
H    0     0                    1444.9999960  984.94667  31.8%     -    4s
     0     0  984.94667    0  315 1445.00000  984.94667  31.8%     -    4s
     0     0  984.94667    0  315 1445.00000  984.94667  31.8%     -    6s
H    0     0                    1444.0000000  984.94667  31.8%     -    7s
H    0     0                    1419.0000000  984.94667  30.6%     -    8s
H    0     0                    1408.0000000  984.94667  30.0%     -    9s
H    0     0                    1396.0000000  984.94667  29.4%     -    9s
H    0     0                    1393.0000000  984.94667  29.3%     -    9s
H    0     0                    1392.0000000  984.94667  29.2%     -    9s
H    0     0                    1382.0000000  984.94667  28.7%     -    9s
H    0     0                    1377.0000000  984.94667  28.5%     -    9s
H    0     0                    1363.0000000  984.94667  27.7%     -    9s
H    0     0                    1357.0000000  984.94667  27.4%     -    9s
H    0     0                    1344.0000000  984.94667  26.7%     -    9s
H    0     0                    1340.0000000  984.94667  26.5%     -    9s
H    0     0                    1330.0000000  984.94667  25.9%     -    9s
H    0     0                    1327.0000000  984.94667  25.8%     -    9s
H    0     0                    1321.0000000  984.94667  25.4%     -    9s
H    0     0                    1304.0000000  984.94667  24.5%     -    9s
H    0     0                    1293.0000000  984.94667  23.8%     -    9s
H    0     0                    1279.0000000  984.94667  23.0%     -    9s
H    0     0                    1277.0000000 1088.04768  14.8%     -   11s
H    0     0                    1262.0000000 1088.04768  13.8%     -   11s
H    0     0                    1261.0000000 1088.04768  13.7%     -   11s
     0     0 1092.74228    0  528 1261.00000 1092.74228  13.3%     -   11s
H    0     0                    1258.0000000 1092.74228  13.1%     -   12s
H    0     0                    1257.0000000 1092.74228  13.1%     -   12s
H    0     0                    1255.0000000 1092.74228  12.9%     -   12s
H    0     0                    1254.0000000 1092.74228  12.9%     -   13s
     0     0 1123.53656    0  528 1254.00000 1123.53656  10.4%     -   14s
     0     0 1123.56946    0  568 1254.00000 1123.56946  10.4%     -   14s
     0     0 1123.58256    0  578 1254.00000 1123.58256  10.4%     -   14s
     0     0 1148.35848    0  605 1254.00000 1148.35848  8.42%     -   17s
     0     0 1151.56983    0  598 1254.00000 1151.56983  8.17%     -   17s
     0     0 1152.53972    0  579 1254.00000 1152.53972  8.09%     -   18s
     0     0 1152.53972    0  585 1254.00000 1152.53972  8.09%     -   18s
     0     0 1161.76993    0  595 1254.00000 1161.76993  7.35%     -   22s
H    0     0                    1253.0000000 1161.76993  7.28%     -   22s
H    0     0                    1242.0000000 1161.76993  6.46%     -   22s
     0     0 1161.89299    0  616 1242.00000 1161.89299  6.45%     -   25s
     0     0 1161.89299    0  624 1242.00000 1161.89299  6.45%     -   25s
     0     0 1166.09508    0  607 1242.00000 1166.09508  6.11%     -   27s
H    0     0                    1223.0000000 1166.42715  4.63%     -   30s
H    0     0                    1219.0000000 1166.42715  4.31%     -   30s
H    0     0                    1209.0000000 1166.42715  3.52%     -   30s
H    0     0                    1208.0000000 1166.42715  3.44%     -   30s
H    0     0                    1207.0000000 1166.42715  3.36%     -   30s
H    0     0                    1204.0000000 1166.42715  3.12%     -   30s
     0     0 1166.42715    0  597 1204.00000 1166.42715  3.12%     -   30s
     0     0 1166.42715    0  625 1204.00000 1166.42715  3.12%     -   30s
     0     0 1166.61821    0  643 1204.00000 1166.61821  3.10%     -   31s
     0     0 1166.61821    0  308 1204.00000 1166.61821  3.10%     -   32s
H    0     0                    1200.0000000 1166.61821  2.78%     -   33s
H    0     0                    1196.0000000 1166.61821  2.46%     -   33s
     0     0 1166.61821    0  488 1196.00000 1166.61821  2.46%     -   33s
     0     0 1166.61821    0  491 1196.00000 1166.61821  2.46%     -   34s
     0     0 1166.61821    0  605 1196.00000 1166.61821  2.46%     -   34s
     0     0 1166.61822    0  594 1196.00000 1166.61822  2.46%     -   34s
     0     0 1166.61822    0  615 1196.00000 1166.61822  2.46%     -   34s
     0     0 1170.50000    0  595 1196.00000 1170.50000  2.13%     -   35s
     0     0 1170.50000    0  320 1196.00000 1170.50000  2.13%     -   35s
H    0     0                    1195.0000000 1170.50000  2.05%     -   35s
     0     0 1170.50000    0  534 1195.00000 1170.50000  2.05%     -   35s
     0     0 1170.50000    0  527 1195.00000 1170.50000  2.05%     -   36s
     0     0 1170.50000    0  573 1195.00000 1170.50000  2.05%     -   36s
     0     0 1170.50000    0  555 1195.00000 1170.50000  2.05%     -   36s
     0     0 1170.76814    0  646 1195.00000 1170.76814  2.03%     -   36s
     0     0 1171.27694    0  653 1195.00000 1171.27694  1.99%     -   36s
     0     0 1171.27752    0  666 1195.00000 1171.27752  1.99%     -   36s
     0     0 1172.66741    0  573 1195.00000 1172.66741  1.87%     -   36s
     0     0 1173.08497    0  670 1195.00000 1173.08497  1.83%     -   36s
     0     0 1173.08939    0  686 1195.00000 1173.08939  1.83%     -   36s
     0     0 1175.25000    0  611 1195.00000 1175.25000  1.65%     -   37s
     0     0 1175.25000    0  611 1195.00000 1175.25000  1.65%     -   37s
     0     0 1175.25000    0  618 1195.00000 1175.25000  1.65%     -   37s
     0     0 1175.25000    0  314 1195.00000 1175.25000  1.65%     -   37s
     0     0 1175.25000    0  567 1195.00000 1175.25000  1.65%     -   37s
     0     0 1175.25000    0  558 1195.00000 1175.25000  1.65%     -   38s
     0     0 1175.25000    0  586 1195.00000 1175.25000  1.65%     -   38s
     0     0 1175.25000    0  530 1195.00000 1175.25000  1.65%     -   38s
     0     0 1175.25000    0  635 1195.00000 1175.25000  1.65%     -   38s
     0     0 1175.25000    0  649 1195.00000 1175.25000  1.65%     -   38s
     0     0 1175.25000    0  647 1195.00000 1175.25000  1.65%     -   38s
     0     0 1175.25000    0  647 1195.00000 1175.25000  1.65%     -   38s
     0     0 1175.25000    0  647 1195.00000 1175.25000  1.65%     -   38s
     0     0 1175.25000    0  308 1195.00000 1175.25000  1.65%     -   38s
     0     2 1175.25667    0  247 1195.00000 1175.25667  1.65%     -   39s
    50    55 1177.50839    9  400 1195.00000 1175.33333  1.65%   737   40s
   849   747 1181.92000   17  359 1195.00000 1175.61667  1.62%   279   45s
  1167   990 1184.99004   70  714 1195.00000 1182.26821  1.07%   288   50s
  1226  1037 1185.63452   39  621 1195.00000 1182.90091  1.01%   333   55s
  2155  1356 1184.46547   47  547 1195.00000 1183.56967  0.96%   322   60s
  3302  1629 1192.87543   54  457 1195.00000 1184.40031  0.89%   316   65s
  4758  2069 1189.84440   61  490 1195.00000 1184.80318  0.85%   291   70s
  6440  2947 1192.64545   55  454 1195.00000 1185.20443  0.82%   274   75s
  7864  3664 1189.71790   49  445 1195.00000 1185.43488  0.80%   264   80s
* 9819  3876              53    1193.0000000 1185.70078  0.61%   259   84s
  9948  3994 1187.82506   44  485 1193.00000 1185.75985  0.61%   258   85s
H10488  3818                    1192.0000000 1185.83710  0.52%   256   88s
 10515  3837 1188.73751   46  646 1192.00000 1185.83710  0.52%   258   90s
 11415  3930 1188.90126   66  359 1192.00000 1186.80132  0.44%   255   95s
 13097  3782 1187.85802   81  451 1192.00000 1187.44985  0.38%   237  100s
H14398  3162                    1191.0000000 1187.79804  0.27%   225  102s
 16450  1667 infeasible   76      1191.00000 1189.46597  0.13%   210  105s

Cutting planes:
  Gomory: 16
  Cover: 47
  Implied bound: 67
  Projected implied bound: 4
  MIR: 77
  Flow cover: 822
  Flow path: 200
  GUB cover: 6
  Inf proof: 2
  Zero half: 37
  Network: 69
  RLT: 1
  Relax-and-lift: 24

Explored 16631 nodes (3787401 simplex iterations) in 105.09 seconds (307.12 work units)
Thread count was 4 (of 32 available processors)

Solution count 10: 1191 1192 1193 ... 1209

Optimal solution found (tolerance 1.00e-04)
Best objective 1.191000000000e+03, best bound 1.191000000000e+03, gap 0.0000%

Wrote result file './sol/E150_1000.5_R0.sol'

